"File: U2_1_2.c      Assembler  Version HGASM0202      Page 1


   1  0000              ; Generated by holtek-gcc v3.23, Thu May 07 16:12:00 2026
   2  0000              ; 
   3  0000              ; Configuration:
   4  0000              ;       with long instruction
   5  0000              ;       Multi-ROM, Multi-RAM
   6  0000              ;       bits_per_rom_unit:16
   7  0000              ;       with mp1
   8  0000              ;       with tbhp, address(0x9)
   9  0000              ;          Use tabrd-const
  10  0000              ;       
  11  0000              ; SFR address of long-instruction arch:
  12  0000              ;    mp0 = -1,1,0
  13  0000              ;    mp1 = 4,3,2
  14  0000              ;    mp2 = 14,13,12
  15  0000              ;    tbp = 9,7,8
  16  0000              ;    acc = 5
  17  0000              ;    pcl = 6
  18  0000              ;    status = 10
  19  0000              ;    bp = 11
  20  0000              ;    intc = 16
  21  0000              ;       
  22  0000              ;       
  23  0000              ; use 'tabrdc' instead of 'tabrd'
  24  0000              ;       
  25  0000              
  26  0000              #pragma translator "holtek-gcc 4.6.4" "3.23" "build 20130711"
  27  0000              ; Rebuild 1114
  28  0000              
  29  0000              ir equ [2]
  30  0000              mp equ [3]
  31  0000              sbp equ [4]
  32  0000              acc equ [5]
  33  0000              bp equ [11]
  34  0000              tblp equ [7]
  35  0000              tbhp equ [9]
  36  0000              status equ [10]
  37  0000              c equ [10].0
  38  0000              ac equ [10].1
  39  0000              z equ [10].2
  40  0000              ov equ [10].3
  41  0000              cz equ [10].6
  42  0000              sc equ [10].7
  43  0000              intc equ [16]
  44  0000              mduwr0 equ [59h]
  45  0000              mduwr1 equ [5ah]
  46  0000              mduwr2 equ [5bh]
  47  0000              mduwr3 equ [5ch]
  48  0000              mduwr4 equ [5dh]
  49  0000              mduwr5 equ [5eh]
  50  0000              mduwrctrl equ [5fh]
  51  0000              
  52  0000              extern ra:byte
  53  0000              extern rb:byte
  54  0000              extern rc:byte
  55  0000              extern rd:byte
  56  0000              extern re:byte
  57  0000              extern rf:byte
  58  0000              extern rg:byte
  59  0000              extern rh:byte
"File: U2_1_2.ASM    Assembler  Version HGASM0202      Page 2

  60  0000              extern _Crom2Prom:near
  61  0000              extern _Crom2PromNext:near
  62  0000              
  63  0000              RAMBANK 0 @BITDATASEC, @BITDATASEC1
  64  0000              @HCCINIT	.section 'data'
  65  0000              @HCCINIT0	.section 'data'
  66  0000              @BITDATASEC	 .section 'data'
  67  0000              @BITDATASEC1	 .section 'data'
  68  0000              
  69  0000              #pragma debug scope 1 1
  70  0000              	extern __DELAY3:near
  71  0000              	extern __DELAYX3:near
  72  0000              	extern __DELAYX6:near
  73  0000              	extern __DELAYY5:near
  74  0000              	extern __DELAYY3:near
  75  0000              	extern _builtin_holtek_delay_2:byte
  76  0000              ___intc0 equ [16]
  77  0000              ___pf equ [36]
  78  0000              public _ISR_Int0
  79  0000              #pragma debug scope 2 1

  32  0000              #line 32 "C:\Users\User\Desktop\U2 STD\U2_1_2.c"
  32  0000              rombank 0 @ISR_Int0_code
  32  0000              @ISR_Int0_code .section at 4 'code'
  32  0000  0080     E  	mov r1,a
  32  0001  070B        	mov a,bp
  32  0002  1F0B        	clr bp
  32  0003  2800     R  	jmp _ISR_Int0
  32  0004              ROMBANK 0 _ISR_Int0
  32  0004              #pragma debug scope 1 1
  32  0004              @dummy4 endp
  32  0004              #pragma debug scope 3 1
  32  0000              _ISR_Int0 .section 'code'
  32  0000              _ISR_Int0 proc
  32  0000  0080     E  	mov r2,a
  32  0001  070A        	mov a, status
  32  0002  0080     E  	mov r3,a
  33  0003              #line 33 "C:\Users\User\Desktop\U2 STD\U2_1_2.c"
  33  0003  3490        	clr [16].1
  34  0004              #line 34 "C:\Users\User\Desktop\U2 STD\U2_1_2.c"
  34  0004  3010        	set [16].0
  35  0005              #line 35 "C:\Users\User\Desktop\U2 STD\U2_1_2.c"
  35  0005  0724        	mov a,[36]
  35  0006  0080     E  	mov rb,a
  36  0007              #line 36 "C:\Users\User\Desktop\U2 STD\U2_1_2.c"
  36  0007  0FFE        	mov a,254
  36  0008  00A4        	mov [36],a
  36  0009  0F08        	mov a,8
  36  000A  0080     E  	mov ra,a
  36  000B              _L3:
  38  000B              #line 38 "C:\Users\User\Desktop\U2 STD\U2_1_2.c"
  38  000B              ;# 38 "C:\Users\User\Desktop\U2 STD\U2_1_2.c" 1
  38  000B              	IF 250000>263690
  38  000B              ;# 38 "C:\Users\User\Desktop\U2 STD\U2_1_2.c" 1
  38  000B              	ERRMESSAGE 'the value 250000of the argument exceeds the maxinum 263690'
  38  000B              	ENDIF
  38  000B              ;# 38 "C:\Users\User\Desktop\U2 STD\U2_1_2.c" 1
  38  000B              	IF 250000<0
  38  000B              ;# 38 "C:\Users\User\Desktop\U2 STD\U2_1_2.c" 1
  38  000B              	ERRMESSAGE 'the value 250000 of the argument exceeds the mininum 0'
"File: U2_1_2.c      Assembler  Version HGASM0202      Page 3

  38  000B              	ENDIF
  38  000B              ;# 38 "C:\Users\User\Desktop\U2 STD\U2_1_2.c" 1
  38  000B              	IF 250000==0
  38  000B              ;# 38 "C:\Users\User\Desktop\U2 STD\U2_1_2.c" 1
  38  000B              	JMP $
  38  000B              	ENDIF
  38  000B              ;# 38 "C:\Users\User\Desktop\U2 STD\U2_1_2.c" 1
  38  000B              	IF (250000>=1) AND (250000<( 4 + __PBP__ * 2))
  38  000B              ;# 38 "C:\Users\User\Desktop\U2 STD\U2_1_2.c" 1
  38  000B              	NOP
  38  000B              	ENDIF
  38  000B              ;# 38 "C:\Users\User\Desktop\U2 STD\U2_1_2.c" 1
  38  000B              	IF (250000>=2) AND (250000<( 4 + __PBP__ * 2))
  38  000B              ;# 38 "C:\Users\User\Desktop\U2 STD\U2_1_2.c" 1
  38  000B              	NOP
  38  000B              	ENDIF
  38  000B              ;# 38 "C:\Users\User\Desktop\U2 STD\U2_1_2.c" 1
  38  000B              	IF (250000>=3) AND (250000<( 4 + __PBP__ * 2))
  38  000B              ;# 38 "C:\Users\User\Desktop\U2 STD\U2_1_2.c" 1
  38  000B              	NOP
  38  000B              	ENDIF
  38  000B              ;# 38 "C:\Users\User\Desktop\U2 STD\U2_1_2.c" 1
  38  000B              	IF (250000>=4) AND (250000<( 4 + __PBP__ * 2)) AND ( __PBP__ > 0 )
  38  000B              ;# 38 "C:\Users\User\Desktop\U2 STD\U2_1_2.c" 1
  38  000B              	NOP
  38  000B              	ENDIF
  38  000B              ;# 38 "C:\Users\User\Desktop\U2 STD\U2_1_2.c" 1
  38  000B              	IF (250000>=5) AND (250000<( 4 + __PBP__ * 2)) AND ( __PBP__ > 0 )
  38  000B              ;# 38 "C:\Users\User\Desktop\U2 STD\U2_1_2.c" 1
  38  000B              	NOP
  38  000B              	ENDIF
  38  000B              ;# 38 "C:\Users\User\Desktop\U2 STD\U2_1_2.c" 1
  38  000B              	IF (250000>=6) AND (250000<( 4 + __PBP__ * 2))  AND ( __PBP__ > 1 )
  38  000B              ;# 38 "C:\Users\User\Desktop\U2 STD\U2_1_2.c" 1
  38  000B              	NOP
  38  000B              	ENDIF
  38  000B              ;# 38 "C:\Users\User\Desktop\U2 STD\U2_1_2.c" 1
  38  000B              	IF (250000>=7) AND (250000<( 4 + __PBP__ * 2))  AND ( __PBP__ > 1 )
  38  000B              ;# 38 "C:\Users\User\Desktop\U2 STD\U2_1_2.c" 1
  38  000B              	NOP
  38  000B              	ENDIF
  38  000B              ;# 38 "C:\Users\User\Desktop\U2 STD\U2_1_2.c" 1
  38  000B              	IF (250000>=8) AND (250000<( 4 + __PBP__ * 2))  AND ( __PBP__ > 2 )
  38  000B              ;# 38 "C:\Users\User\Desktop\U2 STD\U2_1_2.c" 1
  38  000B              	NOP
  38  000B              	ENDIF
  38  000B              ;# 38 "C:\Users\User\Desktop\U2 STD\U2_1_2.c" 1
  38  000B              	IF (250000==9)  AND ( __PBP__ > 2 )
  38  000B              ;# 38 "C:\Users\User\Desktop\U2 STD\U2_1_2.c" 1
  38  000B              	NOP
  38  000B              	ENDIF
  38  000B              ;# 38 "C:\Users\User\Desktop\U2 STD\U2_1_2.c" 1
  38  000B              	IF (250000< ( 8 + __PBP__ * 2)) AND (250000>( 3 + __PBP__ * 2))
  38  000B              ;# 38 "C:\Users\User\Desktop\U2 STD\U2_1_2.c" 1
  38  000B              	fcall __DELAY3 + ( 7 + __PBP__ * 2) -250000
  38  000B              	ENDIF
  38  000B              ;# 38 "C:\Users\User\Desktop\U2 STD\U2_1_2.c" 1
  38  000B              	IF (250000< ( 0404h + __PBP__ * 2)) AND (250000>( 7 + __PBP__ * 2))
  38  000B              ;# 38 "C:\Users\User\Desktop\U2 STD\U2_1_2.c" 1
  38  000B              	MOV A,(250000-( 4 + __PBP__ * 2))/4
"File: U2_1_2.c      Assembler  Version HGASM0202      Page 4

  38  000B              ;# 38 "C:\Users\User\Desktop\U2 STD\U2_1_2.c" 1
  38  000B              	fcall __DELAYX3 + 3 -((250000-( 4 + __PBP__ * 2)) MOD 4) 
  38  000B              	ENDIF
  38  000B              ;# 38 "C:\Users\User\Desktop\U2 STD\U2_1_2.c" 1
  38  000B              	IF (250000< ( 040bh + __PBP__ * 2)) AND (250000> ( 0403h + __PBP__ * 2))
  38  000B              ;# 38 "C:\Users\User\Desktop\U2 STD\U2_1_2.c" 1
  38  000B              	MOV A,0 
  38  000B              ;# 38 "C:\Users\User\Desktop\U2 STD\U2_1_2.c" 1
  38  000B              	fcall __DELAYX6 + ( 040ah + __PBP__ * 2) -250000
  38  000B              	ENDIF
  38  000B              ;# 38 "C:\Users\User\Desktop\U2 STD\U2_1_2.c" 1
  38  000B              	IF (250000 >= ( 040bh + __PBP__ * 2)) AND ((((250000-( 9 + __PBP__ * 2))%0402h)/4+1)>256)
  38  000B              ;# 38 "C:\Users\User\Desktop\U2 STD\U2_1_2.c" 1
  38  000B              	MOV A,(250000-( 9 + __PBP__ * 2))/0402h
  38  000B              ;# 38 "C:\Users\User\Desktop\U2 STD\U2_1_2.c" 1
  38  000B              	MOV _builtin_holtek_delay_2,A
  38  000B              ;# 38 "C:\Users\User\Desktop\U2 STD\U2_1_2.c" 1
  38  000B              	MOV A,0
  38  000B              ;# 38 "C:\Users\User\Desktop\U2 STD\U2_1_2.c" 1
  38  000B              	fcall __DELAYY5 +5- (((250000-( 9 + __PBP__ * 2))%0402h)%6) 
  38  000B              	ENDIF
  38  000B              ;# 38 "C:\Users\User\Desktop\U2 STD\U2_1_2.c" 1
  38  000B              	IF (250000 >= ( 040bh + __PBP__ * 2)) AND ((((250000-( 9 + __PBP__ * 2))%0402h)/4+1)<=256)
  38  000B              ;# 38 "C:\Users\User\Desktop\U2 STD\U2_1_2.c" 1
  38  000B  0FF3        	MOV A,(250000-( 9 + __PBP__ * 2))/0402h
  38  000C              ;# 38 "C:\Users\User\Desktop\U2 STD\U2_1_2.c" 1
  38  000C  0080     E  	MOV _builtin_holtek_delay_2,A
  38  000D              ;# 38 "C:\Users\User\Desktop\U2 STD\U2_1_2.c" 1
  38  000D  0FA7        	MOV A,((250000-( 9 + __PBP__ * 2))%0402h)/4+1
  38  000E              ;# 38 "C:\Users\User\Desktop\U2 STD\U2_1_2.c" 1
  38  000E              	fcall __DELAYY3 +3-(((250000-( 9 + __PBP__ * 2))%0402h)%4) 
  38  0015              	ENDIF
  38  0015              ;# 38 "C:\Users\User\Desktop\U2 STD\U2_1_2.c" 1
  38  0015              	IF 250000>263690
  38  0015              ;# 38 "C:\Users\User\Desktop\U2 STD\U2_1_2.c" 1
  38  0015              	ERRMESSAGE 'the value 250000of the argument exceeds the maxinum 263690'
  38  0015              	ENDIF
  38  0015              ;# 38 "C:\Users\User\Desktop\U2 STD\U2_1_2.c" 1
  38  0015              	IF 250000<0
  38  0015              ;# 38 "C:\Users\User\Desktop\U2 STD\U2_1_2.c" 1
  38  0015              	ERRMESSAGE 'the value 250000 of the argument exceeds the mininum 0'
  38  0015              	ENDIF
  38  0015              ;# 38 "C:\Users\User\Desktop\U2 STD\U2_1_2.c" 1
  38  0015              	IF 250000==0
  38  0015              ;# 38 "C:\Users\User\Desktop\U2 STD\U2_1_2.c" 1
  38  0015              	JMP $
  38  0015              	ENDIF
  38  0015              ;# 38 "C:\Users\User\Desktop\U2 STD\U2_1_2.c" 1
  38  0015              	IF (250000>=1) AND (250000<( 4 + __PBP__ * 2))
  38  0015              ;# 38 "C:\Users\User\Desktop\U2 STD\U2_1_2.c" 1
  38  0015              	NOP
  38  0015              	ENDIF
  38  0015              ;# 38 "C:\Users\User\Desktop\U2 STD\U2_1_2.c" 1
  38  0015              	IF (250000>=2) AND (250000<( 4 + __PBP__ * 2))
  38  0015              ;# 38 "C:\Users\User\Desktop\U2 STD\U2_1_2.c" 1
  38  0015              	NOP
  38  0015              	ENDIF
  38  0015              ;# 38 "C:\Users\User\Desktop\U2 STD\U2_1_2.c" 1
  38  0015              	IF (250000>=3) AND (250000<( 4 + __PBP__ * 2))
  38  0015              ;# 38 "C:\Users\User\Desktop\U2 STD\U2_1_2.c" 1
"File: U2_1_2.c      Assembler  Version HGASM0202      Page 5

  38  0015              	NOP
  38  0015              	ENDIF
  38  0015              ;# 38 "C:\Users\User\Desktop\U2 STD\U2_1_2.c" 1
  38  0015              	IF (250000>=4) AND (250000<( 4 + __PBP__ * 2)) AND ( __PBP__ > 0 )
  38  0015              ;# 38 "C:\Users\User\Desktop\U2 STD\U2_1_2.c" 1
  38  0015              	NOP
  38  0015              	ENDIF
  38  0015              ;# 38 "C:\Users\User\Desktop\U2 STD\U2_1_2.c" 1
  38  0015              	IF (250000>=5) AND (250000<( 4 + __PBP__ * 2)) AND ( __PBP__ > 0 )
  38  0015              ;# 38 "C:\Users\User\Desktop\U2 STD\U2_1_2.c" 1
  38  0015              	NOP
  38  0015              	ENDIF
  38  0015              ;# 38 "C:\Users\User\Desktop\U2 STD\U2_1_2.c" 1
  38  0015              	IF (250000>=6) AND (250000<( 4 + __PBP__ * 2))  AND ( __PBP__ > 1 )
  38  0015              ;# 38 "C:\Users\User\Desktop\U2 STD\U2_1_2.c" 1
  38  0015              	NOP
  38  0015              	ENDIF
  38  0015              ;# 38 "C:\Users\User\Desktop\U2 STD\U2_1_2.c" 1
  38  0015              	IF (250000>=7) AND (250000<( 4 + __PBP__ * 2))  AND ( __PBP__ > 1 )
  38  0015              ;# 38 "C:\Users\User\Desktop\U2 STD\U2_1_2.c" 1
  38  0015              	NOP
  38  0015              	ENDIF
  38  0015              ;# 38 "C:\Users\User\Desktop\U2 STD\U2_1_2.c" 1
  38  0015              	IF (250000>=8) AND (250000<( 4 + __PBP__ * 2))  AND ( __PBP__ > 2 )
  38  0015              ;# 38 "C:\Users\User\Desktop\U2 STD\U2_1_2.c" 1
  38  0015              	NOP
  38  0015              	ENDIF
  38  0015              ;# 38 "C:\Users\User\Desktop\U2 STD\U2_1_2.c" 1
  38  0015              	IF (250000==9)  AND ( __PBP__ > 2 )
  38  0015              ;# 38 "C:\Users\User\Desktop\U2 STD\U2_1_2.c" 1
  38  0015              	NOP
  38  0015              	ENDIF
  38  0015              ;# 38 "C:\Users\User\Desktop\U2 STD\U2_1_2.c" 1
  38  0015              	IF (250000< ( 8 + __PBP__ * 2)) AND (250000>( 3 + __PBP__ * 2))
  38  0015              ;# 38 "C:\Users\User\Desktop\U2 STD\U2_1_2.c" 1
  38  0015              	fcall __DELAY3 + ( 7 + __PBP__ * 2) -250000
  38  0015              	ENDIF
  38  0015              ;# 38 "C:\Users\User\Desktop\U2 STD\U2_1_2.c" 1
  38  0015              	IF (250000< ( 0404h + __PBP__ * 2)) AND (250000>( 7 + __PBP__ * 2))
  38  0015              ;# 38 "C:\Users\User\Desktop\U2 STD\U2_1_2.c" 1
  38  0015              	MOV A,(250000-( 4 + __PBP__ * 2))/4
  38  0015              ;# 38 "C:\Users\User\Desktop\U2 STD\U2_1_2.c" 1
  38  0015              	fcall __DELAYX3 + 3 -((250000-( 4 + __PBP__ * 2)) MOD 4) 
  38  0015              	ENDIF
  38  0015              ;# 38 "C:\Users\User\Desktop\U2 STD\U2_1_2.c" 1
  38  0015              	IF (250000< ( 040bh + __PBP__ * 2)) AND (250000> ( 0403h + __PBP__ * 2))
  38  0015              ;# 38 "C:\Users\User\Desktop\U2 STD\U2_1_2.c" 1
  38  0015              	MOV A,0 
  38  0015              ;# 38 "C:\Users\User\Desktop\U2 STD\U2_1_2.c" 1
  38  0015              	fcall __DELAYX6 + ( 040ah + __PBP__ * 2) -250000
  38  0015              	ENDIF
  38  0015              ;# 38 "C:\Users\User\Desktop\U2 STD\U2_1_2.c" 1
  38  0015              	IF (250000 >= ( 040bh + __PBP__ * 2)) AND ((((250000-( 9 + __PBP__ * 2))%0402h)/4+1)>256)
  38  0015              ;# 38 "C:\Users\User\Desktop\U2 STD\U2_1_2.c" 1
  38  0015              	MOV A,(250000-( 9 + __PBP__ * 2))/0402h
  38  0015              ;# 38 "C:\Users\User\Desktop\U2 STD\U2_1_2.c" 1
  38  0015              	MOV _builtin_holtek_delay_2,A
  38  0015              ;# 38 "C:\Users\User\Desktop\U2 STD\U2_1_2.c" 1
  38  0015              	MOV A,0
  38  0015              ;# 38 "C:\Users\User\Desktop\U2 STD\U2_1_2.c" 1
"File: U2_1_2.c      Assembler  Version HGASM0202      Page 6

  38  0015              	fcall __DELAYY5 +5- (((250000-( 9 + __PBP__ * 2))%0402h)%6) 
  38  0015              	ENDIF
  38  0015              ;# 38 "C:\Users\User\Desktop\U2 STD\U2_1_2.c" 1
  38  0015              	IF (250000 >= ( 040bh + __PBP__ * 2)) AND ((((250000-( 9 + __PBP__ * 2))%0402h)/4+1)<=256)
  38  0015              ;# 38 "C:\Users\User\Desktop\U2 STD\U2_1_2.c" 1
  38  0015  0FF3        	MOV A,(250000-( 9 + __PBP__ * 2))/0402h
  38  0016              ;# 38 "C:\Users\User\Desktop\U2 STD\U2_1_2.c" 1
  38  0016  0080     E  	MOV _builtin_holtek_delay_2,A
  38  0017              ;# 38 "C:\Users\User\Desktop\U2 STD\U2_1_2.c" 1
  38  0017  0FA7        	MOV A,((250000-( 9 + __PBP__ * 2))%0402h)/4+1
  38  0018              ;# 38 "C:\Users\User\Desktop\U2 STD\U2_1_2.c" 1
  38  0018              	fcall __DELAYY3 +3-(((250000-( 9 + __PBP__ * 2))%0402h)%4) 
  38  001F              	ENDIF
  39  001F              #line 39 "C:\Users\User\Desktop\U2 STD\U2_1_2.c"
  39  001F              ;# 39 "C:\Users\User\Desktop\U2 STD\U2_1_2.c" 1
  39  001F  18A4        	rl [36]
  39  0020  1780     E  	sdz ra
  39  0021  2800     R  	jmp _L3
  41  0022              #line 41 "C:\Users\User\Desktop\U2 STD\U2_1_2.c"
  41  0022  0700     E  	mov a,rb
  41  0023  00A4        	mov [36],a
  42  0024              #line 42 "C:\Users\User\Desktop\U2 STD\U2_1_2.c"
  42  0024  3610        	clr [16].4
  43  0025              #line 43 "C:\Users\User\Desktop\U2 STD\U2_1_2.c"
  43  0025  3090        	set [16].1
  43  0026  0700     E  	mov a,r2
  43  0027  008B        	mov bp,a
  43  0028  0700     E  	mov a,r3
  43  0029  008A        	mov status,a
  43  002A  0700     E  	mov a,r1
  43  002B  0004        	reti
  43  002C              _ISR_Int0 endp
  43  002C              
  43  002C              #line 43 "C:\Users\User\Desktop\U2 STD\U2_1_2.c"
  43  002C              #pragma debug scope 1 1
  43  002C              public _ISR_Int1
  43  002C              #pragma debug scope 4 1
  46  002C              #line 46 "C:\Users\User\Desktop\U2 STD\U2_1_2.c"
  46  002C              rombank 0 @ISR_Int1_code
  46  0000              @ISR_Int1_code .section at 8 'code'
  46  0000  0080     E  	mov r1,a
  46  0001  070B        	mov a,bp
  46  0002  1F0B        	clr bp
  46  0003  2800     R  	jmp _ISR_Int1
  46  0004              ROMBANK 0 _ISR_Int1
  46  0004              #pragma debug scope 1 1
  46  0004              @dummy8 endp
  46  0004              #pragma debug scope 5 1
  46  0000              _ISR_Int1 .section 'code'
  46  0000              _ISR_Int1 proc
  46  0000  0080     E  	mov r2,a
  46  0001  070A        	mov a, status
  46  0002  0080     E  	mov r3,a
  47  0003              #line 47 "C:\Users\User\Desktop\U2 STD\U2_1_2.c"
  47  0003  3510        	clr [16].2
  48  0004              #line 48 "C:\Users\User\Desktop\U2 STD\U2_1_2.c"
  48  0004  3010        	set [16].0
  49  0005              #line 49 "C:\Users\User\Desktop\U2 STD\U2_1_2.c"
  49  0005  0724        	mov a,[36]
  49  0006  0080     E  	mov rb,a
"File: U2_1_2.c      Assembler  Version HGASM0202      Page 7

  50  0007              #line 50 "C:\Users\User\Desktop\U2 STD\U2_1_2.c"
  50  0007  0F7F        	mov a,127
  50  0008  00A4        	mov [36],a
  50  0009  0F08        	mov a,8
  50  000A  0080     E  	mov ra,a
  50  000B              _L7:
  52  000B              #line 52 "C:\Users\User\Desktop\U2 STD\U2_1_2.c"
  52  000B              ;# 52 "C:\Users\User\Desktop\U2 STD\U2_1_2.c" 1
  52  000B              	IF 250000>263690
  52  000B              ;# 52 "C:\Users\User\Desktop\U2 STD\U2_1_2.c" 1
  52  000B              	ERRMESSAGE 'the value 250000of the argument exceeds the maxinum 263690'
  52  000B              	ENDIF
  52  000B              ;# 52 "C:\Users\User\Desktop\U2 STD\U2_1_2.c" 1
  52  000B              	IF 250000<0
  52  000B              ;# 52 "C:\Users\User\Desktop\U2 STD\U2_1_2.c" 1
  52  000B              	ERRMESSAGE 'the value 250000 of the argument exceeds the mininum 0'
  52  000B              	ENDIF
  52  000B              ;# 52 "C:\Users\User\Desktop\U2 STD\U2_1_2.c" 1
  52  000B              	IF 250000==0
  52  000B              ;# 52 "C:\Users\User\Desktop\U2 STD\U2_1_2.c" 1
  52  000B              	JMP $
  52  000B              	ENDIF
  52  000B              ;# 52 "C:\Users\User\Desktop\U2 STD\U2_1_2.c" 1
  52  000B              	IF (250000>=1) AND (250000<( 4 + __PBP__ * 2))
  52  000B              ;# 52 "C:\Users\User\Desktop\U2 STD\U2_1_2.c" 1
  52  000B              	NOP
  52  000B              	ENDIF
  52  000B              ;# 52 "C:\Users\User\Desktop\U2 STD\U2_1_2.c" 1
  52  000B              	IF (250000>=2) AND (250000<( 4 + __PBP__ * 2))
  52  000B              ;# 52 "C:\Users\User\Desktop\U2 STD\U2_1_2.c" 1
  52  000B              	NOP
  52  000B              	ENDIF
  52  000B              ;# 52 "C:\Users\User\Desktop\U2 STD\U2_1_2.c" 1
  52  000B              	IF (250000>=3) AND (250000<( 4 + __PBP__ * 2))
  52  000B              ;# 52 "C:\Users\User\Desktop\U2 STD\U2_1_2.c" 1
  52  000B              	NOP
  52  000B              	ENDIF
  52  000B              ;# 52 "C:\Users\User\Desktop\U2 STD\U2_1_2.c" 1
  52  000B              	IF (250000>=4) AND (250000<( 4 + __PBP__ * 2)) AND ( __PBP__ > 0 )
  52  000B              ;# 52 "C:\Users\User\Desktop\U2 STD\U2_1_2.c" 1
  52  000B              	NOP
  52  000B              	ENDIF
  52  000B              ;# 52 "C:\Users\User\Desktop\U2 STD\U2_1_2.c" 1
  52  000B              	IF (250000>=5) AND (250000<( 4 + __PBP__ * 2)) AND ( __PBP__ > 0 )
  52  000B              ;# 52 "C:\Users\User\Desktop\U2 STD\U2_1_2.c" 1
  52  000B              	NOP
  52  000B              	ENDIF
  52  000B              ;# 52 "C:\Users\User\Desktop\U2 STD\U2_1_2.c" 1
  52  000B              	IF (250000>=6) AND (250000<( 4 + __PBP__ * 2))  AND ( __PBP__ > 1 )
  52  000B              ;# 52 "C:\Users\User\Desktop\U2 STD\U2_1_2.c" 1
  52  000B              	NOP
  52  000B              	ENDIF
  52  000B              ;# 52 "C:\Users\User\Desktop\U2 STD\U2_1_2.c" 1
  52  000B              	IF (250000>=7) AND (250000<( 4 + __PBP__ * 2))  AND ( __PBP__ > 1 )
  52  000B              ;# 52 "C:\Users\User\Desktop\U2 STD\U2_1_2.c" 1
  52  000B              	NOP
  52  000B              	ENDIF
  52  000B              ;# 52 "C:\Users\User\Desktop\U2 STD\U2_1_2.c" 1
  52  000B              	IF (250000>=8) AND (250000<( 4 + __PBP__ * 2))  AND ( __PBP__ > 2 )
  52  000B              ;# 52 "C:\Users\User\Desktop\U2 STD\U2_1_2.c" 1
"File: U2_1_2.c      Assembler  Version HGASM0202      Page 8

  52  000B              	NOP
  52  000B              	ENDIF
  52  000B              ;# 52 "C:\Users\User\Desktop\U2 STD\U2_1_2.c" 1
  52  000B              	IF (250000==9)  AND ( __PBP__ > 2 )
  52  000B              ;# 52 "C:\Users\User\Desktop\U2 STD\U2_1_2.c" 1
  52  000B              	NOP
  52  000B              	ENDIF
  52  000B              ;# 52 "C:\Users\User\Desktop\U2 STD\U2_1_2.c" 1
  52  000B              	IF (250000< ( 8 + __PBP__ * 2)) AND (250000>( 3 + __PBP__ * 2))
  52  000B              ;# 52 "C:\Users\User\Desktop\U2 STD\U2_1_2.c" 1
  52  000B              	fcall __DELAY3 + ( 7 + __PBP__ * 2) -250000
  52  000B              	ENDIF
  52  000B              ;# 52 "C:\Users\User\Desktop\U2 STD\U2_1_2.c" 1
  52  000B              	IF (250000< ( 0404h + __PBP__ * 2)) AND (250000>( 7 + __PBP__ * 2))
  52  000B              ;# 52 "C:\Users\User\Desktop\U2 STD\U2_1_2.c" 1
  52  000B              	MOV A,(250000-( 4 + __PBP__ * 2))/4
  52  000B              ;# 52 "C:\Users\User\Desktop\U2 STD\U2_1_2.c" 1
  52  000B              	fcall __DELAYX3 + 3 -((250000-( 4 + __PBP__ * 2)) MOD 4) 
  52  000B              	ENDIF
  52  000B              ;# 52 "C:\Users\User\Desktop\U2 STD\U2_1_2.c" 1
  52  000B              	IF (250000< ( 040bh + __PBP__ * 2)) AND (250000> ( 0403h + __PBP__ * 2))
  52  000B              ;# 52 "C:\Users\User\Desktop\U2 STD\U2_1_2.c" 1
  52  000B              	MOV A,0 
  52  000B              ;# 52 "C:\Users\User\Desktop\U2 STD\U2_1_2.c" 1
  52  000B              	fcall __DELAYX6 + ( 040ah + __PBP__ * 2) -250000
  52  000B              	ENDIF
  52  000B              ;# 52 "C:\Users\User\Desktop\U2 STD\U2_1_2.c" 1
  52  000B              	IF (250000 >= ( 040bh + __PBP__ * 2)) AND ((((250000-( 9 + __PBP__ * 2))%0402h)/4+1)>256)
  52  000B              ;# 52 "C:\Users\User\Desktop\U2 STD\U2_1_2.c" 1
  52  000B              	MOV A,(250000-( 9 + __PBP__ * 2))/0402h
  52  000B              ;# 52 "C:\Users\User\Desktop\U2 STD\U2_1_2.c" 1
  52  000B              	MOV _builtin_holtek_delay_2,A
  52  000B              ;# 52 "C:\Users\User\Desktop\U2 STD\U2_1_2.c" 1
  52  000B              	MOV A,0
  52  000B              ;# 52 "C:\Users\User\Desktop\U2 STD\U2_1_2.c" 1
  52  000B              	fcall __DELAYY5 +5- (((250000-( 9 + __PBP__ * 2))%0402h)%6) 
  52  000B              	ENDIF
  52  000B              ;# 52 "C:\Users\User\Desktop\U2 STD\U2_1_2.c" 1
  52  000B              	IF (250000 >= ( 040bh + __PBP__ * 2)) AND ((((250000-( 9 + __PBP__ * 2))%0402h)/4+1)<=256)
  52  000B              ;# 52 "C:\Users\User\Desktop\U2 STD\U2_1_2.c" 1
  52  000B  0FF3        	MOV A,(250000-( 9 + __PBP__ * 2))/0402h
  52  000C              ;# 52 "C:\Users\User\Desktop\U2 STD\U2_1_2.c" 1
  52  000C  0080     E  	MOV _builtin_holtek_delay_2,A
  52  000D              ;# 52 "C:\Users\User\Desktop\U2 STD\U2_1_2.c" 1
  52  000D  0FA7        	MOV A,((250000-( 9 + __PBP__ * 2))%0402h)/4+1
  52  000E              ;# 52 "C:\Users\User\Desktop\U2 STD\U2_1_2.c" 1
  52  000E              	fcall __DELAYY3 +3-(((250000-( 9 + __PBP__ * 2))%0402h)%4) 
  52  0015              	ENDIF
  52  0015              ;# 52 "C:\Users\User\Desktop\U2 STD\U2_1_2.c" 1
  52  0015              	IF 250000>263690
  52  0015              ;# 52 "C:\Users\User\Desktop\U2 STD\U2_1_2.c" 1
  52  0015              	ERRMESSAGE 'the value 250000of the argument exceeds the maxinum 263690'
  52  0015              	ENDIF
  52  0015              ;# 52 "C:\Users\User\Desktop\U2 STD\U2_1_2.c" 1
  52  0015              	IF 250000<0
  52  0015              ;# 52 "C:\Users\User\Desktop\U2 STD\U2_1_2.c" 1
  52  0015              	ERRMESSAGE 'the value 250000 of the argument exceeds the mininum 0'
  52  0015              	ENDIF
  52  0015              ;# 52 "C:\Users\User\Desktop\U2 STD\U2_1_2.c" 1
  52  0015              	IF 250000==0
"File: U2_1_2.c      Assembler  Version HGASM0202      Page 9

  52  0015              ;# 52 "C:\Users\User\Desktop\U2 STD\U2_1_2.c" 1
  52  0015              	JMP $
  52  0015              	ENDIF
  52  0015              ;# 52 "C:\Users\User\Desktop\U2 STD\U2_1_2.c" 1
  52  0015              	IF (250000>=1) AND (250000<( 4 + __PBP__ * 2))
  52  0015              ;# 52 "C:\Users\User\Desktop\U2 STD\U2_1_2.c" 1
  52  0015              	NOP
  52  0015              	ENDIF
  52  0015              ;# 52 "C:\Users\User\Desktop\U2 STD\U2_1_2.c" 1
  52  0015              	IF (250000>=2) AND (250000<( 4 + __PBP__ * 2))
  52  0015              ;# 52 "C:\Users\User\Desktop\U2 STD\U2_1_2.c" 1
  52  0015              	NOP
  52  0015              	ENDIF
  52  0015              ;# 52 "C:\Users\User\Desktop\U2 STD\U2_1_2.c" 1
  52  0015              	IF (250000>=3) AND (250000<( 4 + __PBP__ * 2))
  52  0015              ;# 52 "C:\Users\User\Desktop\U2 STD\U2_1_2.c" 1
  52  0015              	NOP
  52  0015              	ENDIF
  52  0015              ;# 52 "C:\Users\User\Desktop\U2 STD\U2_1_2.c" 1
  52  0015              	IF (250000>=4) AND (250000<( 4 + __PBP__ * 2)) AND ( __PBP__ > 0 )
  52  0015              ;# 52 "C:\Users\User\Desktop\U2 STD\U2_1_2.c" 1
  52  0015              	NOP
  52  0015              	ENDIF
  52  0015              ;# 52 "C:\Users\User\Desktop\U2 STD\U2_1_2.c" 1
  52  0015              	IF (250000>=5) AND (250000<( 4 + __PBP__ * 2)) AND ( __PBP__ > 0 )
  52  0015              ;# 52 "C:\Users\User\Desktop\U2 STD\U2_1_2.c" 1
  52  0015              	NOP
  52  0015              	ENDIF
  52  0015              ;# 52 "C:\Users\User\Desktop\U2 STD\U2_1_2.c" 1
  52  0015              	IF (250000>=6) AND (250000<( 4 + __PBP__ * 2))  AND ( __PBP__ > 1 )
  52  0015              ;# 52 "C:\Users\User\Desktop\U2 STD\U2_1_2.c" 1
  52  0015              	NOP
  52  0015              	ENDIF
  52  0015              ;# 52 "C:\Users\User\Desktop\U2 STD\U2_1_2.c" 1
  52  0015              	IF (250000>=7) AND (250000<( 4 + __PBP__ * 2))  AND ( __PBP__ > 1 )
  52  0015              ;# 52 "C:\Users\User\Desktop\U2 STD\U2_1_2.c" 1
  52  0015              	NOP
  52  0015              	ENDIF
  52  0015              ;# 52 "C:\Users\User\Desktop\U2 STD\U2_1_2.c" 1
  52  0015              	IF (250000>=8) AND (250000<( 4 + __PBP__ * 2))  AND ( __PBP__ > 2 )
  52  0015              ;# 52 "C:\Users\User\Desktop\U2 STD\U2_1_2.c" 1
  52  0015              	NOP
  52  0015              	ENDIF
  52  0015              ;# 52 "C:\Users\User\Desktop\U2 STD\U2_1_2.c" 1
  52  0015              	IF (250000==9)  AND ( __PBP__ > 2 )
  52  0015              ;# 52 "C:\Users\User\Desktop\U2 STD\U2_1_2.c" 1
  52  0015              	NOP
  52  0015              	ENDIF
  52  0015              ;# 52 "C:\Users\User\Desktop\U2 STD\U2_1_2.c" 1
  52  0015              	IF (250000< ( 8 + __PBP__ * 2)) AND (250000>( 3 + __PBP__ * 2))
  52  0015              ;# 52 "C:\Users\User\Desktop\U2 STD\U2_1_2.c" 1
  52  0015              	fcall __DELAY3 + ( 7 + __PBP__ * 2) -250000
  52  0015              	ENDIF
  52  0015              ;# 52 "C:\Users\User\Desktop\U2 STD\U2_1_2.c" 1
  52  0015              	IF (250000< ( 0404h + __PBP__ * 2)) AND (250000>( 7 + __PBP__ * 2))
  52  0015              ;# 52 "C:\Users\User\Desktop\U2 STD\U2_1_2.c" 1
  52  0015              	MOV A,(250000-( 4 + __PBP__ * 2))/4
  52  0015              ;# 52 "C:\Users\User\Desktop\U2 STD\U2_1_2.c" 1
  52  0015              	fcall __DELAYX3 + 3 -((250000-( 4 + __PBP__ * 2)) MOD 4) 
  52  0015              	ENDIF
"File: U2_1_2.c      Assembler  Version HGASM0202      Page 10

  52  0015              ;# 52 "C:\Users\User\Desktop\U2 STD\U2_1_2.c" 1
  52  0015              	IF (250000< ( 040bh + __PBP__ * 2)) AND (250000> ( 0403h + __PBP__ * 2))
  52  0015              ;# 52 "C:\Users\User\Desktop\U2 STD\U2_1_2.c" 1
  52  0015              	MOV A,0 
  52  0015              ;# 52 "C:\Users\User\Desktop\U2 STD\U2_1_2.c" 1
  52  0015              	fcall __DELAYX6 + ( 040ah + __PBP__ * 2) -250000
  52  0015              	ENDIF
  52  0015              ;# 52 "C:\Users\User\Desktop\U2 STD\U2_1_2.c" 1
  52  0015              	IF (250000 >= ( 040bh + __PBP__ * 2)) AND ((((250000-( 9 + __PBP__ * 2))%0402h)/4+1)>256)
  52  0015              ;# 52 "C:\Users\User\Desktop\U2 STD\U2_1_2.c" 1
  52  0015              	MOV A,(250000-( 9 + __PBP__ * 2))/0402h
  52  0015              ;# 52 "C:\Users\User\Desktop\U2 STD\U2_1_2.c" 1
  52  0015              	MOV _builtin_holtek_delay_2,A
  52  0015              ;# 52 "C:\Users\User\Desktop\U2 STD\U2_1_2.c" 1
  52  0015              	MOV A,0
  52  0015              ;# 52 "C:\Users\User\Desktop\U2 STD\U2_1_2.c" 1
  52  0015              	fcall __DELAYY5 +5- (((250000-( 9 + __PBP__ * 2))%0402h)%6) 
  52  0015              	ENDIF
  52  0015              ;# 52 "C:\Users\User\Desktop\U2 STD\U2_1_2.c" 1
  52  0015              	IF (250000 >= ( 040bh + __PBP__ * 2)) AND ((((250000-( 9 + __PBP__ * 2))%0402h)/4+1)<=256)
  52  0015              ;# 52 "C:\Users\User\Desktop\U2 STD\U2_1_2.c" 1
  52  0015  0FF3        	MOV A,(250000-( 9 + __PBP__ * 2))/0402h
  52  0016              ;# 52 "C:\Users\User\Desktop\U2 STD\U2_1_2.c" 1
  52  0016  0080     E  	MOV _builtin_holtek_delay_2,A
  52  0017              ;# 52 "C:\Users\User\Desktop\U2 STD\U2_1_2.c" 1
  52  0017  0FA7        	MOV A,((250000-( 9 + __PBP__ * 2))%0402h)/4+1
  52  0018              ;# 52 "C:\Users\User\Desktop\U2 STD\U2_1_2.c" 1
  52  0018              	fcall __DELAYY3 +3-(((250000-( 9 + __PBP__ * 2))%0402h)%4) 
  52  001F              	ENDIF
  53  001F              #line 53 "C:\Users\User\Desktop\U2 STD\U2_1_2.c"
  53  001F              ;# 53 "C:\Users\User\Desktop\U2 STD\U2_1_2.c" 1
  53  001F  19A4        	rr [36]
  53  0020  1780     E  	sdz ra
  53  0021  2800     R  	jmp _L7
  55  0022              #line 55 "C:\Users\User\Desktop\U2 STD\U2_1_2.c"
  55  0022  0700     E  	mov a,rb
  55  0023  00A4        	mov [36],a
  56  0024              #line 56 "C:\Users\User\Desktop\U2 STD\U2_1_2.c"
  56  0024  3690        	clr [16].5
  57  0025              #line 57 "C:\Users\User\Desktop\U2 STD\U2_1_2.c"
  57  0025  3110        	set [16].2
  57  0026  0700     E  	mov a,r2
  57  0027  008B        	mov bp,a
  57  0028  0700     E  	mov a,r3
  57  0029  008A        	mov status,a
  57  002A  0700     E  	mov a,r1
  57  002B  0004        	reti
  57  002C              _ISR_Int1 endp
  57  002C              
  57  002C              #line 57 "C:\Users\User\Desktop\U2 STD\U2_1_2.c"
  57  002C              #pragma debug scope 1 1
  57  002C              public _Delayms
  57  002C              #pragma debug scope 6 1
  60  002C              #line 60 "C:\Users\User\Desktop\U2 STD\U2_1_2.c"
  60  0000              _Delayms .section 'code'
  60  0000              _Delayms proc
  60  0000              public _Delayms_2
  60  0000  0002[           local _Delayms_2 db 2 dup(?)	; 2,0
            00
            ]
"File: U2_1_2.c      Assembler  Version HGASM0202      Page 11

  60  0002              #pragma debug variable 10 6 _Delayms_2+0 "del"
  61  0002              #line 61 "C:\Users\User\Desktop\U2 STD\U2_1_2.c"
  61  0000  1F00     E  	clr rb
  61  0001  1F00     E  	clr rc
  61  0002  2800     R  	jmp _L9
  61  0003              _L10:
  61  0003              #line 61 "C:\Users\User\Desktop\U2 STD\U2_1_2.c"
  61  0003              ;# 61 "C:\Users\User\Desktop\U2 STD\U2_1_2.c" 1
  61  0003              	IF 2000>263690
  61  0003              ;# 61 "C:\Users\User\Desktop\U2 STD\U2_1_2.c" 1
  61  0003              	ERRMESSAGE 'the value 2000of the argument exceeds the maxinum 263690'
  61  0003              	ENDIF
  61  0003              ;# 61 "C:\Users\User\Desktop\U2 STD\U2_1_2.c" 1
  61  0003              	IF 2000<0
  61  0003              ;# 61 "C:\Users\User\Desktop\U2 STD\U2_1_2.c" 1
  61  0003              	ERRMESSAGE 'the value 2000 of the argument exceeds the mininum 0'
  61  0003              	ENDIF
  61  0003              ;# 61 "C:\Users\User\Desktop\U2 STD\U2_1_2.c" 1
  61  0003              	IF 2000==0
  61  0003              ;# 61 "C:\Users\User\Desktop\U2 STD\U2_1_2.c" 1
  61  0003              	JMP $
  61  0003              	ENDIF
  61  0003              ;# 61 "C:\Users\User\Desktop\U2 STD\U2_1_2.c" 1
  61  0003              	IF (2000>=1) AND (2000<( 4 + __PBP__ * 2))
  61  0003              ;# 61 "C:\Users\User\Desktop\U2 STD\U2_1_2.c" 1
  61  0003              	NOP
  61  0003              	ENDIF
  61  0003              ;# 61 "C:\Users\User\Desktop\U2 STD\U2_1_2.c" 1
  61  0003              	IF (2000>=2) AND (2000<( 4 + __PBP__ * 2))
  61  0003              ;# 61 "C:\Users\User\Desktop\U2 STD\U2_1_2.c" 1
  61  0003              	NOP
  61  0003              	ENDIF
  61  0003              ;# 61 "C:\Users\User\Desktop\U2 STD\U2_1_2.c" 1
  61  0003              	IF (2000>=3) AND (2000<( 4 + __PBP__ * 2))
  61  0003              ;# 61 "C:\Users\User\Desktop\U2 STD\U2_1_2.c" 1
  61  0003              	NOP
  61  0003              	ENDIF
  61  0003              ;# 61 "C:\Users\User\Desktop\U2 STD\U2_1_2.c" 1
  61  0003              	IF (2000>=4) AND (2000<( 4 + __PBP__ * 2)) AND ( __PBP__ > 0 )
  61  0003              ;# 61 "C:\Users\User\Desktop\U2 STD\U2_1_2.c" 1
  61  0003              	NOP
  61  0003              	ENDIF
  61  0003              ;# 61 "C:\Users\User\Desktop\U2 STD\U2_1_2.c" 1
  61  0003              	IF (2000>=5) AND (2000<( 4 + __PBP__ * 2)) AND ( __PBP__ > 0 )
  61  0003              ;# 61 "C:\Users\User\Desktop\U2 STD\U2_1_2.c" 1
  61  0003              	NOP
  61  0003              	ENDIF
  61  0003              ;# 61 "C:\Users\User\Desktop\U2 STD\U2_1_2.c" 1
  61  0003              	IF (2000>=6) AND (2000<( 4 + __PBP__ * 2))  AND ( __PBP__ > 1 )
  61  0003              ;# 61 "C:\Users\User\Desktop\U2 STD\U2_1_2.c" 1
  61  0003              	NOP
  61  0003              	ENDIF
  61  0003              ;# 61 "C:\Users\User\Desktop\U2 STD\U2_1_2.c" 1
  61  0003              	IF (2000>=7) AND (2000<( 4 + __PBP__ * 2))  AND ( __PBP__ > 1 )
  61  0003              ;# 61 "C:\Users\User\Desktop\U2 STD\U2_1_2.c" 1
  61  0003              	NOP
  61  0003              	ENDIF
  61  0003              ;# 61 "C:\Users\User\Desktop\U2 STD\U2_1_2.c" 1
  61  0003              	IF (2000>=8) AND (2000<( 4 + __PBP__ * 2))  AND ( __PBP__ > 2 )
  61  0003              ;# 61 "C:\Users\User\Desktop\U2 STD\U2_1_2.c" 1
"File: U2_1_2.c      Assembler  Version HGASM0202      Page 12

  61  0003              	NOP
  61  0003              	ENDIF
  61  0003              ;# 61 "C:\Users\User\Desktop\U2 STD\U2_1_2.c" 1
  61  0003              	IF (2000==9)  AND ( __PBP__ > 2 )
  61  0003              ;# 61 "C:\Users\User\Desktop\U2 STD\U2_1_2.c" 1
  61  0003              	NOP
  61  0003              	ENDIF
  61  0003              ;# 61 "C:\Users\User\Desktop\U2 STD\U2_1_2.c" 1
  61  0003              	IF (2000< ( 8 + __PBP__ * 2)) AND (2000>( 3 + __PBP__ * 2))
  61  0003              ;# 61 "C:\Users\User\Desktop\U2 STD\U2_1_2.c" 1
  61  0003              	fcall __DELAY3 + ( 7 + __PBP__ * 2) -2000
  61  0003              	ENDIF
  61  0003              ;# 61 "C:\Users\User\Desktop\U2 STD\U2_1_2.c" 1
  61  0003              	IF (2000< ( 0404h + __PBP__ * 2)) AND (2000>( 7 + __PBP__ * 2))
  61  0003              ;# 61 "C:\Users\User\Desktop\U2 STD\U2_1_2.c" 1
  61  0003              	MOV A,(2000-( 4 + __PBP__ * 2))/4
  61  0003              ;# 61 "C:\Users\User\Desktop\U2 STD\U2_1_2.c" 1
  61  0003              	fcall __DELAYX3 + 3 -((2000-( 4 + __PBP__ * 2)) MOD 4) 
  61  0003              	ENDIF
  61  0003              ;# 61 "C:\Users\User\Desktop\U2 STD\U2_1_2.c" 1
  61  0003              	IF (2000< ( 040bh + __PBP__ * 2)) AND (2000> ( 0403h + __PBP__ * 2))
  61  0003              ;# 61 "C:\Users\User\Desktop\U2 STD\U2_1_2.c" 1
  61  0003              	MOV A,0 
  61  0003              ;# 61 "C:\Users\User\Desktop\U2 STD\U2_1_2.c" 1
  61  0003              	fcall __DELAYX6 + ( 040ah + __PBP__ * 2) -2000
  61  0003              	ENDIF
  61  0003              ;# 61 "C:\Users\User\Desktop\U2 STD\U2_1_2.c" 1
  61  0003              	IF (2000 >= ( 040bh + __PBP__ * 2)) AND ((((2000-( 9 + __PBP__ * 2))%0402h)/4+1)>256)
  61  0003              ;# 61 "C:\Users\User\Desktop\U2 STD\U2_1_2.c" 1
  61  0003              	MOV A,(2000-( 9 + __PBP__ * 2))/0402h
  61  0003              ;# 61 "C:\Users\User\Desktop\U2 STD\U2_1_2.c" 1
  61  0003              	MOV _builtin_holtek_delay_2,A
  61  0003              ;# 61 "C:\Users\User\Desktop\U2 STD\U2_1_2.c" 1
  61  0003              	MOV A,0
  61  0003              ;# 61 "C:\Users\User\Desktop\U2 STD\U2_1_2.c" 1
  61  0003              	fcall __DELAYY5 +5- (((2000-( 9 + __PBP__ * 2))%0402h)%6) 
  61  0003              	ENDIF
  61  0003              ;# 61 "C:\Users\User\Desktop\U2 STD\U2_1_2.c" 1
  61  0003              	IF (2000 >= ( 040bh + __PBP__ * 2)) AND ((((2000-( 9 + __PBP__ * 2))%0402h)/4+1)<=256)
  61  0003              ;# 61 "C:\Users\User\Desktop\U2 STD\U2_1_2.c" 1
  61  0003  0F01        	MOV A,(2000-( 9 + __PBP__ * 2))/0402h
  61  0004              ;# 61 "C:\Users\User\Desktop\U2 STD\U2_1_2.c" 1
  61  0004  0080     E  	MOV _builtin_holtek_delay_2,A
  61  0005              ;# 61 "C:\Users\User\Desktop\U2 STD\U2_1_2.c" 1
  61  0005  0FF0        	MOV A,((2000-( 9 + __PBP__ * 2))%0402h)/4+1
  61  0006              ;# 61 "C:\Users\User\Desktop\U2 STD\U2_1_2.c" 1
  61  0006              	fcall __DELAYY3 +3-(((2000-( 9 + __PBP__ * 2))%0402h)%4) 
  61  000D              	ENDIF
  61  000D  1480     E  	inc rb
  61  000E  3D0A        	sz z
  61  000F  1480     E  	inc rc
  61  0010              _L9:
  61  0010  0700     E  	mov a,rb
  61  0011  0200     R  	sub a,_Delayms_2[0]
  61  0012  0700     E  	mov a,rc
  61  0013  1200     R  	sbc a,_Delayms_2[1]
  61  0014  3B0A        	snz cz
  61  0015  2800     R  	jmp _L10
  61  0016  0003        	ret
  61  0017              _Delayms endp
"File: U2_1_2.c      Assembler  Version HGASM0202      Page 13

  61  0017              #line 61 "C:\Users\User\Desktop\U2 STD\U2_1_2.c"
  61  0017              #pragma debug scope 1 1
  61  0017              ___wdtc equ [62]
  61  0017              ___pfc equ [37]
  61  0017              ___pg equ [39]
  61  0017              ___pgc equ [40]
  61  0017              ___papu equ [22]
  61  0017              ___ifs2 equ [330]
  61  0017              ___integ equ [57]
  61  0017              public _main
  61  0017              #pragma debug scope 7 1
  14  0017              #line 14 "C:\Users\User\Desktop\U2 STD\U2_1_2.c"
  14  0017              IFDEF WITH_DEFAULT_STARTUP
  14  0017              extern _main_initial0:near
  14  0017              extern _main_startup:near
  14  0017              ENDIF
  14  0017              
  14  0017              ROMBANK 0 @start
  14  0000              @start .section com_l 'code'
  14  0000              _main_startup1:
  14  0000              @start .section com_e 'code'
  14  0000  0F00     R  	mov a,bank _main
  14  0001  008B        	mov bp,a
  14  0002  2800     R  	jmp _main
  14  0003              
  14  0000              _main .section 'code'
  14  0000              _main proc
  14  0000  00              local _main_2 db 1 dup(?)
  14  0001              #pragma debug variable 8 7 _main_2+0 "i"
  15  0001              #line 15 "C:\Users\User\Desktop\U2 STD\U2_1_2.c"
  15  0000  0FAF        	mov a,175
  15  0001  00BE        	mov [62],a
  16  0002              #line 16 "C:\Users\User\Desktop\U2 STD\U2_1_2.c"
  16  0002  1FA4        	set [36]
  16  0003  1F25        	clr [37]
  17  0004              #line 17 "C:\Users\User\Desktop\U2 STD\U2_1_2.c"
  17  0004  1F27        	clr [39]
  17  0005  1F28        	clr [40]
  18  0006              #line 18 "C:\Users\User\Desktop\U2 STD\U2_1_2.c"
  18  0006  3096        	set [22].1
  18  0007  3396        	set [22].7
  20  0008              #line 20 "C:\Users\User\Desktop\U2 STD\U2_1_2.c"
  20  0008  3316        	set [22].6
  21  0009              #line 21 "C:\Users\User\Desktop\U2 STD\U2_1_2.c"
  21  0009  B04A 0001   	lset [330].0
  22  000B              #line 22 "C:\Users\User\Desktop\U2 STD\U2_1_2.c"
  22  000B  0F0A        	mov a,10
  22  000C  00B9        	mov [57],a
  23  000D              #line 23 "C:\Users\User\Desktop\U2 STD\U2_1_2.c"
  23  000D  3090        	set [16].1
  23  000E  3110        	set [16].2
  23  000F  3010        	set [16].0
  23  0010              _L14:
  25  0010              #line 25 "C:\Users\User\Desktop\U2 STD\U2_1_2.c"
  25  0010  1F00     R  	clr _main_2[0]
  25  0011              _L12:
  26  0011              #line 26 "C:\Users\User\Desktop\U2 STD\U2_1_2.c"
  26  0011  0F00     R  	mov a,low offset _SEG_TAB
  26  0012  0300     R  	add a,_main_2[0]
  26  0013  0083        	mov mp,a
"File: U2_1_2.c      Assembler  Version HGASM0202      Page 14

  26  0014  0F00     R  	mov a,high offset _SEG_TAB
  26  0015  1F04        	clr sbp
  26  0016  1384        	adcm a,sbp
  26  0017              	fcall _Crom2Prom
  26  001E  00A7        	mov [39],a
  27  001F              #line 27 "C:\Users\User\Desktop\U2 STD\U2_1_2.c"
  27  001F  0FE8        	mov a,-24
  27  0020  0080     R  	mov _Delayms_2[0],a
  27  0021  0F03        	mov a,3
  27  0022  0080     R  	mov _Delayms_2[1],a
  27  0023              	fcall _Delayms
  25  002A              #line 25 "C:\Users\User\Desktop\U2 STD\U2_1_2.c"
  25  002A  1480     R  	inc _main_2[0]
  25  002B  0F09        	mov a,9
  25  002C  0200     R  	sub a,_main_2[0]
  25  002D  3C0A        	sz c
  25  002E  2800     R  	jmp _L12
  25  002F  2800     R  	jmp _L14
  25  0030  2800     R  	jmp $
  25  0031              _main endp
  25  0031              
  25  0031              @dummy endp
  25  0031              
  25  0031              #line 25 "C:\Users\User\Desktop\U2 STD\U2_1_2.c"
  25  0031              #pragma debug scope 1 1
  25  0031              public _SEG_TAB
  25  0000              @crom	.section 'crom'
   9  0000              #line 9 "C:\Users\User\Desktop\U2 STD\U2_1_2.c"
   9  0000              @crom	.section	'crom'
   9  0000              _SEG_TAB:
   9  0000              #pragma debug array 42 8 10 1
   9  0000              #pragma debug array 42 8 10 1
   9  0000              #pragma debug variable 42 1 _SEG_TAB "SEG_TAB"
   9  0000              	db 63
   9  0001              	db 6
   9  0001              	db 91
   9  0002              	db 79
   9  0002              	db 102
   9  0003              	db 109
   9  0003              	db 125
   9  0004              	db 7
   9  0004              	db 127
   9  0005              	db 103
   9  0005              #pragma debug struct_end
   9  0005              #pragma debug struct_end
   9  0005              #pragma debug union_end
   9  0005              #pragma debug union_end
   9  0005              #pragma debug variable 44 1 ___intc0 "__intc0" 1
   9  0005              #pragma debug struct_end
   9  0005              #pragma debug struct_end
   9  0005              #pragma debug union_end
   9  0005              #pragma debug union_end
   9  0005              #pragma debug variable 46 1 ___papu "__papu" 1
   9  0005              #pragma debug struct_end
   9  0005              #pragma debug struct_end
   9  0005              #pragma debug union_end
   9  0005              #pragma debug union_end
   9  0005              #pragma debug variable 48 1 ___pf "__pf" 1
   9  0005              #pragma debug struct_end
   9  0005              #pragma debug struct_end
"File: U2_1_2.c      Assembler  Version HGASM0202      Page 15

   9  0005              #pragma debug union_end
   9  0005              #pragma debug union_end
   9  0005              #pragma debug variable 50 1 ___pfc "__pfc" 1
   9  0005              #pragma debug struct_end
   9  0005              #pragma debug struct_end
   9  0005              #pragma debug union_end
   9  0005              #pragma debug union_end
   9  0005              #pragma debug variable 52 1 ___pg "__pg" 1
   9  0005              #pragma debug struct_end
   9  0005              #pragma debug struct_end
   9  0005              #pragma debug union_end
   9  0005              #pragma debug union_end
   9  0005              #pragma debug variable 54 1 ___pgc "__pgc" 1
   9  0005              #pragma debug struct_end
   9  0005              #pragma debug struct_end
   9  0005              #pragma debug union_end
   9  0005              #pragma debug union_end
   9  0005              #pragma debug variable 56 1 ___integ "__integ" 1
   9  0005              #pragma debug struct_end
   9  0005              #pragma debug struct_end
   9  0005              #pragma debug union_end
   9  0005              #pragma debug union_end
   9  0005              #pragma debug variable 58 1 ___wdtc "__wdtc" 1
   9  0005              #pragma debug struct_end
   9  0005              #pragma debug struct_end
   9  0005              #pragma debug union_end
   9  0005              #pragma debug union_end
   9  0005              #pragma debug variable 60 1 ___ifs2 "__ifs2" 1
   9  0005              extern r1:byte
   9  0005              extern r2:byte
   9  0005              extern r3:byte
  14  0005              #line 14 "C:\Users\User\Desktop\U2 STD\U2_1_2.c"
  14  0000              @code .section at 0 'code'
  14  0000  1F0B        	clr bp
  14  0001  2800     R  	jmp _main_startup1
  14  0002              
  14  0002              
  14  0002              ; 
  14  0002              ; Generated by holtek-gcc v3.23, Thu May 07 16:12:00 2026
  14  0002              ; Rebuild 1114
  14  0002              ; end of file


        0 Errors, 0