"File: U2_1_1.c      Assembler  Version HGASM0202      Page 1


   1  0000              ; Generated by holtek-gcc v3.23, Thu May 07 11:26:40 2026
   2  0000              ; 
   3  0000              ; Configuration:
   4  0000              ;       with long instruction
   5  0000              ;       Multi-ROM, Multi-RAM
   6  0000              ;       bits_per_rom_unit:16
   7  0000              ;       with mp1
   8  0000              ;       with tbhp, address(0x9)
   9  0000              ;          Use tabrd-const
  10  0000              ;       
  11  0000              ; SFR address of long-instruction arch:
  12  0000              ;    mp0 = -1,1,0
  13  0000              ;    mp1 = 4,3,2
  14  0000              ;    mp2 = 14,13,12
  15  0000              ;    tbp = 9,7,8
  16  0000              ;    acc = 5
  17  0000              ;    pcl = 6
  18  0000              ;    status = 10
  19  0000              ;    bp = 11
  20  0000              ;    intc = 16
  21  0000              ;       
  22  0000              ;       
  23  0000              ; use 'tabrdc' instead of 'tabrd'
  24  0000              ;       
  25  0000              
  26  0000              #pragma translator "holtek-gcc 4.6.4" "3.23" "build 20130711"
  27  0000              ; Rebuild 1114
  28  0000              
  29  0000              ir equ [2]
  30  0000              mp equ [3]
  31  0000              sbp equ [4]
  32  0000              acc equ [5]
  33  0000              bp equ [11]
  34  0000              tblp equ [7]
  35  0000              tbhp equ [9]
  36  0000              status equ [10]
  37  0000              c equ [10].0
  38  0000              ac equ [10].1
  39  0000              z equ [10].2
  40  0000              ov equ [10].3
  41  0000              cz equ [10].6
  42  0000              sc equ [10].7
  43  0000              intc equ [16]
  44  0000              mduwr0 equ [59h]
  45  0000              mduwr1 equ [5ah]
  46  0000              mduwr2 equ [5bh]
  47  0000              mduwr3 equ [5ch]
  48  0000              mduwr4 equ [5dh]
  49  0000              mduwr5 equ [5eh]
  50  0000              mduwrctrl equ [5fh]
  51  0000              
  52  0000              extern ra:byte
  53  0000              extern rb:byte
  54  0000              extern rc:byte
  55  0000              extern rd:byte
  56  0000              extern re:byte
  57  0000              extern rf:byte
  58  0000              extern rg:byte
  59  0000              extern rh:byte
"File: U2_1_1.ASM    Assembler  Version HGASM0202      Page 2

  60  0000              extern _Crom2Prom:near
  61  0000              extern _Crom2PromNext:near
  62  0000              
  63  0000              RAMBANK 0 @BITDATASEC, @BITDATASEC1
  64  0000              @HCCINIT	.section 'data'
  65  0000              @HCCINIT0	.section 'data'
  66  0000              @BITDATASEC	 .section 'data'
  67  0000              @BITDATASEC1	 .section 'data'
  68  0000              
  69  0000              #pragma debug scope 1 1
  70  0000              	extern __DELAY3:near
  71  0000              	extern __DELAYX3:near
  72  0000              	extern __DELAYX6:near
  73  0000              	extern __DELAYY5:near
  74  0000              	extern __DELAYY3:near
  75  0000              	extern _builtin_holtek_delay_2:byte
  76  0000              ___pf equ [36]
  77  0000              ___intc0 equ [16]
  78  0000              public _ISR_Int0
  79  0000              #pragma debug scope 2 1

  29  0000              #line 29 "C:\Users\User\Desktop\U2 STD\U2_1_1.c"
  29  0000              rombank 0 @ISR_Int0_code
  29  0000              @ISR_Int0_code .section at 4 'code'
  29  0000  0080     E  	mov r1,a
  29  0001  070B        	mov a,bp
  29  0002  1F0B        	clr bp
  29  0003  2800     R  	jmp _ISR_Int0
  29  0004              ROMBANK 0 _ISR_Int0
  29  0004              #pragma debug scope 1 1
  29  0004              @dummy4 endp
  29  0004              #pragma debug scope 3 1
  29  0000              _ISR_Int0 .section 'code'
  29  0000              _ISR_Int0 proc
  29  0000  0080     E  	mov r2,a
  29  0001  070A        	mov a, status
  29  0002  0080     E  	mov r3,a
  30  0003              #line 30 "C:\Users\User\Desktop\U2 STD\U2_1_1.c"
  30  0003  0724        	mov a,[36]
  30  0004  0080     E  	mov rb,a
  31  0005              #line 31 "C:\Users\User\Desktop\U2 STD\U2_1_1.c"
  31  0005  0FFE        	mov a,254
  31  0006  00A4        	mov [36],a
  31  0007  0F08        	mov a,8
  31  0008  0080     E  	mov ra,a
  31  0009              _L3:
  33  0009              #line 33 "C:\Users\User\Desktop\U2 STD\U2_1_1.c"
  33  0009              ;# 33 "C:\Users\User\Desktop\U2 STD\U2_1_1.c" 1
  33  0009              	IF 200000>263690
  33  0009              ;# 33 "C:\Users\User\Desktop\U2 STD\U2_1_1.c" 1
  33  0009              	ERRMESSAGE 'the value 200000of the argument exceeds the maxinum 263690'
  33  0009              	ENDIF
  33  0009              ;# 33 "C:\Users\User\Desktop\U2 STD\U2_1_1.c" 1
  33  0009              	IF 200000<0
  33  0009              ;# 33 "C:\Users\User\Desktop\U2 STD\U2_1_1.c" 1
  33  0009              	ERRMESSAGE 'the value 200000 of the argument exceeds the mininum 0'
  33  0009              	ENDIF
  33  0009              ;# 33 "C:\Users\User\Desktop\U2 STD\U2_1_1.c" 1
  33  0009              	IF 200000==0
  33  0009              ;# 33 "C:\Users\User\Desktop\U2 STD\U2_1_1.c" 1
"File: U2_1_1.c      Assembler  Version HGASM0202      Page 3

  33  0009              	JMP $
  33  0009              	ENDIF
  33  0009              ;# 33 "C:\Users\User\Desktop\U2 STD\U2_1_1.c" 1
  33  0009              	IF (200000>=1) AND (200000<( 4 + __PBP__ * 2))
  33  0009              ;# 33 "C:\Users\User\Desktop\U2 STD\U2_1_1.c" 1
  33  0009              	NOP
  33  0009              	ENDIF
  33  0009              ;# 33 "C:\Users\User\Desktop\U2 STD\U2_1_1.c" 1
  33  0009              	IF (200000>=2) AND (200000<( 4 + __PBP__ * 2))
  33  0009              ;# 33 "C:\Users\User\Desktop\U2 STD\U2_1_1.c" 1
  33  0009              	NOP
  33  0009              	ENDIF
  33  0009              ;# 33 "C:\Users\User\Desktop\U2 STD\U2_1_1.c" 1
  33  0009              	IF (200000>=3) AND (200000<( 4 + __PBP__ * 2))
  33  0009              ;# 33 "C:\Users\User\Desktop\U2 STD\U2_1_1.c" 1
  33  0009              	NOP
  33  0009              	ENDIF
  33  0009              ;# 33 "C:\Users\User\Desktop\U2 STD\U2_1_1.c" 1
  33  0009              	IF (200000>=4) AND (200000<( 4 + __PBP__ * 2)) AND ( __PBP__ > 0 )
  33  0009              ;# 33 "C:\Users\User\Desktop\U2 STD\U2_1_1.c" 1
  33  0009              	NOP
  33  0009              	ENDIF
  33  0009              ;# 33 "C:\Users\User\Desktop\U2 STD\U2_1_1.c" 1
  33  0009              	IF (200000>=5) AND (200000<( 4 + __PBP__ * 2)) AND ( __PBP__ > 0 )
  33  0009              ;# 33 "C:\Users\User\Desktop\U2 STD\U2_1_1.c" 1
  33  0009              	NOP
  33  0009              	ENDIF
  33  0009              ;# 33 "C:\Users\User\Desktop\U2 STD\U2_1_1.c" 1
  33  0009              	IF (200000>=6) AND (200000<( 4 + __PBP__ * 2))  AND ( __PBP__ > 1 )
  33  0009              ;# 33 "C:\Users\User\Desktop\U2 STD\U2_1_1.c" 1
  33  0009              	NOP
  33  0009              	ENDIF
  33  0009              ;# 33 "C:\Users\User\Desktop\U2 STD\U2_1_1.c" 1
  33  0009              	IF (200000>=7) AND (200000<( 4 + __PBP__ * 2))  AND ( __PBP__ > 1 )
  33  0009              ;# 33 "C:\Users\User\Desktop\U2 STD\U2_1_1.c" 1
  33  0009              	NOP
  33  0009              	ENDIF
  33  0009              ;# 33 "C:\Users\User\Desktop\U2 STD\U2_1_1.c" 1
  33  0009              	IF (200000>=8) AND (200000<( 4 + __PBP__ * 2))  AND ( __PBP__ > 2 )
  33  0009              ;# 33 "C:\Users\User\Desktop\U2 STD\U2_1_1.c" 1
  33  0009              	NOP
  33  0009              	ENDIF
  33  0009              ;# 33 "C:\Users\User\Desktop\U2 STD\U2_1_1.c" 1
  33  0009              	IF (200000==9)  AND ( __PBP__ > 2 )
  33  0009              ;# 33 "C:\Users\User\Desktop\U2 STD\U2_1_1.c" 1
  33  0009              	NOP
  33  0009              	ENDIF
  33  0009              ;# 33 "C:\Users\User\Desktop\U2 STD\U2_1_1.c" 1
  33  0009              	IF (200000< ( 8 + __PBP__ * 2)) AND (200000>( 3 + __PBP__ * 2))
  33  0009              ;# 33 "C:\Users\User\Desktop\U2 STD\U2_1_1.c" 1
  33  0009              	fcall __DELAY3 + ( 7 + __PBP__ * 2) -200000
  33  0009              	ENDIF
  33  0009              ;# 33 "C:\Users\User\Desktop\U2 STD\U2_1_1.c" 1
  33  0009              	IF (200000< ( 0404h + __PBP__ * 2)) AND (200000>( 7 + __PBP__ * 2))
  33  0009              ;# 33 "C:\Users\User\Desktop\U2 STD\U2_1_1.c" 1
  33  0009              	MOV A,(200000-( 4 + __PBP__ * 2))/4
  33  0009              ;# 33 "C:\Users\User\Desktop\U2 STD\U2_1_1.c" 1
  33  0009              	fcall __DELAYX3 + 3 -((200000-( 4 + __PBP__ * 2)) MOD 4) 
  33  0009              	ENDIF
  33  0009              ;# 33 "C:\Users\User\Desktop\U2 STD\U2_1_1.c" 1
"File: U2_1_1.c      Assembler  Version HGASM0202      Page 4

  33  0009              	IF (200000< ( 040bh + __PBP__ * 2)) AND (200000> ( 0403h + __PBP__ * 2))
  33  0009              ;# 33 "C:\Users\User\Desktop\U2 STD\U2_1_1.c" 1
  33  0009              	MOV A,0 
  33  0009              ;# 33 "C:\Users\User\Desktop\U2 STD\U2_1_1.c" 1
  33  0009              	fcall __DELAYX6 + ( 040ah + __PBP__ * 2) -200000
  33  0009              	ENDIF
  33  0009              ;# 33 "C:\Users\User\Desktop\U2 STD\U2_1_1.c" 1
  33  0009              	IF (200000 >= ( 040bh + __PBP__ * 2)) AND ((((200000-( 9 + __PBP__ * 2))%0402h)/4+1)>256)
  33  0009              ;# 33 "C:\Users\User\Desktop\U2 STD\U2_1_1.c" 1
  33  0009              	MOV A,(200000-( 9 + __PBP__ * 2))/0402h
  33  0009              ;# 33 "C:\Users\User\Desktop\U2 STD\U2_1_1.c" 1
  33  0009              	MOV _builtin_holtek_delay_2,A
  33  0009              ;# 33 "C:\Users\User\Desktop\U2 STD\U2_1_1.c" 1
  33  0009              	MOV A,0
  33  0009              ;# 33 "C:\Users\User\Desktop\U2 STD\U2_1_1.c" 1
  33  0009              	fcall __DELAYY5 +5- (((200000-( 9 + __PBP__ * 2))%0402h)%6) 
  33  0009              	ENDIF
  33  0009              ;# 33 "C:\Users\User\Desktop\U2 STD\U2_1_1.c" 1
  33  0009              	IF (200000 >= ( 040bh + __PBP__ * 2)) AND ((((200000-( 9 + __PBP__ * 2))%0402h)/4+1)<=256)
  33  0009              ;# 33 "C:\Users\User\Desktop\U2 STD\U2_1_1.c" 1
  33  0009  0FC2        	MOV A,(200000-( 9 + __PBP__ * 2))/0402h
  33  000A              ;# 33 "C:\Users\User\Desktop\U2 STD\U2_1_1.c" 1
  33  000A  0080     E  	MOV _builtin_holtek_delay_2,A
  33  000B              ;# 33 "C:\Users\User\Desktop\U2 STD\U2_1_1.c" 1
  33  000B  0FEC        	MOV A,((200000-( 9 + __PBP__ * 2))%0402h)/4+1
  33  000C              ;# 33 "C:\Users\User\Desktop\U2 STD\U2_1_1.c" 1
  33  000C              	fcall __DELAYY3 +3-(((200000-( 9 + __PBP__ * 2))%0402h)%4) 
  33  0013              	ENDIF
  34  0013              #line 34 "C:\Users\User\Desktop\U2 STD\U2_1_1.c"
  34  0013              ;# 34 "C:\Users\User\Desktop\U2 STD\U2_1_1.c" 1
  34  0013  18A4        	rl [36]
  34  0014  1780     E  	sdz ra
  34  0015  2800     R  	jmp _L3
  36  0016              #line 36 "C:\Users\User\Desktop\U2 STD\U2_1_1.c"
  36  0016  0700     E  	mov a,rb
  36  0017  00A4        	mov [36],a
  37  0018              #line 37 "C:\Users\User\Desktop\U2 STD\U2_1_1.c"
  37  0018  3610        	clr [16].4
  37  0019  0700     E  	mov a,r2
  37  001A  008B        	mov bp,a
  37  001B  0700     E  	mov a,r3
  37  001C  008A        	mov status,a
  37  001D  0700     E  	mov a,r1
  37  001E  0004        	reti
  37  001F              _ISR_Int0 endp
  37  001F              
  37  001F              #line 37 "C:\Users\User\Desktop\U2 STD\U2_1_1.c"
  37  001F              #pragma debug scope 1 1
  37  001F              public _ISR_Int1
  37  001F              #pragma debug scope 4 1
  40  001F              #line 40 "C:\Users\User\Desktop\U2 STD\U2_1_1.c"
  40  001F              rombank 0 @ISR_Int1_code
  40  0000              @ISR_Int1_code .section at 8 'code'
  40  0000  0080     E  	mov r1,a
  40  0001  070B        	mov a,bp
  40  0002  1F0B        	clr bp
  40  0003  2800     R  	jmp _ISR_Int1
  40  0004              ROMBANK 0 _ISR_Int1
  40  0004              #pragma debug scope 1 1
  40  0004              @dummy8 endp
"File: U2_1_1.c      Assembler  Version HGASM0202      Page 5

  40  0004              #pragma debug scope 5 1
  40  0000              _ISR_Int1 .section 'code'
  40  0000              _ISR_Int1 proc
  40  0000  0080     E  	mov r2,a
  40  0001  070A        	mov a, status
  40  0002  0080     E  	mov r3,a
  41  0003              #line 41 "C:\Users\User\Desktop\U2 STD\U2_1_1.c"
  41  0003  0724        	mov a,[36]
  41  0004  0080     E  	mov rb,a
  42  0005              #line 42 "C:\Users\User\Desktop\U2 STD\U2_1_1.c"
  42  0005  0F7F        	mov a,127
  42  0006  00A4        	mov [36],a
  42  0007  0F08        	mov a,8
  42  0008  0080     E  	mov ra,a
  42  0009              _L7:
  44  0009              #line 44 "C:\Users\User\Desktop\U2 STD\U2_1_1.c"
  44  0009              ;# 44 "C:\Users\User\Desktop\U2 STD\U2_1_1.c" 1
  44  0009              	IF 200000>263690
  44  0009              ;# 44 "C:\Users\User\Desktop\U2 STD\U2_1_1.c" 1
  44  0009              	ERRMESSAGE 'the value 200000of the argument exceeds the maxinum 263690'
  44  0009              	ENDIF
  44  0009              ;# 44 "C:\Users\User\Desktop\U2 STD\U2_1_1.c" 1
  44  0009              	IF 200000<0
  44  0009              ;# 44 "C:\Users\User\Desktop\U2 STD\U2_1_1.c" 1
  44  0009              	ERRMESSAGE 'the value 200000 of the argument exceeds the mininum 0'
  44  0009              	ENDIF
  44  0009              ;# 44 "C:\Users\User\Desktop\U2 STD\U2_1_1.c" 1
  44  0009              	IF 200000==0
  44  0009              ;# 44 "C:\Users\User\Desktop\U2 STD\U2_1_1.c" 1
  44  0009              	JMP $
  44  0009              	ENDIF
  44  0009              ;# 44 "C:\Users\User\Desktop\U2 STD\U2_1_1.c" 1
  44  0009              	IF (200000>=1) AND (200000<( 4 + __PBP__ * 2))
  44  0009              ;# 44 "C:\Users\User\Desktop\U2 STD\U2_1_1.c" 1
  44  0009              	NOP
  44  0009              	ENDIF
  44  0009              ;# 44 "C:\Users\User\Desktop\U2 STD\U2_1_1.c" 1
  44  0009              	IF (200000>=2) AND (200000<( 4 + __PBP__ * 2))
  44  0009              ;# 44 "C:\Users\User\Desktop\U2 STD\U2_1_1.c" 1
  44  0009              	NOP
  44  0009              	ENDIF
  44  0009              ;# 44 "C:\Users\User\Desktop\U2 STD\U2_1_1.c" 1
  44  0009              	IF (200000>=3) AND (200000<( 4 + __PBP__ * 2))
  44  0009              ;# 44 "C:\Users\User\Desktop\U2 STD\U2_1_1.c" 1
  44  0009              	NOP
  44  0009              	ENDIF
  44  0009              ;# 44 "C:\Users\User\Desktop\U2 STD\U2_1_1.c" 1
  44  0009              	IF (200000>=4) AND (200000<( 4 + __PBP__ * 2)) AND ( __PBP__ > 0 )
  44  0009              ;# 44 "C:\Users\User\Desktop\U2 STD\U2_1_1.c" 1
  44  0009              	NOP
  44  0009              	ENDIF
  44  0009              ;# 44 "C:\Users\User\Desktop\U2 STD\U2_1_1.c" 1
  44  0009              	IF (200000>=5) AND (200000<( 4 + __PBP__ * 2)) AND ( __PBP__ > 0 )
  44  0009              ;# 44 "C:\Users\User\Desktop\U2 STD\U2_1_1.c" 1
  44  0009              	NOP
  44  0009              	ENDIF
  44  0009              ;# 44 "C:\Users\User\Desktop\U2 STD\U2_1_1.c" 1
  44  0009              	IF (200000>=6) AND (200000<( 4 + __PBP__ * 2))  AND ( __PBP__ > 1 )
  44  0009              ;# 44 "C:\Users\User\Desktop\U2 STD\U2_1_1.c" 1
  44  0009              	NOP
"File: U2_1_1.c      Assembler  Version HGASM0202      Page 6

  44  0009              	ENDIF
  44  0009              ;# 44 "C:\Users\User\Desktop\U2 STD\U2_1_1.c" 1
  44  0009              	IF (200000>=7) AND (200000<( 4 + __PBP__ * 2))  AND ( __PBP__ > 1 )
  44  0009              ;# 44 "C:\Users\User\Desktop\U2 STD\U2_1_1.c" 1
  44  0009              	NOP
  44  0009              	ENDIF
  44  0009              ;# 44 "C:\Users\User\Desktop\U2 STD\U2_1_1.c" 1
  44  0009              	IF (200000>=8) AND (200000<( 4 + __PBP__ * 2))  AND ( __PBP__ > 2 )
  44  0009              ;# 44 "C:\Users\User\Desktop\U2 STD\U2_1_1.c" 1
  44  0009              	NOP
  44  0009              	ENDIF
  44  0009              ;# 44 "C:\Users\User\Desktop\U2 STD\U2_1_1.c" 1
  44  0009              	IF (200000==9)  AND ( __PBP__ > 2 )
  44  0009              ;# 44 "C:\Users\User\Desktop\U2 STD\U2_1_1.c" 1
  44  0009              	NOP
  44  0009              	ENDIF
  44  0009              ;# 44 "C:\Users\User\Desktop\U2 STD\U2_1_1.c" 1
  44  0009              	IF (200000< ( 8 + __PBP__ * 2)) AND (200000>( 3 + __PBP__ * 2))
  44  0009              ;# 44 "C:\Users\User\Desktop\U2 STD\U2_1_1.c" 1
  44  0009              	fcall __DELAY3 + ( 7 + __PBP__ * 2) -200000
  44  0009              	ENDIF
  44  0009              ;# 44 "C:\Users\User\Desktop\U2 STD\U2_1_1.c" 1
  44  0009              	IF (200000< ( 0404h + __PBP__ * 2)) AND (200000>( 7 + __PBP__ * 2))
  44  0009              ;# 44 "C:\Users\User\Desktop\U2 STD\U2_1_1.c" 1
  44  0009              	MOV A,(200000-( 4 + __PBP__ * 2))/4
  44  0009              ;# 44 "C:\Users\User\Desktop\U2 STD\U2_1_1.c" 1
  44  0009              	fcall __DELAYX3 + 3 -((200000-( 4 + __PBP__ * 2)) MOD 4) 
  44  0009              	ENDIF
  44  0009              ;# 44 "C:\Users\User\Desktop\U2 STD\U2_1_1.c" 1
  44  0009              	IF (200000< ( 040bh + __PBP__ * 2)) AND (200000> ( 0403h + __PBP__ * 2))
  44  0009              ;# 44 "C:\Users\User\Desktop\U2 STD\U2_1_1.c" 1
  44  0009              	MOV A,0 
  44  0009              ;# 44 "C:\Users\User\Desktop\U2 STD\U2_1_1.c" 1
  44  0009              	fcall __DELAYX6 + ( 040ah + __PBP__ * 2) -200000
  44  0009              	ENDIF
  44  0009              ;# 44 "C:\Users\User\Desktop\U2 STD\U2_1_1.c" 1
  44  0009              	IF (200000 >= ( 040bh + __PBP__ * 2)) AND ((((200000-( 9 + __PBP__ * 2))%0402h)/4+1)>256)
  44  0009              ;# 44 "C:\Users\User\Desktop\U2 STD\U2_1_1.c" 1
  44  0009              	MOV A,(200000-( 9 + __PBP__ * 2))/0402h
  44  0009              ;# 44 "C:\Users\User\Desktop\U2 STD\U2_1_1.c" 1
  44  0009              	MOV _builtin_holtek_delay_2,A
  44  0009              ;# 44 "C:\Users\User\Desktop\U2 STD\U2_1_1.c" 1
  44  0009              	MOV A,0
  44  0009              ;# 44 "C:\Users\User\Desktop\U2 STD\U2_1_1.c" 1
  44  0009              	fcall __DELAYY5 +5- (((200000-( 9 + __PBP__ * 2))%0402h)%6) 
  44  0009              	ENDIF
  44  0009              ;# 44 "C:\Users\User\Desktop\U2 STD\U2_1_1.c" 1
  44  0009              	IF (200000 >= ( 040bh + __PBP__ * 2)) AND ((((200000-( 9 + __PBP__ * 2))%0402h)/4+1)<=256)
  44  0009              ;# 44 "C:\Users\User\Desktop\U2 STD\U2_1_1.c" 1
  44  0009  0FC2        	MOV A,(200000-( 9 + __PBP__ * 2))/0402h
  44  000A              ;# 44 "C:\Users\User\Desktop\U2 STD\U2_1_1.c" 1
  44  000A  0080     E  	MOV _builtin_holtek_delay_2,A
  44  000B              ;# 44 "C:\Users\User\Desktop\U2 STD\U2_1_1.c" 1
  44  000B  0FEC        	MOV A,((200000-( 9 + __PBP__ * 2))%0402h)/4+1
  44  000C              ;# 44 "C:\Users\User\Desktop\U2 STD\U2_1_1.c" 1
  44  000C              	fcall __DELAYY3 +3-(((200000-( 9 + __PBP__ * 2))%0402h)%4) 
  44  0013              	ENDIF
  44  0013              ;# 44 "C:\Users\User\Desktop\U2 STD\U2_1_1.c" 1
  44  0013              	IF 200000>263690
  44  0013              ;# 44 "C:\Users\User\Desktop\U2 STD\U2_1_1.c" 1
"File: U2_1_1.c      Assembler  Version HGASM0202      Page 7

  44  0013              	ERRMESSAGE 'the value 200000of the argument exceeds the maxinum 263690'
  44  0013              	ENDIF
  44  0013              ;# 44 "C:\Users\User\Desktop\U2 STD\U2_1_1.c" 1
  44  0013              	IF 200000<0
  44  0013              ;# 44 "C:\Users\User\Desktop\U2 STD\U2_1_1.c" 1
  44  0013              	ERRMESSAGE 'the value 200000 of the argument exceeds the mininum 0'
  44  0013              	ENDIF
  44  0013              ;# 44 "C:\Users\User\Desktop\U2 STD\U2_1_1.c" 1
  44  0013              	IF 200000==0
  44  0013              ;# 44 "C:\Users\User\Desktop\U2 STD\U2_1_1.c" 1
  44  0013              	JMP $
  44  0013              	ENDIF
  44  0013              ;# 44 "C:\Users\User\Desktop\U2 STD\U2_1_1.c" 1
  44  0013              	IF (200000>=1) AND (200000<( 4 + __PBP__ * 2))
  44  0013              ;# 44 "C:\Users\User\Desktop\U2 STD\U2_1_1.c" 1
  44  0013              	NOP
  44  0013              	ENDIF
  44  0013              ;# 44 "C:\Users\User\Desktop\U2 STD\U2_1_1.c" 1
  44  0013              	IF (200000>=2) AND (200000<( 4 + __PBP__ * 2))
  44  0013              ;# 44 "C:\Users\User\Desktop\U2 STD\U2_1_1.c" 1
  44  0013              	NOP
  44  0013              	ENDIF
  44  0013              ;# 44 "C:\Users\User\Desktop\U2 STD\U2_1_1.c" 1
  44  0013              	IF (200000>=3) AND (200000<( 4 + __PBP__ * 2))
  44  0013              ;# 44 "C:\Users\User\Desktop\U2 STD\U2_1_1.c" 1
  44  0013              	NOP
  44  0013              	ENDIF
  44  0013              ;# 44 "C:\Users\User\Desktop\U2 STD\U2_1_1.c" 1
  44  0013              	IF (200000>=4) AND (200000<( 4 + __PBP__ * 2)) AND ( __PBP__ > 0 )
  44  0013              ;# 44 "C:\Users\User\Desktop\U2 STD\U2_1_1.c" 1
  44  0013              	NOP
  44  0013              	ENDIF
  44  0013              ;# 44 "C:\Users\User\Desktop\U2 STD\U2_1_1.c" 1
  44  0013              	IF (200000>=5) AND (200000<( 4 + __PBP__ * 2)) AND ( __PBP__ > 0 )
  44  0013              ;# 44 "C:\Users\User\Desktop\U2 STD\U2_1_1.c" 1
  44  0013              	NOP
  44  0013              	ENDIF
  44  0013              ;# 44 "C:\Users\User\Desktop\U2 STD\U2_1_1.c" 1
  44  0013              	IF (200000>=6) AND (200000<( 4 + __PBP__ * 2))  AND ( __PBP__ > 1 )
  44  0013              ;# 44 "C:\Users\User\Desktop\U2 STD\U2_1_1.c" 1
  44  0013              	NOP
  44  0013              	ENDIF
  44  0013              ;# 44 "C:\Users\User\Desktop\U2 STD\U2_1_1.c" 1
  44  0013              	IF (200000>=7) AND (200000<( 4 + __PBP__ * 2))  AND ( __PBP__ > 1 )
  44  0013              ;# 44 "C:\Users\User\Desktop\U2 STD\U2_1_1.c" 1
  44  0013              	NOP
  44  0013              	ENDIF
  44  0013              ;# 44 "C:\Users\User\Desktop\U2 STD\U2_1_1.c" 1
  44  0013              	IF (200000>=8) AND (200000<( 4 + __PBP__ * 2))  AND ( __PBP__ > 2 )
  44  0013              ;# 44 "C:\Users\User\Desktop\U2 STD\U2_1_1.c" 1
  44  0013              	NOP
  44  0013              	ENDIF
  44  0013              ;# 44 "C:\Users\User\Desktop\U2 STD\U2_1_1.c" 1
  44  0013              	IF (200000==9)  AND ( __PBP__ > 2 )
  44  0013              ;# 44 "C:\Users\User\Desktop\U2 STD\U2_1_1.c" 1
  44  0013              	NOP
  44  0013              	ENDIF
  44  0013              ;# 44 "C:\Users\User\Desktop\U2 STD\U2_1_1.c" 1
  44  0013              	IF (200000< ( 8 + __PBP__ * 2)) AND (200000>( 3 + __PBP__ * 2))
  44  0013              ;# 44 "C:\Users\User\Desktop\U2 STD\U2_1_1.c" 1
"File: U2_1_1.c      Assembler  Version HGASM0202      Page 8

  44  0013              	fcall __DELAY3 + ( 7 + __PBP__ * 2) -200000
  44  0013              	ENDIF
  44  0013              ;# 44 "C:\Users\User\Desktop\U2 STD\U2_1_1.c" 1
  44  0013              	IF (200000< ( 0404h + __PBP__ * 2)) AND (200000>( 7 + __PBP__ * 2))
  44  0013              ;# 44 "C:\Users\User\Desktop\U2 STD\U2_1_1.c" 1
  44  0013              	MOV A,(200000-( 4 + __PBP__ * 2))/4
  44  0013              ;# 44 "C:\Users\User\Desktop\U2 STD\U2_1_1.c" 1
  44  0013              	fcall __DELAYX3 + 3 -((200000-( 4 + __PBP__ * 2)) MOD 4) 
  44  0013              	ENDIF
  44  0013              ;# 44 "C:\Users\User\Desktop\U2 STD\U2_1_1.c" 1
  44  0013              	IF (200000< ( 040bh + __PBP__ * 2)) AND (200000> ( 0403h + __PBP__ * 2))
  44  0013              ;# 44 "C:\Users\User\Desktop\U2 STD\U2_1_1.c" 1
  44  0013              	MOV A,0 
  44  0013              ;# 44 "C:\Users\User\Desktop\U2 STD\U2_1_1.c" 1
  44  0013              	fcall __DELAYX6 + ( 040ah + __PBP__ * 2) -200000
  44  0013              	ENDIF
  44  0013              ;# 44 "C:\Users\User\Desktop\U2 STD\U2_1_1.c" 1
  44  0013              	IF (200000 >= ( 040bh + __PBP__ * 2)) AND ((((200000-( 9 + __PBP__ * 2))%0402h)/4+1)>256)
  44  0013              ;# 44 "C:\Users\User\Desktop\U2 STD\U2_1_1.c" 1
  44  0013              	MOV A,(200000-( 9 + __PBP__ * 2))/0402h
  44  0013              ;# 44 "C:\Users\User\Desktop\U2 STD\U2_1_1.c" 1
  44  0013              	MOV _builtin_holtek_delay_2,A
  44  0013              ;# 44 "C:\Users\User\Desktop\U2 STD\U2_1_1.c" 1
  44  0013              	MOV A,0
  44  0013              ;# 44 "C:\Users\User\Desktop\U2 STD\U2_1_1.c" 1
  44  0013              	fcall __DELAYY5 +5- (((200000-( 9 + __PBP__ * 2))%0402h)%6) 
  44  0013              	ENDIF
  44  0013              ;# 44 "C:\Users\User\Desktop\U2 STD\U2_1_1.c" 1
  44  0013              	IF (200000 >= ( 040bh + __PBP__ * 2)) AND ((((200000-( 9 + __PBP__ * 2))%0402h)/4+1)<=256)
  44  0013              ;# 44 "C:\Users\User\Desktop\U2 STD\U2_1_1.c" 1
  44  0013  0FC2        	MOV A,(200000-( 9 + __PBP__ * 2))/0402h
  44  0014              ;# 44 "C:\Users\User\Desktop\U2 STD\U2_1_1.c" 1
  44  0014  0080     E  	MOV _builtin_holtek_delay_2,A
  44  0015              ;# 44 "C:\Users\User\Desktop\U2 STD\U2_1_1.c" 1
  44  0015  0FEC        	MOV A,((200000-( 9 + __PBP__ * 2))%0402h)/4+1
  44  0016              ;# 44 "C:\Users\User\Desktop\U2 STD\U2_1_1.c" 1
  44  0016              	fcall __DELAYY3 +3-(((200000-( 9 + __PBP__ * 2))%0402h)%4) 
  44  001D              	ENDIF
  45  001D              #line 45 "C:\Users\User\Desktop\U2 STD\U2_1_1.c"
  45  001D              ;# 45 "C:\Users\User\Desktop\U2 STD\U2_1_1.c" 1
  45  001D  19A4        	rr [36]
  45  001E  1780     E  	sdz ra
  45  001F  2800     R  	jmp _L7
  47  0020              #line 47 "C:\Users\User\Desktop\U2 STD\U2_1_1.c"
  47  0020  0700     E  	mov a,rb
  47  0021  00A4        	mov [36],a
  48  0022              #line 48 "C:\Users\User\Desktop\U2 STD\U2_1_1.c"
  48  0022  3690        	clr [16].5
  48  0023  0700     E  	mov a,r2
  48  0024  008B        	mov bp,a
  48  0025  0700     E  	mov a,r3
  48  0026  008A        	mov status,a
  48  0027  0700     E  	mov a,r1
  48  0028  0004        	reti
  48  0029              _ISR_Int1 endp
  48  0029              
  48  0029              #line 48 "C:\Users\User\Desktop\U2 STD\U2_1_1.c"
  48  0029              #pragma debug scope 1 1
  48  0029              public _Delayms
  48  0029              #pragma debug scope 6 1
"File: U2_1_1.c      Assembler  Version HGASM0202      Page 9

  51  0029              #line 51 "C:\Users\User\Desktop\U2 STD\U2_1_1.c"
  51  0000              _Delayms .section 'code'
  51  0000              _Delayms proc
  51  0000              public _Delayms_2
  51  0000  0002[           local _Delayms_2 db 2 dup(?)	; 2,0
            00
            ]
  51  0002              #pragma debug variable 10 6 _Delayms_2+0 "del"
  52  0002              #line 52 "C:\Users\User\Desktop\U2 STD\U2_1_1.c"
  52  0000  1F00     E  	clr rb
  52  0001  1F00     E  	clr rc
  52  0002  2800     R  	jmp _L9
  52  0003              _L10:
  52  0003              #line 52 "C:\Users\User\Desktop\U2 STD\U2_1_1.c"
  52  0003              ;# 52 "C:\Users\User\Desktop\U2 STD\U2_1_1.c" 1
  52  0003              	IF 2000>263690
  52  0003              ;# 52 "C:\Users\User\Desktop\U2 STD\U2_1_1.c" 1
  52  0003              	ERRMESSAGE 'the value 2000of the argument exceeds the maxinum 263690'
  52  0003              	ENDIF
  52  0003              ;# 52 "C:\Users\User\Desktop\U2 STD\U2_1_1.c" 1
  52  0003              	IF 2000<0
  52  0003              ;# 52 "C:\Users\User\Desktop\U2 STD\U2_1_1.c" 1
  52  0003              	ERRMESSAGE 'the value 2000 of the argument exceeds the mininum 0'
  52  0003              	ENDIF
  52  0003              ;# 52 "C:\Users\User\Desktop\U2 STD\U2_1_1.c" 1
  52  0003              	IF 2000==0
  52  0003              ;# 52 "C:\Users\User\Desktop\U2 STD\U2_1_1.c" 1
  52  0003              	JMP $
  52  0003              	ENDIF
  52  0003              ;# 52 "C:\Users\User\Desktop\U2 STD\U2_1_1.c" 1
  52  0003              	IF (2000>=1) AND (2000<( 4 + __PBP__ * 2))
  52  0003              ;# 52 "C:\Users\User\Desktop\U2 STD\U2_1_1.c" 1
  52  0003              	NOP
  52  0003              	ENDIF
  52  0003              ;# 52 "C:\Users\User\Desktop\U2 STD\U2_1_1.c" 1
  52  0003              	IF (2000>=2) AND (2000<( 4 + __PBP__ * 2))
  52  0003              ;# 52 "C:\Users\User\Desktop\U2 STD\U2_1_1.c" 1
  52  0003              	NOP
  52  0003              	ENDIF
  52  0003              ;# 52 "C:\Users\User\Desktop\U2 STD\U2_1_1.c" 1
  52  0003              	IF (2000>=3) AND (2000<( 4 + __PBP__ * 2))
  52  0003              ;# 52 "C:\Users\User\Desktop\U2 STD\U2_1_1.c" 1
  52  0003              	NOP
  52  0003              	ENDIF
  52  0003              ;# 52 "C:\Users\User\Desktop\U2 STD\U2_1_1.c" 1
  52  0003              	IF (2000>=4) AND (2000<( 4 + __PBP__ * 2)) AND ( __PBP__ > 0 )
  52  0003              ;# 52 "C:\Users\User\Desktop\U2 STD\U2_1_1.c" 1
  52  0003              	NOP
  52  0003              	ENDIF
  52  0003              ;# 52 "C:\Users\User\Desktop\U2 STD\U2_1_1.c" 1
  52  0003              	IF (2000>=5) AND (2000<( 4 + __PBP__ * 2)) AND ( __PBP__ > 0 )
  52  0003              ;# 52 "C:\Users\User\Desktop\U2 STD\U2_1_1.c" 1
  52  0003              	NOP
  52  0003              	ENDIF
  52  0003              ;# 52 "C:\Users\User\Desktop\U2 STD\U2_1_1.c" 1
  52  0003              	IF (2000>=6) AND (2000<( 4 + __PBP__ * 2))  AND ( __PBP__ > 1 )
  52  0003              ;# 52 "C:\Users\User\Desktop\U2 STD\U2_1_1.c" 1
  52  0003              	NOP
  52  0003              	ENDIF
  52  0003              ;# 52 "C:\Users\User\Desktop\U2 STD\U2_1_1.c" 1
"File: U2_1_1.c      Assembler  Version HGASM0202      Page 10

  52  0003              	IF (2000>=7) AND (2000<( 4 + __PBP__ * 2))  AND ( __PBP__ > 1 )
  52  0003              ;# 52 "C:\Users\User\Desktop\U2 STD\U2_1_1.c" 1
  52  0003              	NOP
  52  0003              	ENDIF
  52  0003              ;# 52 "C:\Users\User\Desktop\U2 STD\U2_1_1.c" 1
  52  0003              	IF (2000>=8) AND (2000<( 4 + __PBP__ * 2))  AND ( __PBP__ > 2 )
  52  0003              ;# 52 "C:\Users\User\Desktop\U2 STD\U2_1_1.c" 1
  52  0003              	NOP
  52  0003              	ENDIF
  52  0003              ;# 52 "C:\Users\User\Desktop\U2 STD\U2_1_1.c" 1
  52  0003              	IF (2000==9)  AND ( __PBP__ > 2 )
  52  0003              ;# 52 "C:\Users\User\Desktop\U2 STD\U2_1_1.c" 1
  52  0003              	NOP
  52  0003              	ENDIF
  52  0003              ;# 52 "C:\Users\User\Desktop\U2 STD\U2_1_1.c" 1
  52  0003              	IF (2000< ( 8 + __PBP__ * 2)) AND (2000>( 3 + __PBP__ * 2))
  52  0003              ;# 52 "C:\Users\User\Desktop\U2 STD\U2_1_1.c" 1
  52  0003              	fcall __DELAY3 + ( 7 + __PBP__ * 2) -2000
  52  0003              	ENDIF
  52  0003              ;# 52 "C:\Users\User\Desktop\U2 STD\U2_1_1.c" 1
  52  0003              	IF (2000< ( 0404h + __PBP__ * 2)) AND (2000>( 7 + __PBP__ * 2))
  52  0003              ;# 52 "C:\Users\User\Desktop\U2 STD\U2_1_1.c" 1
  52  0003              	MOV A,(2000-( 4 + __PBP__ * 2))/4
  52  0003              ;# 52 "C:\Users\User\Desktop\U2 STD\U2_1_1.c" 1
  52  0003              	fcall __DELAYX3 + 3 -((2000-( 4 + __PBP__ * 2)) MOD 4) 
  52  0003              	ENDIF
  52  0003              ;# 52 "C:\Users\User\Desktop\U2 STD\U2_1_1.c" 1
  52  0003              	IF (2000< ( 040bh + __PBP__ * 2)) AND (2000> ( 0403h + __PBP__ * 2))
  52  0003              ;# 52 "C:\Users\User\Desktop\U2 STD\U2_1_1.c" 1
  52  0003              	MOV A,0 
  52  0003              ;# 52 "C:\Users\User\Desktop\U2 STD\U2_1_1.c" 1
  52  0003              	fcall __DELAYX6 + ( 040ah + __PBP__ * 2) -2000
  52  0003              	ENDIF
  52  0003              ;# 52 "C:\Users\User\Desktop\U2 STD\U2_1_1.c" 1
  52  0003              	IF (2000 >= ( 040bh + __PBP__ * 2)) AND ((((2000-( 9 + __PBP__ * 2))%0402h)/4+1)>256)
  52  0003              ;# 52 "C:\Users\User\Desktop\U2 STD\U2_1_1.c" 1
  52  0003              	MOV A,(2000-( 9 + __PBP__ * 2))/0402h
  52  0003              ;# 52 "C:\Users\User\Desktop\U2 STD\U2_1_1.c" 1
  52  0003              	MOV _builtin_holtek_delay_2,A
  52  0003              ;# 52 "C:\Users\User\Desktop\U2 STD\U2_1_1.c" 1
  52  0003              	MOV A,0
  52  0003              ;# 52 "C:\Users\User\Desktop\U2 STD\U2_1_1.c" 1
  52  0003              	fcall __DELAYY5 +5- (((2000-( 9 + __PBP__ * 2))%0402h)%6) 
  52  0003              	ENDIF
  52  0003              ;# 52 "C:\Users\User\Desktop\U2 STD\U2_1_1.c" 1
  52  0003              	IF (2000 >= ( 040bh + __PBP__ * 2)) AND ((((2000-( 9 + __PBP__ * 2))%0402h)/4+1)<=256)
  52  0003              ;# 52 "C:\Users\User\Desktop\U2 STD\U2_1_1.c" 1
  52  0003  0F01        	MOV A,(2000-( 9 + __PBP__ * 2))/0402h
  52  0004              ;# 52 "C:\Users\User\Desktop\U2 STD\U2_1_1.c" 1
  52  0004  0080     E  	MOV _builtin_holtek_delay_2,A
  52  0005              ;# 52 "C:\Users\User\Desktop\U2 STD\U2_1_1.c" 1
  52  0005  0FF0        	MOV A,((2000-( 9 + __PBP__ * 2))%0402h)/4+1
  52  0006              ;# 52 "C:\Users\User\Desktop\U2 STD\U2_1_1.c" 1
  52  0006              	fcall __DELAYY3 +3-(((2000-( 9 + __PBP__ * 2))%0402h)%4) 
  52  000D              	ENDIF
  52  000D  1480     E  	inc rb
  52  000E  3D0A        	sz z
  52  000F  1480     E  	inc rc
  52  0010              _L9:
  52  0010  0700     E  	mov a,rb
"File: U2_1_1.c      Assembler  Version HGASM0202      Page 11

  52  0011  0200     R  	sub a,_Delayms_2[0]
  52  0012  0700     E  	mov a,rc
  52  0013  1200     R  	sbc a,_Delayms_2[1]
  52  0014  3B0A        	snz cz
  52  0015  2800     R  	jmp _L10
  52  0016  0003        	ret
  52  0017              _Delayms endp
  52  0017              #line 52 "C:\Users\User\Desktop\U2 STD\U2_1_1.c"
  52  0017              #pragma debug scope 1 1
  52  0017              ___wdtc equ [62]
  52  0017              ___pfc equ [37]
  52  0017              ___pg equ [39]
  52  0017              ___pgc equ [40]
  52  0017              ___papu equ [22]
  52  0017              ___ifs2 equ [330]
  52  0017              ___integ equ [57]
  52  0017              public _main
  52  0017              #pragma debug scope 7 1
  14  0017              #line 14 "C:\Users\User\Desktop\U2 STD\U2_1_1.c"
  14  0017              IFDEF WITH_DEFAULT_STARTUP
  14  0017              extern _main_initial0:near
  14  0017              extern _main_startup:near
  14  0017              ENDIF
  14  0017              
  14  0017              ROMBANK 0 @start
  14  0000              @start .section com_l 'code'
  14  0000              _main_startup1:
  14  0000              @start .section com_e 'code'
  14  0000  0F00     R  	mov a,bank _main
  14  0001  008B        	mov bp,a
  14  0002  2800     R  	jmp _main
  14  0003              
  14  0000              _main .section 'code'
  14  0000              _main proc
  15  0000              #line 15 "C:\Users\User\Desktop\U2 STD\U2_1_1.c"
  15  0000  0FAF        	mov a,175
  15  0001  00BE        	mov [62],a
  16  0002              #line 16 "C:\Users\User\Desktop\U2 STD\U2_1_1.c"
  16  0002  1FA4        	set [36]
  16  0003  1F25        	clr [37]
  17  0004              #line 17 "C:\Users\User\Desktop\U2 STD\U2_1_1.c"
  17  0004  1F27        	clr [39]
  17  0005  1F28        	clr [40]
  18  0006              #line 18 "C:\Users\User\Desktop\U2 STD\U2_1_1.c"
  18  0006  3096        	set [22].1
  18  0007  3396        	set [22].7
  19  0008              #line 19 "C:\Users\User\Desktop\U2 STD\U2_1_1.c"
  19  0008  B0CA 0001   	lset [330].1
  20  000A              #line 20 "C:\Users\User\Desktop\U2 STD\U2_1_1.c"
  20  000A  0F0A        	mov a,10
  20  000B  00B9        	mov [57],a
  21  000C              #line 21 "C:\Users\User\Desktop\U2 STD\U2_1_1.c"
  21  000C  3090        	set [16].1
  21  000D  3110        	set [16].2
  21  000E  3010        	set [16].0
  21  000F              _L12:
  23  000F              #line 23 "C:\Users\User\Desktop\U2 STD\U2_1_1.c"
  23  000F  0F00     R  	mov a,low offset _SEG_TAB
  23  0010  0083        	mov mp,a
  23  0011  0F00     R  	mov a,high offset _SEG_TAB
"File: U2_1_1.c      Assembler  Version HGASM0202      Page 12

  23  0012  0084        	mov sbp,a
  23  0013              	fcall _Crom2Prom
  23  001A  00A7        	mov [39],a
  24  001B              #line 24 "C:\Users\User\Desktop\U2 STD\U2_1_1.c"
  24  001B  0FE8        	mov a,-24
  24  001C  0080     R  	mov _Delayms_2[0],a
  24  001D  0F03        	mov a,3
  24  001E  0080     R  	mov _Delayms_2[1],a
  24  001F              	fcall _Delayms
  24  0026  2800     R  	jmp _L12
  24  0027  2800     R  	jmp $
  24  0028              _main endp
  24  0028              
  24  0028              @dummy endp
  24  0028              
  24  0028              #line 24 "C:\Users\User\Desktop\U2 STD\U2_1_1.c"
  24  0028              #pragma debug scope 1 1
  24  0028              public _SEG_TAB
  24  0000              @crom	.section 'crom'
   9  0000              #line 9 "C:\Users\User\Desktop\U2 STD\U2_1_1.c"
   9  0000              @crom	.section	'crom'
   9  0000              _SEG_TAB:
   9  0000              #pragma debug array 42 8 10 1
   9  0000              #pragma debug array 42 8 10 1
   9  0000              #pragma debug variable 42 1 _SEG_TAB "SEG_TAB"
   9  0000              	db 63
   9  0001              	db 6
   9  0001              	db 91
   9  0002              	db 79
   9  0002              	db 102
   9  0003              	db 109
   9  0003              	db 125
   9  0004              	db 7
   9  0004              	db 127
   9  0005              	db 103
   9  0005              #pragma debug struct_end
   9  0005              #pragma debug struct_end
   9  0005              #pragma debug union_end
   9  0005              #pragma debug union_end
   9  0005              #pragma debug variable 44 1 ___intc0 "__intc0" 1
   9  0005              #pragma debug struct_end
   9  0005              #pragma debug struct_end
   9  0005              #pragma debug union_end
   9  0005              #pragma debug union_end
   9  0005              #pragma debug variable 46 1 ___papu "__papu" 1
   9  0005              #pragma debug struct_end
   9  0005              #pragma debug struct_end
   9  0005              #pragma debug union_end
   9  0005              #pragma debug union_end
   9  0005              #pragma debug variable 48 1 ___pf "__pf" 1
   9  0005              #pragma debug struct_end
   9  0005              #pragma debug struct_end
   9  0005              #pragma debug union_end
   9  0005              #pragma debug union_end
   9  0005              #pragma debug variable 50 1 ___pfc "__pfc" 1
   9  0005              #pragma debug struct_end
   9  0005              #pragma debug struct_end
   9  0005              #pragma debug union_end
   9  0005              #pragma debug union_end
   9  0005              #pragma debug variable 52 1 ___pg "__pg" 1
"File: U2_1_1.c      Assembler  Version HGASM0202      Page 13

   9  0005              #pragma debug struct_end
   9  0005              #pragma debug struct_end
   9  0005              #pragma debug union_end
   9  0005              #pragma debug union_end
   9  0005              #pragma debug variable 54 1 ___pgc "__pgc" 1
   9  0005              #pragma debug struct_end
   9  0005              #pragma debug struct_end
   9  0005              #pragma debug union_end
   9  0005              #pragma debug union_end
   9  0005              #pragma debug variable 56 1 ___integ "__integ" 1
   9  0005              #pragma debug struct_end
   9  0005              #pragma debug struct_end
   9  0005              #pragma debug union_end
   9  0005              #pragma debug union_end
   9  0005              #pragma debug variable 58 1 ___wdtc "__wdtc" 1
   9  0005              #pragma debug struct_end
   9  0005              #pragma debug struct_end
   9  0005              #pragma debug union_end
   9  0005              #pragma debug union_end
   9  0005              #pragma debug variable 60 1 ___ifs2 "__ifs2" 1
   9  0005              extern r1:byte
   9  0005              extern r2:byte
   9  0005              extern r3:byte
  14  0005              #line 14 "C:\Users\User\Desktop\U2 STD\U2_1_1.c"
  14  0000              @code .section at 0 'code'
  14  0000  1F0B        	clr bp
  14  0001  2800     R  	jmp _main_startup1
  14  0002              
  14  0002              
  14  0002              ; 
  14  0002              ; Generated by holtek-gcc v3.23, Thu May 07 11:26:40 2026
  14  0002              ; Rebuild 1114
  14  0002              ; end of file


        0 Errors, 0