"File: U2_2_1.c      Assembler  Version HGASM0202      Page 1


   1  0000              ; Generated by holtek-gcc v3.23, Thu May 07 11:36:15 2026
   2  0000              ; 
   3  0000              ; Configuration:
   4  0000              ;       with long instruction
   5  0000              ;       Multi-ROM, Multi-RAM
   6  0000              ;       bits_per_rom_unit:16
   7  0000              ;       with mp1
   8  0000              ;       with tbhp, address(0x9)
   9  0000              ;          Use tabrd-const
  10  0000              ;       
  11  0000              ; SFR address of long-instruction arch:
  12  0000              ;    mp0 = -1,1,0
  13  0000              ;    mp1 = 4,3,2
  14  0000              ;    mp2 = 14,13,12
  15  0000              ;    tbp = 9,7,8
  16  0000              ;    acc = 5
  17  0000              ;    pcl = 6
  18  0000              ;    status = 10
  19  0000              ;    bp = 11
  20  0000              ;    intc = 16
  21  0000              ;       
  22  0000              ;       
  23  0000              ; use 'tabrdc' instead of 'tabrd'
  24  0000              ;       
  25  0000              
  26  0000              #pragma translator "holtek-gcc 4.6.4" "3.23" "build 20130711"
  27  0000              ; Rebuild 1114
  28  0000              
  29  0000              ir equ [2]
  30  0000              mp equ [3]
  31  0000              sbp equ [4]
  32  0000              acc equ [5]
  33  0000              bp equ [11]
  34  0000              tblp equ [7]
  35  0000              tbhp equ [9]
  36  0000              status equ [10]
  37  0000              c equ [10].0
  38  0000              ac equ [10].1
  39  0000              z equ [10].2
  40  0000              ov equ [10].3
  41  0000              cz equ [10].6
  42  0000              sc equ [10].7
  43  0000              intc equ [16]
  44  0000              mduwr0 equ [59h]
  45  0000              mduwr1 equ [5ah]
  46  0000              mduwr2 equ [5bh]
  47  0000              mduwr3 equ [5ch]
  48  0000              mduwr4 equ [5dh]
  49  0000              mduwr5 equ [5eh]
  50  0000              mduwrctrl equ [5fh]
  51  0000              
  52  0000              extern ra:byte
  53  0000              extern rb:byte
  54  0000              extern rc:byte
  55  0000              extern rd:byte
  56  0000              extern re:byte
  57  0000              extern rf:byte
  58  0000              extern rg:byte
  59  0000              extern rh:byte
"File: U2_2_1.ASM    Assembler  Version HGASM0202      Page 2

  60  0000              extern _Crom2Prom:near
  61  0000              extern _Crom2PromNext:near
  62  0000              
  63  0000              RAMBANK 0 @BITDATASEC, @BITDATASEC1
  64  0000              @HCCINIT	.section 'data'
  65  0000              @HCCINIT0	.section 'data'
  66  0000              @BITDATASEC	 .section 'data'
  67  0000              @BITDATASEC1	 .section 'data'
  68  0000              
  69  0000              #pragma debug scope 1 1
  70  0000              	extern __DELAY3:near
  71  0000              	extern __DELAYX3:near
  72  0000              	extern __DELAYX6:near
  73  0000              	extern __DELAYY5:near
  74  0000              	extern __DELAYY3:near
  75  0000              	extern _builtin_holtek_delay_2:byte
  76  0000              public _Delayms
  77  0000              #pragma debug scope 2 1

  34  0000              #line 34 "C:\Users\User\Desktop\U2 STD\U2_2_1.c"
  34  0000              _Delayms .section 'code'
  34  0000              _Delayms proc
  34  0000              public _Delayms_2
  34  0000  0002[           local _Delayms_2 db 2 dup(?)	; 2,0
            00
            ]
  34  0002              #pragma debug variable 10 2 _Delayms_2+0 "del"
  37  0002              #line 37 "C:\Users\User\Desktop\U2 STD\U2_2_1.c"
  37  0000  1F00     E  	clr rb
  37  0001  1F00     E  	clr rc
  37  0002  2800     R  	jmp _L2
  37  0003              _L3:
  39  0003              #line 39 "C:\Users\User\Desktop\U2 STD\U2_2_1.c"
  39  0003              ;# 39 "C:\Users\User\Desktop\U2 STD\U2_2_1.c" 1
  39  0003              	IF 2000>263690
  39  0003              ;# 39 "C:\Users\User\Desktop\U2 STD\U2_2_1.c" 1
  39  0003              	ERRMESSAGE 'the value 2000of the argument exceeds the maxinum 263690'
  39  0003              	ENDIF
  39  0003              ;# 39 "C:\Users\User\Desktop\U2 STD\U2_2_1.c" 1
  39  0003              	IF 2000<0
  39  0003              ;# 39 "C:\Users\User\Desktop\U2 STD\U2_2_1.c" 1
  39  0003              	ERRMESSAGE 'the value 2000 of the argument exceeds the mininum 0'
  39  0003              	ENDIF
  39  0003              ;# 39 "C:\Users\User\Desktop\U2 STD\U2_2_1.c" 1
  39  0003              	IF 2000==0
  39  0003              ;# 39 "C:\Users\User\Desktop\U2 STD\U2_2_1.c" 1
  39  0003              	JMP $
  39  0003              	ENDIF
  39  0003              ;# 39 "C:\Users\User\Desktop\U2 STD\U2_2_1.c" 1
  39  0003              	IF (2000>=1) AND (2000<( 4 + __PBP__ * 2))
  39  0003              ;# 39 "C:\Users\User\Desktop\U2 STD\U2_2_1.c" 1
  39  0003              	NOP
  39  0003              	ENDIF
  39  0003              ;# 39 "C:\Users\User\Desktop\U2 STD\U2_2_1.c" 1
  39  0003              	IF (2000>=2) AND (2000<( 4 + __PBP__ * 2))
  39  0003              ;# 39 "C:\Users\User\Desktop\U2 STD\U2_2_1.c" 1
  39  0003              	NOP
  39  0003              	ENDIF
  39  0003              ;# 39 "C:\Users\User\Desktop\U2 STD\U2_2_1.c" 1
  39  0003              	IF (2000>=3) AND (2000<( 4 + __PBP__ * 2))
"File: U2_2_1.c      Assembler  Version HGASM0202      Page 3

  39  0003              ;# 39 "C:\Users\User\Desktop\U2 STD\U2_2_1.c" 1
  39  0003              	NOP
  39  0003              	ENDIF
  39  0003              ;# 39 "C:\Users\User\Desktop\U2 STD\U2_2_1.c" 1
  39  0003              	IF (2000>=4) AND (2000<( 4 + __PBP__ * 2)) AND ( __PBP__ > 0 )
  39  0003              ;# 39 "C:\Users\User\Desktop\U2 STD\U2_2_1.c" 1
  39  0003              	NOP
  39  0003              	ENDIF
  39  0003              ;# 39 "C:\Users\User\Desktop\U2 STD\U2_2_1.c" 1
  39  0003              	IF (2000>=5) AND (2000<( 4 + __PBP__ * 2)) AND ( __PBP__ > 0 )
  39  0003              ;# 39 "C:\Users\User\Desktop\U2 STD\U2_2_1.c" 1
  39  0003              	NOP
  39  0003              	ENDIF
  39  0003              ;# 39 "C:\Users\User\Desktop\U2 STD\U2_2_1.c" 1
  39  0003              	IF (2000>=6) AND (2000<( 4 + __PBP__ * 2))  AND ( __PBP__ > 1 )
  39  0003              ;# 39 "C:\Users\User\Desktop\U2 STD\U2_2_1.c" 1
  39  0003              	NOP
  39  0003              	ENDIF
  39  0003              ;# 39 "C:\Users\User\Desktop\U2 STD\U2_2_1.c" 1
  39  0003              	IF (2000>=7) AND (2000<( 4 + __PBP__ * 2))  AND ( __PBP__ > 1 )
  39  0003              ;# 39 "C:\Users\User\Desktop\U2 STD\U2_2_1.c" 1
  39  0003              	NOP
  39  0003              	ENDIF
  39  0003              ;# 39 "C:\Users\User\Desktop\U2 STD\U2_2_1.c" 1
  39  0003              	IF (2000>=8) AND (2000<( 4 + __PBP__ * 2))  AND ( __PBP__ > 2 )
  39  0003              ;# 39 "C:\Users\User\Desktop\U2 STD\U2_2_1.c" 1
  39  0003              	NOP
  39  0003              	ENDIF
  39  0003              ;# 39 "C:\Users\User\Desktop\U2 STD\U2_2_1.c" 1
  39  0003              	IF (2000==9)  AND ( __PBP__ > 2 )
  39  0003              ;# 39 "C:\Users\User\Desktop\U2 STD\U2_2_1.c" 1
  39  0003              	NOP
  39  0003              	ENDIF
  39  0003              ;# 39 "C:\Users\User\Desktop\U2 STD\U2_2_1.c" 1
  39  0003              	IF (2000< ( 8 + __PBP__ * 2)) AND (2000>( 3 + __PBP__ * 2))
  39  0003              ;# 39 "C:\Users\User\Desktop\U2 STD\U2_2_1.c" 1
  39  0003              	fcall __DELAY3 + ( 7 + __PBP__ * 2) -2000
  39  0003              	ENDIF
  39  0003              ;# 39 "C:\Users\User\Desktop\U2 STD\U2_2_1.c" 1
  39  0003              	IF (2000< ( 0404h + __PBP__ * 2)) AND (2000>( 7 + __PBP__ * 2))
  39  0003              ;# 39 "C:\Users\User\Desktop\U2 STD\U2_2_1.c" 1
  39  0003              	MOV A,(2000-( 4 + __PBP__ * 2))/4
  39  0003              ;# 39 "C:\Users\User\Desktop\U2 STD\U2_2_1.c" 1
  39  0003              	fcall __DELAYX3 + 3 -((2000-( 4 + __PBP__ * 2)) MOD 4) 
  39  0003              	ENDIF
  39  0003              ;# 39 "C:\Users\User\Desktop\U2 STD\U2_2_1.c" 1
  39  0003              	IF (2000< ( 040bh + __PBP__ * 2)) AND (2000> ( 0403h + __PBP__ * 2))
  39  0003              ;# 39 "C:\Users\User\Desktop\U2 STD\U2_2_1.c" 1
  39  0003              	MOV A,0 
  39  0003              ;# 39 "C:\Users\User\Desktop\U2 STD\U2_2_1.c" 1
  39  0003              	fcall __DELAYX6 + ( 040ah + __PBP__ * 2) -2000
  39  0003              	ENDIF
  39  0003              ;# 39 "C:\Users\User\Desktop\U2 STD\U2_2_1.c" 1
  39  0003              	IF (2000 >= ( 040bh + __PBP__ * 2)) AND ((((2000-( 9 + __PBP__ * 2))%0402h)/4+1)>256)
  39  0003              ;# 39 "C:\Users\User\Desktop\U2 STD\U2_2_1.c" 1
  39  0003              	MOV A,(2000-( 9 + __PBP__ * 2))/0402h
  39  0003              ;# 39 "C:\Users\User\Desktop\U2 STD\U2_2_1.c" 1
  39  0003              	MOV _builtin_holtek_delay_2,A
  39  0003              ;# 39 "C:\Users\User\Desktop\U2 STD\U2_2_1.c" 1
  39  0003              	MOV A,0
"File: U2_2_1.c      Assembler  Version HGASM0202      Page 4

  39  0003              ;# 39 "C:\Users\User\Desktop\U2 STD\U2_2_1.c" 1
  39  0003              	fcall __DELAYY5 +5- (((2000-( 9 + __PBP__ * 2))%0402h)%6) 
  39  0003              	ENDIF
  39  0003              ;# 39 "C:\Users\User\Desktop\U2 STD\U2_2_1.c" 1
  39  0003              	IF (2000 >= ( 040bh + __PBP__ * 2)) AND ((((2000-( 9 + __PBP__ * 2))%0402h)/4+1)<=256)
  39  0003              ;# 39 "C:\Users\User\Desktop\U2 STD\U2_2_1.c" 1
  39  0003  0F01        	MOV A,(2000-( 9 + __PBP__ * 2))/0402h
  39  0004              ;# 39 "C:\Users\User\Desktop\U2 STD\U2_2_1.c" 1
  39  0004  0080     E  	MOV _builtin_holtek_delay_2,A
  39  0005              ;# 39 "C:\Users\User\Desktop\U2 STD\U2_2_1.c" 1
  39  0005  0FF0        	MOV A,((2000-( 9 + __PBP__ * 2))%0402h)/4+1
  39  0006              ;# 39 "C:\Users\User\Desktop\U2 STD\U2_2_1.c" 1
  39  0006              	fcall __DELAYY3 +3-(((2000-( 9 + __PBP__ * 2))%0402h)%4) 
  39  000D              	ENDIF
  44  000D              #line 44 "C:\Users\User\Desktop\U2 STD\U2_2_1.c"
  44  000D              ;# 44 "C:\Users\User\Desktop\U2 STD\U2_2_1.c" 1
  44  000D  0001        	clr wdt
  37  000E              #line 37 "C:\Users\User\Desktop\U2 STD\U2_2_1.c"
  37  000E  1480     E  	inc rb
  37  000F  3D0A        	sz z
  37  0010  1480     E  	inc rc
  37  0011              _L2:
  37  0011  0700     E  	mov a,rb
  37  0012  0200     R  	sub a,_Delayms_2[0]
  37  0013  0700     E  	mov a,rc
  37  0014  1200     R  	sbc a,_Delayms_2[1]
  37  0015  3B0A        	snz cz
  37  0016  2800     R  	jmp _L3
  37  0017  0003        	ret
  37  0018              _Delayms endp
  37  0018              #line 37 "C:\Users\User\Desktop\U2 STD\U2_2_1.c"
  37  0018              #pragma debug scope 1 1
  37  0018              ___wdtc equ [62]
  37  0018              ___pgc equ [40]
  37  0018              ___pg equ [39]
  37  0018              public _main
  37  0018              #pragma debug scope 3 1
  12  0018              #line 12 "C:\Users\User\Desktop\U2 STD\U2_2_1.c"
  12  0018              IFDEF WITH_DEFAULT_STARTUP
  12  0018              extern _main_initial0:near
  12  0018              extern _main_startup:near
  12  0018              ENDIF
  12  0018              
  12  0018              ROMBANK 0 @start
  12  0000              @start .section com_l 'code'
  12  0000              _main_startup1:
  12  0000              @start .section com_e 'code'
  12  0000  0F00     R  	mov a,bank _main
  12  0001  008B        	mov bp,a
  12  0002  2800     R  	jmp _main
  12  0003              
  12  0000              _main .section 'code'
  12  0000              _main proc
  12  0000  0002[           local _main_2 db 2 dup(?)
            00
            ]
  12  0002              #pragma debug variable 8 3 _main_2+1 "i"
  14  0002              #line 14 "C:\Users\User\Desktop\U2 STD\U2_2_1.c"
  14  0000  0F50        	mov a,80
  14  0001  00BE        	mov [62],a
"File: U2_2_1.c      Assembler  Version HGASM0202      Page 5

  15  0002              #line 15 "C:\Users\User\Desktop\U2 STD\U2_2_1.c"
  15  0002  1F28        	clr [40]
  15  0003  0F0A        	mov a,10
  15  0004  0080     R  	mov _main_2[0],a
  16  0005              #line 16 "C:\Users\User\Desktop\U2 STD\U2_2_1.c"
  16  0005  1F00     R  	clr _main_2[1]
  16  0006              _L7:
  17  0006              #line 17 "C:\Users\User\Desktop\U2 STD\U2_2_1.c"
  17  0006  0F00     R  	mov a,low offset _SEG_TAB
  17  0007  0300     R  	add a,_main_2[1]
  17  0008  0083        	mov mp,a
  17  0009  0F00     R  	mov a,high offset _SEG_TAB
  17  000A  1F04        	clr sbp
  17  000B  1384        	adcm a,sbp
  17  000C              	fcall _Crom2Prom
  17  0013  00A7        	mov [39],a
  17  0014  0FFA        	mov a,-6
  17  0015  0080     R  	mov _Delayms_2[0],a
  17  0016  1F00     R  	clr _Delayms_2[1]
  17  0017              	fcall _Delayms
  16  001E              #line 16 "C:\Users\User\Desktop\U2 STD\U2_2_1.c"
  16  001E  1480     R  	inc _main_2[1]
  16  001F  1780     R  	sdz _main_2[0]
  16  0020  2800     R  	jmp _L7
  19  0021              #line 19 "C:\Users\User\Desktop\U2 STD\U2_2_1.c"
  19  0021  1F27        	clr [39]
  19  0022              _L8:
  19  0022  2800     R  	jmp _L8
  19  0023  2800     R  	jmp $
  19  0024              _main endp
  19  0024              
  19  0024              @dummy endp
  19  0024              
  19  0024              #line 19 "C:\Users\User\Desktop\U2 STD\U2_2_1.c"
  19  0024              #pragma debug scope 1 1
  19  0024              public _SEG_TAB
  19  0000              @crom	.section 'crom'
   7  0000              #line 7 "C:\Users\User\Desktop\U2 STD\U2_2_1.c"
   7  0000              @crom	.section	'crom'
   7  0000              _SEG_TAB:
   7  0000              #pragma debug array 42 8 10 1
   7  0000              #pragma debug array 42 8 10 1
   7  0000              #pragma debug variable 42 1 _SEG_TAB "SEG_TAB"
   7  0000              	db 63
   7  0001              	db 6
   7  0001              	db 91
   7  0002              	db 79
   7  0002              	db 102
   7  0003              	db 109
   7  0003              	db 125
   7  0004              	db 7
   7  0004              	db 127
   7  0005              	db 103
   7  0005              #pragma debug struct_end
   7  0005              #pragma debug struct_end
   7  0005              #pragma debug union_end
   7  0005              #pragma debug union_end
   7  0005              #pragma debug variable 44 1 ___pg "__pg" 1
   7  0005              #pragma debug struct_end
   7  0005              #pragma debug struct_end
"File: U2_2_1.c      Assembler  Version HGASM0202      Page 6

   7  0005              #pragma debug union_end
   7  0005              #pragma debug union_end
   7  0005              #pragma debug variable 46 1 ___pgc "__pgc" 1
   7  0005              #pragma debug struct_end
   7  0005              #pragma debug struct_end
   7  0005              #pragma debug union_end
   7  0005              #pragma debug union_end
   7  0005              #pragma debug variable 48 1 ___wdtc "__wdtc" 1
  12  0005              #line 12 "C:\Users\User\Desktop\U2 STD\U2_2_1.c"
  12  0000              @code .section at 0 'code'
  12  0000  1F0B        	clr bp
  12  0001  2800     R  	jmp _main_startup1
  12  0002              
  12  0002              
  12  0002              ; 
  12  0002              ; Generated by holtek-gcc v3.23, Thu May 07 11:36:15 2026
  12  0002              ; Rebuild 1114
  12  0002              ; end of file


        0 Errors, 0