
Linker Version 8.8.1.250507
Input Object File: C:\Users\User\Desktop\U2 STD\STARTUP1_L.OBJ
Input Object File: C:\Users\User\Desktop\U2 STD\U2_2_1.OBJ

Input Library File: C:\Program Files\Holtek MCU Development Tools\HT-IDE3000V8.x\LIB\LIBHOLTEKGCC.LIB
Input Library File: C:\Program Files\Holtek MCU Development Tools\HT-IDE3000V8.x\LIB\v3_lmrmc.lib


     Bank    Start     End      Length     Class    AvgIns    Name
     00h     0000h     0001h    0002h      CODE               @code (C:\Users\User\Desktop\U2 STD\U2_2_1.OBJ)
     00h     0002h     0004h    0003h      CODE               @start (C:\Users\User\Desktop\U2 STD\U2_2_1.OBJ)
     00h     0005h     0009h    0005h      CODE               @crom (C:\Users\User\Desktop\U2 STD\U2_2_1.OBJ)
     00h     000ah     0017h    000eh      CODE               _builtin_holtek_delay_isr00 (C:\Program Files\Holtek MCU Development Tools\HT-IDE3000V8.x\LIB\LIBHOLTEKGCC.LIB)
     00h     0018h     002fh    0018h      CODE               _Delayms (C:\Users\User\Desktop\U2 STD\U2_2_1.OBJ)
     00h     0030h     003dh    000eh      CODE               _CROM2PROM (CROM2PROM)
     00h     003eh     0055h    0018h      CODE               _main (C:\Users\User\Desktop\U2 STD\U2_2_1.OBJ)
     00h     0080h     0080h    0001h      DATA     3         @data_rb (C:\Program Files\Holtek MCU Development Tools\HT-IDE3000V8.x\LIB\LIBHOLTEKGCC.LIB)
     00h     0081h     0081h    0001h      DATA     3         @data_rc (C:\Program Files\Holtek MCU Development Tools\HT-IDE3000V8.x\LIB\LIBHOLTEKGCC.LIB)

     Local Sections

     Bank    Start     End      Length     Class    AvgIns    Name
     00h     0087h     0087h    0000h      LOCAL    0         @dummy (C:\Users\User\Desktop\U2 STD\U2_2_1.OBJ)
     00h     0085h     0086h    0002h      LOCAL    2.5       _main (C:\Users\User\Desktop\U2 STD\U2_2_1.OBJ)
     00h     0082h     0082h    0000h      LOCAL    0         _Crom2Prom (CROM2PROM)
     00h     0083h     0084h    0002h      LOCAL    2         _Delayms (C:\Users\User\Desktop\U2 STD\U2_2_1.OBJ)
     00h     0082h     0082h    0001h      LOCAL    2         _builtin_holtek_delay_isr00 (C:\Program Files\Holtek MCU Development Tools\HT-IDE3000V8.x\LIB\LIBHOLTEKGCC.LIB)

     Public Symbols Information
     Address            Public by Name
     0030h              _Crom2Prom
     0030h              _Crom2PromNext
     0018h              _Delayms
     0083h              _Delayms_2
     0005h              _SEG_TAB
     000ch              __DELAYY0_isr00
     000ch              __DELAYY1_isr00
     000bh              __DELAYY2_isr00
     000bh              __DELAYY3_isr00
     000ah              __DELAYY4_isr00
     000ah              __DELAYY5_isr00
     0082h              _builtin_holtek_delay_isr00_2
     003eh              _main
     0080h              rb
     0081h              rc

     Address            Public by Value
     0005h              _SEG_TAB
     000ah              __DELAYY4_isr00
     000ah              __DELAYY5_isr00
     000bh              __DELAYY2_isr00
     000bh              __DELAYY3_isr00
     000ch              __DELAYY0_isr00
     000ch              __DELAYY1_isr00
     0018h              _Delayms
     0030h              _Crom2Prom
     0030h              _Crom2PromNext
     003eh              _main
     0080h              rb
     0081h              rc
     0082h              _builtin_holtek_delay_isr00_2
     0083h              _Delayms_2


ROM Usage Statistics
    Bank      Size      Used     Percentage
     00h       2000h     0056h    1%
     01h       2000h     0000h    0%
     02h       2000h     0000h    0%
     03h       2000h     0000h    0%
     04h       2000h     0000h    0%
     05h       2000h     0000h    0%
     06h       2000h     0000h    0%
     07h       2000h     0000h    0%
     Total     10000h     0056h    0%

RAM Usage Statistics
    Bank      Size      Used     Percentage
     00h       0080h     0007h    5%
     01h       0080h     0000h    0%
     02h       0080h     0000h    0%
     03h       0080h     0000h    0%
     04h       0080h     0000h    0%
     05h       0080h     0000h    0%
     06h       0080h     0000h    0%
     07h       0080h     0000h    0%
     08h       0080h     0000h    0%
     09h       0080h     0000h    0%
     0ah       0080h     0000h    0%
     0bh       0080h     0000h    0%
     0ch       0080h     0000h    0%
     0dh       0080h     0000h    0%
     0eh       0080h     0000h    0%
     0fh       0080h     0000h    0%
     10h       0080h     0000h    0%
     11h       0080h     0000h    0%
     12h       0080h     0000h    0%
     13h       0080h     0000h    0%
     14h       0080h     0000h    0%
     15h       0080h     0000h    0%
     16h       0080h     0000h    0%
     17h       0080h     0000h    0%
     18h       0080h     0000h    0%
     19h       0080h     0000h    0%
     1ah       0080h     0000h    0%
     1bh       0080h     0000h    0%
     1ch       0080h     0000h    0%
     1dh       0080h     0000h    0%
     1eh       0080h     0000h    0%
     1fh       0080h     0000h    0%
     Total     1000h     0007h    0%

Use Stack Count
_main: 2

Call Tree
    @dummy
        _main (0)
            _Crom2Prom (1)
            _Delayms (1)
                _builtin_holtek_delay_isr00 (2)

HLINK: Program entry point at section '@code' (address 0) of file 'C:\Users\User\Desktop\U2 STD\U2_2_1.OBJ'

Total 0 error(s), Total 0 Warning(s)
