"File: U1_2_4.c      Assembler  Version HGASM0202      Page 1


   1  0000              ; Generated by holtek-gcc v3.23, Thu Apr 30 10:54:13 2026
   2  0000              ; 
   3  0000              ; Configuration:
   4  0000              ;       with long instruction
   5  0000              ;       Multi-ROM, Multi-RAM
   6  0000              ;       bits_per_rom_unit:16
   7  0000              ;       with mp1
   8  0000              ;       with tbhp, address(0x9)
   9  0000              ;          Use tabrd-const
  10  0000              ;       
  11  0000              ; SFR address of long-instruction arch:
  12  0000              ;    mp0 = -1,1,0
  13  0000              ;    mp1 = 4,3,2
  14  0000              ;    mp2 = 14,13,12
  15  0000              ;    tbp = 9,7,8
  16  0000              ;    acc = 5
  17  0000              ;    pcl = 6
  18  0000              ;    status = 10
  19  0000              ;    bp = 11
  20  0000              ;    intc = 16
  21  0000              ;       
  22  0000              ;       
  23  0000              ; use 'tabrdc' instead of 'tabrd'
  24  0000              ;       
  25  0000              
  26  0000              #pragma translator "holtek-gcc 4.6.4" "3.23" "build 20130711"
  27  0000              ; Rebuild 1114
  28  0000              
  29  0000              ir equ [2]
  30  0000              mp equ [3]
  31  0000              sbp equ [4]
  32  0000              acc equ [5]
  33  0000              bp equ [11]
  34  0000              tblp equ [7]
  35  0000              tbhp equ [9]
  36  0000              status equ [10]
  37  0000              c equ [10].0
  38  0000              ac equ [10].1
  39  0000              z equ [10].2
  40  0000              ov equ [10].3
  41  0000              cz equ [10].6
  42  0000              sc equ [10].7
  43  0000              intc equ [16]
  44  0000              mduwr0 equ [59h]
  45  0000              mduwr1 equ [5ah]
  46  0000              mduwr2 equ [5bh]
  47  0000              mduwr3 equ [5ch]
  48  0000              mduwr4 equ [5dh]
  49  0000              mduwr5 equ [5eh]
  50  0000              mduwrctrl equ [5fh]
  51  0000              
  52  0000              extern ra:byte
  53  0000              extern rb:byte
  54  0000              extern rc:byte
  55  0000              extern rd:byte
  56  0000              extern re:byte
  57  0000              extern rf:byte
  58  0000              extern rg:byte
  59  0000              extern rh:byte
"File: U1_2_4.ASM    Assembler  Version HGASM0202      Page 2

  60  0000              extern _Crom2Prom:near
  61  0000              extern _Crom2PromNext:near
  62  0000              
  63  0000              RAMBANK 0 @BITDATASEC, @BITDATASEC1
  64  0000              @HCCINIT	.section 'data'
  65  0000              @HCCINIT0	.section 'data'
  66  0000              @BITDATASEC	 .section 'data'
  67  0000              @BITDATASEC1	 .section 'data'
  68  0000              
  69  0000              #pragma debug scope 1 1
  70  0000              	extern __DELAY3:near
  71  0000              	extern __DELAYX3:near
  72  0000              	extern __DELAYX6:near
  73  0000              	extern __DELAYY5:near
  74  0000              	extern __DELAYY3:near
  75  0000              	extern _builtin_holtek_delay_2:byte
  76  0000              public _Delay10ms
  77  0000              #pragma debug scope 2 1

  78  0000              #line 78 "C:\Users\User\Desktop\U1 STD\U1_2_4.c"
  78  0000              _Delay10ms .section 'code'
  78  0000              _Delay10ms proc
  78  0000  00              local _Delay10ms_2 db 1 dup(?)	; 0,1
  78  0000  0080     R  	mov _Delay10ms_2[0],a
  78  0001              #pragma debug variable 8 2 _Delay10ms_2+0 "del"
  79  0001              #line 79 "C:\Users\User\Desktop\U1 STD\U1_2_4.c"
  79  0001  1F00     E  	clr ra
  79  0002  2800     R  	jmp _L2
  79  0003              _L3:
  79  0003              #line 79 "C:\Users\User\Desktop\U1 STD\U1_2_4.c"
  79  0003              ;# 79 "C:\Users\User\Desktop\U1 STD\U1_2_4.c" 1
  79  0003              	IF 20000>263690
  79  0003              ;# 79 "C:\Users\User\Desktop\U1 STD\U1_2_4.c" 1
  79  0003              	ERRMESSAGE 'the value 20000of the argument exceeds the maxinum 263690'
  79  0003              	ENDIF
  79  0003              ;# 79 "C:\Users\User\Desktop\U1 STD\U1_2_4.c" 1
  79  0003              	IF 20000<0
  79  0003              ;# 79 "C:\Users\User\Desktop\U1 STD\U1_2_4.c" 1
  79  0003              	ERRMESSAGE 'the value 20000 of the argument exceeds the mininum 0'
  79  0003              	ENDIF
  79  0003              ;# 79 "C:\Users\User\Desktop\U1 STD\U1_2_4.c" 1
  79  0003              	IF 20000==0
  79  0003              ;# 79 "C:\Users\User\Desktop\U1 STD\U1_2_4.c" 1
  79  0003              	JMP $
  79  0003              	ENDIF
  79  0003              ;# 79 "C:\Users\User\Desktop\U1 STD\U1_2_4.c" 1
  79  0003              	IF (20000>=1) AND (20000<( 4 + __PBP__ * 2))
  79  0003              ;# 79 "C:\Users\User\Desktop\U1 STD\U1_2_4.c" 1
  79  0003              	NOP
  79  0003              	ENDIF
  79  0003              ;# 79 "C:\Users\User\Desktop\U1 STD\U1_2_4.c" 1
  79  0003              	IF (20000>=2) AND (20000<( 4 + __PBP__ * 2))
  79  0003              ;# 79 "C:\Users\User\Desktop\U1 STD\U1_2_4.c" 1
  79  0003              	NOP
  79  0003              	ENDIF
  79  0003              ;# 79 "C:\Users\User\Desktop\U1 STD\U1_2_4.c" 1
  79  0003              	IF (20000>=3) AND (20000<( 4 + __PBP__ * 2))
  79  0003              ;# 79 "C:\Users\User\Desktop\U1 STD\U1_2_4.c" 1
  79  0003              	NOP
  79  0003              	ENDIF
"File: U1_2_4.c      Assembler  Version HGASM0202      Page 3

  79  0003              ;# 79 "C:\Users\User\Desktop\U1 STD\U1_2_4.c" 1
  79  0003              	IF (20000>=4) AND (20000<( 4 + __PBP__ * 2)) AND ( __PBP__ > 0 )
  79  0003              ;# 79 "C:\Users\User\Desktop\U1 STD\U1_2_4.c" 1
  79  0003              	NOP
  79  0003              	ENDIF
  79  0003              ;# 79 "C:\Users\User\Desktop\U1 STD\U1_2_4.c" 1
  79  0003              	IF (20000>=5) AND (20000<( 4 + __PBP__ * 2)) AND ( __PBP__ > 0 )
  79  0003              ;# 79 "C:\Users\User\Desktop\U1 STD\U1_2_4.c" 1
  79  0003              	NOP
  79  0003              	ENDIF
  79  0003              ;# 79 "C:\Users\User\Desktop\U1 STD\U1_2_4.c" 1
  79  0003              	IF (20000>=6) AND (20000<( 4 + __PBP__ * 2))  AND ( __PBP__ > 1 )
  79  0003              ;# 79 "C:\Users\User\Desktop\U1 STD\U1_2_4.c" 1
  79  0003              	NOP
  79  0003              	ENDIF
  79  0003              ;# 79 "C:\Users\User\Desktop\U1 STD\U1_2_4.c" 1
  79  0003              	IF (20000>=7) AND (20000<( 4 + __PBP__ * 2))  AND ( __PBP__ > 1 )
  79  0003              ;# 79 "C:\Users\User\Desktop\U1 STD\U1_2_4.c" 1
  79  0003              	NOP
  79  0003              	ENDIF
  79  0003              ;# 79 "C:\Users\User\Desktop\U1 STD\U1_2_4.c" 1
  79  0003              	IF (20000>=8) AND (20000<( 4 + __PBP__ * 2))  AND ( __PBP__ > 2 )
  79  0003              ;# 79 "C:\Users\User\Desktop\U1 STD\U1_2_4.c" 1
  79  0003              	NOP
  79  0003              	ENDIF
  79  0003              ;# 79 "C:\Users\User\Desktop\U1 STD\U1_2_4.c" 1
  79  0003              	IF (20000==9)  AND ( __PBP__ > 2 )
  79  0003              ;# 79 "C:\Users\User\Desktop\U1 STD\U1_2_4.c" 1
  79  0003              	NOP
  79  0003              	ENDIF
  79  0003              ;# 79 "C:\Users\User\Desktop\U1 STD\U1_2_4.c" 1
  79  0003              	IF (20000< ( 8 + __PBP__ * 2)) AND (20000>( 3 + __PBP__ * 2))
  79  0003              ;# 79 "C:\Users\User\Desktop\U1 STD\U1_2_4.c" 1
  79  0003              	fcall __DELAY3 + ( 7 + __PBP__ * 2) -20000
  79  0003              	ENDIF
  79  0003              ;# 79 "C:\Users\User\Desktop\U1 STD\U1_2_4.c" 1
  79  0003              	IF (20000< ( 0404h + __PBP__ * 2)) AND (20000>( 7 + __PBP__ * 2))
  79  0003              ;# 79 "C:\Users\User\Desktop\U1 STD\U1_2_4.c" 1
  79  0003              	MOV A,(20000-( 4 + __PBP__ * 2))/4
  79  0003              ;# 79 "C:\Users\User\Desktop\U1 STD\U1_2_4.c" 1
  79  0003              	fcall __DELAYX3 + 3 -((20000-( 4 + __PBP__ * 2)) MOD 4) 
  79  0003              	ENDIF
  79  0003              ;# 79 "C:\Users\User\Desktop\U1 STD\U1_2_4.c" 1
  79  0003              	IF (20000< ( 040bh + __PBP__ * 2)) AND (20000> ( 0403h + __PBP__ * 2))
  79  0003              ;# 79 "C:\Users\User\Desktop\U1 STD\U1_2_4.c" 1
  79  0003              	MOV A,0 
  79  0003              ;# 79 "C:\Users\User\Desktop\U1 STD\U1_2_4.c" 1
  79  0003              	fcall __DELAYX6 + ( 040ah + __PBP__ * 2) -20000
  79  0003              	ENDIF
  79  0003              ;# 79 "C:\Users\User\Desktop\U1 STD\U1_2_4.c" 1
  79  0003              	IF (20000 >= ( 040bh + __PBP__ * 2)) AND ((((20000-( 9 + __PBP__ * 2))%0402h)/4+1)>256)
  79  0003              ;# 79 "C:\Users\User\Desktop\U1 STD\U1_2_4.c" 1
  79  0003              	MOV A,(20000-( 9 + __PBP__ * 2))/0402h
  79  0003              ;# 79 "C:\Users\User\Desktop\U1 STD\U1_2_4.c" 1
  79  0003              	MOV _builtin_holtek_delay_2,A
  79  0003              ;# 79 "C:\Users\User\Desktop\U1 STD\U1_2_4.c" 1
  79  0003              	MOV A,0
  79  0003              ;# 79 "C:\Users\User\Desktop\U1 STD\U1_2_4.c" 1
  79  0003              	fcall __DELAYY5 +5- (((20000-( 9 + __PBP__ * 2))%0402h)%6) 
  79  0003              	ENDIF
"File: U1_2_4.c      Assembler  Version HGASM0202      Page 4

  79  0003              ;# 79 "C:\Users\User\Desktop\U1 STD\U1_2_4.c" 1
  79  0003              	IF (20000 >= ( 040bh + __PBP__ * 2)) AND ((((20000-( 9 + __PBP__ * 2))%0402h)/4+1)<=256)
  79  0003              ;# 79 "C:\Users\User\Desktop\U1 STD\U1_2_4.c" 1
  79  0003  0F13        	MOV A,(20000-( 9 + __PBP__ * 2))/0402h
  79  0004              ;# 79 "C:\Users\User\Desktop\U1 STD\U1_2_4.c" 1
  79  0004  0080     E  	MOV _builtin_holtek_delay_2,A
  79  0005              ;# 79 "C:\Users\User\Desktop\U1 STD\U1_2_4.c" 1
  79  0005  0F7B        	MOV A,((20000-( 9 + __PBP__ * 2))%0402h)/4+1
  79  0006              ;# 79 "C:\Users\User\Desktop\U1 STD\U1_2_4.c" 1
  79  0006              	fcall __DELAYY3 +3-(((20000-( 9 + __PBP__ * 2))%0402h)%4) 
  79  000D              	ENDIF
  79  000D  1480     E  	inc ra
  79  000E              _L2:
  79  000E  0700     E  	mov a,ra
  79  000F  0200     R  	sub a,_Delay10ms_2[0]
  79  0010  390A        	snz z
  79  0011  2800     R  	jmp _L3
  79  0012  0003        	ret
  79  0013              _Delay10ms endp
  79  0013              #line 79 "C:\Users\User\Desktop\U1 STD\U1_2_4.c"
  79  0013              #pragma debug scope 1 1
  79  0013              ___wdtc equ [62]
  79  0013              ___pgc equ [40]
  79  0013              ___pbs1 equ [336]
  79  0013              ___hxtc equ [60]
  79  0013              ___scc equ [58]
  79  0013              ___hircc equ [59]
  79  0013              ___pg equ [39]
  79  0013              public _main
  79  0013              #pragma debug scope 3 1
  14  0013              #line 14 "C:\Users\User\Desktop\U1 STD\U1_2_4.c"
  14  0013              IFDEF WITH_DEFAULT_STARTUP
  14  0013              extern _main_initial0:near
  14  0013              extern _main_startup:near
  14  0013              ENDIF
  14  0013              
  14  0013              ROMBANK 0 @start
  14  0000              @start .section com_l 'code'
  14  0000              _main_startup1:
  14  0000              @start .section com_e 'code'
  14  0000  0F00     R  	mov a,bank _main
  14  0001  008B        	mov bp,a
  14  0002  2800     R  	jmp _main
  14  0003              
  14  0000              _main .section 'code'
  14  0000              _main proc
  14  0000  00              local _main_2 db 1 dup(?)
  14  0001              #pragma debug variable 8 3 _main_2+0 "i"
  17  0001              #line 17 "C:\Users\User\Desktop\U1 STD\U1_2_4.c"
  17  0000  0FAB        	mov a,171
  17  0001  00BE        	mov [62],a
  18  0002              #line 18 "C:\Users\User\Desktop\U1 STD\U1_2_4.c"
  18  0002  1F28        	clr [40]
  18  0003              _L10:
  35  0003              #line 35 "C:\Users\User\Desktop\U1 STD\U1_2_4.c"
  35  0003  0FF0        	mov a,240
  35  0004  80D0 0001   	lmov [336],a
  38  0006              #line 38 "C:\Users\User\Desktop\U1 STD\U1_2_4.c"
  38  0006  303C        	set [60].0
  41  0007              #line 41 "C:\Users\User\Desktop\U1 STD\U1_2_4.c"
"File: U1_2_4.c      Assembler  Version HGASM0202      Page 5

  41  0007  313C        	set [60].2
  41  0008              _L7:
  44  0008              #line 44 "C:\Users\User\Desktop\U1 STD\U1_2_4.c"
  44  0008  38BC        	snz [60].1
  44  0009  2800     R  	jmp _L7
  47  000A              #line 47 "C:\Users\User\Desktop\U1 STD\U1_2_4.c"
  47  000A  31BA        	set [58].3
  50  000B              #line 50 "C:\Users\User\Desktop\U1 STD\U1_2_4.c"
  50  000B  343B        	clr [59].0
  57  000C              #line 57 "C:\Users\User\Desktop\U1 STD\U1_2_4.c"
  57  000C  1F00     R  	clr _main_2[0]
  57  000D              _L8:
  57  000D  0F09        	mov a,9
  57  000E  0200     R  	sub a,_main_2[0]
  57  000F  380A        	snz c
  57  0010  2800     R  	jmp _L10
  58  0011              #line 58 "C:\Users\User\Desktop\U1 STD\U1_2_4.c"
  58  0011  0700     R  	mov a,_main_2[0]
  58  0012  0080     E  	mov rb,a
  58  0013  1F00     E  	clr rc
  58  0014  0F09        	mov a,9
  58  0015  0280     E  	subm a,rb
  58  0016  0F00        	mov a,0
  58  0017  1280     E  	sbcm a,rc
  58  0018  340A        	clr c
  58  0019  1A80     E  	rlc rb
  58  001A  1A80     E  	rlc rc
  58  001B  0F00     R  	mov a,low offset _SEG_TAB
  58  001C  0300     E  	add a,rb
  58  001D  0083        	mov mp,a
  58  001E  0F00     R  	mov a,high offset _SEG_TAB
  58  001F  1300     E  	adc a,rc
  58  0020  0084        	mov sbp,a
  58  0021              	fcall _Crom2Prom
  58  0028  00A7        	mov [39],a
  59  0029              #line 59 "C:\Users\User\Desktop\U1 STD\U1_2_4.c"
  59  0029  0700     R  	mov a,_main_2[0]
  59  002A  0080     E  	mov rb,a
  59  002B  1F00     E  	clr rc
  59  002C  0F09        	mov a,9
  59  002D  0280     E  	subm a,rb
  59  002E  0F00        	mov a,0
  59  002F  1280     E  	sbcm a,rc
  59  0030  340A        	clr c
  59  0031  1A80     E  	rlc rb
  59  0032  1A80     E  	rlc rc
  59  0033  0F00     R  	mov a,low offset _SEG_TAB
  59  0034  0300     E  	add a,rb
  59  0035  0083        	mov mp,a
  59  0036  0F00     R  	mov a,high offset _SEG_TAB
  59  0037  1300     E  	adc a,rc
  59  0038  0084        	mov sbp,a
  59  0039              	fcall _Crom2Prom
  59  0040  0080     E  	mov rb,a
  59  0041              	fcall _Crom2PromNext
  59  0048  0080     E  	mov rc,a
  59  0049  0700     E  	mov a,rc
  59  004A              	fcall _Delay10ms
  57  0051              #line 57 "C:\Users\User\Desktop\U1 STD\U1_2_4.c"
  57  0051  1480     R  	inc _main_2[0]
"File: U1_2_4.c      Assembler  Version HGASM0202      Page 6

  57  0052  2800     R  	jmp _L8
  57  0053  2800     R  	jmp $
  57  0054              _main endp
  57  0054              
  57  0054              @dummy endp
  57  0054              
  57  0054              #line 57 "C:\Users\User\Desktop\U1 STD\U1_2_4.c"
  57  0054              #pragma debug scope 1 1
  57  0054              public _SEG_TAB
  57  0000              @crom	.section 'crom'
   8  0000              #line 8 "C:\Users\User\Desktop\U1 STD\U1_2_4.c"
   8  0000              @crom	.section	'crom'
   8  0000              _SEG_TAB:
   8  0000              #pragma debug array 42 12 10 1
   8  0000              #pragma debug array 42 12 10 1
   8  0000              #pragma debug variable 42 1 _SEG_TAB "SEG_TAB"
   8  0000  143F        	dc 5183
   8  0001  1E06        	dc 7686
   8  0002  285B        	dc 10331
   8  0003  324F        	dc 12879
   8  0004  3C66        	dc 15462
   8  0005  466D        	dc 18029
   8  0006  507D        	dc 20605
   8  0007  5A07        	dc 23047
   8  0008  647F        	dc 25727
   8  0009  6E67        	dc 28263
   8  000A              #pragma debug struct_end
   8  000A              #pragma debug struct_end
   8  000A              #pragma debug union_end
   8  000A              #pragma debug union_end
   8  000A              #pragma debug variable 44 1 ___pg "__pg" 1
   8  000A              #pragma debug struct_end
   8  000A              #pragma debug struct_end
   8  000A              #pragma debug union_end
   8  000A              #pragma debug union_end
   8  000A              #pragma debug variable 46 1 ___pgc "__pgc" 1
   8  000A              #pragma debug struct_end
   8  000A              #pragma debug struct_end
   8  000A              #pragma debug union_end
   8  000A              #pragma debug union_end
   8  000A              #pragma debug variable 48 1 ___scc "__scc" 1
   8  000A              #pragma debug struct_end
   8  000A              #pragma debug struct_end
   8  000A              #pragma debug union_end
   8  000A              #pragma debug union_end
   8  000A              #pragma debug variable 50 1 ___hircc "__hircc" 1
   8  000A              #pragma debug struct_end
   8  000A              #pragma debug struct_end
   8  000A              #pragma debug union_end
   8  000A              #pragma debug union_end
   8  000A              #pragma debug variable 52 1 ___hxtc "__hxtc" 1
   8  000A              #pragma debug struct_end
   8  000A              #pragma debug struct_end
   8  000A              #pragma debug union_end
   8  000A              #pragma debug union_end
   8  000A              #pragma debug variable 54 1 ___wdtc "__wdtc" 1
   8  000A              #pragma debug struct_end
   8  000A              #pragma debug struct_end
   8  000A              #pragma debug union_end
   8  000A              #pragma debug union_end
"File: U1_2_4.c      Assembler  Version HGASM0202      Page 7

   8  000A              #pragma debug variable 56 1 ___pbs1 "__pbs1" 1
  14  000A              #line 14 "C:\Users\User\Desktop\U1 STD\U1_2_4.c"
  14  0000              @code .section at 0 'code'
  14  0000  1F0B        	clr bp
  14  0001  2800     R  	jmp _main_startup1
  14  0002              
  14  0002              
  14  0002              ; 
  14  0002              ; Generated by holtek-gcc v3.23, Thu Apr 30 10:54:13 2026
  14  0002              ; Rebuild 1114
  14  0002              ; end of file


        0 Errors, 0