"File: U1_5.c        Assembler  Version HGASM0202      Page 1


   1  0000              ; Generated by holtek-gcc v3.23, Thu Apr 30 15:35:32 2026
   2  0000              ; 
   3  0000              ; Configuration:
   4  0000              ;       with long instruction
   5  0000              ;       Multi-ROM, Multi-RAM
   6  0000              ;       bits_per_rom_unit:16
   7  0000              ;       with mp1
   8  0000              ;       with tbhp, address(0x9)
   9  0000              ;          Use tabrd-const
  10  0000              ;       
  11  0000              ; SFR address of long-instruction arch:
  12  0000              ;    mp0 = -1,1,0
  13  0000              ;    mp1 = 4,3,2
  14  0000              ;    mp2 = 14,13,12
  15  0000              ;    tbp = 9,7,8
  16  0000              ;    acc = 5
  17  0000              ;    pcl = 6
  18  0000              ;    status = 10
  19  0000              ;    bp = 11
  20  0000              ;    intc = 16
  21  0000              ;       
  22  0000              ;       
  23  0000              ; use 'tabrdc' instead of 'tabrd'
  24  0000              ;       
  25  0000              
  26  0000              #pragma translator "holtek-gcc 4.6.4" "3.23" "build 20130711"
  27  0000              ; Rebuild 1114
  28  0000              
  29  0000              ir equ [2]
  30  0000              mp equ [3]
  31  0000              sbp equ [4]
  32  0000              acc equ [5]
  33  0000              bp equ [11]
  34  0000              tblp equ [7]
  35  0000              tbhp equ [9]
  36  0000              status equ [10]
  37  0000              c equ [10].0
  38  0000              ac equ [10].1
  39  0000              z equ [10].2
  40  0000              ov equ [10].3
  41  0000              cz equ [10].6
  42  0000              sc equ [10].7
  43  0000              intc equ [16]
  44  0000              mduwr0 equ [59h]
  45  0000              mduwr1 equ [5ah]
  46  0000              mduwr2 equ [5bh]
  47  0000              mduwr3 equ [5ch]
  48  0000              mduwr4 equ [5dh]
  49  0000              mduwr5 equ [5eh]
  50  0000              mduwrctrl equ [5fh]
  51  0000              
  52  0000              extern ra:byte
  53  0000              extern rb:byte
  54  0000              extern rc:byte
  55  0000              extern rd:byte
  56  0000              extern re:byte
  57  0000              extern rf:byte
  58  0000              extern rg:byte
  59  0000              extern rh:byte
"File: U1_5.ASM      Assembler  Version HGASM0202      Page 2

  60  0000              extern _Crom2Prom:near
  61  0000              extern _Crom2PromNext:near
  62  0000              
  63  0000              RAMBANK 0 @BITDATASEC, @BITDATASEC1
  64  0000              @HCCINIT	.section 'data'
  65  0000              @HCCINIT0	.section 'data'
  66  0000              @BITDATASEC	 .section 'data'
  67  0000              @BITDATASEC1	 .section 'data'
  68  0000              
  69  0000              #pragma debug scope 1 1
  70  0000              	extern __DELAY3:near
  71  0000              	extern __DELAYX3:near
  72  0000              	extern __DELAYX6:near
  73  0000              	extern __DELAYY5:near
  74  0000              	extern __DELAYY3:near
  75  0000              	extern _builtin_holtek_delay_2:byte
  76  0000              ___wdtc equ [62]
  77  0000              ___pg equ [39]
  78  0000              ___pgc equ [40]
  79  0000              ___pac equ [21]
  80  0000              ___papu equ [22]
  81  0000              ___pa equ [20]
  82  0000              public _main
  83  0000              #pragma debug scope 2 1

  13  0000              #line 13 "C:\Users\User\Desktop\U1 STD\U1_5.c"
  13  0000              IFDEF WITH_DEFAULT_STARTUP
  13  0000              extern _main_initial0:near
  13  0000              extern _main_startup:near
  13  0000              ENDIF
  13  0000              
  13  0000              ROMBANK 0 @start
  13  0000              @start .section com_l 'code'
  13  0000              _main_startup1:
  13  0000              @start .section com_e 'code'
  13  0000  0F00     R  	mov a,bank _main
  13  0001  008B        	mov bp,a
  13  0002  2800     R  	jmp _main
  13  0003              
  13  0000              _main .section 'code'
  13  0000              _main proc
  14  0000              #line 14 "C:\Users\User\Desktop\U1 STD\U1_5.c"
  14  0000  0FAF        	mov a,175
  14  0001  00BE        	mov [62],a
  15  0002              #line 15 "C:\Users\User\Desktop\U1 STD\U1_5.c"
  15  0002  1F27        	clr [39]
  15  0003  1F28        	clr [40]
  16  0004              #line 16 "C:\Users\User\Desktop\U1 STD\U1_5.c"
  16  0004  3095        	set [21].1
  16  0005  3096        	set [22].1
  13  0006              #line 13 "C:\Users\User\Desktop\U1 STD\U1_5.c"
  13  0006  1F00     E  	clr ra
  13  0007              _L2:
  18  0007              #line 18 "C:\Users\User\Desktop\U1 STD\U1_5.c"
  18  0007  0F00     R  	mov a,low offset _SEG_TAB
  18  0008  0300     E  	add a,ra
  18  0009  0083        	mov mp,a
  18  000A  0F00     R  	mov a,high offset _SEG_TAB
  18  000B  1F04        	clr sbp
  18  000C  1384        	adcm a,sbp
"File: U1_5.c        Assembler  Version HGASM0202      Page 3

  18  000D              	fcall _Crom2Prom
  18  0014  00A7        	mov [39],a
  18  0015  0F0A        	mov a,10
  18  0016  0080     E  	mov rb,a
  18  0017              _L4:
  19  0017              #line 19 "C:\Users\User\Desktop\U1 STD\U1_5.c"
  19  0017              ;# 19 "C:\Users\User\Desktop\U1 STD\U1_5.c" 1
  19  0017              	IF 20000>263690
  19  0017              ;# 19 "C:\Users\User\Desktop\U1 STD\U1_5.c" 1
  19  0017              	ERRMESSAGE 'the value 20000of the argument exceeds the maxinum 263690'
  19  0017              	ENDIF
  19  0017              ;# 19 "C:\Users\User\Desktop\U1 STD\U1_5.c" 1
  19  0017              	IF 20000<0
  19  0017              ;# 19 "C:\Users\User\Desktop\U1 STD\U1_5.c" 1
  19  0017              	ERRMESSAGE 'the value 20000 of the argument exceeds the mininum 0'
  19  0017              	ENDIF
  19  0017              ;# 19 "C:\Users\User\Desktop\U1 STD\U1_5.c" 1
  19  0017              	IF 20000==0
  19  0017              ;# 19 "C:\Users\User\Desktop\U1 STD\U1_5.c" 1
  19  0017              	JMP $
  19  0017              	ENDIF
  19  0017              ;# 19 "C:\Users\User\Desktop\U1 STD\U1_5.c" 1
  19  0017              	IF (20000>=1) AND (20000<( 4 + __PBP__ * 2))
  19  0017              ;# 19 "C:\Users\User\Desktop\U1 STD\U1_5.c" 1
  19  0017              	NOP
  19  0017              	ENDIF
  19  0017              ;# 19 "C:\Users\User\Desktop\U1 STD\U1_5.c" 1
  19  0017              	IF (20000>=2) AND (20000<( 4 + __PBP__ * 2))
  19  0017              ;# 19 "C:\Users\User\Desktop\U1 STD\U1_5.c" 1
  19  0017              	NOP
  19  0017              	ENDIF
  19  0017              ;# 19 "C:\Users\User\Desktop\U1 STD\U1_5.c" 1
  19  0017              	IF (20000>=3) AND (20000<( 4 + __PBP__ * 2))
  19  0017              ;# 19 "C:\Users\User\Desktop\U1 STD\U1_5.c" 1
  19  0017              	NOP
  19  0017              	ENDIF
  19  0017              ;# 19 "C:\Users\User\Desktop\U1 STD\U1_5.c" 1
  19  0017              	IF (20000>=4) AND (20000<( 4 + __PBP__ * 2)) AND ( __PBP__ > 0 )
  19  0017              ;# 19 "C:\Users\User\Desktop\U1 STD\U1_5.c" 1
  19  0017              	NOP
  19  0017              	ENDIF
  19  0017              ;# 19 "C:\Users\User\Desktop\U1 STD\U1_5.c" 1
  19  0017              	IF (20000>=5) AND (20000<( 4 + __PBP__ * 2)) AND ( __PBP__ > 0 )
  19  0017              ;# 19 "C:\Users\User\Desktop\U1 STD\U1_5.c" 1
  19  0017              	NOP
  19  0017              	ENDIF
  19  0017              ;# 19 "C:\Users\User\Desktop\U1 STD\U1_5.c" 1
  19  0017              	IF (20000>=6) AND (20000<( 4 + __PBP__ * 2))  AND ( __PBP__ > 1 )
  19  0017              ;# 19 "C:\Users\User\Desktop\U1 STD\U1_5.c" 1
  19  0017              	NOP
  19  0017              	ENDIF
  19  0017              ;# 19 "C:\Users\User\Desktop\U1 STD\U1_5.c" 1
  19  0017              	IF (20000>=7) AND (20000<( 4 + __PBP__ * 2))  AND ( __PBP__ > 1 )
  19  0017              ;# 19 "C:\Users\User\Desktop\U1 STD\U1_5.c" 1
  19  0017              	NOP
  19  0017              	ENDIF
  19  0017              ;# 19 "C:\Users\User\Desktop\U1 STD\U1_5.c" 1
  19  0017              	IF (20000>=8) AND (20000<( 4 + __PBP__ * 2))  AND ( __PBP__ > 2 )
  19  0017              ;# 19 "C:\Users\User\Desktop\U1 STD\U1_5.c" 1
  19  0017              	NOP
"File: U1_5.c        Assembler  Version HGASM0202      Page 4

  19  0017              	ENDIF
  19  0017              ;# 19 "C:\Users\User\Desktop\U1 STD\U1_5.c" 1
  19  0017              	IF (20000==9)  AND ( __PBP__ > 2 )
  19  0017              ;# 19 "C:\Users\User\Desktop\U1 STD\U1_5.c" 1
  19  0017              	NOP
  19  0017              	ENDIF
  19  0017              ;# 19 "C:\Users\User\Desktop\U1 STD\U1_5.c" 1
  19  0017              	IF (20000< ( 8 + __PBP__ * 2)) AND (20000>( 3 + __PBP__ * 2))
  19  0017              ;# 19 "C:\Users\User\Desktop\U1 STD\U1_5.c" 1
  19  0017              	fcall __DELAY3 + ( 7 + __PBP__ * 2) -20000
  19  0017              	ENDIF
  19  0017              ;# 19 "C:\Users\User\Desktop\U1 STD\U1_5.c" 1
  19  0017              	IF (20000< ( 0404h + __PBP__ * 2)) AND (20000>( 7 + __PBP__ * 2))
  19  0017              ;# 19 "C:\Users\User\Desktop\U1 STD\U1_5.c" 1
  19  0017              	MOV A,(20000-( 4 + __PBP__ * 2))/4
  19  0017              ;# 19 "C:\Users\User\Desktop\U1 STD\U1_5.c" 1
  19  0017              	fcall __DELAYX3 + 3 -((20000-( 4 + __PBP__ * 2)) MOD 4) 
  19  0017              	ENDIF
  19  0017              ;# 19 "C:\Users\User\Desktop\U1 STD\U1_5.c" 1
  19  0017              	IF (20000< ( 040bh + __PBP__ * 2)) AND (20000> ( 0403h + __PBP__ * 2))
  19  0017              ;# 19 "C:\Users\User\Desktop\U1 STD\U1_5.c" 1
  19  0017              	MOV A,0 
  19  0017              ;# 19 "C:\Users\User\Desktop\U1 STD\U1_5.c" 1
  19  0017              	fcall __DELAYX6 + ( 040ah + __PBP__ * 2) -20000
  19  0017              	ENDIF
  19  0017              ;# 19 "C:\Users\User\Desktop\U1 STD\U1_5.c" 1
  19  0017              	IF (20000 >= ( 040bh + __PBP__ * 2)) AND ((((20000-( 9 + __PBP__ * 2))%0402h)/4+1)>256)
  19  0017              ;# 19 "C:\Users\User\Desktop\U1 STD\U1_5.c" 1
  19  0017              	MOV A,(20000-( 9 + __PBP__ * 2))/0402h
  19  0017              ;# 19 "C:\Users\User\Desktop\U1 STD\U1_5.c" 1
  19  0017              	MOV _builtin_holtek_delay_2,A
  19  0017              ;# 19 "C:\Users\User\Desktop\U1 STD\U1_5.c" 1
  19  0017              	MOV A,0
  19  0017              ;# 19 "C:\Users\User\Desktop\U1 STD\U1_5.c" 1
  19  0017              	fcall __DELAYY5 +5- (((20000-( 9 + __PBP__ * 2))%0402h)%6) 
  19  0017              	ENDIF
  19  0017              ;# 19 "C:\Users\User\Desktop\U1 STD\U1_5.c" 1
  19  0017              	IF (20000 >= ( 040bh + __PBP__ * 2)) AND ((((20000-( 9 + __PBP__ * 2))%0402h)/4+1)<=256)
  19  0017              ;# 19 "C:\Users\User\Desktop\U1 STD\U1_5.c" 1
  19  0017  0F13        	MOV A,(20000-( 9 + __PBP__ * 2))/0402h
  19  0018              ;# 19 "C:\Users\User\Desktop\U1 STD\U1_5.c" 1
  19  0018  0080     E  	MOV _builtin_holtek_delay_2,A
  19  0019              ;# 19 "C:\Users\User\Desktop\U1 STD\U1_5.c" 1
  19  0019  0F7B        	MOV A,((20000-( 9 + __PBP__ * 2))%0402h)/4+1
  19  001A              ;# 19 "C:\Users\User\Desktop\U1 STD\U1_5.c" 1
  19  001A              	fcall __DELAYY3 +3-(((20000-( 9 + __PBP__ * 2))%0402h)%4) 
  19  0021              	ENDIF
  19  0021  1780     E  	sdz rb
  19  0022  2800     R  	jmp _L4
  19  0023              _L6:
  19  0023              _L5:
  21  0023              #line 21 "C:\Users\User\Desktop\U1 STD\U1_5.c"
  21  0023  3C94        	sz [20].1
  21  0024  2800     R  	jmp _L5
  21  0025  0F0A        	mov a,10
  21  0026  0080     E  	mov rb,a
  21  0027              _L8:
  22  0027              #line 22 "C:\Users\User\Desktop\U1 STD\U1_5.c"
  22  0027              ;# 22 "C:\Users\User\Desktop\U1 STD\U1_5.c" 1
  22  0027              	IF 20000>263690
"File: U1_5.c        Assembler  Version HGASM0202      Page 5

  22  0027              ;# 22 "C:\Users\User\Desktop\U1 STD\U1_5.c" 1
  22  0027              	ERRMESSAGE 'the value 20000of the argument exceeds the maxinum 263690'
  22  0027              	ENDIF
  22  0027              ;# 22 "C:\Users\User\Desktop\U1 STD\U1_5.c" 1
  22  0027              	IF 20000<0
  22  0027              ;# 22 "C:\Users\User\Desktop\U1 STD\U1_5.c" 1
  22  0027              	ERRMESSAGE 'the value 20000 of the argument exceeds the mininum 0'
  22  0027              	ENDIF
  22  0027              ;# 22 "C:\Users\User\Desktop\U1 STD\U1_5.c" 1
  22  0027              	IF 20000==0
  22  0027              ;# 22 "C:\Users\User\Desktop\U1 STD\U1_5.c" 1
  22  0027              	JMP $
  22  0027              	ENDIF
  22  0027              ;# 22 "C:\Users\User\Desktop\U1 STD\U1_5.c" 1
  22  0027              	IF (20000>=1) AND (20000<( 4 + __PBP__ * 2))
  22  0027              ;# 22 "C:\Users\User\Desktop\U1 STD\U1_5.c" 1
  22  0027              	NOP
  22  0027              	ENDIF
  22  0027              ;# 22 "C:\Users\User\Desktop\U1 STD\U1_5.c" 1
  22  0027              	IF (20000>=2) AND (20000<( 4 + __PBP__ * 2))
  22  0027              ;# 22 "C:\Users\User\Desktop\U1 STD\U1_5.c" 1
  22  0027              	NOP
  22  0027              	ENDIF
  22  0027              ;# 22 "C:\Users\User\Desktop\U1 STD\U1_5.c" 1
  22  0027              	IF (20000>=3) AND (20000<( 4 + __PBP__ * 2))
  22  0027              ;# 22 "C:\Users\User\Desktop\U1 STD\U1_5.c" 1
  22  0027              	NOP
  22  0027              	ENDIF
  22  0027              ;# 22 "C:\Users\User\Desktop\U1 STD\U1_5.c" 1
  22  0027              	IF (20000>=4) AND (20000<( 4 + __PBP__ * 2)) AND ( __PBP__ > 0 )
  22  0027              ;# 22 "C:\Users\User\Desktop\U1 STD\U1_5.c" 1
  22  0027              	NOP
  22  0027              	ENDIF
  22  0027              ;# 22 "C:\Users\User\Desktop\U1 STD\U1_5.c" 1
  22  0027              	IF (20000>=5) AND (20000<( 4 + __PBP__ * 2)) AND ( __PBP__ > 0 )
  22  0027              ;# 22 "C:\Users\User\Desktop\U1 STD\U1_5.c" 1
  22  0027              	NOP
  22  0027              	ENDIF
  22  0027              ;# 22 "C:\Users\User\Desktop\U1 STD\U1_5.c" 1
  22  0027              	IF (20000>=6) AND (20000<( 4 + __PBP__ * 2))  AND ( __PBP__ > 1 )
  22  0027              ;# 22 "C:\Users\User\Desktop\U1 STD\U1_5.c" 1
  22  0027              	NOP
  22  0027              	ENDIF
  22  0027              ;# 22 "C:\Users\User\Desktop\U1 STD\U1_5.c" 1
  22  0027              	IF (20000>=7) AND (20000<( 4 + __PBP__ * 2))  AND ( __PBP__ > 1 )
  22  0027              ;# 22 "C:\Users\User\Desktop\U1 STD\U1_5.c" 1
  22  0027              	NOP
  22  0027              	ENDIF
  22  0027              ;# 22 "C:\Users\User\Desktop\U1 STD\U1_5.c" 1
  22  0027              	IF (20000>=8) AND (20000<( 4 + __PBP__ * 2))  AND ( __PBP__ > 2 )
  22  0027              ;# 22 "C:\Users\User\Desktop\U1 STD\U1_5.c" 1
  22  0027              	NOP
  22  0027              	ENDIF
  22  0027              ;# 22 "C:\Users\User\Desktop\U1 STD\U1_5.c" 1
  22  0027              	IF (20000==9)  AND ( __PBP__ > 2 )
  22  0027              ;# 22 "C:\Users\User\Desktop\U1 STD\U1_5.c" 1
  22  0027              	NOP
  22  0027              	ENDIF
  22  0027              ;# 22 "C:\Users\User\Desktop\U1 STD\U1_5.c" 1
  22  0027              	IF (20000< ( 8 + __PBP__ * 2)) AND (20000>( 3 + __PBP__ * 2))
"File: U1_5.c        Assembler  Version HGASM0202      Page 6

  22  0027              ;# 22 "C:\Users\User\Desktop\U1 STD\U1_5.c" 1
  22  0027              	fcall __DELAY3 + ( 7 + __PBP__ * 2) -20000
  22  0027              	ENDIF
  22  0027              ;# 22 "C:\Users\User\Desktop\U1 STD\U1_5.c" 1
  22  0027              	IF (20000< ( 0404h + __PBP__ * 2)) AND (20000>( 7 + __PBP__ * 2))
  22  0027              ;# 22 "C:\Users\User\Desktop\U1 STD\U1_5.c" 1
  22  0027              	MOV A,(20000-( 4 + __PBP__ * 2))/4
  22  0027              ;# 22 "C:\Users\User\Desktop\U1 STD\U1_5.c" 1
  22  0027              	fcall __DELAYX3 + 3 -((20000-( 4 + __PBP__ * 2)) MOD 4) 
  22  0027              	ENDIF
  22  0027              ;# 22 "C:\Users\User\Desktop\U1 STD\U1_5.c" 1
  22  0027              	IF (20000< ( 040bh + __PBP__ * 2)) AND (20000> ( 0403h + __PBP__ * 2))
  22  0027              ;# 22 "C:\Users\User\Desktop\U1 STD\U1_5.c" 1
  22  0027              	MOV A,0 
  22  0027              ;# 22 "C:\Users\User\Desktop\U1 STD\U1_5.c" 1
  22  0027              	fcall __DELAYX6 + ( 040ah + __PBP__ * 2) -20000
  22  0027              	ENDIF
  22  0027              ;# 22 "C:\Users\User\Desktop\U1 STD\U1_5.c" 1
  22  0027              	IF (20000 >= ( 040bh + __PBP__ * 2)) AND ((((20000-( 9 + __PBP__ * 2))%0402h)/4+1)>256)
  22  0027              ;# 22 "C:\Users\User\Desktop\U1 STD\U1_5.c" 1
  22  0027              	MOV A,(20000-( 9 + __PBP__ * 2))/0402h
  22  0027              ;# 22 "C:\Users\User\Desktop\U1 STD\U1_5.c" 1
  22  0027              	MOV _builtin_holtek_delay_2,A
  22  0027              ;# 22 "C:\Users\User\Desktop\U1 STD\U1_5.c" 1
  22  0027              	MOV A,0
  22  0027              ;# 22 "C:\Users\User\Desktop\U1 STD\U1_5.c" 1
  22  0027              	fcall __DELAYY5 +5- (((20000-( 9 + __PBP__ * 2))%0402h)%6) 
  22  0027              	ENDIF
  22  0027              ;# 22 "C:\Users\User\Desktop\U1 STD\U1_5.c" 1
  22  0027              	IF (20000 >= ( 040bh + __PBP__ * 2)) AND ((((20000-( 9 + __PBP__ * 2))%0402h)/4+1)<=256)
  22  0027              ;# 22 "C:\Users\User\Desktop\U1 STD\U1_5.c" 1
  22  0027  0F13        	MOV A,(20000-( 9 + __PBP__ * 2))/0402h
  22  0028              ;# 22 "C:\Users\User\Desktop\U1 STD\U1_5.c" 1
  22  0028  0080     E  	MOV _builtin_holtek_delay_2,A
  22  0029              ;# 22 "C:\Users\User\Desktop\U1 STD\U1_5.c" 1
  22  0029  0F7B        	MOV A,((20000-( 9 + __PBP__ * 2))%0402h)/4+1
  22  002A              ;# 22 "C:\Users\User\Desktop\U1 STD\U1_5.c" 1
  22  002A              	fcall __DELAYY3 +3-(((20000-( 9 + __PBP__ * 2))%0402h)%4) 
  22  0031              	ENDIF
  22  0031  1780     E  	sdz rb
  22  0032  2800     R  	jmp _L8
  23  0033              #line 23 "C:\Users\User\Desktop\U1 STD\U1_5.c"
  23  0033  3C94        	sz [20].1
  23  0034  2800     R  	jmp _L5
  24  0035              #line 24 "C:\Users\User\Desktop\U1 STD\U1_5.c"
  24  0035  1480     E  	inc ra
  24  0036  0F09        	mov a,9
  24  0037  0200     E  	sub a,ra
  24  0038  3C0A        	sz c
  24  0039  2800     R  	jmp _L2
  24  003A  1F00     E  	clr ra
  24  003B  2800     R  	jmp _L2
  24  003C  2800     R  	jmp $
  24  003D              _main endp
  24  003D              
  24  003D              @dummy endp
  24  003D              
  24  003D              #line 24 "C:\Users\User\Desktop\U1 STD\U1_5.c"
  24  003D              #pragma debug scope 1 1
  24  003D              public _SEG_TAB
"File: U1_5.c        Assembler  Version HGASM0202      Page 7

  24  0000              @crom	.section 'crom'
  10  0000              #line 10 "C:\Users\User\Desktop\U1 STD\U1_5.c"
  10  0000              @crom	.section	'crom'
  10  0000              _SEG_TAB:
  10  0000              #pragma debug array 42 8 10 1
  10  0000              #pragma debug array 42 8 10 1
  10  0000              #pragma debug variable 42 1 _SEG_TAB "SEG_TAB"
  10  0000              	db 63
  10  0001              	db 6
  10  0001              	db 91
  10  0002              	db 79
  10  0002              	db 102
  10  0003              	db 109
  10  0003              	db 125
  10  0004              	db 7
  10  0004              	db 127
  10  0005              	db 103
  10  0005              #pragma debug struct_end
  10  0005              #pragma debug struct_end
  10  0005              #pragma debug union_end
  10  0005              #pragma debug union_end
  10  0005              #pragma debug variable 44 1 ___pa "__pa" 1
  10  0005              #pragma debug struct_end
  10  0005              #pragma debug struct_end
  10  0005              #pragma debug union_end
  10  0005              #pragma debug union_end
  10  0005              #pragma debug variable 46 1 ___pac "__pac" 1
  10  0005              #pragma debug struct_end
  10  0005              #pragma debug struct_end
  10  0005              #pragma debug union_end
  10  0005              #pragma debug union_end
  10  0005              #pragma debug variable 48 1 ___papu "__papu" 1
  10  0005              #pragma debug struct_end
  10  0005              #pragma debug struct_end
  10  0005              #pragma debug union_end
  10  0005              #pragma debug union_end
  10  0005              #pragma debug variable 50 1 ___pg "__pg" 1
  10  0005              #pragma debug struct_end
  10  0005              #pragma debug struct_end
  10  0005              #pragma debug union_end
  10  0005              #pragma debug union_end
  10  0005              #pragma debug variable 52 1 ___pgc "__pgc" 1
  10  0005              #pragma debug struct_end
  10  0005              #pragma debug struct_end
  10  0005              #pragma debug union_end
  10  0005              #pragma debug union_end
  10  0005              #pragma debug variable 54 1 ___wdtc "__wdtc" 1
  13  0005              #line 13 "C:\Users\User\Desktop\U1 STD\U1_5.c"
  13  0000              @code .section at 0 'code'
  13  0000  1F0B        	clr bp
  13  0001  2800     R  	jmp _main_startup1
  13  0002              
  13  0002              
  13  0002              ; 
  13  0002              ; Generated by holtek-gcc v3.23, Thu Apr 30 15:35:32 2026
  13  0002              ; Rebuild 1114
  13  0002              ; end of file


        0 Errors, 0