"File: U1_4.c        Assembler  Version HGASM0202      Page 1


   1  0000              ; Generated by holtek-gcc v3.23, Thu Apr 30 13:30:37 2026
   2  0000              ; 
   3  0000              ; Configuration:
   4  0000              ;       with long instruction
   5  0000              ;       Multi-ROM, Multi-RAM
   6  0000              ;       bits_per_rom_unit:16
   7  0000              ;       with mp1
   8  0000              ;       with tbhp, address(0x9)
   9  0000              ;          Use tabrd-const
  10  0000              ;       
  11  0000              ; SFR address of long-instruction arch:
  12  0000              ;    mp0 = -1,1,0
  13  0000              ;    mp1 = 4,3,2
  14  0000              ;    mp2 = 14,13,12
  15  0000              ;    tbp = 9,7,8
  16  0000              ;    acc = 5
  17  0000              ;    pcl = 6
  18  0000              ;    status = 10
  19  0000              ;    bp = 11
  20  0000              ;    intc = 16
  21  0000              ;       
  22  0000              ;       
  23  0000              ; use 'tabrdc' instead of 'tabrd'
  24  0000              ;       
  25  0000              
  26  0000              #pragma translator "holtek-gcc 4.6.4" "3.23" "build 20130711"
  27  0000              ; Rebuild 1114
  28  0000              
  29  0000              ir equ [2]
  30  0000              mp equ [3]
  31  0000              sbp equ [4]
  32  0000              acc equ [5]
  33  0000              bp equ [11]
  34  0000              tblp equ [7]
  35  0000              tbhp equ [9]
  36  0000              status equ [10]
  37  0000              c equ [10].0
  38  0000              ac equ [10].1
  39  0000              z equ [10].2
  40  0000              ov equ [10].3
  41  0000              cz equ [10].6
  42  0000              sc equ [10].7
  43  0000              intc equ [16]
  44  0000              mduwr0 equ [59h]
  45  0000              mduwr1 equ [5ah]
  46  0000              mduwr2 equ [5bh]
  47  0000              mduwr3 equ [5ch]
  48  0000              mduwr4 equ [5dh]
  49  0000              mduwr5 equ [5eh]
  50  0000              mduwrctrl equ [5fh]
  51  0000              
  52  0000              extern ra:byte
  53  0000              extern rb:byte
  54  0000              extern rc:byte
  55  0000              extern rd:byte
  56  0000              extern re:byte
  57  0000              extern rf:byte
  58  0000              extern rg:byte
  59  0000              extern rh:byte
"File: U1_4.ASM      Assembler  Version HGASM0202      Page 2

  60  0000              extern _Crom2Prom:near
  61  0000              extern _Crom2PromNext:near
  62  0000              
  63  0000              RAMBANK 0 @BITDATASEC, @BITDATASEC1
  64  0000              @HCCINIT	.section 'data'
  65  0000              @HCCINIT0	.section 'data'
  66  0000              @BITDATASEC	 .section 'data'
  67  0000              @BITDATASEC1	 .section 'data'
  68  0000              
  69  0000              #pragma debug scope 1 1
  70  0000              	extern __DELAY3:near
  71  0000              	extern __DELAYX3:near
  72  0000              	extern __DELAYX6:near
  73  0000              	extern __DELAYY5:near
  74  0000              	extern __DELAYY3:near
  75  0000              	extern _builtin_holtek_delay_2:byte
  76  0000              ___scc equ [58]
  77  0000              public _PAUSE
  78  0000              #pragma debug scope 2 1

  47  0000              #line 47 "C:\Users\User\Desktop\U1 STD\U1_4.c"
  47  0000              _PAUSE .section 'code'
  47  0000              _PAUSE proc
  47  0000  0002[           local _PAUSE_2 db 2 dup(?)	; 0,2
            00
            ]
  47  0000  0080     R  	mov _PAUSE_2[0],a
  47  0001              #pragma debug variable 8 2 _PAUSE_2+0 "i"
  47  0001              #pragma debug variable 8 2 _PAUSE_2+1 "pick"
  52  0001              #line 52 "C:\Users\User\Desktop\U1 STD\U1_4.c"
  52  0001  113A        	swapa [58]
  52  0002  1985        	rr acc
  52  0003  0E07        	and a,07h
  52  0004  0080     R  	mov _PAUSE_2[1],a
  54  0005              #line 54 "C:\Users\User\Desktop\U1 STD\U1_4.c"
  54  0005  1F00     E  	clr ra
  54  0006  2800     R  	jmp _L2
  54  0007              _L9:
  57  0007              #line 57 "C:\Users\User\Desktop\U1 STD\U1_4.c"
  57  0007  0700     R  	mov a,_PAUSE_2[1]
  57  0008  0A00        	sub a,0
  57  0009  3D0A        	sz z
  57  000A  2800     R  	jmp _L4
  57  000B  0A01        	sub a,(1)-(0)
  57  000C  3D0A        	sz z
  57  000D  2800     R  	jmp _L5
  57  000E  0700     R  	mov a,_PAUSE_2[1]
  57  000F  0A02        	sub a,2
  57  0010  3D0A        	sz z
  57  0011  2800     R  	jmp _L6
  57  0012  0A01        	sub a,(3)-(2)
  57  0013  3D0A        	sz z
  57  0014  2800     R  	jmp _L7
  57  0015  0700     R  	mov a,_PAUSE_2[1]
  57  0016  0A04        	sub a,4
  57  0017  390A        	snz z
  57  0018  2800     R  	jmp _L3
  63  0019              #line 63 "C:\Users\User\Desktop\U1 STD\U1_4.c"
  63  0019              ;# 63 "C:\Users\User\Desktop\U1 STD\U1_4.c" 1
  63  0019              	IF 22000>>4>263690
"File: U1_4.c        Assembler  Version HGASM0202      Page 3

  63  0019              ;# 63 "C:\Users\User\Desktop\U1 STD\U1_4.c" 1
  63  0019              	ERRMESSAGE 'the value 22000>>4of the argument exceeds the maxinum 263690'
  63  0019              	ENDIF
  63  0019              ;# 63 "C:\Users\User\Desktop\U1 STD\U1_4.c" 1
  63  0019              	IF 22000>>4<0
  63  0019              ;# 63 "C:\Users\User\Desktop\U1 STD\U1_4.c" 1
  63  0019              	ERRMESSAGE 'the value 22000>>4 of the argument exceeds the mininum 0'
  63  0019              	ENDIF
  63  0019              ;# 63 "C:\Users\User\Desktop\U1 STD\U1_4.c" 1
  63  0019              	IF 22000>>4==0
  63  0019              ;# 63 "C:\Users\User\Desktop\U1 STD\U1_4.c" 1
  63  0019              	JMP $
  63  0019              	ENDIF
  63  0019              ;# 63 "C:\Users\User\Desktop\U1 STD\U1_4.c" 1
  63  0019              	IF (22000>>4>=1) AND (22000>>4<( 4 + __PBP__ * 2))
  63  0019              ;# 63 "C:\Users\User\Desktop\U1 STD\U1_4.c" 1
  63  0019              	NOP
  63  0019              	ENDIF
  63  0019              ;# 63 "C:\Users\User\Desktop\U1 STD\U1_4.c" 1
  63  0019              	IF (22000>>4>=2) AND (22000>>4<( 4 + __PBP__ * 2))
  63  0019              ;# 63 "C:\Users\User\Desktop\U1 STD\U1_4.c" 1
  63  0019              	NOP
  63  0019              	ENDIF
  63  0019              ;# 63 "C:\Users\User\Desktop\U1 STD\U1_4.c" 1
  63  0019              	IF (22000>>4>=3) AND (22000>>4<( 4 + __PBP__ * 2))
  63  0019              ;# 63 "C:\Users\User\Desktop\U1 STD\U1_4.c" 1
  63  0019              	NOP
  63  0019              	ENDIF
  63  0019              ;# 63 "C:\Users\User\Desktop\U1 STD\U1_4.c" 1
  63  0019              	IF (22000>>4>=4) AND (22000>>4<( 4 + __PBP__ * 2)) AND ( __PBP__ > 0 )
  63  0019              ;# 63 "C:\Users\User\Desktop\U1 STD\U1_4.c" 1
  63  0019              	NOP
  63  0019              	ENDIF
  63  0019              ;# 63 "C:\Users\User\Desktop\U1 STD\U1_4.c" 1
  63  0019              	IF (22000>>4>=5) AND (22000>>4<( 4 + __PBP__ * 2)) AND ( __PBP__ > 0 )
  63  0019              ;# 63 "C:\Users\User\Desktop\U1 STD\U1_4.c" 1
  63  0019              	NOP
  63  0019              	ENDIF
  63  0019              ;# 63 "C:\Users\User\Desktop\U1 STD\U1_4.c" 1
  63  0019              	IF (22000>>4>=6) AND (22000>>4<( 4 + __PBP__ * 2))  AND ( __PBP__ > 1 )
  63  0019              ;# 63 "C:\Users\User\Desktop\U1 STD\U1_4.c" 1
  63  0019              	NOP
  63  0019              	ENDIF
  63  0019              ;# 63 "C:\Users\User\Desktop\U1 STD\U1_4.c" 1
  63  0019              	IF (22000>>4>=7) AND (22000>>4<( 4 + __PBP__ * 2))  AND ( __PBP__ > 1 )
  63  0019              ;# 63 "C:\Users\User\Desktop\U1 STD\U1_4.c" 1
  63  0019              	NOP
  63  0019              	ENDIF
  63  0019              ;# 63 "C:\Users\User\Desktop\U1 STD\U1_4.c" 1
  63  0019              	IF (22000>>4>=8) AND (22000>>4<( 4 + __PBP__ * 2))  AND ( __PBP__ > 2 )
  63  0019              ;# 63 "C:\Users\User\Desktop\U1 STD\U1_4.c" 1
  63  0019              	NOP
  63  0019              	ENDIF
  63  0019              ;# 63 "C:\Users\User\Desktop\U1 STD\U1_4.c" 1
  63  0019              	IF (22000>>4==9)  AND ( __PBP__ > 2 )
  63  0019              ;# 63 "C:\Users\User\Desktop\U1 STD\U1_4.c" 1
  63  0019              	NOP
  63  0019              	ENDIF
  63  0019              ;# 63 "C:\Users\User\Desktop\U1 STD\U1_4.c" 1
  63  0019              	IF (22000>>4< ( 8 + __PBP__ * 2)) AND (22000>>4>( 3 + __PBP__ * 2))
"File: U1_4.c        Assembler  Version HGASM0202      Page 4

  63  0019              ;# 63 "C:\Users\User\Desktop\U1 STD\U1_4.c" 1
  63  0019              	fcall __DELAY3 + ( 7 + __PBP__ * 2) -22000>>4
  63  0019              	ENDIF
  63  0019              ;# 63 "C:\Users\User\Desktop\U1 STD\U1_4.c" 1
  63  0019              	IF (22000>>4< ( 0404h + __PBP__ * 2)) AND (22000>>4>( 7 + __PBP__ * 2))
  63  0019              ;# 63 "C:\Users\User\Desktop\U1 STD\U1_4.c" 1
  63  0019              	MOV A,(22000>>4-( 4 + __PBP__ * 2))/4
  63  0019              ;# 63 "C:\Users\User\Desktop\U1 STD\U1_4.c" 1
  63  0019              	fcall __DELAYX3 + 3 -((22000>>4-( 4 + __PBP__ * 2)) MOD 4) 
  63  0019              	ENDIF
  63  0019              ;# 63 "C:\Users\User\Desktop\U1 STD\U1_4.c" 1
  63  0019              	IF (22000>>4< ( 040bh + __PBP__ * 2)) AND (22000>>4> ( 0403h + __PBP__ * 2))
  63  0019              ;# 63 "C:\Users\User\Desktop\U1 STD\U1_4.c" 1
  63  0019              	MOV A,0 
  63  0019              ;# 63 "C:\Users\User\Desktop\U1 STD\U1_4.c" 1
  63  0019              	fcall __DELAYX6 + ( 040ah + __PBP__ * 2) -22000>>4
  63  0019              	ENDIF
  63  0019              ;# 63 "C:\Users\User\Desktop\U1 STD\U1_4.c" 1
  63  0019              	IF (22000>>4 >= ( 040bh + __PBP__ * 2)) AND ((((22000>>4-( 9 + __PBP__ * 2))%0402h)/4+1)>256)
  63  0019              ;# 63 "C:\Users\User\Desktop\U1 STD\U1_4.c" 1
  63  0019              	MOV A,(22000>>4-( 9 + __PBP__ * 2))/0402h
  63  0019              ;# 63 "C:\Users\User\Desktop\U1 STD\U1_4.c" 1
  63  0019              	MOV _builtin_holtek_delay_2,A
  63  0019              ;# 63 "C:\Users\User\Desktop\U1 STD\U1_4.c" 1
  63  0019              	MOV A,0
  63  0019              ;# 63 "C:\Users\User\Desktop\U1 STD\U1_4.c" 1
  63  0019              	fcall __DELAYY5 +5- (((22000>>4-( 9 + __PBP__ * 2))%0402h)%6) 
  63  0019              	ENDIF
  63  0019              ;# 63 "C:\Users\User\Desktop\U1 STD\U1_4.c" 1
  63  0019              	IF (22000>>4 >= ( 040bh + __PBP__ * 2)) AND ((((22000>>4-( 9 + __PBP__ * 2))%0402h)/4+1)<=256)
  63  0019              ;# 63 "C:\Users\User\Desktop\U1 STD\U1_4.c" 1
  63  0019  0F01        	MOV A,(22000>>4-( 9 + __PBP__ * 2))/0402h
  63  001A              ;# 63 "C:\Users\User\Desktop\U1 STD\U1_4.c" 1
  63  001A  0080     E  	MOV _builtin_holtek_delay_2,A
  63  001B              ;# 63 "C:\Users\User\Desktop\U1 STD\U1_4.c" 1
  63  001B  0F54        	MOV A,((22000>>4-( 9 + __PBP__ * 2))%0402h)/4+1
  63  001C              ;# 63 "C:\Users\User\Desktop\U1 STD\U1_4.c" 1
  63  001C              	fcall __DELAYY3 +3-(((22000>>4-( 9 + __PBP__ * 2))%0402h)%4) 
  63  0023              	ENDIF
  63  0023  2800     R  	jmp _L3
  63  0024              _L4:
  59  0024              #line 59 "C:\Users\User\Desktop\U1 STD\U1_4.c"
  59  0024              ;# 59 "C:\Users\User\Desktop\U1 STD\U1_4.c" 1
  59  0024              	IF 20000>263690
  59  0024              ;# 59 "C:\Users\User\Desktop\U1 STD\U1_4.c" 1
  59  0024              	ERRMESSAGE 'the value 20000of the argument exceeds the maxinum 263690'
  59  0024              	ENDIF
  59  0024              ;# 59 "C:\Users\User\Desktop\U1 STD\U1_4.c" 1
  59  0024              	IF 20000<0
  59  0024              ;# 59 "C:\Users\User\Desktop\U1 STD\U1_4.c" 1
  59  0024              	ERRMESSAGE 'the value 20000 of the argument exceeds the mininum 0'
  59  0024              	ENDIF
  59  0024              ;# 59 "C:\Users\User\Desktop\U1 STD\U1_4.c" 1
  59  0024              	IF 20000==0
  59  0024              ;# 59 "C:\Users\User\Desktop\U1 STD\U1_4.c" 1
  59  0024              	JMP $
  59  0024              	ENDIF
  59  0024              ;# 59 "C:\Users\User\Desktop\U1 STD\U1_4.c" 1
  59  0024              	IF (20000>=1) AND (20000<( 4 + __PBP__ * 2))
  59  0024              ;# 59 "C:\Users\User\Desktop\U1 STD\U1_4.c" 1
"File: U1_4.c        Assembler  Version HGASM0202      Page 5

  59  0024              	NOP
  59  0024              	ENDIF
  59  0024              ;# 59 "C:\Users\User\Desktop\U1 STD\U1_4.c" 1
  59  0024              	IF (20000>=2) AND (20000<( 4 + __PBP__ * 2))
  59  0024              ;# 59 "C:\Users\User\Desktop\U1 STD\U1_4.c" 1
  59  0024              	NOP
  59  0024              	ENDIF
  59  0024              ;# 59 "C:\Users\User\Desktop\U1 STD\U1_4.c" 1
  59  0024              	IF (20000>=3) AND (20000<( 4 + __PBP__ * 2))
  59  0024              ;# 59 "C:\Users\User\Desktop\U1 STD\U1_4.c" 1
  59  0024              	NOP
  59  0024              	ENDIF
  59  0024              ;# 59 "C:\Users\User\Desktop\U1 STD\U1_4.c" 1
  59  0024              	IF (20000>=4) AND (20000<( 4 + __PBP__ * 2)) AND ( __PBP__ > 0 )
  59  0024              ;# 59 "C:\Users\User\Desktop\U1 STD\U1_4.c" 1
  59  0024              	NOP
  59  0024              	ENDIF
  59  0024              ;# 59 "C:\Users\User\Desktop\U1 STD\U1_4.c" 1
  59  0024              	IF (20000>=5) AND (20000<( 4 + __PBP__ * 2)) AND ( __PBP__ > 0 )
  59  0024              ;# 59 "C:\Users\User\Desktop\U1 STD\U1_4.c" 1
  59  0024              	NOP
  59  0024              	ENDIF
  59  0024              ;# 59 "C:\Users\User\Desktop\U1 STD\U1_4.c" 1
  59  0024              	IF (20000>=6) AND (20000<( 4 + __PBP__ * 2))  AND ( __PBP__ > 1 )
  59  0024              ;# 59 "C:\Users\User\Desktop\U1 STD\U1_4.c" 1
  59  0024              	NOP
  59  0024              	ENDIF
  59  0024              ;# 59 "C:\Users\User\Desktop\U1 STD\U1_4.c" 1
  59  0024              	IF (20000>=7) AND (20000<( 4 + __PBP__ * 2))  AND ( __PBP__ > 1 )
  59  0024              ;# 59 "C:\Users\User\Desktop\U1 STD\U1_4.c" 1
  59  0024              	NOP
  59  0024              	ENDIF
  59  0024              ;# 59 "C:\Users\User\Desktop\U1 STD\U1_4.c" 1
  59  0024              	IF (20000>=8) AND (20000<( 4 + __PBP__ * 2))  AND ( __PBP__ > 2 )
  59  0024              ;# 59 "C:\Users\User\Desktop\U1 STD\U1_4.c" 1
  59  0024              	NOP
  59  0024              	ENDIF
  59  0024              ;# 59 "C:\Users\User\Desktop\U1 STD\U1_4.c" 1
  59  0024              	IF (20000==9)  AND ( __PBP__ > 2 )
  59  0024              ;# 59 "C:\Users\User\Desktop\U1 STD\U1_4.c" 1
  59  0024              	NOP
  59  0024              	ENDIF
  59  0024              ;# 59 "C:\Users\User\Desktop\U1 STD\U1_4.c" 1
  59  0024              	IF (20000< ( 8 + __PBP__ * 2)) AND (20000>( 3 + __PBP__ * 2))
  59  0024              ;# 59 "C:\Users\User\Desktop\U1 STD\U1_4.c" 1
  59  0024              	fcall __DELAY3 + ( 7 + __PBP__ * 2) -20000
  59  0024              	ENDIF
  59  0024              ;# 59 "C:\Users\User\Desktop\U1 STD\U1_4.c" 1
  59  0024              	IF (20000< ( 0404h + __PBP__ * 2)) AND (20000>( 7 + __PBP__ * 2))
  59  0024              ;# 59 "C:\Users\User\Desktop\U1 STD\U1_4.c" 1
  59  0024              	MOV A,(20000-( 4 + __PBP__ * 2))/4
  59  0024              ;# 59 "C:\Users\User\Desktop\U1 STD\U1_4.c" 1
  59  0024              	fcall __DELAYX3 + 3 -((20000-( 4 + __PBP__ * 2)) MOD 4) 
  59  0024              	ENDIF
  59  0024              ;# 59 "C:\Users\User\Desktop\U1 STD\U1_4.c" 1
  59  0024              	IF (20000< ( 040bh + __PBP__ * 2)) AND (20000> ( 0403h + __PBP__ * 2))
  59  0024              ;# 59 "C:\Users\User\Desktop\U1 STD\U1_4.c" 1
  59  0024              	MOV A,0 
  59  0024              ;# 59 "C:\Users\User\Desktop\U1 STD\U1_4.c" 1
  59  0024              	fcall __DELAYX6 + ( 040ah + __PBP__ * 2) -20000
"File: U1_4.c        Assembler  Version HGASM0202      Page 6

  59  0024              	ENDIF
  59  0024              ;# 59 "C:\Users\User\Desktop\U1 STD\U1_4.c" 1
  59  0024              	IF (20000 >= ( 040bh + __PBP__ * 2)) AND ((((20000-( 9 + __PBP__ * 2))%0402h)/4+1)>256)
  59  0024              ;# 59 "C:\Users\User\Desktop\U1 STD\U1_4.c" 1
  59  0024              	MOV A,(20000-( 9 + __PBP__ * 2))/0402h
  59  0024              ;# 59 "C:\Users\User\Desktop\U1 STD\U1_4.c" 1
  59  0024              	MOV _builtin_holtek_delay_2,A
  59  0024              ;# 59 "C:\Users\User\Desktop\U1 STD\U1_4.c" 1
  59  0024              	MOV A,0
  59  0024              ;# 59 "C:\Users\User\Desktop\U1 STD\U1_4.c" 1
  59  0024              	fcall __DELAYY5 +5- (((20000-( 9 + __PBP__ * 2))%0402h)%6) 
  59  0024              	ENDIF
  59  0024              ;# 59 "C:\Users\User\Desktop\U1 STD\U1_4.c" 1
  59  0024              	IF (20000 >= ( 040bh + __PBP__ * 2)) AND ((((20000-( 9 + __PBP__ * 2))%0402h)/4+1)<=256)
  59  0024              ;# 59 "C:\Users\User\Desktop\U1 STD\U1_4.c" 1
  59  0024  0F13        	MOV A,(20000-( 9 + __PBP__ * 2))/0402h
  59  0025              ;# 59 "C:\Users\User\Desktop\U1 STD\U1_4.c" 1
  59  0025  0080     E  	MOV _builtin_holtek_delay_2,A
  59  0026              ;# 59 "C:\Users\User\Desktop\U1 STD\U1_4.c" 1
  59  0026  0F7B        	MOV A,((20000-( 9 + __PBP__ * 2))%0402h)/4+1
  59  0027              ;# 59 "C:\Users\User\Desktop\U1 STD\U1_4.c" 1
  59  0027              	fcall __DELAYY3 +3-(((20000-( 9 + __PBP__ * 2))%0402h)%4) 
  59  002E              	ENDIF
  59  002E  2800     R  	jmp _L3
  59  002F              _L5:
  60  002F              #line 60 "C:\Users\User\Desktop\U1 STD\U1_4.c"
  60  002F              ;# 60 "C:\Users\User\Desktop\U1 STD\U1_4.c" 1
  60  002F              	IF 20000>>1>263690
  60  002F              ;# 60 "C:\Users\User\Desktop\U1 STD\U1_4.c" 1
  60  002F              	ERRMESSAGE 'the value 20000>>1of the argument exceeds the maxinum 263690'
  60  002F              	ENDIF
  60  002F              ;# 60 "C:\Users\User\Desktop\U1 STD\U1_4.c" 1
  60  002F              	IF 20000>>1<0
  60  002F              ;# 60 "C:\Users\User\Desktop\U1 STD\U1_4.c" 1
  60  002F              	ERRMESSAGE 'the value 20000>>1 of the argument exceeds the mininum 0'
  60  002F              	ENDIF
  60  002F              ;# 60 "C:\Users\User\Desktop\U1 STD\U1_4.c" 1
  60  002F              	IF 20000>>1==0
  60  002F              ;# 60 "C:\Users\User\Desktop\U1 STD\U1_4.c" 1
  60  002F              	JMP $
  60  002F              	ENDIF
  60  002F              ;# 60 "C:\Users\User\Desktop\U1 STD\U1_4.c" 1
  60  002F              	IF (20000>>1>=1) AND (20000>>1<( 4 + __PBP__ * 2))
  60  002F              ;# 60 "C:\Users\User\Desktop\U1 STD\U1_4.c" 1
  60  002F              	NOP
  60  002F              	ENDIF
  60  002F              ;# 60 "C:\Users\User\Desktop\U1 STD\U1_4.c" 1
  60  002F              	IF (20000>>1>=2) AND (20000>>1<( 4 + __PBP__ * 2))
  60  002F              ;# 60 "C:\Users\User\Desktop\U1 STD\U1_4.c" 1
  60  002F              	NOP
  60  002F              	ENDIF
  60  002F              ;# 60 "C:\Users\User\Desktop\U1 STD\U1_4.c" 1
  60  002F              	IF (20000>>1>=3) AND (20000>>1<( 4 + __PBP__ * 2))
  60  002F              ;# 60 "C:\Users\User\Desktop\U1 STD\U1_4.c" 1
  60  002F              	NOP
  60  002F              	ENDIF
  60  002F              ;# 60 "C:\Users\User\Desktop\U1 STD\U1_4.c" 1
  60  002F              	IF (20000>>1>=4) AND (20000>>1<( 4 + __PBP__ * 2)) AND ( __PBP__ > 0 )
  60  002F              ;# 60 "C:\Users\User\Desktop\U1 STD\U1_4.c" 1
  60  002F              	NOP
"File: U1_4.c        Assembler  Version HGASM0202      Page 7

  60  002F              	ENDIF
  60  002F              ;# 60 "C:\Users\User\Desktop\U1 STD\U1_4.c" 1
  60  002F              	IF (20000>>1>=5) AND (20000>>1<( 4 + __PBP__ * 2)) AND ( __PBP__ > 0 )
  60  002F              ;# 60 "C:\Users\User\Desktop\U1 STD\U1_4.c" 1
  60  002F              	NOP
  60  002F              	ENDIF
  60  002F              ;# 60 "C:\Users\User\Desktop\U1 STD\U1_4.c" 1
  60  002F              	IF (20000>>1>=6) AND (20000>>1<( 4 + __PBP__ * 2))  AND ( __PBP__ > 1 )
  60  002F              ;# 60 "C:\Users\User\Desktop\U1 STD\U1_4.c" 1
  60  002F              	NOP
  60  002F              	ENDIF
  60  002F              ;# 60 "C:\Users\User\Desktop\U1 STD\U1_4.c" 1
  60  002F              	IF (20000>>1>=7) AND (20000>>1<( 4 + __PBP__ * 2))  AND ( __PBP__ > 1 )
  60  002F              ;# 60 "C:\Users\User\Desktop\U1 STD\U1_4.c" 1
  60  002F              	NOP
  60  002F              	ENDIF
  60  002F              ;# 60 "C:\Users\User\Desktop\U1 STD\U1_4.c" 1
  60  002F              	IF (20000>>1>=8) AND (20000>>1<( 4 + __PBP__ * 2))  AND ( __PBP__ > 2 )
  60  002F              ;# 60 "C:\Users\User\Desktop\U1 STD\U1_4.c" 1
  60  002F              	NOP
  60  002F              	ENDIF
  60  002F              ;# 60 "C:\Users\User\Desktop\U1 STD\U1_4.c" 1
  60  002F              	IF (20000>>1==9)  AND ( __PBP__ > 2 )
  60  002F              ;# 60 "C:\Users\User\Desktop\U1 STD\U1_4.c" 1
  60  002F              	NOP
  60  002F              	ENDIF
  60  002F              ;# 60 "C:\Users\User\Desktop\U1 STD\U1_4.c" 1
  60  002F              	IF (20000>>1< ( 8 + __PBP__ * 2)) AND (20000>>1>( 3 + __PBP__ * 2))
  60  002F              ;# 60 "C:\Users\User\Desktop\U1 STD\U1_4.c" 1
  60  002F              	fcall __DELAY3 + ( 7 + __PBP__ * 2) -20000>>1
  60  002F              	ENDIF
  60  002F              ;# 60 "C:\Users\User\Desktop\U1 STD\U1_4.c" 1
  60  002F              	IF (20000>>1< ( 0404h + __PBP__ * 2)) AND (20000>>1>( 7 + __PBP__ * 2))
  60  002F              ;# 60 "C:\Users\User\Desktop\U1 STD\U1_4.c" 1
  60  002F              	MOV A,(20000>>1-( 4 + __PBP__ * 2))/4
  60  002F              ;# 60 "C:\Users\User\Desktop\U1 STD\U1_4.c" 1
  60  002F              	fcall __DELAYX3 + 3 -((20000>>1-( 4 + __PBP__ * 2)) MOD 4) 
  60  002F              	ENDIF
  60  002F              ;# 60 "C:\Users\User\Desktop\U1 STD\U1_4.c" 1
  60  002F              	IF (20000>>1< ( 040bh + __PBP__ * 2)) AND (20000>>1> ( 0403h + __PBP__ * 2))
  60  002F              ;# 60 "C:\Users\User\Desktop\U1 STD\U1_4.c" 1
  60  002F              	MOV A,0 
  60  002F              ;# 60 "C:\Users\User\Desktop\U1 STD\U1_4.c" 1
  60  002F              	fcall __DELAYX6 + ( 040ah + __PBP__ * 2) -20000>>1
  60  002F              	ENDIF
  60  002F              ;# 60 "C:\Users\User\Desktop\U1 STD\U1_4.c" 1
  60  002F              	IF (20000>>1 >= ( 040bh + __PBP__ * 2)) AND ((((20000>>1-( 9 + __PBP__ * 2))%0402h)/4+1)>256)
  60  002F              ;# 60 "C:\Users\User\Desktop\U1 STD\U1_4.c" 1
  60  002F              	MOV A,(20000>>1-( 9 + __PBP__ * 2))/0402h
  60  002F              ;# 60 "C:\Users\User\Desktop\U1 STD\U1_4.c" 1
  60  002F              	MOV _builtin_holtek_delay_2,A
  60  002F              ;# 60 "C:\Users\User\Desktop\U1 STD\U1_4.c" 1
  60  002F              	MOV A,0
  60  002F              ;# 60 "C:\Users\User\Desktop\U1 STD\U1_4.c" 1
  60  002F              	fcall __DELAYY5 +5- (((20000>>1-( 9 + __PBP__ * 2))%0402h)%6) 
  60  002F              	ENDIF
  60  002F              ;# 60 "C:\Users\User\Desktop\U1 STD\U1_4.c" 1
  60  002F              	IF (20000>>1 >= ( 040bh + __PBP__ * 2)) AND ((((20000>>1-( 9 + __PBP__ * 2))%0402h)/4+1)<=256)
  60  002F              ;# 60 "C:\Users\User\Desktop\U1 STD\U1_4.c" 1
  60  002F  0F09        	MOV A,(20000>>1-( 9 + __PBP__ * 2))/0402h
"File: U1_4.c        Assembler  Version HGASM0202      Page 8

  60  0030              ;# 60 "C:\Users\User\Desktop\U1 STD\U1_4.c" 1
  60  0030  0080     E  	MOV _builtin_holtek_delay_2,A
  60  0031              ;# 60 "C:\Users\User\Desktop\U1 STD\U1_4.c" 1
  60  0031  0FBC        	MOV A,((20000>>1-( 9 + __PBP__ * 2))%0402h)/4+1
  60  0032              ;# 60 "C:\Users\User\Desktop\U1 STD\U1_4.c" 1
  60  0032              	fcall __DELAYY3 +3-(((20000>>1-( 9 + __PBP__ * 2))%0402h)%4) 
  60  0039              	ENDIF
  60  0039  2800     R  	jmp _L3
  60  003A              _L6:
  61  003A              #line 61 "C:\Users\User\Desktop\U1 STD\U1_4.c"
  61  003A              ;# 61 "C:\Users\User\Desktop\U1 STD\U1_4.c" 1
  61  003A              	IF 20000>>2>263690
  61  003A              ;# 61 "C:\Users\User\Desktop\U1 STD\U1_4.c" 1
  61  003A              	ERRMESSAGE 'the value 20000>>2of the argument exceeds the maxinum 263690'
  61  003A              	ENDIF
  61  003A              ;# 61 "C:\Users\User\Desktop\U1 STD\U1_4.c" 1
  61  003A              	IF 20000>>2<0
  61  003A              ;# 61 "C:\Users\User\Desktop\U1 STD\U1_4.c" 1
  61  003A              	ERRMESSAGE 'the value 20000>>2 of the argument exceeds the mininum 0'
  61  003A              	ENDIF
  61  003A              ;# 61 "C:\Users\User\Desktop\U1 STD\U1_4.c" 1
  61  003A              	IF 20000>>2==0
  61  003A              ;# 61 "C:\Users\User\Desktop\U1 STD\U1_4.c" 1
  61  003A              	JMP $
  61  003A              	ENDIF
  61  003A              ;# 61 "C:\Users\User\Desktop\U1 STD\U1_4.c" 1
  61  003A              	IF (20000>>2>=1) AND (20000>>2<( 4 + __PBP__ * 2))
  61  003A              ;# 61 "C:\Users\User\Desktop\U1 STD\U1_4.c" 1
  61  003A              	NOP
  61  003A              	ENDIF
  61  003A              ;# 61 "C:\Users\User\Desktop\U1 STD\U1_4.c" 1
  61  003A              	IF (20000>>2>=2) AND (20000>>2<( 4 + __PBP__ * 2))
  61  003A              ;# 61 "C:\Users\User\Desktop\U1 STD\U1_4.c" 1
  61  003A              	NOP
  61  003A              	ENDIF
  61  003A              ;# 61 "C:\Users\User\Desktop\U1 STD\U1_4.c" 1
  61  003A              	IF (20000>>2>=3) AND (20000>>2<( 4 + __PBP__ * 2))
  61  003A              ;# 61 "C:\Users\User\Desktop\U1 STD\U1_4.c" 1
  61  003A              	NOP
  61  003A              	ENDIF
  61  003A              ;# 61 "C:\Users\User\Desktop\U1 STD\U1_4.c" 1
  61  003A              	IF (20000>>2>=4) AND (20000>>2<( 4 + __PBP__ * 2)) AND ( __PBP__ > 0 )
  61  003A              ;# 61 "C:\Users\User\Desktop\U1 STD\U1_4.c" 1
  61  003A              	NOP
  61  003A              	ENDIF
  61  003A              ;# 61 "C:\Users\User\Desktop\U1 STD\U1_4.c" 1
  61  003A              	IF (20000>>2>=5) AND (20000>>2<( 4 + __PBP__ * 2)) AND ( __PBP__ > 0 )
  61  003A              ;# 61 "C:\Users\User\Desktop\U1 STD\U1_4.c" 1
  61  003A              	NOP
  61  003A              	ENDIF
  61  003A              ;# 61 "C:\Users\User\Desktop\U1 STD\U1_4.c" 1
  61  003A              	IF (20000>>2>=6) AND (20000>>2<( 4 + __PBP__ * 2))  AND ( __PBP__ > 1 )
  61  003A              ;# 61 "C:\Users\User\Desktop\U1 STD\U1_4.c" 1
  61  003A              	NOP
  61  003A              	ENDIF
  61  003A              ;# 61 "C:\Users\User\Desktop\U1 STD\U1_4.c" 1
  61  003A              	IF (20000>>2>=7) AND (20000>>2<( 4 + __PBP__ * 2))  AND ( __PBP__ > 1 )
  61  003A              ;# 61 "C:\Users\User\Desktop\U1 STD\U1_4.c" 1
  61  003A              	NOP
  61  003A              	ENDIF
"File: U1_4.c        Assembler  Version HGASM0202      Page 9

  61  003A              ;# 61 "C:\Users\User\Desktop\U1 STD\U1_4.c" 1
  61  003A              	IF (20000>>2>=8) AND (20000>>2<( 4 + __PBP__ * 2))  AND ( __PBP__ > 2 )
  61  003A              ;# 61 "C:\Users\User\Desktop\U1 STD\U1_4.c" 1
  61  003A              	NOP
  61  003A              	ENDIF
  61  003A              ;# 61 "C:\Users\User\Desktop\U1 STD\U1_4.c" 1
  61  003A              	IF (20000>>2==9)  AND ( __PBP__ > 2 )
  61  003A              ;# 61 "C:\Users\User\Desktop\U1 STD\U1_4.c" 1
  61  003A              	NOP
  61  003A              	ENDIF
  61  003A              ;# 61 "C:\Users\User\Desktop\U1 STD\U1_4.c" 1
  61  003A              	IF (20000>>2< ( 8 + __PBP__ * 2)) AND (20000>>2>( 3 + __PBP__ * 2))
  61  003A              ;# 61 "C:\Users\User\Desktop\U1 STD\U1_4.c" 1
  61  003A              	fcall __DELAY3 + ( 7 + __PBP__ * 2) -20000>>2
  61  003A              	ENDIF
  61  003A              ;# 61 "C:\Users\User\Desktop\U1 STD\U1_4.c" 1
  61  003A              	IF (20000>>2< ( 0404h + __PBP__ * 2)) AND (20000>>2>( 7 + __PBP__ * 2))
  61  003A              ;# 61 "C:\Users\User\Desktop\U1 STD\U1_4.c" 1
  61  003A              	MOV A,(20000>>2-( 4 + __PBP__ * 2))/4
  61  003A              ;# 61 "C:\Users\User\Desktop\U1 STD\U1_4.c" 1
  61  003A              	fcall __DELAYX3 + 3 -((20000>>2-( 4 + __PBP__ * 2)) MOD 4) 
  61  003A              	ENDIF
  61  003A              ;# 61 "C:\Users\User\Desktop\U1 STD\U1_4.c" 1
  61  003A              	IF (20000>>2< ( 040bh + __PBP__ * 2)) AND (20000>>2> ( 0403h + __PBP__ * 2))
  61  003A              ;# 61 "C:\Users\User\Desktop\U1 STD\U1_4.c" 1
  61  003A              	MOV A,0 
  61  003A              ;# 61 "C:\Users\User\Desktop\U1 STD\U1_4.c" 1
  61  003A              	fcall __DELAYX6 + ( 040ah + __PBP__ * 2) -20000>>2
  61  003A              	ENDIF
  61  003A              ;# 61 "C:\Users\User\Desktop\U1 STD\U1_4.c" 1
  61  003A              	IF (20000>>2 >= ( 040bh + __PBP__ * 2)) AND ((((20000>>2-( 9 + __PBP__ * 2))%0402h)/4+1)>256)
  61  003A              ;# 61 "C:\Users\User\Desktop\U1 STD\U1_4.c" 1
  61  003A              	MOV A,(20000>>2-( 9 + __PBP__ * 2))/0402h
  61  003A              ;# 61 "C:\Users\User\Desktop\U1 STD\U1_4.c" 1
  61  003A              	MOV _builtin_holtek_delay_2,A
  61  003A              ;# 61 "C:\Users\User\Desktop\U1 STD\U1_4.c" 1
  61  003A              	MOV A,0
  61  003A              ;# 61 "C:\Users\User\Desktop\U1 STD\U1_4.c" 1
  61  003A              	fcall __DELAYY5 +5- (((20000>>2-( 9 + __PBP__ * 2))%0402h)%6) 
  61  003A              	ENDIF
  61  003A              ;# 61 "C:\Users\User\Desktop\U1 STD\U1_4.c" 1
  61  003A              	IF (20000>>2 >= ( 040bh + __PBP__ * 2)) AND ((((20000>>2-( 9 + __PBP__ * 2))%0402h)/4+1)<=256)
  61  003A              ;# 61 "C:\Users\User\Desktop\U1 STD\U1_4.c" 1
  61  003A  0F04        	MOV A,(20000>>2-( 9 + __PBP__ * 2))/0402h
  61  003B              ;# 61 "C:\Users\User\Desktop\U1 STD\U1_4.c" 1
  61  003B  0080     E  	MOV _builtin_holtek_delay_2,A
  61  003C              ;# 61 "C:\Users\User\Desktop\U1 STD\U1_4.c" 1
  61  003C  0FDD        	MOV A,((20000>>2-( 9 + __PBP__ * 2))%0402h)/4+1
  61  003D              ;# 61 "C:\Users\User\Desktop\U1 STD\U1_4.c" 1
  61  003D              	fcall __DELAYY3 +3-(((20000>>2-( 9 + __PBP__ * 2))%0402h)%4) 
  61  0044              	ENDIF
  61  0044  2800     R  	jmp _L3
  61  0045              _L7:
  62  0045              #line 62 "C:\Users\User\Desktop\U1 STD\U1_4.c"
  62  0045              ;# 62 "C:\Users\User\Desktop\U1 STD\U1_4.c" 1
  62  0045              	IF 20000>>3>263690
  62  0045              ;# 62 "C:\Users\User\Desktop\U1 STD\U1_4.c" 1
  62  0045              	ERRMESSAGE 'the value 20000>>3of the argument exceeds the maxinum 263690'
  62  0045              	ENDIF
  62  0045              ;# 62 "C:\Users\User\Desktop\U1 STD\U1_4.c" 1
"File: U1_4.c        Assembler  Version HGASM0202      Page 10

  62  0045              	IF 20000>>3<0
  62  0045              ;# 62 "C:\Users\User\Desktop\U1 STD\U1_4.c" 1
  62  0045              	ERRMESSAGE 'the value 20000>>3 of the argument exceeds the mininum 0'
  62  0045              	ENDIF
  62  0045              ;# 62 "C:\Users\User\Desktop\U1 STD\U1_4.c" 1
  62  0045              	IF 20000>>3==0
  62  0045              ;# 62 "C:\Users\User\Desktop\U1 STD\U1_4.c" 1
  62  0045              	JMP $
  62  0045              	ENDIF
  62  0045              ;# 62 "C:\Users\User\Desktop\U1 STD\U1_4.c" 1
  62  0045              	IF (20000>>3>=1) AND (20000>>3<( 4 + __PBP__ * 2))
  62  0045              ;# 62 "C:\Users\User\Desktop\U1 STD\U1_4.c" 1
  62  0045              	NOP
  62  0045              	ENDIF
  62  0045              ;# 62 "C:\Users\User\Desktop\U1 STD\U1_4.c" 1
  62  0045              	IF (20000>>3>=2) AND (20000>>3<( 4 + __PBP__ * 2))
  62  0045              ;# 62 "C:\Users\User\Desktop\U1 STD\U1_4.c" 1
  62  0045              	NOP
  62  0045              	ENDIF
  62  0045              ;# 62 "C:\Users\User\Desktop\U1 STD\U1_4.c" 1
  62  0045              	IF (20000>>3>=3) AND (20000>>3<( 4 + __PBP__ * 2))
  62  0045              ;# 62 "C:\Users\User\Desktop\U1 STD\U1_4.c" 1
  62  0045              	NOP
  62  0045              	ENDIF
  62  0045              ;# 62 "C:\Users\User\Desktop\U1 STD\U1_4.c" 1
  62  0045              	IF (20000>>3>=4) AND (20000>>3<( 4 + __PBP__ * 2)) AND ( __PBP__ > 0 )
  62  0045              ;# 62 "C:\Users\User\Desktop\U1 STD\U1_4.c" 1
  62  0045              	NOP
  62  0045              	ENDIF
  62  0045              ;# 62 "C:\Users\User\Desktop\U1 STD\U1_4.c" 1
  62  0045              	IF (20000>>3>=5) AND (20000>>3<( 4 + __PBP__ * 2)) AND ( __PBP__ > 0 )
  62  0045              ;# 62 "C:\Users\User\Desktop\U1 STD\U1_4.c" 1
  62  0045              	NOP
  62  0045              	ENDIF
  62  0045              ;# 62 "C:\Users\User\Desktop\U1 STD\U1_4.c" 1
  62  0045              	IF (20000>>3>=6) AND (20000>>3<( 4 + __PBP__ * 2))  AND ( __PBP__ > 1 )
  62  0045              ;# 62 "C:\Users\User\Desktop\U1 STD\U1_4.c" 1
  62  0045              	NOP
  62  0045              	ENDIF
  62  0045              ;# 62 "C:\Users\User\Desktop\U1 STD\U1_4.c" 1
  62  0045              	IF (20000>>3>=7) AND (20000>>3<( 4 + __PBP__ * 2))  AND ( __PBP__ > 1 )
  62  0045              ;# 62 "C:\Users\User\Desktop\U1 STD\U1_4.c" 1
  62  0045              	NOP
  62  0045              	ENDIF
  62  0045              ;# 62 "C:\Users\User\Desktop\U1 STD\U1_4.c" 1
  62  0045              	IF (20000>>3>=8) AND (20000>>3<( 4 + __PBP__ * 2))  AND ( __PBP__ > 2 )
  62  0045              ;# 62 "C:\Users\User\Desktop\U1 STD\U1_4.c" 1
  62  0045              	NOP
  62  0045              	ENDIF
  62  0045              ;# 62 "C:\Users\User\Desktop\U1 STD\U1_4.c" 1
  62  0045              	IF (20000>>3==9)  AND ( __PBP__ > 2 )
  62  0045              ;# 62 "C:\Users\User\Desktop\U1 STD\U1_4.c" 1
  62  0045              	NOP
  62  0045              	ENDIF
  62  0045              ;# 62 "C:\Users\User\Desktop\U1 STD\U1_4.c" 1
  62  0045              	IF (20000>>3< ( 8 + __PBP__ * 2)) AND (20000>>3>( 3 + __PBP__ * 2))
  62  0045              ;# 62 "C:\Users\User\Desktop\U1 STD\U1_4.c" 1
  62  0045              	fcall __DELAY3 + ( 7 + __PBP__ * 2) -20000>>3
  62  0045              	ENDIF
  62  0045              ;# 62 "C:\Users\User\Desktop\U1 STD\U1_4.c" 1
"File: U1_4.c        Assembler  Version HGASM0202      Page 11

  62  0045              	IF (20000>>3< ( 0404h + __PBP__ * 2)) AND (20000>>3>( 7 + __PBP__ * 2))
  62  0045              ;# 62 "C:\Users\User\Desktop\U1 STD\U1_4.c" 1
  62  0045              	MOV A,(20000>>3-( 4 + __PBP__ * 2))/4
  62  0045              ;# 62 "C:\Users\User\Desktop\U1 STD\U1_4.c" 1
  62  0045              	fcall __DELAYX3 + 3 -((20000>>3-( 4 + __PBP__ * 2)) MOD 4) 
  62  0045              	ENDIF
  62  0045              ;# 62 "C:\Users\User\Desktop\U1 STD\U1_4.c" 1
  62  0045              	IF (20000>>3< ( 040bh + __PBP__ * 2)) AND (20000>>3> ( 0403h + __PBP__ * 2))
  62  0045              ;# 62 "C:\Users\User\Desktop\U1 STD\U1_4.c" 1
  62  0045              	MOV A,0 
  62  0045              ;# 62 "C:\Users\User\Desktop\U1 STD\U1_4.c" 1
  62  0045              	fcall __DELAYX6 + ( 040ah + __PBP__ * 2) -20000>>3
  62  0045              	ENDIF
  62  0045              ;# 62 "C:\Users\User\Desktop\U1 STD\U1_4.c" 1
  62  0045              	IF (20000>>3 >= ( 040bh + __PBP__ * 2)) AND ((((20000>>3-( 9 + __PBP__ * 2))%0402h)/4+1)>256)
  62  0045              ;# 62 "C:\Users\User\Desktop\U1 STD\U1_4.c" 1
  62  0045              	MOV A,(20000>>3-( 9 + __PBP__ * 2))/0402h
  62  0045              ;# 62 "C:\Users\User\Desktop\U1 STD\U1_4.c" 1
  62  0045              	MOV _builtin_holtek_delay_2,A
  62  0045              ;# 62 "C:\Users\User\Desktop\U1 STD\U1_4.c" 1
  62  0045              	MOV A,0
  62  0045              ;# 62 "C:\Users\User\Desktop\U1 STD\U1_4.c" 1
  62  0045              	fcall __DELAYY5 +5- (((20000>>3-( 9 + __PBP__ * 2))%0402h)%6) 
  62  0045              	ENDIF
  62  0045              ;# 62 "C:\Users\User\Desktop\U1 STD\U1_4.c" 1
  62  0045              	IF (20000>>3 >= ( 040bh + __PBP__ * 2)) AND ((((20000>>3-( 9 + __PBP__ * 2))%0402h)/4+1)<=256)
  62  0045              ;# 62 "C:\Users\User\Desktop\U1 STD\U1_4.c" 1
  62  0045  0F02        	MOV A,(20000>>3-( 9 + __PBP__ * 2))/0402h
  62  0046              ;# 62 "C:\Users\User\Desktop\U1 STD\U1_4.c" 1
  62  0046  0080     E  	MOV _builtin_holtek_delay_2,A
  62  0047              ;# 62 "C:\Users\User\Desktop\U1 STD\U1_4.c" 1
  62  0047  0F6D        	MOV A,((20000>>3-( 9 + __PBP__ * 2))%0402h)/4+1
  62  0048              ;# 62 "C:\Users\User\Desktop\U1 STD\U1_4.c" 1
  62  0048              	fcall __DELAYY3 +3-(((20000>>3-( 9 + __PBP__ * 2))%0402h)%4) 
  62  004F              	ENDIF
  62  004F              _L3:
  54  004F              #line 54 "C:\Users\User\Desktop\U1 STD\U1_4.c"
  54  004F  1480     E  	inc ra
  54  0050              _L2:
  54  0050  0700     E  	mov a,ra
  54  0051  0200     R  	sub a,_PAUSE_2[0]
  54  0052  390A        	snz z
  54  0053  2800     R  	jmp _L9
  54  0054  0003        	ret
  54  0055              _PAUSE endp
  54  0055              #line 54 "C:\Users\User\Desktop\U1 STD\U1_4.c"
  54  0055              #pragma debug scope 1 1
  54  0055              ___pg equ [39]
  54  0055              public _Display029
  54  0055              #pragma debug scope 3 1
  32  0055              #line 32 "C:\Users\User\Desktop\U1 STD\U1_4.c"
  32  0000              _Display029 .section 'code'
  32  0000              _Display029 proc
  32  0000  0002[           local _Display029_2 db 2 dup(?)	; 0,2
            00
            ]
  32  0002              #pragma debug variable 8 3 _Display029_2+1 "i"
  32  0000  0F0A        	mov a,10
  32  0001  0080     R  	mov _Display029_2[0],a
  33  0002              #line 33 "C:\Users\User\Desktop\U1 STD\U1_4.c"
"File: U1_4.c        Assembler  Version HGASM0202      Page 12

  33  0002  1F00     R  	clr _Display029_2[1]
  33  0003              _L13:
  34  0003              #line 34 "C:\Users\User\Desktop\U1 STD\U1_4.c"
  34  0003  0F00     R  	mov a,low offset _SEG_TAB
  34  0004  0300     R  	add a,_Display029_2[1]
  34  0005  0083        	mov mp,a
  34  0006  0F00     R  	mov a,high offset _SEG_TAB
  34  0007  1F04        	clr sbp
  34  0008  1384        	adcm a,sbp
  34  0009              	fcall _Crom2Prom
  34  0010  00A7        	mov [39],a
  35  0011              #line 35 "C:\Users\User\Desktop\U1 STD\U1_4.c"
  35  0011  0F0A        	mov a,10
  35  0012              	fcall _PAUSE
  33  0019              #line 33 "C:\Users\User\Desktop\U1 STD\U1_4.c"
  33  0019  1480     R  	inc _Display029_2[1]
  33  001A  1780     R  	sdz _Display029_2[0]
  33  001B  2800     R  	jmp _L13
  33  001C  0003        	ret
  33  001D              _Display029 endp
  33  001D              #line 33 "C:\Users\User\Desktop\U1 STD\U1_4.c"
  33  001D              #pragma debug scope 1 1
  33  001D              ___wdtc equ [62]
  33  001D              ___pgc equ [40]
  33  001D              public _main
  33  001D              #pragma debug scope 4 1
  16  001D              #line 16 "C:\Users\User\Desktop\U1 STD\U1_4.c"
  16  001D              IFDEF WITH_DEFAULT_STARTUP
  16  001D              extern _main_initial0:near
  16  001D              extern _main_startup:near
  16  001D              ENDIF
  16  001D              
  16  001D              ROMBANK 0 @start
  16  0000              @start .section com_l 'code'
  16  0000              _main_startup1:
  16  0000              @start .section com_e 'code'
  16  0000  0F00     R  	mov a,bank _main
  16  0001  008B        	mov bp,a
  16  0002  2800     R  	jmp _main
  16  0003              
  16  0000              _main .section 'code'
  16  0000              _main proc
  16  0000  00              local _main_2 db 1 dup(?)
  16  0001              #pragma debug variable 8 4 _main_2+0 "i"
  17  0001              #line 17 "C:\Users\User\Desktop\U1 STD\U1_4.c"
  17  0000  0FAF        	mov a,175
  17  0001  00BE        	mov [62],a
  18  0002              #line 18 "C:\Users\User\Desktop\U1 STD\U1_4.c"
  18  0002  1F27        	clr [39]
  18  0003  1F28        	clr [40]
  18  0004              _L17:
  20  0004              #line 20 "C:\Users\User\Desktop\U1 STD\U1_4.c"
  20  0004  1F00     R  	clr _main_2[0]
  20  0005              _L15:
  21  0005              #line 21 "C:\Users\User\Desktop\U1 STD\U1_4.c"
  21  0005  0F1F        	mov a,31
  21  0006  06BA        	andm a,[58]
  22  0007              #line 22 "C:\Users\User\Desktop\U1 STD\U1_4.c"
  22  0007  0700     R  	mov a,_main_2[0]
  22  0008  0080     E  	mov rb,a
"File: U1_4.c        Assembler  Version HGASM0202      Page 13

  22  0009  1F00     E  	clr rc
  22  000A  0F05        	mov a,5
  22  000B              _LI1:
  22  000B  340A        	clr c
  22  000C  1A80     E  	rlc rb
  22  000D  1A80     E  	rlc rc
  22  000E  1785        	sdz acc
  22  000F  2800     R  	jmp _LI1
  22  0010  0700     E  	mov a,rb
  22  0011  05BA        	orm a,[58]
  23  0012              #line 23 "C:\Users\User\Desktop\U1 STD\U1_4.c"
  23  0012              	fcall _Display029
  20  0019              #line 20 "C:\Users\User\Desktop\U1 STD\U1_4.c"
  20  0019  1480     R  	inc _main_2[0]
  20  001A  0F04        	mov a,4
  20  001B  0200     R  	sub a,_main_2[0]
  20  001C  3C0A        	sz c
  20  001D  2800     R  	jmp _L15
  20  001E  2800     R  	jmp _L17
  20  001F  2800     R  	jmp $
  20  0020              _main endp
  20  0020              
  20  0020              @dummy endp
  20  0020              
  20  0020              #line 20 "C:\Users\User\Desktop\U1 STD\U1_4.c"
  20  0020              #pragma debug scope 1 1
  20  0020              public _SEG_TAB
  20  0000              @crom	.section 'crom'
   8  0000              #line 8 "C:\Users\User\Desktop\U1 STD\U1_4.c"
   8  0000              @crom	.section	'crom'
   8  0000              _SEG_TAB:
   8  0000              #pragma debug array 42 8 10 1
   8  0000              #pragma debug array 42 8 10 1
   8  0000              #pragma debug variable 42 1 _SEG_TAB "SEG_TAB"
   8  0000              	db 63
   8  0001              	db 6
   8  0001              	db 91
   8  0002              	db 79
   8  0002              	db 102
   8  0003              	db 109
   8  0003              	db 125
   8  0004              	db 7
   8  0004              	db 127
   8  0005              	db 103
   8  0005              #pragma debug struct_end
   8  0005              #pragma debug struct_end
   8  0005              #pragma debug union_end
   8  0005              #pragma debug union_end
   8  0005              #pragma debug variable 44 1 ___pg "__pg" 1
   8  0005              #pragma debug struct_end
   8  0005              #pragma debug struct_end
   8  0005              #pragma debug union_end
   8  0005              #pragma debug union_end
   8  0005              #pragma debug variable 46 1 ___pgc "__pgc" 1
   8  0005              #pragma debug struct_end
   8  0005              #pragma debug struct_end
   8  0005              #pragma debug union_end
   8  0005              #pragma debug union_end
   8  0005              #pragma debug variable 48 1 ___scc "__scc" 1
   8  0005              #pragma debug struct_end
"File: U1_4.c        Assembler  Version HGASM0202      Page 14

   8  0005              #pragma debug struct_end
   8  0005              #pragma debug union_end
   8  0005              #pragma debug union_end
   8  0005              #pragma debug variable 50 1 ___wdtc "__wdtc" 1
  16  0005              #line 16 "C:\Users\User\Desktop\U1 STD\U1_4.c"
  16  0000              @code .section at 0 'code'
  16  0000  1F0B        	clr bp
  16  0001  2800     R  	jmp _main_startup1
  16  0002              
  16  0002              
  16  0002              ; 
  16  0002              ; Generated by holtek-gcc v3.23, Thu Apr 30 13:30:37 2026
  16  0002              ; Rebuild 1114
  16  0002              ; end of file


        0 Errors, 0