"File: U1_6.c        Assembler  Version HGASM0202      Page 1


   1  0000              ; Generated by holtek-gcc v3.23, Thu May 07 10:13:00 2026
   2  0000              ; 
   3  0000              ; Configuration:
   4  0000              ;       with long instruction
   5  0000              ;       Multi-ROM, Multi-RAM
   6  0000              ;       bits_per_rom_unit:16
   7  0000              ;       with mp1
   8  0000              ;       with tbhp, address(0x9)
   9  0000              ;          Use tabrd-const
  10  0000              ;       
  11  0000              ; SFR address of long-instruction arch:
  12  0000              ;    mp0 = -1,1,0
  13  0000              ;    mp1 = 4,3,2
  14  0000              ;    mp2 = 14,13,12
  15  0000              ;    tbp = 9,7,8
  16  0000              ;    acc = 5
  17  0000              ;    pcl = 6
  18  0000              ;    status = 10
  19  0000              ;    bp = 11
  20  0000              ;    intc = 16
  21  0000              ;       
  22  0000              ;       
  23  0000              ; use 'tabrdc' instead of 'tabrd'
  24  0000              ;       
  25  0000              
  26  0000              #pragma translator "holtek-gcc 4.6.4" "3.23" "build 20130711"
  27  0000              ; Rebuild 1114
  28  0000              
  29  0000              ir equ [2]
  30  0000              mp equ [3]
  31  0000              sbp equ [4]
  32  0000              acc equ [5]
  33  0000              bp equ [11]
  34  0000              tblp equ [7]
  35  0000              tbhp equ [9]
  36  0000              status equ [10]
  37  0000              c equ [10].0
  38  0000              ac equ [10].1
  39  0000              z equ [10].2
  40  0000              ov equ [10].3
  41  0000              cz equ [10].6
  42  0000              sc equ [10].7
  43  0000              intc equ [16]
  44  0000              mduwr0 equ [59h]
  45  0000              mduwr1 equ [5ah]
  46  0000              mduwr2 equ [5bh]
  47  0000              mduwr3 equ [5ch]
  48  0000              mduwr4 equ [5dh]
  49  0000              mduwr5 equ [5eh]
  50  0000              mduwrctrl equ [5fh]
  51  0000              
  52  0000              extern ra:byte
  53  0000              extern rb:byte
  54  0000              extern rc:byte
  55  0000              extern rd:byte
  56  0000              extern re:byte
  57  0000              extern rf:byte
  58  0000              extern rg:byte
  59  0000              extern rh:byte
"File: U1_6.ASM      Assembler  Version HGASM0202      Page 2

  60  0000              extern _Crom2Prom:near
  61  0000              extern _Crom2PromNext:near
  62  0000              
  63  0000              RAMBANK 0 @BITDATASEC, @BITDATASEC1
  64  0000              @HCCINIT	.section 'data'
  65  0000              @HCCINIT0	.section 'data'
  66  0000              @BITDATASEC	 .section 'data'
  67  0000              @BITDATASEC1	 .section 'data'
  68  0000              
  69  0000              #pragma debug scope 1 1
  70  0000              	extern __DELAY3:near
  71  0000              	extern __DELAYX3:near
  72  0000              	extern __DELAYX6:near
  73  0000              	extern __DELAYY5:near
  74  0000              	extern __DELAYY3:near
  75  0000              	extern _builtin_holtek_delay_2:byte
  76  0000              ___pcc equ [28]
  77  0000              ___pcpu equ [29]
  78  0000              ___pc equ [27]
  79  0000              public _ScanKey
  80  0000              #pragma debug scope 2 1

  38  0000              #line 38 "C:\Users\User\Desktop\U1 STD\U1_6.c"
  38  0000              _ScanKey .section 'code'
  38  0000              _ScanKey proc
  39  0000              #line 39 "C:\Users\User\Desktop\U1 STD\U1_6.c"
  39  0000  0FF0        	mov a,240
  39  0001  009C        	mov [28],a
  39  0002  0FF0        	mov a,240
  39  0003  009D        	mov [29],a
  40  0004              #line 40 "C:\Users\User\Desktop\U1 STD\U1_6.c"
  40  0004  0FFE        	mov a,254
  40  0005  009B        	mov [27],a
  38  0006              #line 38 "C:\Users\User\Desktop\U1 STD\U1_6.c"
  38  0006  1F00     E  	clr ra
  38  0007              _L6:
  42  0007              #line 42 "C:\Users\User\Desktop\U1 STD\U1_6.c"
  42  0007  3A1B        	snz [27].4
  42  0008  2800     R  	jmp _L2
  44  0009              #line 44 "C:\Users\User\Desktop\U1 STD\U1_6.c"
  44  0009  3E9B        	sz [27].5
  44  000A  2800     R  	jmp _L3
  43  000B              #line 43 "C:\Users\User\Desktop\U1 STD\U1_6.c"
  43  000B  1480     E  	inc ra
  43  000C  2800     R  	jmp _L2
  43  000D              _L3:
  46  000D              #line 46 "C:\Users\User\Desktop\U1 STD\U1_6.c"
  46  000D  3F1B        	sz [27].6
  46  000E  2800     R  	jmp _L4
  45  000F              #line 45 "C:\Users\User\Desktop\U1 STD\U1_6.c"
  45  000F  0F02        	mov a,2
  45  0010  0380     E  	addm a,ra
  45  0011  2800     R  	jmp _L2
  45  0012              _L4:
  48  0012              #line 48 "C:\Users\User\Desktop\U1 STD\U1_6.c"
  48  0012  3F9B        	sz [27].7
  48  0013  2800     R  	jmp _L5
  47  0014              #line 47 "C:\Users\User\Desktop\U1 STD\U1_6.c"
  47  0014  0F03        	mov a,3
  47  0015  0380     E  	addm a,ra
"File: U1_6.c        Assembler  Version HGASM0202      Page 3

  47  0016  2800     R  	jmp _L2
  47  0017              _L5:
  49  0017              #line 49 "C:\Users\User\Desktop\U1 STD\U1_6.c"
  49  0017  0F04        	mov a,4
  49  0018  0380     E  	addm a,ra
  50  0019              #line 50 "C:\Users\User\Desktop\U1 STD\U1_6.c"
  50  0019  071B        	mov a,[27]
  50  001A  039B        	addm a,[27]
  50  001B  301B        	set [27].0
  41  001C              #line 41 "C:\Users\User\Desktop\U1 STD\U1_6.c"
  41  001C  0700     E  	mov a,ra
  41  001D  0A10        	sub a,16
  41  001E  390A        	snz z
  41  001F  2800     R  	jmp _L6
  41  0020              _L2:
  53  0020              #line 53 "C:\Users\User\Desktop\U1 STD\U1_6.c"
  53  0020  0700     E  	mov a,ra
  53  0021  0003        	ret
  53  0022              _ScanKey endp
  53  0022              #line 53 "C:\Users\User\Desktop\U1 STD\U1_6.c"
  53  0022              #pragma debug scope 1 1
  53  0022              ___wdtc equ [62]
  53  0022              ___pg equ [39]
  53  0022              ___pgc equ [40]
  53  0022              public _main
  53  0022              #pragma debug scope 3 1
  17  0022              #line 17 "C:\Users\User\Desktop\U1 STD\U1_6.c"
  17  0022              IFDEF WITH_DEFAULT_STARTUP
  17  0022              extern _main_initial0:near
  17  0022              extern _main_startup:near
  17  0022              ENDIF
  17  0022              
  17  0022              ROMBANK 0 @start
  17  0000              @start .section com_l 'code'
  17  0000              _main_startup1:
  17  0000              @start .section com_e 'code'
  17  0000  0F00     R  	mov a,bank _main
  17  0001  008B        	mov bp,a
  17  0002  2800     R  	jmp _main
  17  0003              
  17  0000              _main .section 'code'
  17  0000              _main proc
  17  0000  00              local _main_2 db 1 dup(?)
  17  0001              #pragma debug variable 8 3 _main_2+0 "Key"
  18  0001              #line 18 "C:\Users\User\Desktop\U1 STD\U1_6.c"
  18  0000  0FAF        	mov a,175
  18  0001  00BE        	mov [62],a
  19  0002              #line 19 "C:\Users\User\Desktop\U1 STD\U1_6.c"
  19  0002  1F27        	clr [39]
  19  0003  1F28        	clr [40]
  19  0004              _L18:
  21  0004              #line 21 "C:\Users\User\Desktop\U1 STD\U1_6.c"
  21  0004  0F80        	mov a,128
  21  0005  00A7        	mov [39],a
  21  0006              _L15:
  23  0006              #line 23 "C:\Users\User\Desktop\U1 STD\U1_6.c"
  23  0006              	fcall _ScanKey
  23  000D  0080     R  	mov _main_2[0],a
  24  000E              #line 24 "C:\Users\User\Desktop\U1 STD\U1_6.c"
  24  000E              ;# 24 "C:\Users\User\Desktop\U1 STD\U1_6.c" 1
"File: U1_6.c        Assembler  Version HGASM0202      Page 4

  24  000E              	IF 200000>263690
  24  000E              ;# 24 "C:\Users\User\Desktop\U1 STD\U1_6.c" 1
  24  000E              	ERRMESSAGE 'the value 200000of the argument exceeds the maxinum 263690'
  24  000E              	ENDIF
  24  000E              ;# 24 "C:\Users\User\Desktop\U1 STD\U1_6.c" 1
  24  000E              	IF 200000<0
  24  000E              ;# 24 "C:\Users\User\Desktop\U1 STD\U1_6.c" 1
  24  000E              	ERRMESSAGE 'the value 200000 of the argument exceeds the mininum 0'
  24  000E              	ENDIF
  24  000E              ;# 24 "C:\Users\User\Desktop\U1 STD\U1_6.c" 1
  24  000E              	IF 200000==0
  24  000E              ;# 24 "C:\Users\User\Desktop\U1 STD\U1_6.c" 1
  24  000E              	JMP $
  24  000E              	ENDIF
  24  000E              ;# 24 "C:\Users\User\Desktop\U1 STD\U1_6.c" 1
  24  000E              	IF (200000>=1) AND (200000<( 4 + __PBP__ * 2))
  24  000E              ;# 24 "C:\Users\User\Desktop\U1 STD\U1_6.c" 1
  24  000E              	NOP
  24  000E              	ENDIF
  24  000E              ;# 24 "C:\Users\User\Desktop\U1 STD\U1_6.c" 1
  24  000E              	IF (200000>=2) AND (200000<( 4 + __PBP__ * 2))
  24  000E              ;# 24 "C:\Users\User\Desktop\U1 STD\U1_6.c" 1
  24  000E              	NOP
  24  000E              	ENDIF
  24  000E              ;# 24 "C:\Users\User\Desktop\U1 STD\U1_6.c" 1
  24  000E              	IF (200000>=3) AND (200000<( 4 + __PBP__ * 2))
  24  000E              ;# 24 "C:\Users\User\Desktop\U1 STD\U1_6.c" 1
  24  000E              	NOP
  24  000E              	ENDIF
  24  000E              ;# 24 "C:\Users\User\Desktop\U1 STD\U1_6.c" 1
  24  000E              	IF (200000>=4) AND (200000<( 4 + __PBP__ * 2)) AND ( __PBP__ > 0 )
  24  000E              ;# 24 "C:\Users\User\Desktop\U1 STD\U1_6.c" 1
  24  000E              	NOP
  24  000E              	ENDIF
  24  000E              ;# 24 "C:\Users\User\Desktop\U1 STD\U1_6.c" 1
  24  000E              	IF (200000>=5) AND (200000<( 4 + __PBP__ * 2)) AND ( __PBP__ > 0 )
  24  000E              ;# 24 "C:\Users\User\Desktop\U1 STD\U1_6.c" 1
  24  000E              	NOP
  24  000E              	ENDIF
  24  000E              ;# 24 "C:\Users\User\Desktop\U1 STD\U1_6.c" 1
  24  000E              	IF (200000>=6) AND (200000<( 4 + __PBP__ * 2))  AND ( __PBP__ > 1 )
  24  000E              ;# 24 "C:\Users\User\Desktop\U1 STD\U1_6.c" 1
  24  000E              	NOP
  24  000E              	ENDIF
  24  000E              ;# 24 "C:\Users\User\Desktop\U1 STD\U1_6.c" 1
  24  000E              	IF (200000>=7) AND (200000<( 4 + __PBP__ * 2))  AND ( __PBP__ > 1 )
  24  000E              ;# 24 "C:\Users\User\Desktop\U1 STD\U1_6.c" 1
  24  000E              	NOP
  24  000E              	ENDIF
  24  000E              ;# 24 "C:\Users\User\Desktop\U1 STD\U1_6.c" 1
  24  000E              	IF (200000>=8) AND (200000<( 4 + __PBP__ * 2))  AND ( __PBP__ > 2 )
  24  000E              ;# 24 "C:\Users\User\Desktop\U1 STD\U1_6.c" 1
  24  000E              	NOP
  24  000E              	ENDIF
  24  000E              ;# 24 "C:\Users\User\Desktop\U1 STD\U1_6.c" 1
  24  000E              	IF (200000==9)  AND ( __PBP__ > 2 )
  24  000E              ;# 24 "C:\Users\User\Desktop\U1 STD\U1_6.c" 1
  24  000E              	NOP
  24  000E              	ENDIF
  24  000E              ;# 24 "C:\Users\User\Desktop\U1 STD\U1_6.c" 1
"File: U1_6.c        Assembler  Version HGASM0202      Page 5

  24  000E              	IF (200000< ( 8 + __PBP__ * 2)) AND (200000>( 3 + __PBP__ * 2))
  24  000E              ;# 24 "C:\Users\User\Desktop\U1 STD\U1_6.c" 1
  24  000E              	fcall __DELAY3 + ( 7 + __PBP__ * 2) -200000
  24  000E              	ENDIF
  24  000E              ;# 24 "C:\Users\User\Desktop\U1 STD\U1_6.c" 1
  24  000E              	IF (200000< ( 0404h + __PBP__ * 2)) AND (200000>( 7 + __PBP__ * 2))
  24  000E              ;# 24 "C:\Users\User\Desktop\U1 STD\U1_6.c" 1
  24  000E              	MOV A,(200000-( 4 + __PBP__ * 2))/4
  24  000E              ;# 24 "C:\Users\User\Desktop\U1 STD\U1_6.c" 1
  24  000E              	fcall __DELAYX3 + 3 -((200000-( 4 + __PBP__ * 2)) MOD 4) 
  24  000E              	ENDIF
  24  000E              ;# 24 "C:\Users\User\Desktop\U1 STD\U1_6.c" 1
  24  000E              	IF (200000< ( 040bh + __PBP__ * 2)) AND (200000> ( 0403h + __PBP__ * 2))
  24  000E              ;# 24 "C:\Users\User\Desktop\U1 STD\U1_6.c" 1
  24  000E              	MOV A,0 
  24  000E              ;# 24 "C:\Users\User\Desktop\U1 STD\U1_6.c" 1
  24  000E              	fcall __DELAYX6 + ( 040ah + __PBP__ * 2) -200000
  24  000E              	ENDIF
  24  000E              ;# 24 "C:\Users\User\Desktop\U1 STD\U1_6.c" 1
  24  000E              	IF (200000 >= ( 040bh + __PBP__ * 2)) AND ((((200000-( 9 + __PBP__ * 2))%0402h)/4+1)>256)
  24  000E              ;# 24 "C:\Users\User\Desktop\U1 STD\U1_6.c" 1
  24  000E              	MOV A,(200000-( 9 + __PBP__ * 2))/0402h
  24  000E              ;# 24 "C:\Users\User\Desktop\U1 STD\U1_6.c" 1
  24  000E              	MOV _builtin_holtek_delay_2,A
  24  000E              ;# 24 "C:\Users\User\Desktop\U1 STD\U1_6.c" 1
  24  000E              	MOV A,0
  24  000E              ;# 24 "C:\Users\User\Desktop\U1 STD\U1_6.c" 1
  24  000E              	fcall __DELAYY5 +5- (((200000-( 9 + __PBP__ * 2))%0402h)%6) 
  24  000E              	ENDIF
  24  000E              ;# 24 "C:\Users\User\Desktop\U1 STD\U1_6.c" 1
  24  000E              	IF (200000 >= ( 040bh + __PBP__ * 2)) AND ((((200000-( 9 + __PBP__ * 2))%0402h)/4+1)<=256)
  24  000E              ;# 24 "C:\Users\User\Desktop\U1 STD\U1_6.c" 1
  24  000E  0FC2        	MOV A,(200000-( 9 + __PBP__ * 2))/0402h
  24  000F              ;# 24 "C:\Users\User\Desktop\U1 STD\U1_6.c" 1
  24  000F  0080     E  	MOV _builtin_holtek_delay_2,A
  24  0010              ;# 24 "C:\Users\User\Desktop\U1 STD\U1_6.c" 1
  24  0010  0FEC        	MOV A,((200000-( 9 + __PBP__ * 2))%0402h)/4+1
  24  0011              ;# 24 "C:\Users\User\Desktop\U1 STD\U1_6.c" 1
  24  0011              	fcall __DELAYY3 +3-(((200000-( 9 + __PBP__ * 2))%0402h)%4) 
  24  0018              	ENDIF
  25  0018              #line 25 "C:\Users\User\Desktop\U1 STD\U1_6.c"
  25  0018  0F80        	mov a,128
  25  0019  03A7        	addm a,[39]
  26  001A              #line 26 "C:\Users\User\Desktop\U1 STD\U1_6.c"
  26  001A  0700     R  	mov a,_main_2[0]
  26  001B  0A10        	sub a,16
  26  001C  3D0A        	sz z
  26  001D  2800     R  	jmp _L15
  26  001E  3C00     R  	sz _main_2[0].0
  26  001F  2800     R  	jmp _L15
  28  0020              #line 28 "C:\Users\User\Desktop\U1 STD\U1_6.c"
  28  0020  0F00     R  	mov a,low offset _SEG_TAB
  28  0021  0300     R  	add a,_main_2[0]
  28  0022  0083        	mov mp,a
  28  0023  0F00     R  	mov a,high offset _SEG_TAB
  28  0024  1F04        	clr sbp
  28  0025  1384        	adcm a,sbp
  28  0026              	fcall _Crom2Prom
  28  002D  00A7        	mov [39],a
  28  002E  0F0A        	mov a,10
"File: U1_6.c        Assembler  Version HGASM0202      Page 6

  28  002F  0080     E  	mov ra,a
  28  0030              _L19:
  31  0030              #line 31 "C:\Users\User\Desktop\U1 STD\U1_6.c"
  31  0030              ;# 31 "C:\Users\User\Desktop\U1 STD\U1_6.c" 1
  31  0030              	IF 200000>263690
  31  0030              ;# 31 "C:\Users\User\Desktop\U1 STD\U1_6.c" 1
  31  0030              	ERRMESSAGE 'the value 200000of the argument exceeds the maxinum 263690'
  31  0030              	ENDIF
  31  0030              ;# 31 "C:\Users\User\Desktop\U1 STD\U1_6.c" 1
  31  0030              	IF 200000<0
  31  0030              ;# 31 "C:\Users\User\Desktop\U1 STD\U1_6.c" 1
  31  0030              	ERRMESSAGE 'the value 200000 of the argument exceeds the mininum 0'
  31  0030              	ENDIF
  31  0030              ;# 31 "C:\Users\User\Desktop\U1 STD\U1_6.c" 1
  31  0030              	IF 200000==0
  31  0030              ;# 31 "C:\Users\User\Desktop\U1 STD\U1_6.c" 1
  31  0030              	JMP $
  31  0030              	ENDIF
  31  0030              ;# 31 "C:\Users\User\Desktop\U1 STD\U1_6.c" 1
  31  0030              	IF (200000>=1) AND (200000<( 4 + __PBP__ * 2))
  31  0030              ;# 31 "C:\Users\User\Desktop\U1 STD\U1_6.c" 1
  31  0030              	NOP
  31  0030              	ENDIF
  31  0030              ;# 31 "C:\Users\User\Desktop\U1 STD\U1_6.c" 1
  31  0030              	IF (200000>=2) AND (200000<( 4 + __PBP__ * 2))
  31  0030              ;# 31 "C:\Users\User\Desktop\U1 STD\U1_6.c" 1
  31  0030              	NOP
  31  0030              	ENDIF
  31  0030              ;# 31 "C:\Users\User\Desktop\U1 STD\U1_6.c" 1
  31  0030              	IF (200000>=3) AND (200000<( 4 + __PBP__ * 2))
  31  0030              ;# 31 "C:\Users\User\Desktop\U1 STD\U1_6.c" 1
  31  0030              	NOP
  31  0030              	ENDIF
  31  0030              ;# 31 "C:\Users\User\Desktop\U1 STD\U1_6.c" 1
  31  0030              	IF (200000>=4) AND (200000<( 4 + __PBP__ * 2)) AND ( __PBP__ > 0 )
  31  0030              ;# 31 "C:\Users\User\Desktop\U1 STD\U1_6.c" 1
  31  0030              	NOP
  31  0030              	ENDIF
  31  0030              ;# 31 "C:\Users\User\Desktop\U1 STD\U1_6.c" 1
  31  0030              	IF (200000>=5) AND (200000<( 4 + __PBP__ * 2)) AND ( __PBP__ > 0 )
  31  0030              ;# 31 "C:\Users\User\Desktop\U1 STD\U1_6.c" 1
  31  0030              	NOP
  31  0030              	ENDIF
  31  0030              ;# 31 "C:\Users\User\Desktop\U1 STD\U1_6.c" 1
  31  0030              	IF (200000>=6) AND (200000<( 4 + __PBP__ * 2))  AND ( __PBP__ > 1 )
  31  0030              ;# 31 "C:\Users\User\Desktop\U1 STD\U1_6.c" 1
  31  0030              	NOP
  31  0030              	ENDIF
  31  0030              ;# 31 "C:\Users\User\Desktop\U1 STD\U1_6.c" 1
  31  0030              	IF (200000>=7) AND (200000<( 4 + __PBP__ * 2))  AND ( __PBP__ > 1 )
  31  0030              ;# 31 "C:\Users\User\Desktop\U1 STD\U1_6.c" 1
  31  0030              	NOP
  31  0030              	ENDIF
  31  0030              ;# 31 "C:\Users\User\Desktop\U1 STD\U1_6.c" 1
  31  0030              	IF (200000>=8) AND (200000<( 4 + __PBP__ * 2))  AND ( __PBP__ > 2 )
  31  0030              ;# 31 "C:\Users\User\Desktop\U1 STD\U1_6.c" 1
  31  0030              	NOP
  31  0030              	ENDIF
  31  0030              ;# 31 "C:\Users\User\Desktop\U1 STD\U1_6.c" 1
  31  0030              	IF (200000==9)  AND ( __PBP__ > 2 )
"File: U1_6.c        Assembler  Version HGASM0202      Page 7

  31  0030              ;# 31 "C:\Users\User\Desktop\U1 STD\U1_6.c" 1
  31  0030              	NOP
  31  0030              	ENDIF
  31  0030              ;# 31 "C:\Users\User\Desktop\U1 STD\U1_6.c" 1
  31  0030              	IF (200000< ( 8 + __PBP__ * 2)) AND (200000>( 3 + __PBP__ * 2))
  31  0030              ;# 31 "C:\Users\User\Desktop\U1 STD\U1_6.c" 1
  31  0030              	fcall __DELAY3 + ( 7 + __PBP__ * 2) -200000
  31  0030              	ENDIF
  31  0030              ;# 31 "C:\Users\User\Desktop\U1 STD\U1_6.c" 1
  31  0030              	IF (200000< ( 0404h + __PBP__ * 2)) AND (200000>( 7 + __PBP__ * 2))
  31  0030              ;# 31 "C:\Users\User\Desktop\U1 STD\U1_6.c" 1
  31  0030              	MOV A,(200000-( 4 + __PBP__ * 2))/4
  31  0030              ;# 31 "C:\Users\User\Desktop\U1 STD\U1_6.c" 1
  31  0030              	fcall __DELAYX3 + 3 -((200000-( 4 + __PBP__ * 2)) MOD 4) 
  31  0030              	ENDIF
  31  0030              ;# 31 "C:\Users\User\Desktop\U1 STD\U1_6.c" 1
  31  0030              	IF (200000< ( 040bh + __PBP__ * 2)) AND (200000> ( 0403h + __PBP__ * 2))
  31  0030              ;# 31 "C:\Users\User\Desktop\U1 STD\U1_6.c" 1
  31  0030              	MOV A,0 
  31  0030              ;# 31 "C:\Users\User\Desktop\U1 STD\U1_6.c" 1
  31  0030              	fcall __DELAYX6 + ( 040ah + __PBP__ * 2) -200000
  31  0030              	ENDIF
  31  0030              ;# 31 "C:\Users\User\Desktop\U1 STD\U1_6.c" 1
  31  0030              	IF (200000 >= ( 040bh + __PBP__ * 2)) AND ((((200000-( 9 + __PBP__ * 2))%0402h)/4+1)>256)
  31  0030              ;# 31 "C:\Users\User\Desktop\U1 STD\U1_6.c" 1
  31  0030              	MOV A,(200000-( 9 + __PBP__ * 2))/0402h
  31  0030              ;# 31 "C:\Users\User\Desktop\U1 STD\U1_6.c" 1
  31  0030              	MOV _builtin_holtek_delay_2,A
  31  0030              ;# 31 "C:\Users\User\Desktop\U1 STD\U1_6.c" 1
  31  0030              	MOV A,0
  31  0030              ;# 31 "C:\Users\User\Desktop\U1 STD\U1_6.c" 1
  31  0030              	fcall __DELAYY5 +5- (((200000-( 9 + __PBP__ * 2))%0402h)%6) 
  31  0030              	ENDIF
  31  0030              ;# 31 "C:\Users\User\Desktop\U1 STD\U1_6.c" 1
  31  0030              	IF (200000 >= ( 040bh + __PBP__ * 2)) AND ((((200000-( 9 + __PBP__ * 2))%0402h)/4+1)<=256)
  31  0030              ;# 31 "C:\Users\User\Desktop\U1 STD\U1_6.c" 1
  31  0030  0FC2        	MOV A,(200000-( 9 + __PBP__ * 2))/0402h
  31  0031              ;# 31 "C:\Users\User\Desktop\U1 STD\U1_6.c" 1
  31  0031  0080     E  	MOV _builtin_holtek_delay_2,A
  31  0032              ;# 31 "C:\Users\User\Desktop\U1 STD\U1_6.c" 1
  31  0032  0FEC        	MOV A,((200000-( 9 + __PBP__ * 2))%0402h)/4+1
  31  0033              ;# 31 "C:\Users\User\Desktop\U1 STD\U1_6.c" 1
  31  0033              	fcall __DELAYY3 +3-(((200000-( 9 + __PBP__ * 2))%0402h)%4) 
  31  003A              	ENDIF
  31  003A  1780     E  	sdz ra
  31  003B  2800     R  	jmp _L19
  31  003C  2800     R  	jmp _L18
  31  003D  2800     R  	jmp $
  31  003E              _main endp
  31  003E              
  31  003E              @dummy endp
  31  003E              
  31  003E              #line 31 "C:\Users\User\Desktop\U1 STD\U1_6.c"
  31  003E              #pragma debug scope 1 1
  31  003E              public _SEG_TAB
  31  0000              @crom	.section 'crom'
  12  0000              #line 12 "C:\Users\User\Desktop\U1 STD\U1_6.c"
  12  0000              @crom	.section	'crom'
  12  0000              _SEG_TAB:
  12  0000              #pragma debug array 42 8 16 1
"File: U1_6.c        Assembler  Version HGASM0202      Page 8

  12  0000              #pragma debug array 42 8 16 1
  12  0000              #pragma debug variable 42 1 _SEG_TAB "SEG_TAB"
  12  0000              	db 63
  12  0001              	db 6
  12  0001              	db 91
  12  0002              	db 79
  12  0002              	db 102
  12  0003              	db 109
  12  0003              	db 125
  12  0004              	db 7
  12  0004              	db 127
  12  0005              	db 103
  12  0005              	db 119
  12  0006              	db 124
  12  0006              	db 88
  12  0007              	db 94
  12  0007              	db 121
  12  0008              	db 113
  12  0008              #pragma debug struct_end
  12  0008              #pragma debug struct_end
  12  0008              #pragma debug union_end
  12  0008              #pragma debug union_end
  12  0008              #pragma debug variable 44 1 ___pc "__pc" 1
  12  0008              #pragma debug struct_end
  12  0008              #pragma debug struct_end
  12  0008              #pragma debug union_end
  12  0008              #pragma debug union_end
  12  0008              #pragma debug variable 46 1 ___pcc "__pcc" 1
  12  0008              #pragma debug struct_end
  12  0008              #pragma debug struct_end
  12  0008              #pragma debug union_end
  12  0008              #pragma debug union_end
  12  0008              #pragma debug variable 48 1 ___pcpu "__pcpu" 1
  12  0008              #pragma debug struct_end
  12  0008              #pragma debug struct_end
  12  0008              #pragma debug union_end
  12  0008              #pragma debug union_end
  12  0008              #pragma debug variable 50 1 ___pg "__pg" 1
  12  0008              #pragma debug struct_end
  12  0008              #pragma debug struct_end
  12  0008              #pragma debug union_end
  12  0008              #pragma debug union_end
  12  0008              #pragma debug variable 52 1 ___pgc "__pgc" 1
  12  0008              #pragma debug struct_end
  12  0008              #pragma debug struct_end
  12  0008              #pragma debug union_end
  12  0008              #pragma debug union_end
  12  0008              #pragma debug variable 54 1 ___wdtc "__wdtc" 1
  17  0008              #line 17 "C:\Users\User\Desktop\U1 STD\U1_6.c"
  17  0000              @code .section at 0 'code'
  17  0000  1F0B        	clr bp
  17  0001  2800     R  	jmp _main_startup1
  17  0002              
  17  0002              
  17  0002              ; 
  17  0002              ; Generated by holtek-gcc v3.23, Thu May 07 10:13:00 2026
  17  0002              ; Rebuild 1114
  17  0002              ; end of file


"File: U1_6.c        Assembler  Version HGASM0202      Page 9

        0 Errors, 0