"File: HU3_3_1_MeterV2.c  Assembler  Version HGASM0202      Page 1


   1  0000              ; Generated by holtek-gcc v3.23, Wed Jul 01 10:14:05 2026
   2  0000              ; 
   3  0000              ; Configuration:
   4  0000              ;       with long instruction
   5  0000              ;       Multi-ROM, Multi-RAM
   6  0000              ;       bits_per_rom_unit:16
   7  0000              ;       with mp1
   8  0000              ;       with tbhp, address(0x9)
   9  0000              ;          Use tabrd-const
  10  0000              ;       
  11  0000              ; SFR address of long-instruction arch:
  12  0000              ;    mp0 = -1,1,0
  13  0000              ;    mp1 = 4,3,2
  14  0000              ;    mp2 = 14,13,12
  15  0000              ;    tbp = 9,7,8
  16  0000              ;    acc = 5
  17  0000              ;    pcl = 6
  18  0000              ;    status = 10
  19  0000              ;    bp = 11
  20  0000              ;    intc = 16
  21  0000              ;       
  22  0000              ;       
  23  0000              ; use 'tabrdc' instead of 'tabrd'
  24  0000              ;       
  25  0000              
  26  0000              #pragma translator "holtek-gcc 4.6.4" "3.23" "build 20130711"
  27  0000              ; Rebuild 1114
  28  0000              
  29  0000              ir equ [2]
  30  0000              mp equ [3]
  31  0000              sbp equ [4]
  32  0000              acc equ [5]
  33  0000              bp equ [11]
  34  0000              tblp equ [7]
  35  0000              tbhp equ [9]
  36  0000              status equ [10]
  37  0000              c equ [10].0
  38  0000              ac equ [10].1
  39  0000              z equ [10].2
  40  0000              ov equ [10].3
  41  0000              cz equ [10].6
  42  0000              sc equ [10].7
  43  0000              intc equ [16]
  44  0000              mduwr0 equ [59h]
  45  0000              mduwr1 equ [5ah]
  46  0000              mduwr2 equ [5bh]
  47  0000              mduwr3 equ [5ch]
  48  0000              mduwr4 equ [5dh]
  49  0000              mduwr5 equ [5eh]
  50  0000              mduwrctrl equ [5fh]
  51  0000              
  52  0000              extern ra:byte
  53  0000              extern rb:byte
  54  0000              extern rc:byte
  55  0000              extern rd:byte
  56  0000              extern re:byte
  57  0000              extern rf:byte
  58  0000              extern rg:byte
  59  0000              extern rh:byte
"File: HU3_3_1_MeterV2.ASM  Assembler  Version HGASM0202      Page 2

  60  0000              extern _Crom2Prom:near
  61  0000              extern _Crom2PromNext:near
  62  0000              
  63  0000              RAMBANK 0 @BITDATASEC, @BITDATASEC1
  64  0000              @HCCINIT	.section 'data'
  65  0000              @HCCINIT0	.section 'data'
  66  0000              @BITDATASEC	 .section 'data'
  67  0000              @BITDATASEC1	 .section 'data'
  68  0000              
  69  0000              #pragma debug scope 1 1
  70  0000              	extern __DELAY3:near
  71  0000              	extern __DELAYX3:near
  72  0000              	extern __DELAYX6:near
  73  0000              	extern __DELAYY5:near
  74  0000              	extern __DELAYY3:near
  75  0000              	extern _builtin_holtek_delay_2:byte
  76  0000              ___wdtc equ [62]
  77  0000              ___pg equ [39]
  78  0000              ___pgc equ [40]
  79  0000              ___pe equ [33]
  80  0000              ___pec equ [34]
  81  0000              ___psc0r equ [99]
  82  0000              ___tb0c equ [100]
  83  0000              ___intc2 equ [18]
  84  0000              ___vbgrc equ [47]
  85  0000              ___sadc0 equ [105]
  86  0000              ___sadc2 equ [107]
  87  0000              ___pds0 equ [339]
  88  0000              ___intc0 equ [16]
  89  0000              ___sadc1 equ [106]
  90  0000              ___sadoh equ [104]
  91  0000              ___sadol equ [103]
  92  0000              public _main
  93  0000              #pragma debug scope 2 1

  20  0000              #line 20 "C:\Users\User\Desktop\U3 STD\HU3_3_1_MeterV2.c"
  20  0000              IFDEF WITH_DEFAULT_STARTUP
  20  0000              extern _main_initial0:near
  20  0000              extern _main_startup:near
  20  0000              ENDIF
  20  0000              
  20  0000              ROMBANK 0 @start
  20  0000              @start .section com_l 'code'
  20  0000              _main_startup1:
  20  0000              @start .section com_e 'code'
  20  0000  0F00     R  	mov a,bank _main
  20  0001  008B        	mov bp,a
  20  0002  2800     R  	jmp _main
  20  0003              
  20  0000              _main .section 'code'
  20  0000              _main proc
  20  0000  0008[           local _main_2 db 8 dup(?)
            00
            ]
  21  0008              #line 21 "C:\Users\User\Desktop\U3 STD\HU3_3_1_MeterV2.c"
  21  0000  0FAF        	mov a,175
  21  0001  00BE        	mov [62],a
  22  0002              #line 22 "C:\Users\User\Desktop\U3 STD\HU3_3_1_MeterV2.c"
  22  0002  1F27        	clr [39]
  22  0003  1F28        	clr [40]
"File: HU3_3_1_MeterV2.c  Assembler  Version HGASM0202      Page 3

  23  0004              #line 23 "C:\Users\User\Desktop\U3 STD\HU3_3_1_MeterV2.c"
  23  0004  0FF0        	mov a,240
  23  0005  06A1        	andm a,[33]
  23  0006  0FF0        	mov a,240
  23  0007  06A2        	andm a,[34]
  24  0008              #line 24 "C:\Users\User\Desktop\U3 STD\HU3_3_1_MeterV2.c"
  24  0008  0F01        	mov a,1
  24  0009  00E3        	mov [99],a
  24  000A  0F85        	mov a,133
  24  000B  00E4        	mov [100],a
  24  000C  3092        	set [18].1
  25  000D              #line 25 "C:\Users\User\Desktop\U3 STD\HU3_3_1_MeterV2.c"
  25  000D  302F        	set [47].0
  25  000E              ;# 25 "C:\Users\User\Desktop\U3 STD\HU3_3_1_MeterV2.c" 1
  25  000E              	IF 1000>263690
  25  000E              ;# 25 "C:\Users\User\Desktop\U3 STD\HU3_3_1_MeterV2.c" 1
  25  000E              	ERRMESSAGE 'the value 1000of the argument exceeds the maxinum 263690'
  25  000E              	ENDIF
  25  000E              ;# 25 "C:\Users\User\Desktop\U3 STD\HU3_3_1_MeterV2.c" 1
  25  000E              	IF 1000<0
  25  000E              ;# 25 "C:\Users\User\Desktop\U3 STD\HU3_3_1_MeterV2.c" 1
  25  000E              	ERRMESSAGE 'the value 1000 of the argument exceeds the mininum 0'
  25  000E              	ENDIF
  25  000E              ;# 25 "C:\Users\User\Desktop\U3 STD\HU3_3_1_MeterV2.c" 1
  25  000E              	IF 1000==0
  25  000E              ;# 25 "C:\Users\User\Desktop\U3 STD\HU3_3_1_MeterV2.c" 1
  25  000E              	JMP $
  25  000E              	ENDIF
  25  000E              ;# 25 "C:\Users\User\Desktop\U3 STD\HU3_3_1_MeterV2.c" 1
  25  000E              	IF (1000>=1) AND (1000<( 4 + __PBP__ * 2))
  25  000E              ;# 25 "C:\Users\User\Desktop\U3 STD\HU3_3_1_MeterV2.c" 1
  25  000E              	NOP
  25  000E              	ENDIF
  25  000E              ;# 25 "C:\Users\User\Desktop\U3 STD\HU3_3_1_MeterV2.c" 1
  25  000E              	IF (1000>=2) AND (1000<( 4 + __PBP__ * 2))
  25  000E              ;# 25 "C:\Users\User\Desktop\U3 STD\HU3_3_1_MeterV2.c" 1
  25  000E              	NOP
  25  000E              	ENDIF
  25  000E              ;# 25 "C:\Users\User\Desktop\U3 STD\HU3_3_1_MeterV2.c" 1
  25  000E              	IF (1000>=3) AND (1000<( 4 + __PBP__ * 2))
  25  000E              ;# 25 "C:\Users\User\Desktop\U3 STD\HU3_3_1_MeterV2.c" 1
  25  000E              	NOP
  25  000E              	ENDIF
  25  000E              ;# 25 "C:\Users\User\Desktop\U3 STD\HU3_3_1_MeterV2.c" 1
  25  000E              	IF (1000>=4) AND (1000<( 4 + __PBP__ * 2)) AND ( __PBP__ > 0 )
  25  000E              ;# 25 "C:\Users\User\Desktop\U3 STD\HU3_3_1_MeterV2.c" 1
  25  000E              	NOP
  25  000E              	ENDIF
  25  000E              ;# 25 "C:\Users\User\Desktop\U3 STD\HU3_3_1_MeterV2.c" 1
  25  000E              	IF (1000>=5) AND (1000<( 4 + __PBP__ * 2)) AND ( __PBP__ > 0 )
  25  000E              ;# 25 "C:\Users\User\Desktop\U3 STD\HU3_3_1_MeterV2.c" 1
  25  000E              	NOP
  25  000E              	ENDIF
  25  000E              ;# 25 "C:\Users\User\Desktop\U3 STD\HU3_3_1_MeterV2.c" 1
  25  000E              	IF (1000>=6) AND (1000<( 4 + __PBP__ * 2))  AND ( __PBP__ > 1 )
  25  000E              ;# 25 "C:\Users\User\Desktop\U3 STD\HU3_3_1_MeterV2.c" 1
  25  000E              	NOP
  25  000E              	ENDIF
  25  000E              ;# 25 "C:\Users\User\Desktop\U3 STD\HU3_3_1_MeterV2.c" 1
  25  000E              	IF (1000>=7) AND (1000<( 4 + __PBP__ * 2))  AND ( __PBP__ > 1 )
"File: HU3_3_1_MeterV2.c  Assembler  Version HGASM0202      Page 4

  25  000E              ;# 25 "C:\Users\User\Desktop\U3 STD\HU3_3_1_MeterV2.c" 1
  25  000E              	NOP
  25  000E              	ENDIF
  25  000E              ;# 25 "C:\Users\User\Desktop\U3 STD\HU3_3_1_MeterV2.c" 1
  25  000E              	IF (1000>=8) AND (1000<( 4 + __PBP__ * 2))  AND ( __PBP__ > 2 )
  25  000E              ;# 25 "C:\Users\User\Desktop\U3 STD\HU3_3_1_MeterV2.c" 1
  25  000E              	NOP
  25  000E              	ENDIF
  25  000E              ;# 25 "C:\Users\User\Desktop\U3 STD\HU3_3_1_MeterV2.c" 1
  25  000E              	IF (1000==9)  AND ( __PBP__ > 2 )
  25  000E              ;# 25 "C:\Users\User\Desktop\U3 STD\HU3_3_1_MeterV2.c" 1
  25  000E              	NOP
  25  000E              	ENDIF
  25  000E              ;# 25 "C:\Users\User\Desktop\U3 STD\HU3_3_1_MeterV2.c" 1
  25  000E              	IF (1000< ( 8 + __PBP__ * 2)) AND (1000>( 3 + __PBP__ * 2))
  25  000E              ;# 25 "C:\Users\User\Desktop\U3 STD\HU3_3_1_MeterV2.c" 1
  25  000E              	fcall __DELAY3 + ( 7 + __PBP__ * 2) -1000
  25  000E              	ENDIF
  25  000E              ;# 25 "C:\Users\User\Desktop\U3 STD\HU3_3_1_MeterV2.c" 1
  25  000E              	IF (1000< ( 0404h + __PBP__ * 2)) AND (1000>( 7 + __PBP__ * 2))
  25  000E              ;# 25 "C:\Users\User\Desktop\U3 STD\HU3_3_1_MeterV2.c" 1
  25  000E  0FF7        	MOV A,(1000-( 4 + __PBP__ * 2))/4
  25  000F              ;# 25 "C:\Users\User\Desktop\U3 STD\HU3_3_1_MeterV2.c" 1
  25  000F              	fcall __DELAYX3 + 3 -((1000-( 4 + __PBP__ * 2)) MOD 4) 
  25  0016              	ENDIF
  25  0016              ;# 25 "C:\Users\User\Desktop\U3 STD\HU3_3_1_MeterV2.c" 1
  25  0016              	IF (1000< ( 040bh + __PBP__ * 2)) AND (1000> ( 0403h + __PBP__ * 2))
  25  0016              ;# 25 "C:\Users\User\Desktop\U3 STD\HU3_3_1_MeterV2.c" 1
  25  0016              	MOV A,0 
  25  0016              ;# 25 "C:\Users\User\Desktop\U3 STD\HU3_3_1_MeterV2.c" 1
  25  0016              	fcall __DELAYX6 + ( 040ah + __PBP__ * 2) -1000
  25  0016              	ENDIF
  25  0016              ;# 25 "C:\Users\User\Desktop\U3 STD\HU3_3_1_MeterV2.c" 1
  25  0016              	IF (1000 >= ( 040bh + __PBP__ * 2)) AND ((((1000-( 9 + __PBP__ * 2))%0402h)/4+1)>256)
  25  0016              ;# 25 "C:\Users\User\Desktop\U3 STD\HU3_3_1_MeterV2.c" 1
  25  0016              	MOV A,(1000-( 9 + __PBP__ * 2))/0402h
  25  0016              ;# 25 "C:\Users\User\Desktop\U3 STD\HU3_3_1_MeterV2.c" 1
  25  0016              	MOV _builtin_holtek_delay_2,A
  25  0016              ;# 25 "C:\Users\User\Desktop\U3 STD\HU3_3_1_MeterV2.c" 1
  25  0016              	MOV A,0
  25  0016              ;# 25 "C:\Users\User\Desktop\U3 STD\HU3_3_1_MeterV2.c" 1
  25  0016              	fcall __DELAYY5 +5- (((1000-( 9 + __PBP__ * 2))%0402h)%6) 
  25  0016              	ENDIF
  25  0016              ;# 25 "C:\Users\User\Desktop\U3 STD\HU3_3_1_MeterV2.c" 1
  25  0016              	IF (1000 >= ( 040bh + __PBP__ * 2)) AND ((((1000-( 9 + __PBP__ * 2))%0402h)/4+1)<=256)
  25  0016              ;# 25 "C:\Users\User\Desktop\U3 STD\HU3_3_1_MeterV2.c" 1
  25  0016              	MOV A,(1000-( 9 + __PBP__ * 2))/0402h
  25  0016              ;# 25 "C:\Users\User\Desktop\U3 STD\HU3_3_1_MeterV2.c" 1
  25  0016              	MOV _builtin_holtek_delay_2,A
  25  0016              ;# 25 "C:\Users\User\Desktop\U3 STD\HU3_3_1_MeterV2.c" 1
  25  0016              	MOV A,((1000-( 9 + __PBP__ * 2))%0402h)/4+1
  25  0016              ;# 25 "C:\Users\User\Desktop\U3 STD\HU3_3_1_MeterV2.c" 1
  25  0016              	fcall __DELAYY3 +3-(((1000-( 9 + __PBP__ * 2))%0402h)%4) 
  25  0016              	ENDIF
  26  0016              #line 26 "C:\Users\User\Desktop\U3 STD\HU3_3_1_MeterV2.c"
  26  0016  0F38        	mov a,56
  26  0017  00E9        	mov [105],a
  28  0018              #line 28 "C:\Users\User\Desktop\U3 STD\HU3_3_1_MeterV2.c"
  28  0018  0F92        	mov a,146
  28  0019  00EB        	mov [107],a
"File: HU3_3_1_MeterV2.c  Assembler  Version HGASM0202      Page 5

  29  001A              #line 29 "C:\Users\User\Desktop\U3 STD\HU3_3_1_MeterV2.c"
  29  001A  0F03        	mov a,3
  29  001B  80D3 0001   	lmov [339],a
  30  001D              #line 30 "C:\Users\User\Desktop\U3 STD\HU3_3_1_MeterV2.c"
  30  001D  0F00     R  	mov a,low offset _Buffer
  30  001E  0080     R  	mov _ptr[0],a
  30  001F  0F00     R  	mov a,high offset _Buffer
  30  0020  0080     R  	mov _ptr[1],a
  30  0021  0F01        	mov a,1
  30  0022  0080     R  	mov _ScanCode[0],a
  31  0023              #line 31 "C:\Users\User\Desktop\U3 STD\HU3_3_1_MeterV2.c"
  31  0023  1F00     R  	clr _Buffer[0]
  31  0024  1F00     R  	clr _Buffer[1]
  31  0025  1F00     R  	clr _Buffer[2]
  31  0026  1F00     R  	clr _Buffer[3]
  32  0027              #line 32 "C:\Users\User\Desktop\U3 STD\HU3_3_1_MeterV2.c"
  32  0027  3010        	set [16].0
  32  0028              _L8:
  34  0028              #line 34 "C:\Users\User\Desktop\U3 STD\HU3_3_1_MeterV2.c"
  34  0028  0F57        	mov a,87
  34  0029  00EA        	mov [106],a
  35  002A              #line 35 "C:\Users\User\Desktop\U3 STD\HU3_3_1_MeterV2.c"
  35  002A  33E9        	set [105].7
  35  002B  37E9        	clr [105].7
  35  002C              _L3:
  36  002C              #line 36 "C:\Users\User\Desktop\U3 STD\HU3_3_1_MeterV2.c"
  36  002C  3F69        	sz [105].6
  36  002D  2800     R  	jmp _L3
  37  002E              #line 37 "C:\Users\User\Desktop\U3 STD\HU3_3_1_MeterV2.c"
  37  002E  0768        	mov a,[104]
  37  002F  0080     R  	mov _main_2[1],a
  37  0030  1F00     R  	clr _main_2[0]
  37  0031  0767        	mov a,[103]
  37  0032  0300     R  	add a,_main_2[0]
  37  0033  0080     E  	mov rb,a
  37  0034  1F05        	clr acc
  37  0035  1300     R  	adc a,_main_2[1]
  37  0036  0080     E  	mov rc,a
  46  0037              #line 46 "C:\Users\User\Desktop\U3 STD\HU3_3_1_MeterV2.c"
  46  0037  0F07        	mov a,7
  46  0038  00EA        	mov [106],a
  47  0039              #line 47 "C:\Users\User\Desktop\U3 STD\HU3_3_1_MeterV2.c"
  47  0039  33E9        	set [105].7
  47  003A  37E9        	clr [105].7
  47  003B  0F10        	mov a,16
  47  003C  0080     E  	mov ra,a
  48  003D              #line 48 "C:\Users\User\Desktop\U3 STD\HU3_3_1_MeterV2.c"
  48  003D  1F00     E  	clr rd
  48  003E  1F00     E  	clr re
  48  003F              _L5:
  49  003F              #line 49 "C:\Users\User\Desktop\U3 STD\HU3_3_1_MeterV2.c"
  49  003F  3F69        	sz [105].6
  49  0040  2800     R  	jmp _L5
  50  0041              #line 50 "C:\Users\User\Desktop\U3 STD\HU3_3_1_MeterV2.c"
  50  0041  0768        	mov a,[104]
  50  0042  0080     R  	mov _main_2[3],a
  50  0043  1F00     R  	clr _main_2[2]
  50  0044  0767        	mov a,[103]
  50  0045  0300     R  	add a,_main_2[2]
  50  0046  0080     E  	mov rf,a
"File: HU3_3_1_MeterV2.c  Assembler  Version HGASM0202      Page 6

  50  0047  1F05        	clr acc
  50  0048  1300     R  	adc a,_main_2[3]
  50  0049  0080     E  	mov rg,a
  50  004A  0700     E  	mov a,rf
  50  004B  0380     E  	addm a,rd
  50  004C  0700     E  	mov a,rg
  50  004D  1380     E  	adcm a,re
  51  004E              #line 51 "C:\Users\User\Desktop\U3 STD\HU3_3_1_MeterV2.c"
  51  004E  33E9        	set [105].7
  51  004F  37E9        	clr [105].7
  51  0050  1780     E  	sdz ra
  51  0051  2800     R  	jmp _L5
  53  0052              #line 53 "C:\Users\User\Desktop\U3 STD\HU3_3_1_MeterV2.c"
  53  0052  0700     E  	mov a,rd
  53  0053  0080     E  	mov rd,a
  53  0054  0700     E  	mov a,re
  53  0055  0080     E  	mov re,a
  53  0056  1F00     E  	clr rf
  53  0057  1F00     E  	clr rg
  53  0058  0700     E  	mov a,rd
  53  0059  0080     E  	mov _builtin_holtek_mulsi3_2[0],a
  53  005A  0700     E  	mov a,re
  53  005B  0080     E  	mov _builtin_holtek_mulsi3_2[1],a
  53  005C  0700     E  	mov a,rf
  53  005D  0080     E  	mov _builtin_holtek_mulsi3_2[2],a
  53  005E  0700     E  	mov a,rg
  53  005F  0080     E  	mov _builtin_holtek_mulsi3_2[3],a
  53  0060  0F88        	mov a,136
  53  0061  0080     E  	mov _builtin_holtek_mulsi3_2[4],a
  53  0062  0F13        	mov a,19
  53  0063  0080     E  	mov _builtin_holtek_mulsi3_2[5],a
  53  0064  0F00        	mov a,0
  53  0065  0080     E  	mov _builtin_holtek_mulsi3_2[6],a
  53  0066  0F00        	mov a,0
  53  0067  0080     E  	mov _builtin_holtek_mulsi3_2[7],a
  53  0068              	fcall _builtin_holtek_mulsi3
  53  006F  0700     E  	mov a,_builtin_holtek_mulsi3_2[8]
  53  0070  0080     R  	mov _main_2[4],a
  53  0071  0700     E  	mov a,_builtin_holtek_mulsi3_2[9]
  53  0072  0080     R  	mov _main_2[5],a
  53  0073  0700     E  	mov a,_builtin_holtek_mulsi3_2[10]
  53  0074  0080     R  	mov _main_2[6],a
  53  0075  0700     E  	mov a,_builtin_holtek_mulsi3_2[11]
  53  0076  0080     R  	mov _main_2[7],a
  53  0077  0700     R  	mov a,_main_2[6]
  53  0078  0080     R  	mov _Volt[0],a
  53  0079  0700     R  	mov a,_main_2[7]
  53  007A  0080     R  	mov _Volt[1],a
  54  007B              #line 54 "C:\Users\User\Desktop\U3 STD\HU3_3_1_MeterV2.c"
  54  007B  0700     E  	mov a,rd
  54  007C  0080     E  	mov _builtin_holtek_mulsi3_2[0],a
  54  007D  0700     E  	mov a,re
  54  007E  0080     E  	mov _builtin_holtek_mulsi3_2[1],a
  54  007F  0700     E  	mov a,rf
  54  0080  0080     E  	mov _builtin_holtek_mulsi3_2[2],a
  54  0081  0700     E  	mov a,rg
  54  0082  0080     E  	mov _builtin_holtek_mulsi3_2[3],a
  54  0083  0FB8        	mov a,184
  54  0084  0080     E  	mov _builtin_holtek_mulsi3_2[4],a
  54  0085  0F0B        	mov a,11
"File: HU3_3_1_MeterV2.c  Assembler  Version HGASM0202      Page 7

  54  0086  0080     E  	mov _builtin_holtek_mulsi3_2[5],a
  54  0087  0F00        	mov a,0
  54  0088  0080     E  	mov _builtin_holtek_mulsi3_2[6],a
  54  0089  0F00        	mov a,0
  54  008A  0080     E  	mov _builtin_holtek_mulsi3_2[7],a
  54  008B              	fcall _builtin_holtek_mulsi3
  54  0092  0700     E  	mov a,_builtin_holtek_mulsi3_2[8]
  54  0093  0080     E  	mov rd,a
  54  0094  0700     E  	mov a,_builtin_holtek_mulsi3_2[9]
  54  0095  0080     E  	mov re,a
  54  0096  0700     E  	mov a,_builtin_holtek_mulsi3_2[10]
  54  0097  0080     E  	mov rf,a
  54  0098  0700     E  	mov a,_builtin_holtek_mulsi3_2[11]
  54  0099  0080     E  	mov rg,a
  54  009A  0F04        	mov a,4
  54  009B              _LI1:
  54  009B  340A        	clr c
  54  009C  1A80     E  	rlc rb
  54  009D  1A80     E  	rlc rc
  54  009E  1785        	sdz acc
  54  009F  2800     R  	jmp _LI1
  54  00A0  1B10        	rrca intc
  54  00A1  3410        	clr intc.0
  54  00A2  0700     E  	mov a,rd
  54  00A3  00D9        	mov mduwr0,a
  54  00A4  0700     E  	mov a,re
  54  00A5  00DA        	mov mduwr1,a
  54  00A6  0700     E  	mov a,rf
  54  00A7  00DB        	mov mduwr2,a
  54  00A8  0700     E  	mov a,rg
  54  00A9  00DC        	mov mduwr3,a
  54  00AA  0700     E  	mov a,rb
  54  00AB  00DD        	mov mduwr4,a
  54  00AC  0700     E  	mov a,rc
  54  00AD  00DE        	mov mduwr5,a
  54  00AE  0F06        	mov a,6
  54  00AF              _LI2:
  54  00AF  1785        	sdz acc
  54  00B0  2800     R  	jmp _LI2
  54  00B1  0759        	mov a,mduwr0
  54  00B2  0080     E  	mov rb,a
  54  00B3  075A        	mov a,mduwr1
  54  00B4  0080     E  	mov rc,a
  54  00B5  075B        	mov a,mduwr2
  54  00B6  0080     E  	mov rd,a
  54  00B7  075C        	mov a,mduwr3
  54  00B8  0080     E  	mov re,a
  54  00B9  3C0A        	sz c
  54  00BA  3010        	set intc.0
  56  00BB              #line 56 "C:\Users\User\Desktop\U3 STD\HU3_3_1_MeterV2.c"
  56  00BB  1B10        	rrca intc
  56  00BC  3410        	clr intc.0
  56  00BD  0700     E  	mov a,rb
  56  00BE  00D9        	mov mduwr0,a
  56  00BF  0700     E  	mov a,rc
  56  00C0  00DA        	mov mduwr1,a
  56  00C1  0FE8        	mov a,232
  56  00C2  00DD        	mov mduwr4,a
  56  00C3  0F03        	mov a,3
  56  00C4  00DE        	mov mduwr5,a
"File: HU3_3_1_MeterV2.c  Assembler  Version HGASM0202      Page 8

  56  00C5  0F06        	mov a,6
  56  00C6              _LI3:
  56  00C6  1785        	sdz acc
  56  00C7  2800     R  	jmp _LI3
  56  00C8  0759        	mov a,mduwr0
  56  00C9  0080     E  	mov rf,a
  56  00CA  075A        	mov a,mduwr1
  56  00CB  0080     E  	mov rg,a
  56  00CC  3C0A        	sz c
  56  00CD  3010        	set intc.0
  56  00CE  0700     E  	mov a,rf
  56  00CF  0080     R  	mov _Buffer[3],a
  56  00D0  1B10        	rrca intc
  56  00D1  3410        	clr intc.0
  56  00D2  0700     E  	mov a,rb
  56  00D3  00D9        	mov mduwr0,a
  56  00D4  0700     E  	mov a,rc
  56  00D5  00DA        	mov mduwr1,a
  56  00D6  0FE8        	mov a,232
  56  00D7  00DD        	mov mduwr4,a
  56  00D8  0F03        	mov a,3
  56  00D9  00DE        	mov mduwr5,a
  56  00DA  0F06        	mov a,6
  56  00DB              _LI4:
  56  00DB  1785        	sdz acc
  56  00DC  2800     R  	jmp _LI4
  56  00DD  075D        	mov a,mduwr4
  56  00DE  0080     E  	mov rb,a
  56  00DF  075E        	mov a,mduwr5
  56  00E0  0080     E  	mov rc,a
  56  00E1  3C0A        	sz c
  56  00E2  3010        	set intc.0
  57  00E3              #line 57 "C:\Users\User\Desktop\U3 STD\HU3_3_1_MeterV2.c"
  57  00E3  1B10        	rrca intc
  57  00E4  3410        	clr intc.0
  57  00E5  0700     E  	mov a,rb
  57  00E6  00D9        	mov mduwr0,a
  57  00E7  0700     E  	mov a,rc
  57  00E8  00DA        	mov mduwr1,a
  57  00E9  0F64        	mov a,100
  57  00EA  00DD        	mov mduwr4,a
  57  00EB  0F00        	mov a,0
  57  00EC  00DE        	mov mduwr5,a
  57  00ED  0F06        	mov a,6
  57  00EE              _LI5:
  57  00EE  1785        	sdz acc
  57  00EF  2800     R  	jmp _LI5
  57  00F0  0759        	mov a,mduwr0
  57  00F1  0080     E  	mov rd,a
  57  00F2  075A        	mov a,mduwr1
  57  00F3  0080     E  	mov re,a
  57  00F4  3C0A        	sz c
  57  00F5  3010        	set intc.0
  57  00F6  0700     E  	mov a,rd
  57  00F7  0080     R  	mov _Buffer[2],a
  57  00F8  1B10        	rrca intc
  57  00F9  3410        	clr intc.0
  57  00FA  0700     E  	mov a,rb
  57  00FB  00D9        	mov mduwr0,a
  57  00FC  0700     E  	mov a,rc
"File: HU3_3_1_MeterV2.c  Assembler  Version HGASM0202      Page 9

  57  00FD  00DA        	mov mduwr1,a
  57  00FE  0F64        	mov a,100
  57  00FF  00DD        	mov mduwr4,a
  57  0100  0F00        	mov a,0
  57  0101  00DE        	mov mduwr5,a
  57  0102  0F06        	mov a,6
  57  0103              _LI6:
  57  0103  1785        	sdz acc
  57  0104  2800     R  	jmp _LI6
  57  0105  075D        	mov a,mduwr4
  57  0106  0080     E  	mov rb,a
  57  0107  075E        	mov a,mduwr5
  57  0108  0080     E  	mov rc,a
  57  0109  3C0A        	sz c
  57  010A  3010        	set intc.0
  58  010B              #line 58 "C:\Users\User\Desktop\U3 STD\HU3_3_1_MeterV2.c"
  58  010B  1B10        	rrca intc
  58  010C  3410        	clr intc.0
  58  010D  0700     E  	mov a,rb
  58  010E  00D9        	mov mduwr0,a
  58  010F  0700     E  	mov a,rc
  58  0110  00DA        	mov mduwr1,a
  58  0111  0F0A        	mov a,10
  58  0112  00DD        	mov mduwr4,a
  58  0113  0F00        	mov a,0
  58  0114  00DE        	mov mduwr5,a
  58  0115  0F06        	mov a,6
  58  0116              _LI7:
  58  0116  1785        	sdz acc
  58  0117  2800     R  	jmp _LI7
  58  0118  0759        	mov a,mduwr0
  58  0119  0080     E  	mov rd,a
  58  011A  075A        	mov a,mduwr1
  58  011B  0080     E  	mov re,a
  58  011C  3C0A        	sz c
  58  011D  3010        	set intc.0
  58  011E  0700     E  	mov a,rd
  58  011F  0080     R  	mov _Buffer[1],a
  58  0120  1B10        	rrca intc
  58  0121  3410        	clr intc.0
  58  0122  0700     E  	mov a,rb
  58  0123  00D9        	mov mduwr0,a
  58  0124  0700     E  	mov a,rc
  58  0125  00DA        	mov mduwr1,a
  58  0126  0F0A        	mov a,10
  58  0127  00DD        	mov mduwr4,a
  58  0128  0F00        	mov a,0
  58  0129  00DE        	mov mduwr5,a
  58  012A  0F06        	mov a,6
  58  012B              _LI8:
  58  012B  1785        	sdz acc
  58  012C  2800     R  	jmp _LI8
  58  012D  075D        	mov a,mduwr4
  58  012E  0080     E  	mov rb,a
  58  012F  075E        	mov a,mduwr5
  58  0130  0080     E  	mov rc,a
  58  0131  3C0A        	sz c
  58  0132  3010        	set intc.0
  59  0133              #line 59 "C:\Users\User\Desktop\U3 STD\HU3_3_1_MeterV2.c"
  59  0133  0700     E  	mov a,rb
"File: HU3_3_1_MeterV2.c  Assembler  Version HGASM0202      Page 10

  59  0134  0080     R  	mov _Buffer[0],a
  60  0135              #line 60 "C:\Users\User\Desktop\U3 STD\HU3_3_1_MeterV2.c"
  60  0135              ;# 60 "C:\Users\User\Desktop\U3 STD\HU3_3_1_MeterV2.c" 1
  60  0135              	IF 263690>263690
  60  0135              ;# 60 "C:\Users\User\Desktop\U3 STD\HU3_3_1_MeterV2.c" 1
  60  0135              	ERRMESSAGE 'the value 263690of the argument exceeds the maxinum 263690'
  60  0135              	ENDIF
  60  0135              ;# 60 "C:\Users\User\Desktop\U3 STD\HU3_3_1_MeterV2.c" 1
  60  0135              	IF 263690<0
  60  0135              ;# 60 "C:\Users\User\Desktop\U3 STD\HU3_3_1_MeterV2.c" 1
  60  0135              	ERRMESSAGE 'the value 263690 of the argument exceeds the mininum 0'
  60  0135              	ENDIF
  60  0135              ;# 60 "C:\Users\User\Desktop\U3 STD\HU3_3_1_MeterV2.c" 1
  60  0135              	IF 263690==0
  60  0135              ;# 60 "C:\Users\User\Desktop\U3 STD\HU3_3_1_MeterV2.c" 1
  60  0135              	JMP $
  60  0135              	ENDIF
  60  0135              ;# 60 "C:\Users\User\Desktop\U3 STD\HU3_3_1_MeterV2.c" 1
  60  0135              	IF (263690>=1) AND (263690<( 4 + __PBP__ * 2))
  60  0135              ;# 60 "C:\Users\User\Desktop\U3 STD\HU3_3_1_MeterV2.c" 1
  60  0135              	NOP
  60  0135              	ENDIF
  60  0135              ;# 60 "C:\Users\User\Desktop\U3 STD\HU3_3_1_MeterV2.c" 1
  60  0135              	IF (263690>=2) AND (263690<( 4 + __PBP__ * 2))
  60  0135              ;# 60 "C:\Users\User\Desktop\U3 STD\HU3_3_1_MeterV2.c" 1
  60  0135              	NOP
  60  0135              	ENDIF
  60  0135              ;# 60 "C:\Users\User\Desktop\U3 STD\HU3_3_1_MeterV2.c" 1
  60  0135              	IF (263690>=3) AND (263690<( 4 + __PBP__ * 2))
  60  0135              ;# 60 "C:\Users\User\Desktop\U3 STD\HU3_3_1_MeterV2.c" 1
  60  0135              	NOP
  60  0135              	ENDIF
  60  0135              ;# 60 "C:\Users\User\Desktop\U3 STD\HU3_3_1_MeterV2.c" 1
  60  0135              	IF (263690>=4) AND (263690<( 4 + __PBP__ * 2)) AND ( __PBP__ > 0 )
  60  0135              ;# 60 "C:\Users\User\Desktop\U3 STD\HU3_3_1_MeterV2.c" 1
  60  0135              	NOP
  60  0135              	ENDIF
  60  0135              ;# 60 "C:\Users\User\Desktop\U3 STD\HU3_3_1_MeterV2.c" 1
  60  0135              	IF (263690>=5) AND (263690<( 4 + __PBP__ * 2)) AND ( __PBP__ > 0 )
  60  0135              ;# 60 "C:\Users\User\Desktop\U3 STD\HU3_3_1_MeterV2.c" 1
  60  0135              	NOP
  60  0135              	ENDIF
  60  0135              ;# 60 "C:\Users\User\Desktop\U3 STD\HU3_3_1_MeterV2.c" 1
  60  0135              	IF (263690>=6) AND (263690<( 4 + __PBP__ * 2))  AND ( __PBP__ > 1 )
  60  0135              ;# 60 "C:\Users\User\Desktop\U3 STD\HU3_3_1_MeterV2.c" 1
  60  0135              	NOP
  60  0135              	ENDIF
  60  0135              ;# 60 "C:\Users\User\Desktop\U3 STD\HU3_3_1_MeterV2.c" 1
  60  0135              	IF (263690>=7) AND (263690<( 4 + __PBP__ * 2))  AND ( __PBP__ > 1 )
  60  0135              ;# 60 "C:\Users\User\Desktop\U3 STD\HU3_3_1_MeterV2.c" 1
  60  0135              	NOP
  60  0135              	ENDIF
  60  0135              ;# 60 "C:\Users\User\Desktop\U3 STD\HU3_3_1_MeterV2.c" 1
  60  0135              	IF (263690>=8) AND (263690<( 4 + __PBP__ * 2))  AND ( __PBP__ > 2 )
  60  0135              ;# 60 "C:\Users\User\Desktop\U3 STD\HU3_3_1_MeterV2.c" 1
  60  0135              	NOP
  60  0135              	ENDIF
  60  0135              ;# 60 "C:\Users\User\Desktop\U3 STD\HU3_3_1_MeterV2.c" 1
  60  0135              	IF (263690==9)  AND ( __PBP__ > 2 )
  60  0135              ;# 60 "C:\Users\User\Desktop\U3 STD\HU3_3_1_MeterV2.c" 1
"File: HU3_3_1_MeterV2.c  Assembler  Version HGASM0202      Page 11

  60  0135              	NOP
  60  0135              	ENDIF
  60  0135              ;# 60 "C:\Users\User\Desktop\U3 STD\HU3_3_1_MeterV2.c" 1
  60  0135              	IF (263690< ( 8 + __PBP__ * 2)) AND (263690>( 3 + __PBP__ * 2))
  60  0135              ;# 60 "C:\Users\User\Desktop\U3 STD\HU3_3_1_MeterV2.c" 1
  60  0135              	fcall __DELAY3 + ( 7 + __PBP__ * 2) -263690
  60  0135              	ENDIF
  60  0135              ;# 60 "C:\Users\User\Desktop\U3 STD\HU3_3_1_MeterV2.c" 1
  60  0135              	IF (263690< ( 0404h + __PBP__ * 2)) AND (263690>( 7 + __PBP__ * 2))
  60  0135              ;# 60 "C:\Users\User\Desktop\U3 STD\HU3_3_1_MeterV2.c" 1
  60  0135              	MOV A,(263690-( 4 + __PBP__ * 2))/4
  60  0135              ;# 60 "C:\Users\User\Desktop\U3 STD\HU3_3_1_MeterV2.c" 1
  60  0135              	fcall __DELAYX3 + 3 -((263690-( 4 + __PBP__ * 2)) MOD 4) 
  60  0135              	ENDIF
  60  0135              ;# 60 "C:\Users\User\Desktop\U3 STD\HU3_3_1_MeterV2.c" 1
  60  0135              	IF (263690< ( 040bh + __PBP__ * 2)) AND (263690> ( 0403h + __PBP__ * 2))
  60  0135              ;# 60 "C:\Users\User\Desktop\U3 STD\HU3_3_1_MeterV2.c" 1
  60  0135              	MOV A,0 
  60  0135              ;# 60 "C:\Users\User\Desktop\U3 STD\HU3_3_1_MeterV2.c" 1
  60  0135              	fcall __DELAYX6 + ( 040ah + __PBP__ * 2) -263690
  60  0135              	ENDIF
  60  0135              ;# 60 "C:\Users\User\Desktop\U3 STD\HU3_3_1_MeterV2.c" 1
  60  0135              	IF (263690 >= ( 040bh + __PBP__ * 2)) AND ((((263690-( 9 + __PBP__ * 2))%0402h)/4+1)>256)
  60  0135              ;# 60 "C:\Users\User\Desktop\U3 STD\HU3_3_1_MeterV2.c" 1
  60  0135              	MOV A,(263690-( 9 + __PBP__ * 2))/0402h
  60  0135              ;# 60 "C:\Users\User\Desktop\U3 STD\HU3_3_1_MeterV2.c" 1
  60  0135              	MOV _builtin_holtek_delay_2,A
  60  0135              ;# 60 "C:\Users\User\Desktop\U3 STD\HU3_3_1_MeterV2.c" 1
  60  0135              	MOV A,0
  60  0135              ;# 60 "C:\Users\User\Desktop\U3 STD\HU3_3_1_MeterV2.c" 1
  60  0135              	fcall __DELAYY5 +5- (((263690-( 9 + __PBP__ * 2))%0402h)%6) 
  60  0135              	ENDIF
  60  0135              ;# 60 "C:\Users\User\Desktop\U3 STD\HU3_3_1_MeterV2.c" 1
  60  0135              	IF (263690 >= ( 040bh + __PBP__ * 2)) AND ((((263690-( 9 + __PBP__ * 2))%0402h)/4+1)<=256)
  60  0135              ;# 60 "C:\Users\User\Desktop\U3 STD\HU3_3_1_MeterV2.c" 1
  60  0135  0F00        	MOV A,(263690-( 9 + __PBP__ * 2))/0402h
  60  0136              ;# 60 "C:\Users\User\Desktop\U3 STD\HU3_3_1_MeterV2.c" 1
  60  0136  0080     E  	MOV _builtin_holtek_delay_2,A
  60  0137              ;# 60 "C:\Users\User\Desktop\U3 STD\HU3_3_1_MeterV2.c" 1
  60  0137  0FFF        	MOV A,((263690-( 9 + __PBP__ * 2))%0402h)/4+1
  60  0138              ;# 60 "C:\Users\User\Desktop\U3 STD\HU3_3_1_MeterV2.c" 1
  60  0138              	fcall __DELAYY3 +3-(((263690-( 9 + __PBP__ * 2))%0402h)%4) 
  60  013F              	ENDIF
  61  013F              #line 61 "C:\Users\User\Desktop\U3 STD\HU3_3_1_MeterV2.c"
  61  013F  2800     R  	jmp _L8
  61  0140  2800     R  	jmp $
  61  0141              _main endp
  61  0141              
  61  0141              @dummy endp
  61  0141              
  61  0141              #line 61 "C:\Users\User\Desktop\U3 STD\HU3_3_1_MeterV2.c"
  61  0141              #pragma debug scope 1 1
  61  0141              public _ISR_TB0
  61  0141              #pragma debug scope 3 1
  64  0141              #line 64 "C:\Users\User\Desktop\U3 STD\HU3_3_1_MeterV2.c"
  64  0141              rombank 0 @ISR_TB0_code
  64  0000              @ISR_TB0_code .section at 36 'code'
  64  0000  0080     E  	mov r1,a
  64  0001  070B        	mov a,bp
  64  0002  1F0B        	clr bp
"File: HU3_3_1_MeterV2.c  Assembler  Version HGASM0202      Page 12

  64  0003  2800     R  	jmp _ISR_TB0
  64  0004              ROMBANK 0 _ISR_TB0
  64  0004              #pragma debug scope 1 1
  64  0004              @dummy36 endp
  64  0004              #pragma debug scope 4 1
  64  0000              _ISR_TB0 .section 'code'
  64  0000              _ISR_TB0 proc
  64  0000  0080     E  	mov r2,a
  64  0001  070A        	mov a, status
  64  0002  0080     E  	mov r3,a
  64  0003  0703        	mov a,mp
  64  0004  0080     E  	mov r4,a
  64  0005  0704        	mov a,sbp
  64  0006  0080     E  	mov r5,a
  64  0007  0707        	mov a,tblp
  64  0008  0080     E  	mov r6,a
  64  0009  0709        	mov a,tbhp
  64  000A  0080     E  	mov r7,a
  64  000B  1F27        	clr [39]
  65  000C              #line 65 "C:\Users\User\Desktop\U3 STD\HU3_3_1_MeterV2.c"
  65  000C  0700     R  	mov a,_ScanCode[0]
  65  000D  00A1        	mov [33],a
  65  000E  0700     R  	mov a,_ptr[0]
  65  000F  0080     E  	mov rb,a
  65  0010  0700     R  	mov a,_ptr[1]
  65  0011  0080     E  	mov rc,a
  66  0012              #line 66 "C:\Users\User\Desktop\U3 STD\HU3_3_1_MeterV2.c"
  66  0012  0700     R  	mov a,_ScanCode[0]
  66  0013  0A08        	sub a,8
  66  0014  3D0A        	sz z
  66  0015  2800     R  	jmp _L11
  66  0016              #line 66 "C:\Users\User\Desktop\U3 STD\HU3_3_1_MeterV2.c"
  66  0016  0F01        	mov a,1
  66  0017  0300     E  	add a,rb
  66  0018  0080     R  	mov _ptr[0],a
  66  0019  0F00        	mov a,0
  66  001A  1300     E  	adc a,rc
  66  001B  0080     R  	mov _ptr[1],a
  66  001C  0700     E  	mov a,rb
  66  001D  0083        	mov mp,a
  66  001E  0700     E  	mov a,rc
  66  001F  0084        	mov sbp,a
  66  0020              	fcall _Crom2Prom
  66  0027  0080     E  	mov ra,a
  66  0028  0F00     R  	mov a,low offset _SEG_TAB
  66  0029  0300     E  	add a,ra
  66  002A  0083        	mov mp,a
  66  002B  0F00     R  	mov a,high offset _SEG_TAB
  66  002C  1F04        	clr sbp
  66  002D  1384        	adcm a,sbp
  66  002E              	fcall _Crom2Prom
  66  0035  00A7        	mov [39],a
  66  0036  2800     R  	jmp _L12
  66  0037              _L11:
  67  0037              #line 67 "C:\Users\User\Desktop\U3 STD\HU3_3_1_MeterV2.c"
  67  0037  0F01        	mov a,1
  67  0038  0300     E  	add a,rb
  67  0039  0080     R  	mov _ptr[0],a
  67  003A  0F00        	mov a,0
  67  003B  1300     E  	adc a,rc
"File: HU3_3_1_MeterV2.c  Assembler  Version HGASM0202      Page 13

  67  003C  0080     R  	mov _ptr[1],a
  67  003D  0700     E  	mov a,rb
  67  003E  0083        	mov mp,a
  67  003F  0700     E  	mov a,rc
  67  0040  0084        	mov sbp,a
  67  0041              	fcall _Crom2Prom
  67  0048  0080     E  	mov ra,a
  67  0049  0F00     R  	mov a,low offset _SEG_TAB
  67  004A  0300     E  	add a,ra
  67  004B  0083        	mov mp,a
  67  004C  0F00     R  	mov a,high offset _SEG_TAB
  67  004D  1F04        	clr sbp
  67  004E  1384        	adcm a,sbp
  67  004F              	fcall _Crom2Prom
  67  0056  0080     E  	mov ra,a
  67  0057  3000     E  	set ra.7
  67  0058  0700     E  	mov a,ra
  67  0059  00A7        	mov [39],a
  67  005A              _L12:
  68  005A              #line 68 "C:\Users\User\Desktop\U3 STD\HU3_3_1_MeterV2.c"
  68  005A              ;# 68 "C:\Users\User\Desktop\U3 STD\HU3_3_1_MeterV2.c" 1
  68  005A  1880     R  	rl _ScanCode[0]
  69  005B              #line 69 "C:\Users\User\Desktop\U3 STD\HU3_3_1_MeterV2.c"
  69  005B  0700     R  	mov a,_ScanCode[0]
  69  005C  0A10        	sub a,16
  69  005D  390A        	snz z
  69  005E  2800     R  	jmp _L10
  70  005F              #line 70 "C:\Users\User\Desktop\U3 STD\HU3_3_1_MeterV2.c"
  70  005F  0F01        	mov a,1
  70  0060  0080     R  	mov _ScanCode[0],a
  70  0061  0F00     R  	mov a,low offset _Buffer
  70  0062  0080     R  	mov _ptr[0],a
  70  0063  0F00     R  	mov a,high offset _Buffer
  70  0064  0080     R  	mov _ptr[1],a
  70  0065              _L10:
  70  0065  0700     E  	mov a,r2
  70  0066  008B        	mov bp,a
  70  0067  0700     E  	mov a,r3
  70  0068  008A        	mov status,a
  70  0069  0700     E  	mov a,r4
  70  006A  0083        	mov mp,a
  70  006B  0700     E  	mov a,r5
  70  006C  0084        	mov sbp,a
  70  006D  0700     E  	mov a,r6
  70  006E  0087        	mov tblp,a
  70  006F  0700     E  	mov a,r7
  70  0070  0089        	mov tbhp,a
  70  0071  1D05        	tabrdc acc
  70  0072  0700     E  	mov a,r1
  70  0073  0004        	reti
  70  0074              _ISR_TB0 endp
  70  0074              
  70  0074              #line 70 "C:\Users\User\Desktop\U3 STD\HU3_3_1_MeterV2.c"
  70  0074              #pragma debug scope 1 1
  18  0074              #line 18 "C:\Users\User\Desktop\U3 STD\HU3_3_1_MeterV2.c"
  18  0074              public _Volt
  18  0000              @HCCINIT0_Volt .section 'data'
  18  0000  0002[       _Volt	db 2 dup(0)
            00
            ]
"File: HU3_3_1_MeterV2.c  Assembler  Version HGASM0202      Page 14

  18  0002              #pragma debug variable 10 1 _Volt "Volt"
  18  0002              
  18  0000              @HCCINIT .section 'data'
  18  0000              public _AVDD
  18  0000              @crom	.section 'crom'
  17  0000              #line 17 "C:\Users\User\Desktop\U3 STD\HU3_3_1_MeterV2.c"
  17  0000              @crom	.section	'crom'
  17  0000              _AVDD:
  17  0000              #pragma debug variable 10 1 _AVDD "AVDD"
  17  0000  1388        	dc 5000
  17  0001              public _VR
  16  0001              #line 16 "C:\Users\User\Desktop\U3 STD\HU3_3_1_MeterV2.c"
  16  0001              @crom	.section	'crom'
  16  0001              _VR:
  16  0001              #pragma debug variable 10 1 _VR "VR"
  16  0001  0BB8        	dc 3000
  15  0002              #line 15 "C:\Users\User\Desktop\U3 STD\HU3_3_1_MeterV2.c"
  15  0002              public _Buffer
  15  0000              @HCCINIT0_Buffer .section 'data'
  15  0000  0004[       _Buffer	db 4 dup(0)
            00
            ]
  15  0004              #pragma debug array 42 8 4 1
  15  0004              #pragma debug array 42 8 4 1
  15  0004              #pragma debug variable 42 1 _Buffer "Buffer"
  15  0004              
  15  0000              @HCCINIT .section 'data'
  15  0000              #line 15 "C:\Users\User\Desktop\U3 STD\HU3_3_1_MeterV2.c"
  15  0000              public _ScanCode
  15  0000              @HCCINIT0_ScanCode .section 'data'
  15  0000              _ScanCode	db 0
  15  0001              #pragma debug variable 8 1 _ScanCode "ScanCode"
  15  0001              
  15  0000              @HCCINIT .section 'data'
  15  0000              #line 15 "C:\Users\User\Desktop\U3 STD\HU3_3_1_MeterV2.c"
  15  0000              public _ptr
  15  0000              @HCCINIT0_ptr .section 'data'
  15  0000  0002[       _ptr	db 2 dup(0)
            00
            ]
  15  0002              #pragma debug pointer 43 8 1
  15  0002              #pragma debug pointer 43 8 1
  15  0002              #pragma debug variable 43 1 _ptr "ptr"
  15  0002              
  15  0000              @HCCINIT .section 'data'
  15  0000              public _SEG_TAB
  12  0000              #line 12 "C:\Users\User\Desktop\U3 STD\HU3_3_1_MeterV2.c"
  12  0002              @crom	.section	'crom'
  12  0002              _SEG_TAB:
  12  0002              #pragma debug array 44 8 10 1
  12  0002              #pragma debug array 44 8 10 1
  12  0002              #pragma debug variable 44 1 _SEG_TAB "SEG_TAB"
  12  0002              	db 63
  12  0003              	db 6
  12  0003              	db 91
  12  0004              	db 79
  12  0004              	db 102
  12  0005              	db 109
  12  0005              	db 125
  12  0006              	db 7
"File: HU3_3_1_MeterV2.c  Assembler  Version HGASM0202      Page 15

  12  0006              	db 127
  12  0007              	db 103
  12  0007              #pragma debug struct_end
  12  0007              #pragma debug struct_end
  12  0007              #pragma debug union_end
  12  0007              #pragma debug union_end
  12  0007              #pragma debug variable 46 1 ___intc0 "__intc0" 1
  12  0007              #pragma debug struct_end
  12  0007              #pragma debug struct_end
  12  0007              #pragma debug union_end
  12  0007              #pragma debug union_end
  12  0007              #pragma debug variable 48 1 ___intc2 "__intc2" 1
  12  0007              #pragma debug struct_end
  12  0007              #pragma debug struct_end
  12  0007              #pragma debug union_end
  12  0007              #pragma debug union_end
  12  0007              #pragma debug variable 50 1 ___pe "__pe" 1
  12  0007              #pragma debug struct_end
  12  0007              #pragma debug struct_end
  12  0007              #pragma debug union_end
  12  0007              #pragma debug union_end
  12  0007              #pragma debug variable 52 1 ___pec "__pec" 1
  12  0007              #pragma debug struct_end
  12  0007              #pragma debug struct_end
  12  0007              #pragma debug union_end
  12  0007              #pragma debug union_end
  12  0007              #pragma debug variable 54 1 ___pg "__pg" 1
  12  0007              #pragma debug struct_end
  12  0007              #pragma debug struct_end
  12  0007              #pragma debug union_end
  12  0007              #pragma debug union_end
  12  0007              #pragma debug variable 56 1 ___pgc "__pgc" 1
  12  0007              #pragma debug struct_end
  12  0007              #pragma debug struct_end
  12  0007              #pragma debug union_end
  12  0007              #pragma debug union_end
  12  0007              #pragma debug variable 58 1 ___vbgrc "__vbgrc" 1
  12  0007              #pragma debug struct_end
  12  0007              #pragma debug struct_end
  12  0007              #pragma debug union_end
  12  0007              #pragma debug union_end
  12  0007              #pragma debug variable 60 1 ___wdtc "__wdtc" 1
  12  0007              #pragma debug struct_end
  12  0007              #pragma debug struct_end
  12  0007              #pragma debug union_end
  12  0007              #pragma debug union_end
  12  0007              #pragma debug variable 62 1 ___psc0r "__psc0r" 1
  12  0007              #pragma debug struct_end
  12  0007              #pragma debug struct_end
  12  0007              #pragma debug union_end
  12  0007              #pragma debug union_end
  12  0007              #pragma debug variable 64 1 ___tb0c "__tb0c" 1
  12  0007              #pragma debug variable 8 1 ___sadol "__sadol" 1
  12  0007              #pragma debug variable 8 1 ___sadoh "__sadoh" 1
  12  0007              #pragma debug struct_end
  12  0007              #pragma debug struct_end
  12  0007              #pragma debug union_end
  12  0007              #pragma debug union_end
  12  0007              #pragma debug variable 66 1 ___sadc0 "__sadc0" 1
  12  0007              #pragma debug struct_end
"File: HU3_3_1_MeterV2.c  Assembler  Version HGASM0202      Page 16

  12  0007              #pragma debug struct_end
  12  0007              #pragma debug union_end
  12  0007              #pragma debug union_end
  12  0007              #pragma debug variable 68 1 ___sadc1 "__sadc1" 1
  12  0007              #pragma debug struct_end
  12  0007              #pragma debug struct_end
  12  0007              #pragma debug union_end
  12  0007              #pragma debug union_end
  12  0007              #pragma debug variable 70 1 ___sadc2 "__sadc2" 1
  12  0007              #pragma debug struct_end
  12  0007              #pragma debug struct_end
  12  0007              #pragma debug union_end
  12  0007              #pragma debug union_end
  12  0007              #pragma debug variable 72 1 ___pds0 "__pds0" 1
  12  0007              extern r1:byte
  12  0007              extern r2:byte
  12  0007              extern r3:byte
  12  0007              extern r4:byte
  12  0007              extern r5:byte
  12  0007              extern r6:byte
  12  0007              extern r7:byte
  20  0007              #line 20 "C:\Users\User\Desktop\U3 STD\HU3_3_1_MeterV2.c"
  20  0000              @code .section at 0 'code'
  20  0000  1F0B        	clr bp
  20  0001  2800     R  	jmp _main_startup1
  20  0002              
  20  0002              extern _builtin_holtek_mulsi3_2:byte
  20  0002              extern _builtin_holtek_mulsi3:near
  20  0002              
  20  0002              ; 
  20  0002              ; Generated by holtek-gcc v3.23, Wed Jul 01 10:14:05 2026
  20  0002              ; Rebuild 1114
  20  0002              ; end of file


        0 Errors, 0