"File: U3_3_1.c      Assembler  Version HGASM0202      Page 1


   1  0000              ; Generated by holtek-gcc v3.23, Tue Jun 02 09:45:58 2026
   2  0000              ; 
   3  0000              ; Configuration:
   4  0000              ;       with long instruction
   5  0000              ;       Multi-ROM, Multi-RAM
   6  0000              ;       bits_per_rom_unit:16
   7  0000              ;       with mp1
   8  0000              ;       with tbhp, address(0x9)
   9  0000              ;          Use tabrd-const
  10  0000              ;       
  11  0000              ; SFR address of long-instruction arch:
  12  0000              ;    mp0 = -1,1,0
  13  0000              ;    mp1 = 4,3,2
  14  0000              ;    mp2 = 14,13,12
  15  0000              ;    tbp = 9,7,8
  16  0000              ;    acc = 5
  17  0000              ;    pcl = 6
  18  0000              ;    status = 10
  19  0000              ;    bp = 11
  20  0000              ;    intc = 16
  21  0000              ;       
  22  0000              ;       
  23  0000              ; use 'tabrdc' instead of 'tabrd'
  24  0000              ;       
  25  0000              
  26  0000              #pragma translator "holtek-gcc 4.6.4" "3.23" "build 20130711"
  27  0000              ; Rebuild 1114
  28  0000              
  29  0000              ir equ [2]
  30  0000              mp equ [3]
  31  0000              sbp equ [4]
  32  0000              acc equ [5]
  33  0000              bp equ [11]
  34  0000              tblp equ [7]
  35  0000              tbhp equ [9]
  36  0000              status equ [10]
  37  0000              c equ [10].0
  38  0000              ac equ [10].1
  39  0000              z equ [10].2
  40  0000              ov equ [10].3
  41  0000              cz equ [10].6
  42  0000              sc equ [10].7
  43  0000              intc equ [16]
  44  0000              mduwr0 equ [59h]
  45  0000              mduwr1 equ [5ah]
  46  0000              mduwr2 equ [5bh]
  47  0000              mduwr3 equ [5ch]
  48  0000              mduwr4 equ [5dh]
  49  0000              mduwr5 equ [5eh]
  50  0000              mduwrctrl equ [5fh]
  51  0000              
  52  0000              extern ra:byte
  53  0000              extern rb:byte
  54  0000              extern rc:byte
  55  0000              extern rd:byte
  56  0000              extern re:byte
  57  0000              extern rf:byte
  58  0000              extern rg:byte
  59  0000              extern rh:byte
"File: U3_3_1.ASM    Assembler  Version HGASM0202      Page 2

  60  0000              extern _Crom2Prom:near
  61  0000              extern _Crom2PromNext:near
  62  0000              
  63  0000              RAMBANK 0 @BITDATASEC, @BITDATASEC1
  64  0000              @HCCINIT	.section 'data'
  65  0000              @HCCINIT0	.section 'data'
  66  0000              @BITDATASEC	 .section 'data'
  67  0000              @BITDATASEC1	 .section 'data'
  68  0000              
  69  0000              #pragma debug scope 1 1
  70  0000              	extern __DELAY3:near
  71  0000              	extern __DELAYX3:near
  72  0000              	extern __DELAYX6:near
  73  0000              	extern __DELAYY5:near
  74  0000              	extern __DELAYY3:near
  75  0000              	extern _builtin_holtek_delay_2:byte
  76  0000              ___wdtc equ [62]
  77  0000              ___pg equ [39]
  78  0000              ___pgc equ [40]
  79  0000              ___pe equ [33]
  80  0000              ___pec equ [34]
  81  0000              ___psc0r equ [99]
  82  0000              ___tb0c equ [100]
  83  0000              ___intc2 equ [18]
  84  0000              ___sadc0 equ [105]
  85  0000              ___sadc1 equ [106]
  86  0000              ___sadc2 equ [107]
  87  0000              ___pds0 equ [339]
  88  0000              ___intc0 equ [16]
  89  0000              ___sadoh equ [104]
  90  0000              ___sadol equ [103]
  91  0000              public _main
  92  0000              #pragma debug scope 2 1

  15  0000              #line 15 "C:\Users\User\Desktop\U3 STD\U3_3_1.c"
  15  0000              IFDEF WITH_DEFAULT_STARTUP
  15  0000              extern _main_initial0:near
  15  0000              extern _main_startup:near
  15  0000              ENDIF
  15  0000              
  15  0000              ROMBANK 0 @start
  15  0000              @start .section com_l 'code'
  15  0000              _main_startup1:
  15  0000              @start .section com_e 'code'
  15  0000  0F00     R  	mov a,bank _main
  15  0001  008B        	mov bp,a
  15  0002  2800     R  	jmp _main
  15  0003              
  15  0000              _main .section 'code'
  15  0000              _main proc
  16  0000              #line 16 "C:\Users\User\Desktop\U3 STD\U3_3_1.c"
  16  0000  0FAF        	mov a,175
  16  0001  00BE        	mov [62],a
  17  0002              #line 17 "C:\Users\User\Desktop\U3 STD\U3_3_1.c"
  17  0002  1F27        	clr [39]
  17  0003  1F28        	clr [40]
  18  0004              #line 18 "C:\Users\User\Desktop\U3 STD\U3_3_1.c"
  18  0004  0FF0        	mov a,240
  18  0005  06A1        	andm a,[33]
  18  0006  0FF0        	mov a,240
"File: U3_3_1.c      Assembler  Version HGASM0202      Page 3

  18  0007  06A2        	andm a,[34]
  19  0008              #line 19 "C:\Users\User\Desktop\U3 STD\U3_3_1.c"
  19  0008  0F01        	mov a,1
  19  0009  00E3        	mov [99],a
  19  000A  0F85        	mov a,133
  19  000B  00E4        	mov [100],a
  19  000C  3092        	set [18].1
  20  000D              #line 20 "C:\Users\User\Desktop\U3 STD\U3_3_1.c"
  20  000D  0F38        	mov a,56
  20  000E  00E9        	mov [105],a
  21  000F              #line 21 "C:\Users\User\Desktop\U3 STD\U3_3_1.c"
  21  000F  0F07        	mov a,7
  21  0010  00EA        	mov [106],a
  22  0011              #line 22 "C:\Users\User\Desktop\U3 STD\U3_3_1.c"
  22  0011  1F6B        	clr [107]
  23  0012              #line 23 "C:\Users\User\Desktop\U3 STD\U3_3_1.c"
  23  0012  0F03        	mov a,3
  23  0013  80D3 0001   	lmov [339],a
  24  0015              #line 24 "C:\Users\User\Desktop\U3 STD\U3_3_1.c"
  24  0015  0F00     R  	mov a,low offset _Buffer
  24  0016  0080     R  	mov _ptr[0],a
  24  0017  0F00     R  	mov a,high offset _Buffer
  24  0018  0080     R  	mov _ptr[1],a
  24  0019  0F01        	mov a,1
  24  001A  0080     R  	mov _ScanCode[0],a
  25  001B              #line 25 "C:\Users\User\Desktop\U3 STD\U3_3_1.c"
  25  001B  1F00     R  	clr _Buffer[0]
  25  001C  1F00     R  	clr _Buffer[1]
  25  001D  1F00     R  	clr _Buffer[2]
  25  001E  1F00     R  	clr _Buffer[3]
  26  001F              #line 26 "C:\Users\User\Desktop\U3 STD\U3_3_1.c"
  26  001F  3010        	set [16].0
  26  0020              _L4:
  28  0020              #line 28 "C:\Users\User\Desktop\U3 STD\U3_3_1.c"
  28  0020  33E9        	set [105].7
  28  0021  37E9        	clr [105].7
  28  0022              _L3:
  29  0022              #line 29 "C:\Users\User\Desktop\U3 STD\U3_3_1.c"
  29  0022  3F69        	sz [105].6
  29  0023  2800     R  	jmp _L3
  30  0024              #line 30 "C:\Users\User\Desktop\U3 STD\U3_3_1.c"
  30  0024  0768        	mov a,[104]
  30  0025  0080     E  	mov re,a
  30  0026  1F00     E  	clr rd
  30  0027  0700     E  	mov a,re
  30  0028  0080     E  	mov rc,a
  30  0029  0767        	mov a,[103]
  30  002A  0500     E  	or a,rd
  30  002B  0080     E  	mov rb,a
  31  002C              #line 31 "C:\Users\User\Desktop\U3 STD\U3_3_1.c"
  31  002C  1B10        	rrca intc
  31  002D  3410        	clr intc.0
  31  002E  0700     E  	mov a,rb
  31  002F  00D9        	mov mduwr0,a
  31  0030  0700     E  	mov a,rc
  31  0031  00DA        	mov mduwr1,a
  31  0032  0FE8        	mov a,232
  31  0033  00DD        	mov mduwr4,a
  31  0034  0F03        	mov a,3
  31  0035  00DE        	mov mduwr5,a
"File: U3_3_1.c      Assembler  Version HGASM0202      Page 4

  31  0036  0F06        	mov a,6
  31  0037              _LI1:
  31  0037  1785        	sdz acc
  31  0038  2800     R  	jmp _LI1
  31  0039  0759        	mov a,mduwr0
  31  003A  0080     E  	mov rf,a
  31  003B  075A        	mov a,mduwr1
  31  003C  0080     E  	mov rg,a
  31  003D  3C0A        	sz c
  31  003E  3010        	set intc.0
  31  003F  0700     E  	mov a,rf
  31  0040  0080     R  	mov _Buffer[3],a
  31  0041  1B10        	rrca intc
  31  0042  3410        	clr intc.0
  31  0043  0700     E  	mov a,rb
  31  0044  00D9        	mov mduwr0,a
  31  0045  0700     E  	mov a,rc
  31  0046  00DA        	mov mduwr1,a
  31  0047  0FE8        	mov a,232
  31  0048  00DD        	mov mduwr4,a
  31  0049  0F03        	mov a,3
  31  004A  00DE        	mov mduwr5,a
  31  004B  0F06        	mov a,6
  31  004C              _LI2:
  31  004C  1785        	sdz acc
  31  004D  2800     R  	jmp _LI2
  31  004E  075D        	mov a,mduwr4
  31  004F  0080     E  	mov rb,a
  31  0050  075E        	mov a,mduwr5
  31  0051  0080     E  	mov rc,a
  31  0052  3C0A        	sz c
  31  0053  3010        	set intc.0
  32  0054              #line 32 "C:\Users\User\Desktop\U3 STD\U3_3_1.c"
  32  0054  1B10        	rrca intc
  32  0055  3410        	clr intc.0
  32  0056  0700     E  	mov a,rb
  32  0057  00D9        	mov mduwr0,a
  32  0058  0700     E  	mov a,rc
  32  0059  00DA        	mov mduwr1,a
  32  005A  0F64        	mov a,100
  32  005B  00DD        	mov mduwr4,a
  32  005C  0F00        	mov a,0
  32  005D  00DE        	mov mduwr5,a
  32  005E  0F06        	mov a,6
  32  005F              _LI3:
  32  005F  1785        	sdz acc
  32  0060  2800     R  	jmp _LI3
  32  0061  0759        	mov a,mduwr0
  32  0062  0080     E  	mov rf,a
  32  0063  075A        	mov a,mduwr1
  32  0064  0080     E  	mov rg,a
  32  0065  3C0A        	sz c
  32  0066  3010        	set intc.0
  32  0067  0700     E  	mov a,rf
  32  0068  0080     R  	mov _Buffer[2],a
  32  0069  1B10        	rrca intc
  32  006A  3410        	clr intc.0
  32  006B  0700     E  	mov a,rb
  32  006C  00D9        	mov mduwr0,a
  32  006D  0700     E  	mov a,rc
"File: U3_3_1.c      Assembler  Version HGASM0202      Page 5

  32  006E  00DA        	mov mduwr1,a
  32  006F  0F64        	mov a,100
  32  0070  00DD        	mov mduwr4,a
  32  0071  0F00        	mov a,0
  32  0072  00DE        	mov mduwr5,a
  32  0073  0F06        	mov a,6
  32  0074              _LI4:
  32  0074  1785        	sdz acc
  32  0075  2800     R  	jmp _LI4
  32  0076  075D        	mov a,mduwr4
  32  0077  0080     E  	mov rb,a
  32  0078  075E        	mov a,mduwr5
  32  0079  0080     E  	mov rc,a
  32  007A  3C0A        	sz c
  32  007B  3010        	set intc.0
  33  007C              #line 33 "C:\Users\User\Desktop\U3 STD\U3_3_1.c"
  33  007C  1B10        	rrca intc
  33  007D  3410        	clr intc.0
  33  007E  0700     E  	mov a,rb
  33  007F  00D9        	mov mduwr0,a
  33  0080  0700     E  	mov a,rc
  33  0081  00DA        	mov mduwr1,a
  33  0082  0F0A        	mov a,10
  33  0083  00DD        	mov mduwr4,a
  33  0084  0F00        	mov a,0
  33  0085  00DE        	mov mduwr5,a
  33  0086  0F06        	mov a,6
  33  0087              _LI5:
  33  0087  1785        	sdz acc
  33  0088  2800     R  	jmp _LI5
  33  0089  0759        	mov a,mduwr0
  33  008A  0080     E  	mov rf,a
  33  008B  075A        	mov a,mduwr1
  33  008C  0080     E  	mov rg,a
  33  008D  3C0A        	sz c
  33  008E  3010        	set intc.0
  33  008F  0700     E  	mov a,rf
  33  0090  0080     R  	mov _Buffer[1],a
  33  0091  1B10        	rrca intc
  33  0092  3410        	clr intc.0
  33  0093  0700     E  	mov a,rb
  33  0094  00D9        	mov mduwr0,a
  33  0095  0700     E  	mov a,rc
  33  0096  00DA        	mov mduwr1,a
  33  0097  0F0A        	mov a,10
  33  0098  00DD        	mov mduwr4,a
  33  0099  0F00        	mov a,0
  33  009A  00DE        	mov mduwr5,a
  33  009B  0F06        	mov a,6
  33  009C              _LI6:
  33  009C  1785        	sdz acc
  33  009D  2800     R  	jmp _LI6
  33  009E  075D        	mov a,mduwr4
  33  009F  0080     E  	mov rb,a
  33  00A0  075E        	mov a,mduwr5
  33  00A1  0080     E  	mov rc,a
  33  00A2  3C0A        	sz c
  33  00A3  3010        	set intc.0
  34  00A4              #line 34 "C:\Users\User\Desktop\U3 STD\U3_3_1.c"
  34  00A4  0700     E  	mov a,rb
"File: U3_3_1.c      Assembler  Version HGASM0202      Page 6

  34  00A5  0080     R  	mov _Buffer[0],a
  35  00A6              #line 35 "C:\Users\User\Desktop\U3 STD\U3_3_1.c"
  35  00A6  2800     R  	jmp _L4
  35  00A7  2800     R  	jmp $
  35  00A8              _main endp
  35  00A8              
  35  00A8              @dummy endp
  35  00A8              
  35  00A8              #line 35 "C:\Users\User\Desktop\U3 STD\U3_3_1.c"
  35  00A8              #pragma debug scope 1 1
  35  00A8              public _ISR_TB0
  35  00A8              #pragma debug scope 3 1
  38  00A8              #line 38 "C:\Users\User\Desktop\U3 STD\U3_3_1.c"
  38  00A8              rombank 0 @ISR_TB0_code
  38  0000              @ISR_TB0_code .section at 36 'code'
  38  0000  0080     E  	mov r1,a
  38  0001  070B        	mov a,bp
  38  0002  1F0B        	clr bp
  38  0003  2800     R  	jmp _ISR_TB0
  38  0004              ROMBANK 0 _ISR_TB0
  38  0004              #pragma debug scope 1 1
  38  0004              @dummy36 endp
  38  0004              #pragma debug scope 4 1
  38  0000              _ISR_TB0 .section 'code'
  38  0000              _ISR_TB0 proc
  38  0000  0080     E  	mov r2,a
  38  0001  070A        	mov a, status
  38  0002  0080     E  	mov r3,a
  38  0003  0703        	mov a,mp
  38  0004  0080     E  	mov r4,a
  38  0005  0704        	mov a,sbp
  38  0006  0080     E  	mov r5,a
  38  0007  0707        	mov a,tblp
  38  0008  0080     E  	mov r6,a
  38  0009  0709        	mov a,tbhp
  38  000A  0080     E  	mov r7,a
  38  000B  1F27        	clr [39]
  39  000C              #line 39 "C:\Users\User\Desktop\U3 STD\U3_3_1.c"
  39  000C  0700     R  	mov a,_ScanCode[0]
  39  000D  00A1        	mov [33],a
  40  000E              #line 40 "C:\Users\User\Desktop\U3 STD\U3_3_1.c"
  40  000E  0700     R  	mov a,_ptr[0]
  40  000F  0080     E  	mov rb,a
  40  0010  0700     R  	mov a,_ptr[1]
  40  0011  0080     E  	mov rc,a
  40  0012  0F01        	mov a,1
  40  0013  0300     E  	add a,rb
  40  0014  0080     R  	mov _ptr[0],a
  40  0015  0F00        	mov a,0
  40  0016  1300     E  	adc a,rc
  40  0017  0080     R  	mov _ptr[1],a
  40  0018  0700     E  	mov a,rb
  40  0019  0083        	mov mp,a
  40  001A  0700     E  	mov a,rc
  40  001B  0084        	mov sbp,a
  40  001C              	fcall _Crom2Prom
  40  0023  0080     E  	mov ra,a
  40  0024  0F00     R  	mov a,low offset _SEG_TAB
  40  0025  0300     E  	add a,ra
  40  0026  0083        	mov mp,a
"File: U3_3_1.c      Assembler  Version HGASM0202      Page 7

  40  0027  0F00     R  	mov a,high offset _SEG_TAB
  40  0028  1F04        	clr sbp
  40  0029  1384        	adcm a,sbp
  40  002A              	fcall _Crom2Prom
  40  0031  00A7        	mov [39],a
  41  0032              #line 41 "C:\Users\User\Desktop\U3 STD\U3_3_1.c"
  41  0032              ;# 41 "C:\Users\User\Desktop\U3 STD\U3_3_1.c" 1
  41  0032  1880     R  	rl _ScanCode[0]
  42  0033              #line 42 "C:\Users\User\Desktop\U3 STD\U3_3_1.c"
  42  0033  0700     R  	mov a,_ScanCode[0]
  42  0034  0A10        	sub a,16
  42  0035  390A        	snz z
  42  0036  2800     R  	jmp _L6
  43  0037              #line 43 "C:\Users\User\Desktop\U3 STD\U3_3_1.c"
  43  0037  0F01        	mov a,1
  43  0038  0080     R  	mov _ScanCode[0],a
  43  0039  0F00     R  	mov a,low offset _Buffer
  43  003A  0080     R  	mov _ptr[0],a
  43  003B  0F00     R  	mov a,high offset _Buffer
  43  003C  0080     R  	mov _ptr[1],a
  43  003D              _L6:
  43  003D  0700     E  	mov a,r2
  43  003E  008B        	mov bp,a
  43  003F  0700     E  	mov a,r3
  43  0040  008A        	mov status,a
  43  0041  0700     E  	mov a,r4
  43  0042  0083        	mov mp,a
  43  0043  0700     E  	mov a,r5
  43  0044  0084        	mov sbp,a
  43  0045  0700     E  	mov a,r6
  43  0046  0087        	mov tblp,a
  43  0047  0700     E  	mov a,r7
  43  0048  0089        	mov tbhp,a
  43  0049  1D05        	tabrdc acc
  43  004A  0700     E  	mov a,r1
  43  004B  0004        	reti
  43  004C              _ISR_TB0 endp
  43  004C              
  43  004C              #line 43 "C:\Users\User\Desktop\U3 STD\U3_3_1.c"
  43  004C              #pragma debug scope 1 1
  13  004C              #line 13 "C:\Users\User\Desktop\U3 STD\U3_3_1.c"
  13  004C              public _Buffer
  13  0000              @HCCINIT0_Buffer .section 'data'
  13  0000  0004[       _Buffer	db 4 dup(0)
            00
            ]
  13  0004              #pragma debug array 42 8 4 1
  13  0004              #pragma debug array 42 8 4 1
  13  0004              #pragma debug variable 42 1 _Buffer "Buffer"
  13  0004              
  13  0000              @HCCINIT .section 'data'
  13  0000              #line 13 "C:\Users\User\Desktop\U3 STD\U3_3_1.c"
  13  0000              public _ScanCode
  13  0000              @HCCINIT0_ScanCode .section 'data'
  13  0000              _ScanCode	db 0
  13  0001              #pragma debug variable 8 1 _ScanCode "ScanCode"
  13  0001              
  13  0000              @HCCINIT .section 'data'
  13  0000              #line 13 "C:\Users\User\Desktop\U3 STD\U3_3_1.c"
  13  0000              public _ptr
"File: U3_3_1.c      Assembler  Version HGASM0202      Page 8

  13  0000              @HCCINIT0_ptr .section 'data'
  13  0000  0002[       _ptr	db 2 dup(0)
            00
            ]
  13  0002              #pragma debug pointer 43 8 1
  13  0002              #pragma debug pointer 43 8 1
  13  0002              #pragma debug variable 43 1 _ptr "ptr"
  13  0002              
  13  0000              @HCCINIT .section 'data'
  13  0000              public _SEG_TAB
  13  0000              @crom	.section 'crom'
  10  0000              #line 10 "C:\Users\User\Desktop\U3 STD\U3_3_1.c"
  10  0000              @crom	.section	'crom'
  10  0000              _SEG_TAB:
  10  0000              #pragma debug array 44 8 10 1
  10  0000              #pragma debug array 44 8 10 1
  10  0000              #pragma debug variable 44 1 _SEG_TAB "SEG_TAB"
  10  0000              	db 63
  10  0001              	db 6
  10  0001              	db 91
  10  0002              	db 79
  10  0002              	db 102
  10  0003              	db 109
  10  0003              	db 125
  10  0004              	db 7
  10  0004              	db 127
  10  0005              	db 103
  10  0005              #pragma debug struct_end
  10  0005              #pragma debug struct_end
  10  0005              #pragma debug union_end
  10  0005              #pragma debug union_end
  10  0005              #pragma debug variable 46 1 ___intc0 "__intc0" 1
  10  0005              #pragma debug struct_end
  10  0005              #pragma debug struct_end
  10  0005              #pragma debug union_end
  10  0005              #pragma debug union_end
  10  0005              #pragma debug variable 48 1 ___intc2 "__intc2" 1
  10  0005              #pragma debug struct_end
  10  0005              #pragma debug struct_end
  10  0005              #pragma debug union_end
  10  0005              #pragma debug union_end
  10  0005              #pragma debug variable 50 1 ___pe "__pe" 1
  10  0005              #pragma debug struct_end
  10  0005              #pragma debug struct_end
  10  0005              #pragma debug union_end
  10  0005              #pragma debug union_end
  10  0005              #pragma debug variable 52 1 ___pec "__pec" 1
  10  0005              #pragma debug struct_end
  10  0005              #pragma debug struct_end
  10  0005              #pragma debug union_end
  10  0005              #pragma debug union_end
  10  0005              #pragma debug variable 54 1 ___pg "__pg" 1
  10  0005              #pragma debug struct_end
  10  0005              #pragma debug struct_end
  10  0005              #pragma debug union_end
  10  0005              #pragma debug union_end
  10  0005              #pragma debug variable 56 1 ___pgc "__pgc" 1
  10  0005              #pragma debug struct_end
  10  0005              #pragma debug struct_end
  10  0005              #pragma debug union_end
"File: U3_3_1.c      Assembler  Version HGASM0202      Page 9

  10  0005              #pragma debug union_end
  10  0005              #pragma debug variable 58 1 ___wdtc "__wdtc" 1
  10  0005              #pragma debug struct_end
  10  0005              #pragma debug struct_end
  10  0005              #pragma debug union_end
  10  0005              #pragma debug union_end
  10  0005              #pragma debug variable 60 1 ___psc0r "__psc0r" 1
  10  0005              #pragma debug struct_end
  10  0005              #pragma debug struct_end
  10  0005              #pragma debug union_end
  10  0005              #pragma debug union_end
  10  0005              #pragma debug variable 62 1 ___tb0c "__tb0c" 1
  10  0005              #pragma debug variable 8 1 ___sadol "__sadol" 1
  10  0005              #pragma debug variable 8 1 ___sadoh "__sadoh" 1
  10  0005              #pragma debug struct_end
  10  0005              #pragma debug struct_end
  10  0005              #pragma debug union_end
  10  0005              #pragma debug union_end
  10  0005              #pragma debug variable 64 1 ___sadc0 "__sadc0" 1
  10  0005              #pragma debug struct_end
  10  0005              #pragma debug struct_end
  10  0005              #pragma debug union_end
  10  0005              #pragma debug union_end
  10  0005              #pragma debug variable 66 1 ___sadc1 "__sadc1" 1
  10  0005              #pragma debug struct_end
  10  0005              #pragma debug struct_end
  10  0005              #pragma debug union_end
  10  0005              #pragma debug union_end
  10  0005              #pragma debug variable 68 1 ___sadc2 "__sadc2" 1
  10  0005              #pragma debug struct_end
  10  0005              #pragma debug struct_end
  10  0005              #pragma debug union_end
  10  0005              #pragma debug union_end
  10  0005              #pragma debug variable 70 1 ___pds0 "__pds0" 1
  10  0005              extern r1:byte
  10  0005              extern r2:byte
  10  0005              extern r3:byte
  10  0005              extern r4:byte
  10  0005              extern r5:byte
  10  0005              extern r6:byte
  10  0005              extern r7:byte
  15  0005              #line 15 "C:\Users\User\Desktop\U3 STD\U3_3_1.c"
  15  0000              @code .section at 0 'code'
  15  0000  1F0B        	clr bp
  15  0001  2800     R  	jmp _main_startup1
  15  0002              
  15  0002              
  15  0002              ; 
  15  0002              ; Generated by holtek-gcc v3.23, Tue Jun 02 09:45:58 2026
  15  0002              ; Rebuild 1114
  15  0002              ; end of file


        0 Errors, 0