"File: U3_3_2.c      Assembler  Version HGASM0202      Page 1


   1  0000              ; Generated by holtek-gcc v3.23, Tue Jun 02 13:49:16 2026
   2  0000              ; 
   3  0000              ; Configuration:
   4  0000              ;       with long instruction
   5  0000              ;       Multi-ROM, Multi-RAM
   6  0000              ;       bits_per_rom_unit:16
   7  0000              ;       with mp1
   8  0000              ;       with tbhp, address(0x9)
   9  0000              ;          Use tabrd-const
  10  0000              ;       
  11  0000              ; SFR address of long-instruction arch:
  12  0000              ;    mp0 = -1,1,0
  13  0000              ;    mp1 = 4,3,2
  14  0000              ;    mp2 = 14,13,12
  15  0000              ;    tbp = 9,7,8
  16  0000              ;    acc = 5
  17  0000              ;    pcl = 6
  18  0000              ;    status = 10
  19  0000              ;    bp = 11
  20  0000              ;    intc = 16
  21  0000              ;       
  22  0000              ;       
  23  0000              ; use 'tabrdc' instead of 'tabrd'
  24  0000              ;       
  25  0000              
  26  0000              #pragma translator "holtek-gcc 4.6.4" "3.23" "build 20130711"
  27  0000              ; Rebuild 1114
  28  0000              
  29  0000              ir equ [2]
  30  0000              mp equ [3]
  31  0000              sbp equ [4]
  32  0000              acc equ [5]
  33  0000              bp equ [11]
  34  0000              tblp equ [7]
  35  0000              tbhp equ [9]
  36  0000              status equ [10]
  37  0000              c equ [10].0
  38  0000              ac equ [10].1
  39  0000              z equ [10].2
  40  0000              ov equ [10].3
  41  0000              cz equ [10].6
  42  0000              sc equ [10].7
  43  0000              intc equ [16]
  44  0000              mduwr0 equ [59h]
  45  0000              mduwr1 equ [5ah]
  46  0000              mduwr2 equ [5bh]
  47  0000              mduwr3 equ [5ch]
  48  0000              mduwr4 equ [5dh]
  49  0000              mduwr5 equ [5eh]
  50  0000              mduwrctrl equ [5fh]
  51  0000              
  52  0000              extern ra:byte
  53  0000              extern rb:byte
  54  0000              extern rc:byte
  55  0000              extern rd:byte
  56  0000              extern re:byte
  57  0000              extern rf:byte
  58  0000              extern rg:byte
  59  0000              extern rh:byte
"File: U3_3_2.ASM    Assembler  Version HGASM0202      Page 2

  60  0000              extern _Crom2Prom:near
  61  0000              extern _Crom2PromNext:near
  62  0000              
  63  0000              RAMBANK 0 @BITDATASEC, @BITDATASEC1
  64  0000              @HCCINIT	.section 'data'
  65  0000              @HCCINIT0	.section 'data'
  66  0000              @BITDATASEC	 .section 'data'
  67  0000              @BITDATASEC1	 .section 'data'
  68  0000              
  69  0000              #pragma debug scope 1 1
  70  0000              	extern __DELAY3:near
  71  0000              	extern __DELAYX3:near
  72  0000              	extern __DELAYX6:near
  73  0000              	extern __DELAYY5:near
  74  0000              	extern __DELAYY3:near
  75  0000              	extern _builtin_holtek_delay_2:byte
  76  0000              ___wdtc equ [62]
  77  0000              ___pg equ [39]
  78  0000              ___pgc equ [40]
  79  0000              ___pe equ [33]
  80  0000              ___pec equ [34]
  81  0000              ___psc0r equ [99]
  82  0000              ___tb0c equ [100]
  83  0000              ___intc2 equ [18]
  84  0000              ___sadc0 equ [105]
  85  0000              ___sadc1 equ [106]
  86  0000              ___vbgrc equ [47]
  87  0000              ___sadc2 equ [107]
  88  0000              ___pds0 equ [339]
  89  0000              ___intc1 equ [17]
  90  0000              ___intc0 equ [16]
  91  0000              public _main
  92  0000              #pragma debug scope 2 1

  15  0000              #line 15 "C:\Users\User\Desktop\U3 STD\U3_3_2.c"
  15  0000              IFDEF WITH_DEFAULT_STARTUP
  15  0000              extern _main_initial0:near
  15  0000              extern _main_startup:near
  15  0000              ENDIF
  15  0000              
  15  0000              ROMBANK 0 @start
  15  0000              @start .section com_l 'code'
  15  0000              _main_startup1:
  15  0000              @start .section com_e 'code'
  15  0000  0F00     R  	mov a,bank _main
  15  0001  008B        	mov bp,a
  15  0002  2800     R  	jmp _main
  15  0003              
  15  0000              _main .section 'code'
  15  0000              _main proc
  16  0000              #line 16 "C:\Users\User\Desktop\U3 STD\U3_3_2.c"
  16  0000  0FAF        	mov a,175
  16  0001  00BE        	mov [62],a
  17  0002              #line 17 "C:\Users\User\Desktop\U3 STD\U3_3_2.c"
  17  0002  1F27        	clr [39]
  17  0003  1F28        	clr [40]
  18  0004              #line 18 "C:\Users\User\Desktop\U3 STD\U3_3_2.c"
  18  0004  0FF0        	mov a,240
  18  0005  06A1        	andm a,[33]
  18  0006  0FF0        	mov a,240
"File: U3_3_2.c      Assembler  Version HGASM0202      Page 3

  18  0007  06A2        	andm a,[34]
  19  0008              #line 19 "C:\Users\User\Desktop\U3 STD\U3_3_2.c"
  19  0008  0F01        	mov a,1
  19  0009  00E3        	mov [99],a
  19  000A  0F85        	mov a,133
  19  000B  00E4        	mov [100],a
  19  000C  3092        	set [18].1
  20  000D              #line 20 "C:\Users\User\Desktop\U3 STD\U3_3_2.c"
  20  000D  0F38        	mov a,56
  20  000E  00E9        	mov [105],a
  21  000F              #line 21 "C:\Users\User\Desktop\U3 STD\U3_3_2.c"
  21  000F  0F07        	mov a,7
  21  0010  00EA        	mov [106],a
  22  0011              #line 22 "C:\Users\User\Desktop\U3 STD\U3_3_2.c"
  22  0011  0F01        	mov a,1
  22  0012  00AF        	mov [47],a
  47  0013              #line 47 "C:\Users\User\Desktop\U3 STD\U3_3_2.c"
  47  0013  0F9B        	mov a,155
  47  0014  00EB        	mov [107],a
  49  0015              #line 49 "C:\Users\User\Desktop\U3 STD\U3_3_2.c"
  49  0015  0F03        	mov a,3
  49  0016  80D3 0001   	lmov [339],a
  50  0018              #line 50 "C:\Users\User\Desktop\U3 STD\U3_3_2.c"
  50  0018  3191        	set [17].3
  51  0019              #line 51 "C:\Users\User\Desktop\U3 STD\U3_3_2.c"
  51  0019  0F00     R  	mov a,low offset _Buffer
  51  001A  0080     R  	mov _ptr[0],a
  51  001B  0F00     R  	mov a,high offset _Buffer
  51  001C  0080     R  	mov _ptr[1],a
  51  001D  0F01        	mov a,1
  51  001E  0080     R  	mov _ScanCode[0],a
  52  001F              #line 52 "C:\Users\User\Desktop\U3 STD\U3_3_2.c"
  52  001F  1F00     R  	clr _Buffer[0]
  52  0020  1F00     R  	clr _Buffer[1]
  52  0021  1F00     R  	clr _Buffer[2]
  52  0022  1F00     R  	clr _Buffer[3]
  53  0023              #line 53 "C:\Users\User\Desktop\U3 STD\U3_3_2.c"
  53  0023  3010        	set [16].0
  54  0024              #line 54 "C:\Users\User\Desktop\U3 STD\U3_3_2.c"
  54  0024  33E9        	set [105].7
  54  0025  37E9        	clr [105].7
  54  0026              _L2:
  54  0026  2800     R  	jmp _L2
  54  0027  2800     R  	jmp $
  54  0028              _main endp
  54  0028              
  54  0028              @dummy endp
  54  0028              
  54  0028              #line 54 "C:\Users\User\Desktop\U3 STD\U3_3_2.c"
  54  0028              #pragma debug scope 1 1
  54  0028              ___sadoh equ [104]
  54  0028              ___sadol equ [103]
  54  0028              public _ISR_ADC
  54  0028              #pragma debug scope 3 1
  58  0028              #line 58 "C:\Users\User\Desktop\U3 STD\U3_3_2.c"
  58  0028              rombank 0 @ISR_ADC_code
  58  0000              @ISR_ADC_code .section at 28 'code'
  58  0000  0080     E  	mov r1,a
  58  0001  070B        	mov a,bp
  58  0002  1F0B        	clr bp
"File: U3_3_2.c      Assembler  Version HGASM0202      Page 4

  58  0003  2800     R  	jmp _ISR_ADC
  58  0004              ROMBANK 0 _ISR_ADC
  58  0004              #pragma debug scope 1 1
  58  0004              @dummy28 endp
  58  0004              #pragma debug scope 4 1
  58  0000              _ISR_ADC .section 'code'
  58  0000              _ISR_ADC proc
  58  0000  0080     E  	mov r2,a
  58  0001  070A        	mov a, status
  58  0002  0080     E  	mov r3,a
  59  0003              #line 59 "C:\Users\User\Desktop\U3 STD\U3_3_2.c"
  59  0003  0768        	mov a,[104]
  59  0004  0080     E  	mov re,a
  59  0005  1F00     E  	clr rd
  59  0006  0767        	mov a,[103]
  59  0007  0580     E  	orm a,rd
  60  0008              #line 60 "C:\Users\User\Desktop\U3 STD\U3_3_2.c"
  60  0008  1B10        	rrca intc
  60  0009  3410        	clr intc.0
  60  000A  0700     E  	mov a,rd
  60  000B  00D9        	mov mduwr0,a
  60  000C  0FA0        	mov a,160
  60  000D  00DD        	mov mduwr4,a
  60  000E  0700     E  	mov a,re
  60  000F  00DA        	mov mduwr1,a
  60  0010  0F0F        	mov a,15
  60  0011  00DE        	mov mduwr5,a
  60  0012  0F06        	mov a,6
  60  0013              _LI1:
  60  0013  1785        	sdz acc
  60  0014  2800     R  	jmp _LI1
  60  0015  0759        	mov a,mduwr0
  60  0016  0080     E  	mov rd,a
  60  0017  075A        	mov a,mduwr1
  60  0018  0080     E  	mov re,a
  60  0019  075B        	mov a,mduwr2
  60  001A  0080     E  	mov rf,a
  60  001B  075C        	mov a,mduwr3
  60  001C  0080     E  	mov rg,a
  60  001D  3C0A        	sz c
  60  001E  3010        	set intc.0
  60  001F  0F0C        	mov a,12
  60  0020              _LI2:
  60  0020  340A        	clr c
  60  0021  1B80     E  	rrc rg
  60  0022  1B80     E  	rrc rf
  60  0023  1B80     E  	rrc re
  60  0024  1B80     E  	rrc rd
  60  0025  1785        	sdz acc
  60  0026  2800     R  	jmp _LI2
  61  0027              #line 61 "C:\Users\User\Desktop\U3 STD\U3_3_2.c"
  61  0027  1B10        	rrca intc
  61  0028  3410        	clr intc.0
  61  0029  0700     E  	mov a,rd
  61  002A  00D9        	mov mduwr0,a
  61  002B  0700     E  	mov a,re
  61  002C  00DA        	mov mduwr1,a
  61  002D  0FE8        	mov a,232
  61  002E  00DD        	mov mduwr4,a
  61  002F  0F03        	mov a,3
"File: U3_3_2.c      Assembler  Version HGASM0202      Page 5

  61  0030  00DE        	mov mduwr5,a
  61  0031  0F06        	mov a,6
  61  0032              _LI3:
  61  0032  1785        	sdz acc
  61  0033  2800     R  	jmp _LI3
  61  0034  0759        	mov a,mduwr0
  61  0035  0080     E  	mov rb,a
  61  0036  075A        	mov a,mduwr1
  61  0037  0080     E  	mov rc,a
  61  0038  3C0A        	sz c
  61  0039  3010        	set intc.0
  61  003A  0700     E  	mov a,rb
  61  003B  0080     R  	mov _Buffer[3],a
  61  003C  1B10        	rrca intc
  61  003D  3410        	clr intc.0
  61  003E  0700     E  	mov a,rd
  61  003F  00D9        	mov mduwr0,a
  61  0040  0700     E  	mov a,re
  61  0041  00DA        	mov mduwr1,a
  61  0042  0FE8        	mov a,232
  61  0043  00DD        	mov mduwr4,a
  61  0044  0F03        	mov a,3
  61  0045  00DE        	mov mduwr5,a
  61  0046  0F06        	mov a,6
  61  0047              _LI4:
  61  0047  1785        	sdz acc
  61  0048  2800     R  	jmp _LI4
  61  0049  075D        	mov a,mduwr4
  61  004A  0080     E  	mov rd,a
  61  004B  075E        	mov a,mduwr5
  61  004C  0080     E  	mov re,a
  61  004D  3C0A        	sz c
  61  004E  3010        	set intc.0
  62  004F              #line 62 "C:\Users\User\Desktop\U3 STD\U3_3_2.c"
  62  004F  1B10        	rrca intc
  62  0050  3410        	clr intc.0
  62  0051  0700     E  	mov a,rd
  62  0052  00D9        	mov mduwr0,a
  62  0053  0700     E  	mov a,re
  62  0054  00DA        	mov mduwr1,a
  62  0055  0F64        	mov a,100
  62  0056  00DD        	mov mduwr4,a
  62  0057  0F00        	mov a,0
  62  0058  00DE        	mov mduwr5,a
  62  0059  0F06        	mov a,6
  62  005A              _LI5:
  62  005A  1785        	sdz acc
  62  005B  2800     R  	jmp _LI5
  62  005C  0759        	mov a,mduwr0
  62  005D  0080     E  	mov rb,a
  62  005E  075A        	mov a,mduwr1
  62  005F  0080     E  	mov rc,a
  62  0060  3C0A        	sz c
  62  0061  3010        	set intc.0
  62  0062  0700     E  	mov a,rb
  62  0063  0080     R  	mov _Buffer[2],a
  62  0064  1B10        	rrca intc
  62  0065  3410        	clr intc.0
  62  0066  0700     E  	mov a,rd
  62  0067  00D9        	mov mduwr0,a
"File: U3_3_2.c      Assembler  Version HGASM0202      Page 6

  62  0068  0700     E  	mov a,re
  62  0069  00DA        	mov mduwr1,a
  62  006A  0F64        	mov a,100
  62  006B  00DD        	mov mduwr4,a
  62  006C  0F00        	mov a,0
  62  006D  00DE        	mov mduwr5,a
  62  006E  0F06        	mov a,6
  62  006F              _LI6:
  62  006F  1785        	sdz acc
  62  0070  2800     R  	jmp _LI6
  62  0071  075D        	mov a,mduwr4
  62  0072  0080     E  	mov rd,a
  62  0073  075E        	mov a,mduwr5
  62  0074  0080     E  	mov re,a
  62  0075  3C0A        	sz c
  62  0076  3010        	set intc.0
  63  0077              #line 63 "C:\Users\User\Desktop\U3 STD\U3_3_2.c"
  63  0077  1B10        	rrca intc
  63  0078  3410        	clr intc.0
  63  0079  0700     E  	mov a,rd
  63  007A  00D9        	mov mduwr0,a
  63  007B  0700     E  	mov a,re
  63  007C  00DA        	mov mduwr1,a
  63  007D  0F0A        	mov a,10
  63  007E  00DD        	mov mduwr4,a
  63  007F  0F00        	mov a,0
  63  0080  00DE        	mov mduwr5,a
  63  0081  0F06        	mov a,6
  63  0082              _LI7:
  63  0082  1785        	sdz acc
  63  0083  2800     R  	jmp _LI7
  63  0084  0759        	mov a,mduwr0
  63  0085  0080     E  	mov rb,a
  63  0086  075A        	mov a,mduwr1
  63  0087  0080     E  	mov rc,a
  63  0088  3C0A        	sz c
  63  0089  3010        	set intc.0
  63  008A  0700     E  	mov a,rb
  63  008B  0080     R  	mov _Buffer[1],a
  63  008C  1B10        	rrca intc
  63  008D  3410        	clr intc.0
  63  008E  0700     E  	mov a,rd
  63  008F  00D9        	mov mduwr0,a
  63  0090  0700     E  	mov a,re
  63  0091  00DA        	mov mduwr1,a
  63  0092  0F0A        	mov a,10
  63  0093  00DD        	mov mduwr4,a
  63  0094  0F00        	mov a,0
  63  0095  00DE        	mov mduwr5,a
  63  0096  0F06        	mov a,6
  63  0097              _LI8:
  63  0097  1785        	sdz acc
  63  0098  2800     R  	jmp _LI8
  63  0099  075D        	mov a,mduwr4
  63  009A  0080     E  	mov rd,a
  63  009B  075E        	mov a,mduwr5
  63  009C  0080     E  	mov re,a
  63  009D  3C0A        	sz c
  63  009E  3010        	set intc.0
  64  009F              #line 64 "C:\Users\User\Desktop\U3 STD\U3_3_2.c"
"File: U3_3_2.c      Assembler  Version HGASM0202      Page 7

  64  009F  0700     E  	mov a,rd
  64  00A0  0080     R  	mov _Buffer[0],a
  65  00A1              #line 65 "C:\Users\User\Desktop\U3 STD\U3_3_2.c"
  65  00A1  33E9        	set [105].7
  65  00A2  37E9        	clr [105].7
  65  00A3  0700     E  	mov a,r2
  65  00A4  008B        	mov bp,a
  65  00A5  0700     E  	mov a,r3
  65  00A6  008A        	mov status,a
  65  00A7  0700     E  	mov a,r1
  65  00A8  0004        	reti
  65  00A9              _ISR_ADC endp
  65  00A9              
  65  00A9              #line 65 "C:\Users\User\Desktop\U3 STD\U3_3_2.c"
  65  00A9              #pragma debug scope 1 1
  65  00A9              public _ISR_TB0
  65  00A9              #pragma debug scope 5 1
  68  00A9              #line 68 "C:\Users\User\Desktop\U3 STD\U3_3_2.c"
  68  00A9              rombank 0 @ISR_TB0_code
  68  0000              @ISR_TB0_code .section at 36 'code'
  68  0000  0080     E  	mov r1,a
  68  0001  070B        	mov a,bp
  68  0002  1F0B        	clr bp
  68  0003  2800     R  	jmp _ISR_TB0
  68  0004              ROMBANK 0 _ISR_TB0
  68  0004              #pragma debug scope 1 1
  68  0004              @dummy36 endp
  68  0004              #pragma debug scope 6 1
  68  0000              _ISR_TB0 .section 'code'
  68  0000              _ISR_TB0 proc
  68  0000  0080     E  	mov r2,a
  68  0001  070A        	mov a, status
  68  0002  0080     E  	mov r3,a
  68  0003  0703        	mov a,mp
  68  0004  0080     E  	mov r4,a
  68  0005  0704        	mov a,sbp
  68  0006  0080     E  	mov r5,a
  68  0007  0707        	mov a,tblp
  68  0008  0080     E  	mov r6,a
  68  0009  0709        	mov a,tbhp
  68  000A  0080     E  	mov r7,a
  68  000B  1F27        	clr [39]
  69  000C              #line 69 "C:\Users\User\Desktop\U3 STD\U3_3_2.c"
  69  000C  0700     R  	mov a,_ScanCode[0]
  69  000D  00A1        	mov [33],a
  69  000E  0700     R  	mov a,_ptr[0]
  69  000F  0080     E  	mov rb,a
  69  0010  0700     R  	mov a,_ptr[1]
  69  0011  0080     E  	mov rc,a
  70  0012              #line 70 "C:\Users\User\Desktop\U3 STD\U3_3_2.c"
  70  0012  0700     R  	mov a,_ScanCode[0]
  70  0013  0A08        	sub a,8
  70  0014  3D0A        	sz z
  70  0015  2800     R  	jmp _L6
  70  0016              #line 70 "C:\Users\User\Desktop\U3 STD\U3_3_2.c"
  70  0016  0F01        	mov a,1
  70  0017  0300     E  	add a,rb
  70  0018  0080     R  	mov _ptr[0],a
  70  0019  0F00        	mov a,0
  70  001A  1300     E  	adc a,rc
"File: U3_3_2.c      Assembler  Version HGASM0202      Page 8

  70  001B  0080     R  	mov _ptr[1],a
  70  001C  0700     E  	mov a,rb
  70  001D  0083        	mov mp,a
  70  001E  0700     E  	mov a,rc
  70  001F  0084        	mov sbp,a
  70  0020              	fcall _Crom2Prom
  70  0027  0080     E  	mov ra,a
  70  0028  0F00     R  	mov a,low offset _SEG_TAB
  70  0029  0300     E  	add a,ra
  70  002A  0083        	mov mp,a
  70  002B  0F00     R  	mov a,high offset _SEG_TAB
  70  002C  1F04        	clr sbp
  70  002D  1384        	adcm a,sbp
  70  002E              	fcall _Crom2Prom
  70  0035  00A7        	mov [39],a
  70  0036  2800     R  	jmp _L7
  70  0037              _L6:
  71  0037              #line 71 "C:\Users\User\Desktop\U3 STD\U3_3_2.c"
  71  0037  0F01        	mov a,1
  71  0038  0300     E  	add a,rb
  71  0039  0080     R  	mov _ptr[0],a
  71  003A  0F00        	mov a,0
  71  003B  1300     E  	adc a,rc
  71  003C  0080     R  	mov _ptr[1],a
  71  003D  0700     E  	mov a,rb
  71  003E  0083        	mov mp,a
  71  003F  0700     E  	mov a,rc
  71  0040  0084        	mov sbp,a
  71  0041              	fcall _Crom2Prom
  71  0048  0080     E  	mov ra,a
  71  0049  0F00     R  	mov a,low offset _SEG_TAB
  71  004A  0300     E  	add a,ra
  71  004B  0083        	mov mp,a
  71  004C  0F00     R  	mov a,high offset _SEG_TAB
  71  004D  1F04        	clr sbp
  71  004E  1384        	adcm a,sbp
  71  004F              	fcall _Crom2Prom
  71  0056  0080     E  	mov ra,a
  71  0057  3000     E  	set ra.7
  71  0058  0700     E  	mov a,ra
  71  0059  00A7        	mov [39],a
  71  005A              _L7:
  72  005A              #line 72 "C:\Users\User\Desktop\U3 STD\U3_3_2.c"
  72  005A              ;# 72 "C:\Users\User\Desktop\U3 STD\U3_3_2.c" 1
  72  005A  1880     R  	rl _ScanCode[0]
  73  005B              #line 73 "C:\Users\User\Desktop\U3 STD\U3_3_2.c"
  73  005B  0700     R  	mov a,_ScanCode[0]
  73  005C  0A10        	sub a,16
  73  005D  390A        	snz z
  73  005E  2800     R  	jmp _L5
  74  005F              #line 74 "C:\Users\User\Desktop\U3 STD\U3_3_2.c"
  74  005F  0F01        	mov a,1
  74  0060  0080     R  	mov _ScanCode[0],a
  74  0061  0F00     R  	mov a,low offset _Buffer
  74  0062  0080     R  	mov _ptr[0],a
  74  0063  0F00     R  	mov a,high offset _Buffer
  74  0064  0080     R  	mov _ptr[1],a
  74  0065              _L5:
  74  0065  0700     E  	mov a,r2
  74  0066  008B        	mov bp,a
"File: U3_3_2.c      Assembler  Version HGASM0202      Page 9

  74  0067  0700     E  	mov a,r3
  74  0068  008A        	mov status,a
  74  0069  0700     E  	mov a,r4
  74  006A  0083        	mov mp,a
  74  006B  0700     E  	mov a,r5
  74  006C  0084        	mov sbp,a
  74  006D  0700     E  	mov a,r6
  74  006E  0087        	mov tblp,a
  74  006F  0700     E  	mov a,r7
  74  0070  0089        	mov tbhp,a
  74  0071  1D05        	tabrdc acc
  74  0072  0700     E  	mov a,r1
  74  0073  0004        	reti
  74  0074              _ISR_TB0 endp
  74  0074              
  74  0074              #line 74 "C:\Users\User\Desktop\U3 STD\U3_3_2.c"
  74  0074              #pragma debug scope 1 1
  13  0074              #line 13 "C:\Users\User\Desktop\U3 STD\U3_3_2.c"
  13  0074              public _Buffer
  13  0000              @HCCINIT0_Buffer .section 'data'
  13  0000  0004[       _Buffer	db 4 dup(0)
            00
            ]
  13  0004              #pragma debug array 42 8 4 1
  13  0004              #pragma debug array 42 8 4 1
  13  0004              #pragma debug variable 42 1 _Buffer "Buffer"
  13  0004              
  13  0000              @HCCINIT .section 'data'
  13  0000              #line 13 "C:\Users\User\Desktop\U3 STD\U3_3_2.c"
  13  0000              public _ScanCode
  13  0000              @HCCINIT0_ScanCode .section 'data'
  13  0000              _ScanCode	db 0
  13  0001              #pragma debug variable 8 1 _ScanCode "ScanCode"
  13  0001              
  13  0000              @HCCINIT .section 'data'
  13  0000              #line 13 "C:\Users\User\Desktop\U3 STD\U3_3_2.c"
  13  0000              public _ptr
  13  0000              @HCCINIT0_ptr .section 'data'
  13  0000  0002[       _ptr	db 2 dup(0)
            00
            ]
  13  0002              #pragma debug pointer 43 8 1
  13  0002              #pragma debug pointer 43 8 1
  13  0002              #pragma debug variable 43 1 _ptr "ptr"
  13  0002              
  13  0000              @HCCINIT .section 'data'
  13  0000              public _SEG_TAB
  13  0000              @crom	.section 'crom'
  10  0000              #line 10 "C:\Users\User\Desktop\U3 STD\U3_3_2.c"
  10  0000              @crom	.section	'crom'
  10  0000              _SEG_TAB:
  10  0000              #pragma debug array 44 8 10 1
  10  0000              #pragma debug array 44 8 10 1
  10  0000              #pragma debug variable 44 1 _SEG_TAB "SEG_TAB"
  10  0000              	db 63
  10  0001              	db 6
  10  0001              	db 91
  10  0002              	db 79
  10  0002              	db 102
  10  0003              	db 109
"File: U3_3_2.c      Assembler  Version HGASM0202      Page 10

  10  0003              	db 125
  10  0004              	db 7
  10  0004              	db 127
  10  0005              	db 103
  10  0005              #pragma debug struct_end
  10  0005              #pragma debug struct_end
  10  0005              #pragma debug union_end
  10  0005              #pragma debug union_end
  10  0005              #pragma debug variable 46 1 ___intc0 "__intc0" 1
  10  0005              #pragma debug struct_end
  10  0005              #pragma debug struct_end
  10  0005              #pragma debug union_end
  10  0005              #pragma debug union_end
  10  0005              #pragma debug variable 48 1 ___intc1 "__intc1" 1
  10  0005              #pragma debug struct_end
  10  0005              #pragma debug struct_end
  10  0005              #pragma debug union_end
  10  0005              #pragma debug union_end
  10  0005              #pragma debug variable 50 1 ___intc2 "__intc2" 1
  10  0005              #pragma debug struct_end
  10  0005              #pragma debug struct_end
  10  0005              #pragma debug union_end
  10  0005              #pragma debug union_end
  10  0005              #pragma debug variable 52 1 ___pe "__pe" 1
  10  0005              #pragma debug struct_end
  10  0005              #pragma debug struct_end
  10  0005              #pragma debug union_end
  10  0005              #pragma debug union_end
  10  0005              #pragma debug variable 54 1 ___pec "__pec" 1
  10  0005              #pragma debug struct_end
  10  0005              #pragma debug struct_end
  10  0005              #pragma debug union_end
  10  0005              #pragma debug union_end
  10  0005              #pragma debug variable 56 1 ___pg "__pg" 1
  10  0005              #pragma debug struct_end
  10  0005              #pragma debug struct_end
  10  0005              #pragma debug union_end
  10  0005              #pragma debug union_end
  10  0005              #pragma debug variable 58 1 ___pgc "__pgc" 1
  10  0005              #pragma debug struct_end
  10  0005              #pragma debug struct_end
  10  0005              #pragma debug union_end
  10  0005              #pragma debug union_end
  10  0005              #pragma debug variable 60 1 ___vbgrc "__vbgrc" 1
  10  0005              #pragma debug struct_end
  10  0005              #pragma debug struct_end
  10  0005              #pragma debug union_end
  10  0005              #pragma debug union_end
  10  0005              #pragma debug variable 62 1 ___wdtc "__wdtc" 1
  10  0005              #pragma debug struct_end
  10  0005              #pragma debug struct_end
  10  0005              #pragma debug union_end
  10  0005              #pragma debug union_end
  10  0005              #pragma debug variable 64 1 ___psc0r "__psc0r" 1
  10  0005              #pragma debug struct_end
  10  0005              #pragma debug struct_end
  10  0005              #pragma debug union_end
  10  0005              #pragma debug union_end
  10  0005              #pragma debug variable 66 1 ___tb0c "__tb0c" 1
  10  0005              #pragma debug variable 8 1 ___sadol "__sadol" 1
"File: U3_3_2.c      Assembler  Version HGASM0202      Page 11

  10  0005              #pragma debug variable 8 1 ___sadoh "__sadoh" 1
  10  0005              #pragma debug struct_end
  10  0005              #pragma debug struct_end
  10  0005              #pragma debug union_end
  10  0005              #pragma debug union_end
  10  0005              #pragma debug variable 68 1 ___sadc0 "__sadc0" 1
  10  0005              #pragma debug struct_end
  10  0005              #pragma debug struct_end
  10  0005              #pragma debug union_end
  10  0005              #pragma debug union_end
  10  0005              #pragma debug variable 70 1 ___sadc1 "__sadc1" 1
  10  0005              #pragma debug struct_end
  10  0005              #pragma debug struct_end
  10  0005              #pragma debug union_end
  10  0005              #pragma debug union_end
  10  0005              #pragma debug variable 72 1 ___sadc2 "__sadc2" 1
  10  0005              #pragma debug struct_end
  10  0005              #pragma debug struct_end
  10  0005              #pragma debug union_end
  10  0005              #pragma debug union_end
  10  0005              #pragma debug variable 74 1 ___pds0 "__pds0" 1
  10  0005              extern r1:byte
  10  0005              extern r2:byte
  10  0005              extern r3:byte
  10  0005              extern r4:byte
  10  0005              extern r5:byte
  10  0005              extern r6:byte
  10  0005              extern r7:byte
  15  0005              #line 15 "C:\Users\User\Desktop\U3 STD\U3_3_2.c"
  15  0000              @code .section at 0 'code'
  15  0000  1F0B        	clr bp
  15  0001  2800     R  	jmp _main_startup1
  15  0002              
  15  0002              
  15  0002              ; 
  15  0002              ; Generated by holtek-gcc v3.23, Tue Jun 02 13:49:16 2026
  15  0002              ; Rebuild 1114
  15  0002              ; end of file


        0 Errors, 0