"File: U3_3_1_HW1_VOL_Teacher.c  Assembler  Version HGASM0202      Page 1


   1  0000              ; Generated by holtek-gcc v3.23, Tue Jun 02 11:46:14 2026
   2  0000              ; 
   3  0000              ; Configuration:
   4  0000              ;       with long instruction
   5  0000              ;       Multi-ROM, Multi-RAM
   6  0000              ;       bits_per_rom_unit:16
   7  0000              ;       with mp1
   8  0000              ;       with tbhp, address(0x9)
   9  0000              ;          Use tabrd-const
  10  0000              ;       
  11  0000              ; SFR address of long-instruction arch:
  12  0000              ;    mp0 = -1,1,0
  13  0000              ;    mp1 = 4,3,2
  14  0000              ;    mp2 = 14,13,12
  15  0000              ;    tbp = 9,7,8
  16  0000              ;    acc = 5
  17  0000              ;    pcl = 6
  18  0000              ;    status = 10
  19  0000              ;    bp = 11
  20  0000              ;    intc = 16
  21  0000              ;       
  22  0000              ;       
  23  0000              ; use 'tabrdc' instead of 'tabrd'
  24  0000              ;       
  25  0000              
  26  0000              #pragma translator "holtek-gcc 4.6.4" "3.23" "build 20130711"
  27  0000              ; Rebuild 1114
  28  0000              
  29  0000              ir equ [2]
  30  0000              mp equ [3]
  31  0000              sbp equ [4]
  32  0000              acc equ [5]
  33  0000              bp equ [11]
  34  0000              tblp equ [7]
  35  0000              tbhp equ [9]
  36  0000              status equ [10]
  37  0000              c equ [10].0
  38  0000              ac equ [10].1
  39  0000              z equ [10].2
  40  0000              ov equ [10].3
  41  0000              cz equ [10].6
  42  0000              sc equ [10].7
  43  0000              intc equ [16]
  44  0000              mduwr0 equ [59h]
  45  0000              mduwr1 equ [5ah]
  46  0000              mduwr2 equ [5bh]
  47  0000              mduwr3 equ [5ch]
  48  0000              mduwr4 equ [5dh]
  49  0000              mduwr5 equ [5eh]
  50  0000              mduwrctrl equ [5fh]
  51  0000              
  52  0000              extern ra:byte
  53  0000              extern rb:byte
  54  0000              extern rc:byte
  55  0000              extern rd:byte
  56  0000              extern re:byte
  57  0000              extern rf:byte
  58  0000              extern rg:byte
  59  0000              extern rh:byte
"File: U3_3_1_HW1_VOL_Teacher.ASM  Assembler  Version HGASM0202      Page 2

  60  0000              extern _Crom2Prom:near
  61  0000              extern _Crom2PromNext:near
  62  0000              
  63  0000              RAMBANK 0 @BITDATASEC, @BITDATASEC1
  64  0000              @HCCINIT	.section 'data'
  65  0000              @HCCINIT0	.section 'data'
  66  0000              @BITDATASEC	 .section 'data'
  67  0000              @BITDATASEC1	 .section 'data'
  68  0000              
  69  0000              #pragma debug scope 1 1
  70  0000              	extern __DELAY3:near
  71  0000              	extern __DELAYX3:near
  72  0000              	extern __DELAYX6:near
  73  0000              	extern __DELAYY5:near
  74  0000              	extern __DELAYY3:near
  75  0000              	extern _builtin_holtek_delay_2:byte
  76  0000              ___wdtc equ [62]
  77  0000              ___pg equ [39]
  78  0000              ___pgc equ [40]
  79  0000              ___pe equ [33]
  80  0000              ___pec equ [34]
  81  0000              ___psc0r equ [99]
  82  0000              ___tb0c equ [100]
  83  0000              ___intc2 equ [18]
  84  0000              ___sadc0 equ [105]
  85  0000              ___sadc1 equ [106]
  86  0000              ___sadc2 equ [107]
  87  0000              ___pds0 equ [339]
  88  0000              ___intc0 equ [16]
  89  0000              ___sadoh equ [104]
  90  0000              ___sadol equ [103]
  91  0000              public _main
  92  0000              #pragma debug scope 2 1

  15  0000              #line 15 "C:\Users\User\Desktop\U3 STD\U3_3_1_HW1_VOL_Teacher.c"
  15  0000              IFDEF WITH_DEFAULT_STARTUP
  15  0000              extern _main_initial0:near
  15  0000              extern _main_startup:near
  15  0000              ENDIF
  15  0000              
  15  0000              ROMBANK 0 @start
  15  0000              @start .section com_l 'code'
  15  0000              _main_startup1:
  15  0000              @start .section com_e 'code'
  15  0000  0F00     R  	mov a,bank _main
  15  0001  008B        	mov bp,a
  15  0002  2800     R  	jmp _main
  15  0003              
  15  0000              _main .section 'code'
  15  0000              _main proc
  15  0000  0002[           local _main_2 db 2 dup(?)
            00
            ]
  16  0002              #line 16 "C:\Users\User\Desktop\U3 STD\U3_3_1_HW1_VOL_Teacher.c"
  16  0000  0FAF        	mov a,175
  16  0001  00BE        	mov [62],a
  17  0002              #line 17 "C:\Users\User\Desktop\U3 STD\U3_3_1_HW1_VOL_Teacher.c"
  17  0002  1F27        	clr [39]
  17  0003  1F28        	clr [40]
  18  0004              #line 18 "C:\Users\User\Desktop\U3 STD\U3_3_1_HW1_VOL_Teacher.c"
"File: U3_3_1_HW1_VOL_Teacher.c  Assembler  Version HGASM0202      Page 3

  18  0004  0FF0        	mov a,240
  18  0005  06A1        	andm a,[33]
  18  0006  0FF0        	mov a,240
  18  0007  06A2        	andm a,[34]
  19  0008              #line 19 "C:\Users\User\Desktop\U3 STD\U3_3_1_HW1_VOL_Teacher.c"
  19  0008  0F01        	mov a,1
  19  0009  00E3        	mov [99],a
  19  000A  0F85        	mov a,133
  19  000B  00E4        	mov [100],a
  19  000C  3092        	set [18].1
  20  000D              #line 20 "C:\Users\User\Desktop\U3 STD\U3_3_1_HW1_VOL_Teacher.c"
  20  000D  0F38        	mov a,56
  20  000E  00E9        	mov [105],a
  21  000F              #line 21 "C:\Users\User\Desktop\U3 STD\U3_3_1_HW1_VOL_Teacher.c"
  21  000F  0F07        	mov a,7
  21  0010  00EA        	mov [106],a
  22  0011              #line 22 "C:\Users\User\Desktop\U3 STD\U3_3_1_HW1_VOL_Teacher.c"
  22  0011  1F6B        	clr [107]
  23  0012              #line 23 "C:\Users\User\Desktop\U3 STD\U3_3_1_HW1_VOL_Teacher.c"
  23  0012  0F03        	mov a,3
  23  0013  80D3 0001   	lmov [339],a
  24  0015              #line 24 "C:\Users\User\Desktop\U3 STD\U3_3_1_HW1_VOL_Teacher.c"
  24  0015  0F00     R  	mov a,low offset _Buffer
  24  0016  0080     R  	mov _ptr[0],a
  24  0017  0F00     R  	mov a,high offset _Buffer
  24  0018  0080     R  	mov _ptr[1],a
  24  0019  0F01        	mov a,1
  24  001A  0080     R  	mov _ScanCode[0],a
  25  001B              #line 25 "C:\Users\User\Desktop\U3 STD\U3_3_1_HW1_VOL_Teacher.c"
  25  001B  1F00     R  	clr _Buffer[0]
  25  001C  1F00     R  	clr _Buffer[1]
  25  001D  1F00     R  	clr _Buffer[2]
  25  001E  1F00     R  	clr _Buffer[3]
  26  001F              #line 26 "C:\Users\User\Desktop\U3 STD\U3_3_1_HW1_VOL_Teacher.c"
  26  001F  3010        	set [16].0
  26  0020              _L4:
  28  0020              #line 28 "C:\Users\User\Desktop\U3 STD\U3_3_1_HW1_VOL_Teacher.c"
  28  0020  33E9        	set [105].7
  28  0021  37E9        	clr [105].7
  28  0022              _L3:
  29  0022              #line 29 "C:\Users\User\Desktop\U3 STD\U3_3_1_HW1_VOL_Teacher.c"
  29  0022  3F69        	sz [105].6
  29  0023  2800     R  	jmp _L3
  30  0024              #line 30 "C:\Users\User\Desktop\U3 STD\U3_3_1_HW1_VOL_Teacher.c"
  30  0024  0768        	mov a,[104]
  30  0025  0080     E  	mov rc,a
  30  0026  1F00     E  	clr rb
  30  0027  0700     E  	mov a,rc
  30  0028  0080     E  	mov re,a
  30  0029  0767        	mov a,[103]
  30  002A  0500     E  	or a,rb
  30  002B  0080     E  	mov rd,a
  32  002C              #line 32 "C:\Users\User\Desktop\U3 STD\U3_3_1_HW1_VOL_Teacher.c"
  32  002C  1B10        	rrca intc
  32  002D  3410        	clr intc.0
  32  002E  0700     E  	mov a,rd
  32  002F  00D9        	mov mduwr0,a
  32  0030  0F88        	mov a,136
  32  0031  00DD        	mov mduwr4,a
  32  0032  0700     E  	mov a,re
"File: U3_3_1_HW1_VOL_Teacher.c  Assembler  Version HGASM0202      Page 4

  32  0033  00DA        	mov mduwr1,a
  32  0034  0F13        	mov a,19
  32  0035  00DE        	mov mduwr5,a
  32  0036  0F06        	mov a,6
  32  0037              _LI1:
  32  0037  1785        	sdz acc
  32  0038  2800     R  	jmp _LI1
  32  0039  0759        	mov a,mduwr0
  32  003A  0080     E  	mov rd,a
  32  003B  075A        	mov a,mduwr1
  32  003C  0080     E  	mov re,a
  32  003D  075B        	mov a,mduwr2
  32  003E  0080     E  	mov rf,a
  32  003F  075C        	mov a,mduwr3
  32  0040  0080     E  	mov rg,a
  32  0041  3C0A        	sz c
  32  0042  3010        	set intc.0
  32  0043  0F0C        	mov a,12
  32  0044              _LI2:
  32  0044  340A        	clr c
  32  0045  1B80     E  	rrc rg
  32  0046  1B80     E  	rrc rf
  32  0047  1B80     E  	rrc re
  32  0048  1B80     E  	rrc rd
  32  0049  1785        	sdz acc
  32  004A  2800     R  	jmp _LI2
  33  004B              #line 33 "C:\Users\User\Desktop\U3 STD\U3_3_1_HW1_VOL_Teacher.c"
  33  004B  1B10        	rrca intc
  33  004C  3410        	clr intc.0
  33  004D  0700     E  	mov a,rd
  33  004E  00D9        	mov mduwr0,a
  33  004F  0700     E  	mov a,re
  33  0050  00DA        	mov mduwr1,a
  33  0051  0FE8        	mov a,232
  33  0052  00DD        	mov mduwr4,a
  33  0053  0F03        	mov a,3
  33  0054  00DE        	mov mduwr5,a
  33  0055  0F06        	mov a,6
  33  0056              _LI3:
  33  0056  1785        	sdz acc
  33  0057  2800     R  	jmp _LI3
  33  0058  0759        	mov a,mduwr0
  33  0059  0080     R  	mov _main_2[0],a
  33  005A  075A        	mov a,mduwr1
  33  005B  0080     R  	mov _main_2[1],a
  33  005C  3C0A        	sz c
  33  005D  3010        	set intc.0
  33  005E  0700     R  	mov a,_main_2[0]
  33  005F  0080     R  	mov _Buffer[3],a
  33  0060  1B10        	rrca intc
  33  0061  3410        	clr intc.0
  33  0062  0700     E  	mov a,rd
  33  0063  00D9        	mov mduwr0,a
  33  0064  0700     E  	mov a,re
  33  0065  00DA        	mov mduwr1,a
  33  0066  0FE8        	mov a,232
  33  0067  00DD        	mov mduwr4,a
  33  0068  0F03        	mov a,3
  33  0069  00DE        	mov mduwr5,a
  33  006A  0F06        	mov a,6
"File: U3_3_1_HW1_VOL_Teacher.c  Assembler  Version HGASM0202      Page 5

  33  006B              _LI4:
  33  006B  1785        	sdz acc
  33  006C  2800     R  	jmp _LI4
  33  006D  075D        	mov a,mduwr4
  33  006E  0080     E  	mov rd,a
  33  006F  075E        	mov a,mduwr5
  33  0070  0080     E  	mov re,a
  33  0071  3C0A        	sz c
  33  0072  3010        	set intc.0
  34  0073              #line 34 "C:\Users\User\Desktop\U3 STD\U3_3_1_HW1_VOL_Teacher.c"
  34  0073  1B10        	rrca intc
  34  0074  3410        	clr intc.0
  34  0075  0700     E  	mov a,rd
  34  0076  00D9        	mov mduwr0,a
  34  0077  0700     E  	mov a,re
  34  0078  00DA        	mov mduwr1,a
  34  0079  0F64        	mov a,100
  34  007A  00DD        	mov mduwr4,a
  34  007B  0F00        	mov a,0
  34  007C  00DE        	mov mduwr5,a
  34  007D  0F06        	mov a,6
  34  007E              _LI5:
  34  007E  1785        	sdz acc
  34  007F  2800     R  	jmp _LI5
  34  0080  0759        	mov a,mduwr0
  34  0081  0080     E  	mov rf,a
  34  0082  075A        	mov a,mduwr1
  34  0083  0080     E  	mov rg,a
  34  0084  3C0A        	sz c
  34  0085  3010        	set intc.0
  34  0086  0700     E  	mov a,rf
  34  0087  0080     R  	mov _Buffer[2],a
  34  0088  1B10        	rrca intc
  34  0089  3410        	clr intc.0
  34  008A  0700     E  	mov a,rd
  34  008B  00D9        	mov mduwr0,a
  34  008C  0700     E  	mov a,re
  34  008D  00DA        	mov mduwr1,a
  34  008E  0F64        	mov a,100
  34  008F  00DD        	mov mduwr4,a
  34  0090  0F00        	mov a,0
  34  0091  00DE        	mov mduwr5,a
  34  0092  0F06        	mov a,6
  34  0093              _LI6:
  34  0093  1785        	sdz acc
  34  0094  2800     R  	jmp _LI6
  34  0095  075D        	mov a,mduwr4
  34  0096  0080     E  	mov rd,a
  34  0097  075E        	mov a,mduwr5
  34  0098  0080     E  	mov re,a
  34  0099  3C0A        	sz c
  34  009A  3010        	set intc.0
  35  009B              #line 35 "C:\Users\User\Desktop\U3 STD\U3_3_1_HW1_VOL_Teacher.c"
  35  009B  1B10        	rrca intc
  35  009C  3410        	clr intc.0
  35  009D  0700     E  	mov a,rd
  35  009E  00D9        	mov mduwr0,a
  35  009F  0700     E  	mov a,re
  35  00A0  00DA        	mov mduwr1,a
  35  00A1  0F0A        	mov a,10
"File: U3_3_1_HW1_VOL_Teacher.c  Assembler  Version HGASM0202      Page 6

  35  00A2  00DD        	mov mduwr4,a
  35  00A3  0F00        	mov a,0
  35  00A4  00DE        	mov mduwr5,a
  35  00A5  0F06        	mov a,6
  35  00A6              _LI7:
  35  00A6  1785        	sdz acc
  35  00A7  2800     R  	jmp _LI7
  35  00A8  0759        	mov a,mduwr0
  35  00A9  0080     E  	mov rf,a
  35  00AA  075A        	mov a,mduwr1
  35  00AB  0080     E  	mov rg,a
  35  00AC  3C0A        	sz c
  35  00AD  3010        	set intc.0
  35  00AE  0700     E  	mov a,rf
  35  00AF  0080     R  	mov _Buffer[1],a
  35  00B0  1B10        	rrca intc
  35  00B1  3410        	clr intc.0
  35  00B2  0700     E  	mov a,rd
  35  00B3  00D9        	mov mduwr0,a
  35  00B4  0700     E  	mov a,re
  35  00B5  00DA        	mov mduwr1,a
  35  00B6  0F0A        	mov a,10
  35  00B7  00DD        	mov mduwr4,a
  35  00B8  0F00        	mov a,0
  35  00B9  00DE        	mov mduwr5,a
  35  00BA  0F06        	mov a,6
  35  00BB              _LI8:
  35  00BB  1785        	sdz acc
  35  00BC  2800     R  	jmp _LI8
  35  00BD  075D        	mov a,mduwr4
  35  00BE  0080     E  	mov rd,a
  35  00BF  075E        	mov a,mduwr5
  35  00C0  0080     E  	mov re,a
  35  00C1  3C0A        	sz c
  35  00C2  3010        	set intc.0
  36  00C3              #line 36 "C:\Users\User\Desktop\U3 STD\U3_3_1_HW1_VOL_Teacher.c"
  36  00C3  0700     E  	mov a,rd
  36  00C4  0080     R  	mov _Buffer[0],a
  37  00C5              #line 37 "C:\Users\User\Desktop\U3 STD\U3_3_1_HW1_VOL_Teacher.c"
  37  00C5  2800     R  	jmp _L4
  37  00C6  2800     R  	jmp $
  37  00C7              _main endp
  37  00C7              
  37  00C7              @dummy endp
  37  00C7              
  37  00C7              #line 37 "C:\Users\User\Desktop\U3 STD\U3_3_1_HW1_VOL_Teacher.c"
  37  00C7              #pragma debug scope 1 1
  37  00C7              public _ISR_TB0
  37  00C7              #pragma debug scope 3 1
  40  00C7              #line 40 "C:\Users\User\Desktop\U3 STD\U3_3_1_HW1_VOL_Teacher.c"
  40  00C7              rombank 0 @ISR_TB0_code
  40  0000              @ISR_TB0_code .section at 36 'code'
  40  0000  0080     E  	mov r1,a
  40  0001  070B        	mov a,bp
  40  0002  1F0B        	clr bp
  40  0003  2800     R  	jmp _ISR_TB0
  40  0004              ROMBANK 0 _ISR_TB0
  40  0004              #pragma debug scope 1 1
  40  0004              @dummy36 endp
  40  0004              #pragma debug scope 4 1
"File: U3_3_1_HW1_VOL_Teacher.c  Assembler  Version HGASM0202      Page 7

  40  0000              _ISR_TB0 .section 'code'
  40  0000              _ISR_TB0 proc
  40  0000  0080     E  	mov r2,a
  40  0001  070A        	mov a, status
  40  0002  0080     E  	mov r3,a
  40  0003  0703        	mov a,mp
  40  0004  0080     E  	mov r4,a
  40  0005  0704        	mov a,sbp
  40  0006  0080     E  	mov r5,a
  40  0007  0707        	mov a,tblp
  40  0008  0080     E  	mov r6,a
  40  0009  0709        	mov a,tbhp
  40  000A  0080     E  	mov r7,a
  40  000B  1F27        	clr [39]
  41  000C              #line 41 "C:\Users\User\Desktop\U3 STD\U3_3_1_HW1_VOL_Teacher.c"
  41  000C  0700     R  	mov a,_ScanCode[0]
  41  000D  00A1        	mov [33],a
  42  000E              #line 42 "C:\Users\User\Desktop\U3 STD\U3_3_1_HW1_VOL_Teacher.c"
  42  000E  0700     R  	mov a,_ptr[0]
  42  000F  0080     E  	mov rb,a
  42  0010  0700     R  	mov a,_ptr[1]
  42  0011  0080     E  	mov rc,a
  42  0012  0F01        	mov a,1
  42  0013  0300     E  	add a,rb
  42  0014  0080     R  	mov _ptr[0],a
  42  0015  0F00        	mov a,0
  42  0016  1300     E  	adc a,rc
  42  0017  0080     R  	mov _ptr[1],a
  42  0018  0700     E  	mov a,rb
  42  0019  0083        	mov mp,a
  42  001A  0700     E  	mov a,rc
  42  001B  0084        	mov sbp,a
  42  001C              	fcall _Crom2Prom
  42  0023  0080     E  	mov ra,a
  42  0024  0F00     R  	mov a,low offset _SEG_TAB
  42  0025  0300     E  	add a,ra
  42  0026  0083        	mov mp,a
  42  0027  0F00     R  	mov a,high offset _SEG_TAB
  42  0028  1F04        	clr sbp
  42  0029  1384        	adcm a,sbp
  42  002A              	fcall _Crom2Prom
  42  0031  00A7        	mov [39],a
  43  0032              #line 43 "C:\Users\User\Desktop\U3 STD\U3_3_1_HW1_VOL_Teacher.c"
  43  0032              ;# 43 "C:\Users\User\Desktop\U3 STD\U3_3_1_HW1_VOL_Teacher.c" 1
  43  0032  1880     R  	rl _ScanCode[0]
  44  0033              #line 44 "C:\Users\User\Desktop\U3 STD\U3_3_1_HW1_VOL_Teacher.c"
  44  0033  0700     R  	mov a,_ScanCode[0]
  44  0034  0A10        	sub a,16
  44  0035  390A        	snz z
  44  0036  2800     R  	jmp _L6
  45  0037              #line 45 "C:\Users\User\Desktop\U3 STD\U3_3_1_HW1_VOL_Teacher.c"
  45  0037  0F01        	mov a,1
  45  0038  0080     R  	mov _ScanCode[0],a
  45  0039  0F00     R  	mov a,low offset _Buffer
  45  003A  0080     R  	mov _ptr[0],a
  45  003B  0F00     R  	mov a,high offset _Buffer
  45  003C  0080     R  	mov _ptr[1],a
  46  003D              #line 46 "C:\Users\User\Desktop\U3 STD\U3_3_1_HW1_VOL_Teacher.c"
  46  003D  33A7        	set [39].7
  46  003E              _L6:
"File: U3_3_1_HW1_VOL_Teacher.c  Assembler  Version HGASM0202      Page 8

  46  003E  0700     E  	mov a,r2
  46  003F  008B        	mov bp,a
  46  0040  0700     E  	mov a,r3
  46  0041  008A        	mov status,a
  46  0042  0700     E  	mov a,r4
  46  0043  0083        	mov mp,a
  46  0044  0700     E  	mov a,r5
  46  0045  0084        	mov sbp,a
  46  0046  0700     E  	mov a,r6
  46  0047  0087        	mov tblp,a
  46  0048  0700     E  	mov a,r7
  46  0049  0089        	mov tbhp,a
  46  004A  1D05        	tabrdc acc
  46  004B  0700     E  	mov a,r1
  46  004C  0004        	reti
  46  004D              _ISR_TB0 endp
  46  004D              
  46  004D              #line 46 "C:\Users\User\Desktop\U3 STD\U3_3_1_HW1_VOL_Teacher.c"
  46  004D              #pragma debug scope 1 1
  13  004D              #line 13 "C:\Users\User\Desktop\U3 STD\U3_3_1_HW1_VOL_Teacher.c"
  13  004D              public _Buffer
  13  0000              @HCCINIT0_Buffer .section 'data'
  13  0000  0004[       _Buffer	db 4 dup(0)
            00
            ]
  13  0004              #pragma debug array 42 8 4 1
  13  0004              #pragma debug array 42 8 4 1
  13  0004              #pragma debug variable 42 1 _Buffer "Buffer"
  13  0004              
  13  0000              @HCCINIT .section 'data'
  13  0000              #line 13 "C:\Users\User\Desktop\U3 STD\U3_3_1_HW1_VOL_Teacher.c"
  13  0000              public _ScanCode
  13  0000              @HCCINIT0_ScanCode .section 'data'
  13  0000              _ScanCode	db 0
  13  0001              #pragma debug variable 8 1 _ScanCode "ScanCode"
  13  0001              
  13  0000              @HCCINIT .section 'data'
  13  0000              #line 13 "C:\Users\User\Desktop\U3 STD\U3_3_1_HW1_VOL_Teacher.c"
  13  0000              public _ptr
  13  0000              @HCCINIT0_ptr .section 'data'
  13  0000  0002[       _ptr	db 2 dup(0)
            00
            ]
  13  0002              #pragma debug pointer 43 8 1
  13  0002              #pragma debug pointer 43 8 1
  13  0002              #pragma debug variable 43 1 _ptr "ptr"
  13  0002              
  13  0000              @HCCINIT .section 'data'
  13  0000              public _SEG_TAB
  13  0000              @crom	.section 'crom'
  10  0000              #line 10 "C:\Users\User\Desktop\U3 STD\U3_3_1_HW1_VOL_Teacher.c"
  10  0000              @crom	.section	'crom'
  10  0000              _SEG_TAB:
  10  0000              #pragma debug array 44 8 10 1
  10  0000              #pragma debug array 44 8 10 1
  10  0000              #pragma debug variable 44 1 _SEG_TAB "SEG_TAB"
  10  0000              	db 63
  10  0001              	db 6
  10  0001              	db 91
  10  0002              	db 79
"File: U3_3_1_HW1_VOL_Teacher.c  Assembler  Version HGASM0202      Page 9

  10  0002              	db 102
  10  0003              	db 109
  10  0003              	db 125
  10  0004              	db 7
  10  0004              	db 127
  10  0005              	db 103
  10  0005              #pragma debug struct_end
  10  0005              #pragma debug struct_end
  10  0005              #pragma debug union_end
  10  0005              #pragma debug union_end
  10  0005              #pragma debug variable 46 1 ___intc0 "__intc0" 1
  10  0005              #pragma debug struct_end
  10  0005              #pragma debug struct_end
  10  0005              #pragma debug union_end
  10  0005              #pragma debug union_end
  10  0005              #pragma debug variable 48 1 ___intc2 "__intc2" 1
  10  0005              #pragma debug struct_end
  10  0005              #pragma debug struct_end
  10  0005              #pragma debug union_end
  10  0005              #pragma debug union_end
  10  0005              #pragma debug variable 50 1 ___pe "__pe" 1
  10  0005              #pragma debug struct_end
  10  0005              #pragma debug struct_end
  10  0005              #pragma debug union_end
  10  0005              #pragma debug union_end
  10  0005              #pragma debug variable 52 1 ___pec "__pec" 1
  10  0005              #pragma debug struct_end
  10  0005              #pragma debug struct_end
  10  0005              #pragma debug union_end
  10  0005              #pragma debug union_end
  10  0005              #pragma debug variable 54 1 ___pg "__pg" 1
  10  0005              #pragma debug struct_end
  10  0005              #pragma debug struct_end
  10  0005              #pragma debug union_end
  10  0005              #pragma debug union_end
  10  0005              #pragma debug variable 56 1 ___pgc "__pgc" 1
  10  0005              #pragma debug struct_end
  10  0005              #pragma debug struct_end
  10  0005              #pragma debug union_end
  10  0005              #pragma debug union_end
  10  0005              #pragma debug variable 58 1 ___wdtc "__wdtc" 1
  10  0005              #pragma debug struct_end
  10  0005              #pragma debug struct_end
  10  0005              #pragma debug union_end
  10  0005              #pragma debug union_end
  10  0005              #pragma debug variable 60 1 ___psc0r "__psc0r" 1
  10  0005              #pragma debug struct_end
  10  0005              #pragma debug struct_end
  10  0005              #pragma debug union_end
  10  0005              #pragma debug union_end
  10  0005              #pragma debug variable 62 1 ___tb0c "__tb0c" 1
  10  0005              #pragma debug variable 8 1 ___sadol "__sadol" 1
  10  0005              #pragma debug variable 8 1 ___sadoh "__sadoh" 1
  10  0005              #pragma debug struct_end
  10  0005              #pragma debug struct_end
  10  0005              #pragma debug union_end
  10  0005              #pragma debug union_end
  10  0005              #pragma debug variable 64 1 ___sadc0 "__sadc0" 1
  10  0005              #pragma debug struct_end
  10  0005              #pragma debug struct_end
"File: U3_3_1_HW1_VOL_Teacher.c  Assembler  Version HGASM0202      Page 10

  10  0005              #pragma debug union_end
  10  0005              #pragma debug union_end
  10  0005              #pragma debug variable 66 1 ___sadc1 "__sadc1" 1
  10  0005              #pragma debug struct_end
  10  0005              #pragma debug struct_end
  10  0005              #pragma debug union_end
  10  0005              #pragma debug union_end
  10  0005              #pragma debug variable 68 1 ___sadc2 "__sadc2" 1
  10  0005              #pragma debug struct_end
  10  0005              #pragma debug struct_end
  10  0005              #pragma debug union_end
  10  0005              #pragma debug union_end
  10  0005              #pragma debug variable 70 1 ___pds0 "__pds0" 1
  10  0005              extern r1:byte
  10  0005              extern r2:byte
  10  0005              extern r3:byte
  10  0005              extern r4:byte
  10  0005              extern r5:byte
  10  0005              extern r6:byte
  10  0005              extern r7:byte
  15  0005              #line 15 "C:\Users\User\Desktop\U3 STD\U3_3_1_HW1_VOL_Teacher.c"
  15  0000              @code .section at 0 'code'
  15  0000  1F0B        	clr bp
  15  0001  2800     R  	jmp _main_startup1
  15  0002              
  15  0002              
  15  0002              ; 
  15  0002              ; Generated by holtek-gcc v3.23, Tue Jun 02 11:46:14 2026
  15  0002              ; Rebuild 1114
  15  0002              ; end of file


        0 Errors, 0