"File: U3_4_1.c      Assembler  Version HGASM0202      Page 1


   1  0000              ; Generated by holtek-gcc v3.23, Tue Jun 02 16:01:00 2026
   2  0000              ; 
   3  0000              ; Configuration:
   4  0000              ;       with long instruction
   5  0000              ;       Multi-ROM, Multi-RAM
   6  0000              ;       bits_per_rom_unit:16
   7  0000              ;       with mp1
   8  0000              ;       with tbhp, address(0x9)
   9  0000              ;          Use tabrd-const
  10  0000              ;       
  11  0000              ; SFR address of long-instruction arch:
  12  0000              ;    mp0 = -1,1,0
  13  0000              ;    mp1 = 4,3,2
  14  0000              ;    mp2 = 14,13,12
  15  0000              ;    tbp = 9,7,8
  16  0000              ;    acc = 5
  17  0000              ;    pcl = 6
  18  0000              ;    status = 10
  19  0000              ;    bp = 11
  20  0000              ;    intc = 16
  21  0000              ;       
  22  0000              ;       
  23  0000              ; use 'tabrdc' instead of 'tabrd'
  24  0000              ;       
  25  0000              
  26  0000              #pragma translator "holtek-gcc 4.6.4" "3.23" "build 20130711"
  27  0000              ; Rebuild 1114
  28  0000              
  29  0000              ir equ [2]
  30  0000              mp equ [3]
  31  0000              sbp equ [4]
  32  0000              acc equ [5]
  33  0000              bp equ [11]
  34  0000              tblp equ [7]
  35  0000              tbhp equ [9]
  36  0000              status equ [10]
  37  0000              c equ [10].0
  38  0000              ac equ [10].1
  39  0000              z equ [10].2
  40  0000              ov equ [10].3
  41  0000              cz equ [10].6
  42  0000              sc equ [10].7
  43  0000              intc equ [16]
  44  0000              mduwr0 equ [59h]
  45  0000              mduwr1 equ [5ah]
  46  0000              mduwr2 equ [5bh]
  47  0000              mduwr3 equ [5ch]
  48  0000              mduwr4 equ [5dh]
  49  0000              mduwr5 equ [5eh]
  50  0000              mduwrctrl equ [5fh]
  51  0000              
  52  0000              extern ra:byte
  53  0000              extern rb:byte
  54  0000              extern rc:byte
  55  0000              extern rd:byte
  56  0000              extern re:byte
  57  0000              extern rf:byte
  58  0000              extern rg:byte
  59  0000              extern rh:byte
"File: U3_4_1.ASM    Assembler  Version HGASM0202      Page 2

  60  0000              extern _Crom2Prom:near
  61  0000              extern _Crom2PromNext:near
  62  0000              
  63  0000              RAMBANK 0 @BITDATASEC, @BITDATASEC1
  64  0000              @HCCINIT	.section 'data'
  65  0000              @HCCINIT0	.section 'data'
  66  0000              @BITDATASEC	 .section 'data'
  67  0000              @BITDATASEC1	 .section 'data'
  68  0000              
  69  0000              #pragma debug scope 1 1
  70  0000              	extern __DELAY3:near
  71  0000              	extern __DELAYX3:near
  72  0000              	extern __DELAYX6:near
  73  0000              	extern __DELAYY5:near
  74  0000              	extern __DELAYY3:near
  75  0000              	extern _builtin_holtek_delay_2:byte
  76  0000              ___wdtc equ [62]
  77  0000              ___pf equ [36]
  78  0000              ___pfc equ [37]
  79  0000              ___pds1 equ [340]
  80  0000              ___cp1c equ [69]
  81  0000              ___intc1 equ [17]
  82  0000              ___intc0 equ [16]
  83  0000              public _main
  84  0000              #pragma debug scope 2 1

   9  0000              #line 9 "C:\Users\User\Desktop\U3 STD\U3_4_1.c"
   9  0000              IFDEF WITH_DEFAULT_STARTUP
   9  0000              extern _main_initial0:near
   9  0000              extern _main_startup:near
   9  0000              ENDIF
   9  0000              
   9  0000              ROMBANK 0 @start
   9  0000              @start .section com_l 'code'
   9  0000              _main_startup1:
   9  0000              @start .section com_e 'code'
   9  0000  0F00     R  	mov a,bank _main
   9  0001  008B        	mov bp,a
   9  0002  2800     R  	jmp _main
   9  0003              
   9  0000              _main .section 'code'
   9  0000              _main proc
   9  0000  0FAF        	mov a,175
   9  0001  00BE        	mov [62],a
  10  0002              #line 10 "C:\Users\User\Desktop\U3 STD\U3_4_1.c"
  10  0002  1FA4        	set [36]
  10  0003  1F25        	clr [37]
  11  0004              #line 11 "C:\Users\User\Desktop\U3 STD\U3_4_1.c"
  11  0004  0F3F        	mov a,63
  11  0005  80D4 0001   	lmov [340],a
  12  0007              #line 12 "C:\Users\User\Desktop\U3 STD\U3_4_1.c"
  12  0007  0F40        	mov a,64
  12  0008  00C5        	mov [69],a
  13  0009              #line 13 "C:\Users\User\Desktop\U3 STD\U3_4_1.c"
  13  0009  3011        	set [17].0
  13  000A  3010        	set [16].0
  13  000B              _L2:
  13  000B  2800     R  	jmp _L2
  13  000C  2800     R  	jmp $
  13  000D              _main endp
"File: U3_4_1.c      Assembler  Version HGASM0202      Page 3

  13  000D              
  13  000D              @dummy endp
  13  000D              
  13  000D              #line 13 "C:\Users\User\Desktop\U3 STD\U3_4_1.c"
  13  000D              #pragma debug scope 1 1
  13  000D              public _ISR_CP1
  13  000D              #pragma debug scope 3 1
  17  000D              #line 17 "C:\Users\User\Desktop\U3 STD\U3_4_1.c"
  17  000D              rombank 0 @ISR_CP1_code
  17  0000              @ISR_CP1_code .section at 16 'code'
  17  0000  0080     E  	mov r1,a
  17  0001  070B        	mov a,bp
  17  0002  1F0B        	clr bp
  17  0003  2800     R  	jmp _ISR_CP1
  17  0004              ROMBANK 0 _ISR_CP1
  17  0004              #pragma debug scope 1 1
  17  0004              @dummy16 endp
  17  0004              #pragma debug scope 4 1
  17  0000              _ISR_CP1 .section 'code'
  17  0000              _ISR_CP1 proc
  17  0000  0080     E  	mov r2,a
  17  0001  070A        	mov a, status
  17  0002  0080     E  	mov r3,a
  18  0003              #line 18 "C:\Users\User\Desktop\U3 STD\U3_4_1.c"
  18  0003  0F08        	mov a,8
  18  0004  0080     E  	mov ra,a
  18  0005  3A45        	snz [69].4
  18  0006  2800     R  	jmp _L9
  18  0007              _L7:
  20  0007              #line 20 "C:\Users\User\Desktop\U3 STD\U3_4_1.c"
  20  0007  340A        	clr c
  20  0008  1BA4        	rrc [36]
  20  0009  33A4        	set [36].7
  21  000A              #line 21 "C:\Users\User\Desktop\U3 STD\U3_4_1.c"
  21  000A              ;# 21 "C:\Users\User\Desktop\U3 STD\U3_4_1.c" 1
  21  000A              	IF 160000>263690
  21  000A              ;# 21 "C:\Users\User\Desktop\U3 STD\U3_4_1.c" 1
  21  000A              	ERRMESSAGE 'the value 160000of the argument exceeds the maxinum 263690'
  21  000A              	ENDIF
  21  000A              ;# 21 "C:\Users\User\Desktop\U3 STD\U3_4_1.c" 1
  21  000A              	IF 160000<0
  21  000A              ;# 21 "C:\Users\User\Desktop\U3 STD\U3_4_1.c" 1
  21  000A              	ERRMESSAGE 'the value 160000 of the argument exceeds the mininum 0'
  21  000A              	ENDIF
  21  000A              ;# 21 "C:\Users\User\Desktop\U3 STD\U3_4_1.c" 1
  21  000A              	IF 160000==0
  21  000A              ;# 21 "C:\Users\User\Desktop\U3 STD\U3_4_1.c" 1
  21  000A              	JMP $
  21  000A              	ENDIF
  21  000A              ;# 21 "C:\Users\User\Desktop\U3 STD\U3_4_1.c" 1
  21  000A              	IF (160000>=1) AND (160000<( 4 + __PBP__ * 2))
  21  000A              ;# 21 "C:\Users\User\Desktop\U3 STD\U3_4_1.c" 1
  21  000A              	NOP
  21  000A              	ENDIF
  21  000A              ;# 21 "C:\Users\User\Desktop\U3 STD\U3_4_1.c" 1
  21  000A              	IF (160000>=2) AND (160000<( 4 + __PBP__ * 2))
  21  000A              ;# 21 "C:\Users\User\Desktop\U3 STD\U3_4_1.c" 1
  21  000A              	NOP
  21  000A              	ENDIF
  21  000A              ;# 21 "C:\Users\User\Desktop\U3 STD\U3_4_1.c" 1
"File: U3_4_1.c      Assembler  Version HGASM0202      Page 4

  21  000A              	IF (160000>=3) AND (160000<( 4 + __PBP__ * 2))
  21  000A              ;# 21 "C:\Users\User\Desktop\U3 STD\U3_4_1.c" 1
  21  000A              	NOP
  21  000A              	ENDIF
  21  000A              ;# 21 "C:\Users\User\Desktop\U3 STD\U3_4_1.c" 1
  21  000A              	IF (160000>=4) AND (160000<( 4 + __PBP__ * 2)) AND ( __PBP__ > 0 )
  21  000A              ;# 21 "C:\Users\User\Desktop\U3 STD\U3_4_1.c" 1
  21  000A              	NOP
  21  000A              	ENDIF
  21  000A              ;# 21 "C:\Users\User\Desktop\U3 STD\U3_4_1.c" 1
  21  000A              	IF (160000>=5) AND (160000<( 4 + __PBP__ * 2)) AND ( __PBP__ > 0 )
  21  000A              ;# 21 "C:\Users\User\Desktop\U3 STD\U3_4_1.c" 1
  21  000A              	NOP
  21  000A              	ENDIF
  21  000A              ;# 21 "C:\Users\User\Desktop\U3 STD\U3_4_1.c" 1
  21  000A              	IF (160000>=6) AND (160000<( 4 + __PBP__ * 2))  AND ( __PBP__ > 1 )
  21  000A              ;# 21 "C:\Users\User\Desktop\U3 STD\U3_4_1.c" 1
  21  000A              	NOP
  21  000A              	ENDIF
  21  000A              ;# 21 "C:\Users\User\Desktop\U3 STD\U3_4_1.c" 1
  21  000A              	IF (160000>=7) AND (160000<( 4 + __PBP__ * 2))  AND ( __PBP__ > 1 )
  21  000A              ;# 21 "C:\Users\User\Desktop\U3 STD\U3_4_1.c" 1
  21  000A              	NOP
  21  000A              	ENDIF
  21  000A              ;# 21 "C:\Users\User\Desktop\U3 STD\U3_4_1.c" 1
  21  000A              	IF (160000>=8) AND (160000<( 4 + __PBP__ * 2))  AND ( __PBP__ > 2 )
  21  000A              ;# 21 "C:\Users\User\Desktop\U3 STD\U3_4_1.c" 1
  21  000A              	NOP
  21  000A              	ENDIF
  21  000A              ;# 21 "C:\Users\User\Desktop\U3 STD\U3_4_1.c" 1
  21  000A              	IF (160000==9)  AND ( __PBP__ > 2 )
  21  000A              ;# 21 "C:\Users\User\Desktop\U3 STD\U3_4_1.c" 1
  21  000A              	NOP
  21  000A              	ENDIF
  21  000A              ;# 21 "C:\Users\User\Desktop\U3 STD\U3_4_1.c" 1
  21  000A              	IF (160000< ( 8 + __PBP__ * 2)) AND (160000>( 3 + __PBP__ * 2))
  21  000A              ;# 21 "C:\Users\User\Desktop\U3 STD\U3_4_1.c" 1
  21  000A              	fcall __DELAY3 + ( 7 + __PBP__ * 2) -160000
  21  000A              	ENDIF
  21  000A              ;# 21 "C:\Users\User\Desktop\U3 STD\U3_4_1.c" 1
  21  000A              	IF (160000< ( 0404h + __PBP__ * 2)) AND (160000>( 7 + __PBP__ * 2))
  21  000A              ;# 21 "C:\Users\User\Desktop\U3 STD\U3_4_1.c" 1
  21  000A              	MOV A,(160000-( 4 + __PBP__ * 2))/4
  21  000A              ;# 21 "C:\Users\User\Desktop\U3 STD\U3_4_1.c" 1
  21  000A              	fcall __DELAYX3 + 3 -((160000-( 4 + __PBP__ * 2)) MOD 4) 
  21  000A              	ENDIF
  21  000A              ;# 21 "C:\Users\User\Desktop\U3 STD\U3_4_1.c" 1
  21  000A              	IF (160000< ( 040bh + __PBP__ * 2)) AND (160000> ( 0403h + __PBP__ * 2))
  21  000A              ;# 21 "C:\Users\User\Desktop\U3 STD\U3_4_1.c" 1
  21  000A              	MOV A,0 
  21  000A              ;# 21 "C:\Users\User\Desktop\U3 STD\U3_4_1.c" 1
  21  000A              	fcall __DELAYX6 + ( 040ah + __PBP__ * 2) -160000
  21  000A              	ENDIF
  21  000A              ;# 21 "C:\Users\User\Desktop\U3 STD\U3_4_1.c" 1
  21  000A              	IF (160000 >= ( 040bh + __PBP__ * 2)) AND ((((160000-( 9 + __PBP__ * 2))%0402h)/4+1)>256)
  21  000A              ;# 21 "C:\Users\User\Desktop\U3 STD\U3_4_1.c" 1
  21  000A              	MOV A,(160000-( 9 + __PBP__ * 2))/0402h
  21  000A              ;# 21 "C:\Users\User\Desktop\U3 STD\U3_4_1.c" 1
  21  000A              	MOV _builtin_holtek_delay_2,A
  21  000A              ;# 21 "C:\Users\User\Desktop\U3 STD\U3_4_1.c" 1
"File: U3_4_1.c      Assembler  Version HGASM0202      Page 5

  21  000A              	MOV A,0
  21  000A              ;# 21 "C:\Users\User\Desktop\U3 STD\U3_4_1.c" 1
  21  000A              	fcall __DELAYY5 +5- (((160000-( 9 + __PBP__ * 2))%0402h)%6) 
  21  000A              	ENDIF
  21  000A              ;# 21 "C:\Users\User\Desktop\U3 STD\U3_4_1.c" 1
  21  000A              	IF (160000 >= ( 040bh + __PBP__ * 2)) AND ((((160000-( 9 + __PBP__ * 2))%0402h)/4+1)<=256)
  21  000A              ;# 21 "C:\Users\User\Desktop\U3 STD\U3_4_1.c" 1
  21  000A  0F9B        	MOV A,(160000-( 9 + __PBP__ * 2))/0402h
  21  000B              ;# 21 "C:\Users\User\Desktop\U3 STD\U3_4_1.c" 1
  21  000B  0080     E  	MOV _builtin_holtek_delay_2,A
  21  000C              ;# 21 "C:\Users\User\Desktop\U3 STD\U3_4_1.c" 1
  21  000C  0FEF        	MOV A,((160000-( 9 + __PBP__ * 2))%0402h)/4+1
  21  000D              ;# 21 "C:\Users\User\Desktop\U3 STD\U3_4_1.c" 1
  21  000D              	fcall __DELAYY3 +3-(((160000-( 9 + __PBP__ * 2))%0402h)%4) 
  21  0014              	ENDIF
  21  0014  1780     E  	sdz ra
  21  0015  2800     R  	jmp _L7
  21  0016  2800     R  	jmp _L4
  21  0017              _L9:
  26  0017              #line 26 "C:\Users\User\Desktop\U3 STD\U3_4_1.c"
  26  0017  0724        	mov a,[36]
  26  0018  03A4        	addm a,[36]
  27  0019              #line 27 "C:\Users\User\Desktop\U3 STD\U3_4_1.c"
  27  0019              ;# 27 "C:\Users\User\Desktop\U3 STD\U3_4_1.c" 1
  27  0019              	IF 160000>263690
  27  0019              ;# 27 "C:\Users\User\Desktop\U3 STD\U3_4_1.c" 1
  27  0019              	ERRMESSAGE 'the value 160000of the argument exceeds the maxinum 263690'
  27  0019              	ENDIF
  27  0019              ;# 27 "C:\Users\User\Desktop\U3 STD\U3_4_1.c" 1
  27  0019              	IF 160000<0
  27  0019              ;# 27 "C:\Users\User\Desktop\U3 STD\U3_4_1.c" 1
  27  0019              	ERRMESSAGE 'the value 160000 of the argument exceeds the mininum 0'
  27  0019              	ENDIF
  27  0019              ;# 27 "C:\Users\User\Desktop\U3 STD\U3_4_1.c" 1
  27  0019              	IF 160000==0
  27  0019              ;# 27 "C:\Users\User\Desktop\U3 STD\U3_4_1.c" 1
  27  0019              	JMP $
  27  0019              	ENDIF
  27  0019              ;# 27 "C:\Users\User\Desktop\U3 STD\U3_4_1.c" 1
  27  0019              	IF (160000>=1) AND (160000<( 4 + __PBP__ * 2))
  27  0019              ;# 27 "C:\Users\User\Desktop\U3 STD\U3_4_1.c" 1
  27  0019              	NOP
  27  0019              	ENDIF
  27  0019              ;# 27 "C:\Users\User\Desktop\U3 STD\U3_4_1.c" 1
  27  0019              	IF (160000>=2) AND (160000<( 4 + __PBP__ * 2))
  27  0019              ;# 27 "C:\Users\User\Desktop\U3 STD\U3_4_1.c" 1
  27  0019              	NOP
  27  0019              	ENDIF
  27  0019              ;# 27 "C:\Users\User\Desktop\U3 STD\U3_4_1.c" 1
  27  0019              	IF (160000>=3) AND (160000<( 4 + __PBP__ * 2))
  27  0019              ;# 27 "C:\Users\User\Desktop\U3 STD\U3_4_1.c" 1
  27  0019              	NOP
  27  0019              	ENDIF
  27  0019              ;# 27 "C:\Users\User\Desktop\U3 STD\U3_4_1.c" 1
  27  0019              	IF (160000>=4) AND (160000<( 4 + __PBP__ * 2)) AND ( __PBP__ > 0 )
  27  0019              ;# 27 "C:\Users\User\Desktop\U3 STD\U3_4_1.c" 1
  27  0019              	NOP
  27  0019              	ENDIF
  27  0019              ;# 27 "C:\Users\User\Desktop\U3 STD\U3_4_1.c" 1
  27  0019              	IF (160000>=5) AND (160000<( 4 + __PBP__ * 2)) AND ( __PBP__ > 0 )
"File: U3_4_1.c      Assembler  Version HGASM0202      Page 6

  27  0019              ;# 27 "C:\Users\User\Desktop\U3 STD\U3_4_1.c" 1
  27  0019              	NOP
  27  0019              	ENDIF
  27  0019              ;# 27 "C:\Users\User\Desktop\U3 STD\U3_4_1.c" 1
  27  0019              	IF (160000>=6) AND (160000<( 4 + __PBP__ * 2))  AND ( __PBP__ > 1 )
  27  0019              ;# 27 "C:\Users\User\Desktop\U3 STD\U3_4_1.c" 1
  27  0019              	NOP
  27  0019              	ENDIF
  27  0019              ;# 27 "C:\Users\User\Desktop\U3 STD\U3_4_1.c" 1
  27  0019              	IF (160000>=7) AND (160000<( 4 + __PBP__ * 2))  AND ( __PBP__ > 1 )
  27  0019              ;# 27 "C:\Users\User\Desktop\U3 STD\U3_4_1.c" 1
  27  0019              	NOP
  27  0019              	ENDIF
  27  0019              ;# 27 "C:\Users\User\Desktop\U3 STD\U3_4_1.c" 1
  27  0019              	IF (160000>=8) AND (160000<( 4 + __PBP__ * 2))  AND ( __PBP__ > 2 )
  27  0019              ;# 27 "C:\Users\User\Desktop\U3 STD\U3_4_1.c" 1
  27  0019              	NOP
  27  0019              	ENDIF
  27  0019              ;# 27 "C:\Users\User\Desktop\U3 STD\U3_4_1.c" 1
  27  0019              	IF (160000==9)  AND ( __PBP__ > 2 )
  27  0019              ;# 27 "C:\Users\User\Desktop\U3 STD\U3_4_1.c" 1
  27  0019              	NOP
  27  0019              	ENDIF
  27  0019              ;# 27 "C:\Users\User\Desktop\U3 STD\U3_4_1.c" 1
  27  0019              	IF (160000< ( 8 + __PBP__ * 2)) AND (160000>( 3 + __PBP__ * 2))
  27  0019              ;# 27 "C:\Users\User\Desktop\U3 STD\U3_4_1.c" 1
  27  0019              	fcall __DELAY3 + ( 7 + __PBP__ * 2) -160000
  27  0019              	ENDIF
  27  0019              ;# 27 "C:\Users\User\Desktop\U3 STD\U3_4_1.c" 1
  27  0019              	IF (160000< ( 0404h + __PBP__ * 2)) AND (160000>( 7 + __PBP__ * 2))
  27  0019              ;# 27 "C:\Users\User\Desktop\U3 STD\U3_4_1.c" 1
  27  0019              	MOV A,(160000-( 4 + __PBP__ * 2))/4
  27  0019              ;# 27 "C:\Users\User\Desktop\U3 STD\U3_4_1.c" 1
  27  0019              	fcall __DELAYX3 + 3 -((160000-( 4 + __PBP__ * 2)) MOD 4) 
  27  0019              	ENDIF
  27  0019              ;# 27 "C:\Users\User\Desktop\U3 STD\U3_4_1.c" 1
  27  0019              	IF (160000< ( 040bh + __PBP__ * 2)) AND (160000> ( 0403h + __PBP__ * 2))
  27  0019              ;# 27 "C:\Users\User\Desktop\U3 STD\U3_4_1.c" 1
  27  0019              	MOV A,0 
  27  0019              ;# 27 "C:\Users\User\Desktop\U3 STD\U3_4_1.c" 1
  27  0019              	fcall __DELAYX6 + ( 040ah + __PBP__ * 2) -160000
  27  0019              	ENDIF
  27  0019              ;# 27 "C:\Users\User\Desktop\U3 STD\U3_4_1.c" 1
  27  0019              	IF (160000 >= ( 040bh + __PBP__ * 2)) AND ((((160000-( 9 + __PBP__ * 2))%0402h)/4+1)>256)
  27  0019              ;# 27 "C:\Users\User\Desktop\U3 STD\U3_4_1.c" 1
  27  0019              	MOV A,(160000-( 9 + __PBP__ * 2))/0402h
  27  0019              ;# 27 "C:\Users\User\Desktop\U3 STD\U3_4_1.c" 1
  27  0019              	MOV _builtin_holtek_delay_2,A
  27  0019              ;# 27 "C:\Users\User\Desktop\U3 STD\U3_4_1.c" 1
  27  0019              	MOV A,0
  27  0019              ;# 27 "C:\Users\User\Desktop\U3 STD\U3_4_1.c" 1
  27  0019              	fcall __DELAYY5 +5- (((160000-( 9 + __PBP__ * 2))%0402h)%6) 
  27  0019              	ENDIF
  27  0019              ;# 27 "C:\Users\User\Desktop\U3 STD\U3_4_1.c" 1
  27  0019              	IF (160000 >= ( 040bh + __PBP__ * 2)) AND ((((160000-( 9 + __PBP__ * 2))%0402h)/4+1)<=256)
  27  0019              ;# 27 "C:\Users\User\Desktop\U3 STD\U3_4_1.c" 1
  27  0019  0F9B        	MOV A,(160000-( 9 + __PBP__ * 2))/0402h
  27  001A              ;# 27 "C:\Users\User\Desktop\U3 STD\U3_4_1.c" 1
  27  001A  0080     E  	MOV _builtin_holtek_delay_2,A
  27  001B              ;# 27 "C:\Users\User\Desktop\U3 STD\U3_4_1.c" 1
"File: U3_4_1.c      Assembler  Version HGASM0202      Page 7

  27  001B  0FEF        	MOV A,((160000-( 9 + __PBP__ * 2))%0402h)/4+1
  27  001C              ;# 27 "C:\Users\User\Desktop\U3 STD\U3_4_1.c" 1
  27  001C              	fcall __DELAYY3 +3-(((160000-( 9 + __PBP__ * 2))%0402h)%4) 
  27  0023              	ENDIF
  27  0023  1780     E  	sdz ra
  27  0024  2800     R  	jmp _L9
  27  0025              _L4:
  27  0025  0700     E  	mov a,r2
  27  0026  008B        	mov bp,a
  27  0027  0700     E  	mov a,r3
  27  0028  008A        	mov status,a
  27  0029  0700     E  	mov a,r1
  27  002A  0004        	reti
  27  002B              _ISR_CP1 endp
  27  002B              
  27  002B              #line 27 "C:\Users\User\Desktop\U3 STD\U3_4_1.c"
  27  002B              #pragma debug scope 1 1
  27  002B              #pragma debug struct_end
  27  002B              #pragma debug struct_end
  27  002B              #pragma debug union_end
  27  002B              #pragma debug union_end
  27  002B              #pragma debug variable 43 1 ___intc0 "__intc0" 1
  27  002B              #pragma debug struct_end
  27  002B              #pragma debug struct_end
  27  002B              #pragma debug union_end
  27  002B              #pragma debug union_end
  27  002B              #pragma debug variable 45 1 ___intc1 "__intc1" 1
  27  002B              #pragma debug struct_end
  27  002B              #pragma debug struct_end
  27  002B              #pragma debug union_end
  27  002B              #pragma debug union_end
  27  002B              #pragma debug variable 47 1 ___pf "__pf" 1
  27  002B              #pragma debug struct_end
  27  002B              #pragma debug struct_end
  27  002B              #pragma debug union_end
  27  002B              #pragma debug union_end
  27  002B              #pragma debug variable 49 1 ___pfc "__pfc" 1
  27  002B              #pragma debug struct_end
  27  002B              #pragma debug struct_end
  27  002B              #pragma debug union_end
  27  002B              #pragma debug union_end
  27  002B              #pragma debug variable 51 1 ___wdtc "__wdtc" 1
  27  002B              #pragma debug struct_end
  27  002B              #pragma debug struct_end
  27  002B              #pragma debug union_end
  27  002B              #pragma debug union_end
  27  002B              #pragma debug variable 53 1 ___cp1c "__cp1c" 1
  27  002B              #pragma debug struct_end
  27  002B              #pragma debug struct_end
  27  002B              #pragma debug union_end
  27  002B              #pragma debug union_end
  27  002B              #pragma debug variable 55 1 ___pds1 "__pds1" 1
  27  002B              extern r1:byte
  27  002B              extern r2:byte
  27  002B              extern r3:byte
   9  002B              #line 9 "C:\Users\User\Desktop\U3 STD\U3_4_1.c"
   9  0000              @code .section at 0 'code'
   9  0000  1F0B        	clr bp
   9  0001  2800     R  	jmp _main_startup1
   9  0002              
"File: U3_4_1.c      Assembler  Version HGASM0202      Page 8

   9  0002              
   9  0002              ; 
   9  0002              ; Generated by holtek-gcc v3.23, Tue Jun 02 16:01:00 2026
   9  0002              ; Rebuild 1114
   9  0002              ; end of file


        0 Errors, 0