"File: U7_1_PLUS.c   Assembler  Version HGASM0202      Page 1


   1  0000              ; Generated by holtek-gcc v3.23, Thu Jul 23 13:06:27 2026
   2  0000              ; 
   3  0000              ; Configuration:
   4  0000              ;       with long instruction
   5  0000              ;       Multi-ROM, Multi-RAM
   6  0000              ;       bits_per_rom_unit:16
   7  0000              ;       with mp1
   8  0000              ;       with tbhp, address(0x9)
   9  0000              ;          Use tabrd-const
  10  0000              ;       
  11  0000              ; SFR address of long-instruction arch:
  12  0000              ;    mp0 = -1,1,0
  13  0000              ;    mp1 = 4,3,2
  14  0000              ;    mp2 = 14,13,12
  15  0000              ;    tbp = 9,7,8
  16  0000              ;    acc = 5
  17  0000              ;    pcl = 6
  18  0000              ;    status = 10
  19  0000              ;    bp = 11
  20  0000              ;    intc = 16
  21  0000              ;       
  22  0000              ;       
  23  0000              ; use 'tabrdc' instead of 'tabrd'
  24  0000              ;       
  25  0000              
  26  0000              #pragma translator "holtek-gcc 4.6.4" "3.23" "build 20130711"
  27  0000              ; Rebuild 1114
  28  0000              
  29  0000              ir equ [2]
  30  0000              mp equ [3]
  31  0000              sbp equ [4]
  32  0000              acc equ [5]
  33  0000              bp equ [11]
  34  0000              tblp equ [7]
  35  0000              tbhp equ [9]
  36  0000              status equ [10]
  37  0000              c equ [10].0
  38  0000              ac equ [10].1
  39  0000              z equ [10].2
  40  0000              ov equ [10].3
  41  0000              cz equ [10].6
  42  0000              sc equ [10].7
  43  0000              intc equ [16]
  44  0000              mduwr0 equ [59h]
  45  0000              mduwr1 equ [5ah]
  46  0000              mduwr2 equ [5bh]
  47  0000              mduwr3 equ [5ch]
  48  0000              mduwr4 equ [5dh]
  49  0000              mduwr5 equ [5eh]
  50  0000              mduwrctrl equ [5fh]
  51  0000              
  52  0000              extern ra:byte
  53  0000              extern rb:byte
  54  0000              extern rc:byte
  55  0000              extern rd:byte
  56  0000              extern re:byte
  57  0000              extern rf:byte
  58  0000              extern rg:byte
  59  0000              extern rh:byte
"File: U7_1_PLUS.ASM  Assembler  Version HGASM0202      Page 2

  60  0000              extern _Crom2Prom:near
  61  0000              extern _Crom2PromNext:near
  62  0000              
  63  0000              RAMBANK 0 @BITDATASEC, @BITDATASEC1
  64  0000              @HCCINIT	.section 'data'
  65  0000              @HCCINIT0	.section 'data'
  66  0000              @BITDATASEC	 .section 'data'
  67  0000              @BITDATASEC1	 .section 'data'
  68  0000              
  69  0000              #pragma debug scope 1 1
  70  0000              	extern __DELAY3:near
  71  0000              	extern __DELAYX3:near
  72  0000              	extern __DELAYX6:near
  73  0000              	extern __DELAYY5:near
  74  0000              	extern __DELAYY3:near
  75  0000              	extern _builtin_holtek_delay_2:byte
  76  0000              ___pg equ [39]
  77  0000              ___pe equ [33]
  78  0000              public _ISR_TB0
  79  0000              #pragma debug scope 2 1

 105  0000              #line 105 "C:\Users\User\Documents\115iot-mobile\單晶片\0604\U3 STD\U7_1_PLUS.c"
 105  0000              rombank 0 @ISR_TB0_code
 105  0000              @ISR_TB0_code .section at 36 'code'
 105  0000  0080     E  	mov r1,a
 105  0001  070B        	mov a,bp
 105  0002  1F0B        	clr bp
 105  0003  2800     R  	jmp _ISR_TB0
 105  0004              ROMBANK 0 _ISR_TB0
 105  0004              #pragma debug scope 1 1
 105  0004              @dummy36 endp
 105  0004              #pragma debug scope 3 1
 105  0000              _ISR_TB0 .section 'code'
 105  0000              _ISR_TB0 proc
 105  0000  0080     E  	mov r2,a
 105  0001  070A        	mov a, status
 105  0002  0080     E  	mov r3,a
 105  0003  0703        	mov a,mp
 105  0004  0080     E  	mov r4,a
 105  0005  0704        	mov a,sbp
 105  0006  0080     E  	mov r5,a
 105  0007  0707        	mov a,tblp
 105  0008  0080     E  	mov r6,a
 105  0009  0709        	mov a,tbhp
 105  000A  0080     E  	mov r7,a
 106  000B              #line 106 "C:\Users\User\Documents\115iot-mobile\單晶片\0604\U3 STD\U7_1_PLUS.c"
 106  000B  1F27        	clr [39]
 107  000C              #line 107 "C:\Users\User\Documents\115iot-mobile\單晶片\0604\U3 STD\U7_1_PLUS.c"
 107  000C  0700     R  	mov a,_ScanCode[0]
 107  000D  0E0F        	and a,15
 107  000E  0080     E  	mov rb,a
 107  000F  0721        	mov a,[33]
 107  0010  0EF0        	and a,240
 107  0011  0080     E  	mov ra,a
 107  0012  0700     E  	mov a,rb
 107  0013  0500     E  	or a,ra
 107  0014  00A1        	mov [33],a
 108  0015              #line 108 "C:\Users\User\Documents\115iot-mobile\單晶片\0604\U3 STD\U7_1_PLUS.c"
 108  0015  0700     R  	mov a,_ptr[0]
 108  0016  0080     E  	mov rb,a
"File: U7_1_PLUS.c   Assembler  Version HGASM0202      Page 3

 108  0017  0700     R  	mov a,_ptr[1]
 108  0018  0080     E  	mov rc,a
 108  0019  0F01        	mov a,1
 108  001A  0300     E  	add a,rb
 108  001B  0080     R  	mov _ptr[0],a
 108  001C  0F00        	mov a,0
 108  001D  1300     E  	adc a,rc
 108  001E  0080     R  	mov _ptr[1],a
 108  001F  0700     E  	mov a,rb
 108  0020  0083        	mov mp,a
 108  0021  0700     E  	mov a,rc
 108  0022  0084        	mov sbp,a
 108  0023              	fcall _Crom2Prom
 108  002A  0080     E  	mov ra,a
 108  002B  0F00     R  	mov a,low offset _SEG_TAB
 108  002C  0300     E  	add a,ra
 108  002D  0083        	mov mp,a
 108  002E  0F00     R  	mov a,high offset _SEG_TAB
 108  002F  1F04        	clr sbp
 108  0030  1384        	adcm a,sbp
 108  0031              	fcall _Crom2Prom
 108  0038  00A7        	mov [39],a
 110  0039              #line 110 "C:\Users\User\Documents\115iot-mobile\單晶片\0604\U3 STD\U7_1_PLUS.c"
 110  0039              ;# 110 "C:\Users\User\Documents\115iot-mobile\單晶片\0604\U3 STD\U7_1_PLUS.c" 1
 110  0039  1880     R  	rl _ScanCode[0]
 112  003A              #line 112 "C:\Users\User\Documents\115iot-mobile\單晶片\0604\U3 STD\U7_1_PLUS.c"
 112  003A  0700     R  	mov a,_ScanCode[0]
 112  003B  0A10        	sub a,16
 112  003C  390A        	snz z
 112  003D  2800     R  	jmp _L1
 114  003E              #line 114 "C:\Users\User\Documents\115iot-mobile\單晶片\0604\U3 STD\U7_1_PLUS.c"
 114  003E  0F01        	mov a,1
 114  003F  0080     R  	mov _ScanCode[0],a
 115  0040              #line 115 "C:\Users\User\Documents\115iot-mobile\單晶片\0604\U3 STD\U7_1_PLUS.c"
 115  0040  0F00     R  	mov a,low offset _Buffer
 115  0041  0080     R  	mov _ptr[0],a
 115  0042  0F00     R  	mov a,high offset _Buffer
 115  0043  0080     R  	mov _ptr[1],a
 116  0044              #line 116 "C:\Users\User\Documents\115iot-mobile\單晶片\0604\U3 STD\U7_1_PLUS.c"
 116  0044  33A7        	set [39].7
 116  0045              _L1:
 116  0045  0700     E  	mov a,r2
 116  0046  008B        	mov bp,a
 116  0047  0700     E  	mov a,r3
 116  0048  008A        	mov status,a
 116  0049  0700     E  	mov a,r4
 116  004A  0083        	mov mp,a
 116  004B  0700     E  	mov a,r5
 116  004C  0084        	mov sbp,a
 116  004D  0700     E  	mov a,r6
 116  004E  0087        	mov tblp,a
 116  004F  0700     E  	mov a,r7
 116  0050  0089        	mov tbhp,a
 116  0051  1D05        	tabrdc acc
 116  0052  0700     E  	mov a,r1
 116  0053  0004        	reti
 116  0054              _ISR_TB0 endp
 116  0054              
 116  0054              #line 116 "C:\Users\User\Documents\115iot-mobile\單晶片\0604\U3 STD\U7_1_PLUS.c"
 116  0054              #pragma debug scope 1 1
"File: U7_1_PLUS.c   Assembler  Version HGASM0202      Page 4

 116  0054              public _Delayms
 116  0054              #pragma debug scope 4 1
 122  0054              #line 122 "C:\Users\User\Documents\115iot-mobile\單晶片\0604\U3 STD\U7_1_PLUS.c"
 122  0000              _Delayms .section 'code'
 122  0000              _Delayms proc
 122  0000              public _Delayms_2
 122  0000  0002[           local _Delayms_2 db 2 dup(?)	; 2,0
            00
            ]
 122  0002              #pragma debug variable 10 4 _Delayms_2+0 "del"
 124  0002              #line 124 "C:\Users\User\Documents\115iot-mobile\單晶片\0604\U3 STD\U7_1_PLUS.c"
 124  0000  1F00     E  	clr rb
 124  0001  1F00     E  	clr rc
 124  0002  2800     R  	jmp _L5
 124  0003              _L6:
 124  0003              #line 124 "C:\Users\User\Documents\115iot-mobile\單晶片\0604\U3 STD\U7_1_PLUS.c"
 124  0003              ;# 124 "C:\Users\User\Documents\115iot-mobile\單晶片\0604\U3 STD\U7_1_PLUS.c" 1
 124  0003              	IF 2000>263690
 124  0003              ;# 124 "C:\Users\User\Documents\115iot-mobile\單晶片\0604\U3 STD\U7_1_PLUS.c" 1
 124  0003              	ERRMESSAGE 'the value 2000of the argument exceeds the maxinum 263690'
 124  0003              	ENDIF
 124  0003              ;# 124 "C:\Users\User\Documents\115iot-mobile\單晶片\0604\U3 STD\U7_1_PLUS.c" 1
 124  0003              	IF 2000<0
 124  0003              ;# 124 "C:\Users\User\Documents\115iot-mobile\單晶片\0604\U3 STD\U7_1_PLUS.c" 1
 124  0003              	ERRMESSAGE 'the value 2000 of the argument exceeds the mininum 0'
 124  0003              	ENDIF
 124  0003              ;# 124 "C:\Users\User\Documents\115iot-mobile\單晶片\0604\U3 STD\U7_1_PLUS.c" 1
 124  0003              	IF 2000==0
 124  0003              ;# 124 "C:\Users\User\Documents\115iot-mobile\單晶片\0604\U3 STD\U7_1_PLUS.c" 1
 124  0003              	JMP $
 124  0003              	ENDIF
 124  0003              ;# 124 "C:\Users\User\Documents\115iot-mobile\單晶片\0604\U3 STD\U7_1_PLUS.c" 1
 124  0003              	IF (2000>=1) AND (2000<( 4 + __PBP__ * 2))
 124  0003              ;# 124 "C:\Users\User\Documents\115iot-mobile\單晶片\0604\U3 STD\U7_1_PLUS.c" 1
 124  0003              	NOP
 124  0003              	ENDIF
 124  0003              ;# 124 "C:\Users\User\Documents\115iot-mobile\單晶片\0604\U3 STD\U7_1_PLUS.c" 1
 124  0003              	IF (2000>=2) AND (2000<( 4 + __PBP__ * 2))
 124  0003              ;# 124 "C:\Users\User\Documents\115iot-mobile\單晶片\0604\U3 STD\U7_1_PLUS.c" 1
 124  0003              	NOP
 124  0003              	ENDIF
 124  0003              ;# 124 "C:\Users\User\Documents\115iot-mobile\單晶片\0604\U3 STD\U7_1_PLUS.c" 1
 124  0003              	IF (2000>=3) AND (2000<( 4 + __PBP__ * 2))
 124  0003              ;# 124 "C:\Users\User\Documents\115iot-mobile\單晶片\0604\U3 STD\U7_1_PLUS.c" 1
 124  0003              	NOP
 124  0003              	ENDIF
 124  0003              ;# 124 "C:\Users\User\Documents\115iot-mobile\單晶片\0604\U3 STD\U7_1_PLUS.c" 1
 124  0003              	IF (2000>=4) AND (2000<( 4 + __PBP__ * 2)) AND ( __PBP__ > 0 )
 124  0003              ;# 124 "C:\Users\User\Documents\115iot-mobile\單晶片\0604\U3 STD\U7_1_PLUS.c" 1
 124  0003              	NOP
 124  0003              	ENDIF
 124  0003              ;# 124 "C:\Users\User\Documents\115iot-mobile\單晶片\0604\U3 STD\U7_1_PLUS.c" 1
 124  0003              	IF (2000>=5) AND (2000<( 4 + __PBP__ * 2)) AND ( __PBP__ > 0 )
 124  0003              ;# 124 "C:\Users\User\Documents\115iot-mobile\單晶片\0604\U3 STD\U7_1_PLUS.c" 1
 124  0003              	NOP
 124  0003              	ENDIF
 124  0003              ;# 124 "C:\Users\User\Documents\115iot-mobile\單晶片\0604\U3 STD\U7_1_PLUS.c" 1
 124  0003              	IF (2000>=6) AND (2000<( 4 + __PBP__ * 2))  AND ( __PBP__ > 1 )
 124  0003              ;# 124 "C:\Users\User\Documents\115iot-mobile\單晶片\0604\U3 STD\U7_1_PLUS.c" 1
 124  0003              	NOP
"File: U7_1_PLUS.c   Assembler  Version HGASM0202      Page 5

 124  0003              	ENDIF
 124  0003              ;# 124 "C:\Users\User\Documents\115iot-mobile\單晶片\0604\U3 STD\U7_1_PLUS.c" 1
 124  0003              	IF (2000>=7) AND (2000<( 4 + __PBP__ * 2))  AND ( __PBP__ > 1 )
 124  0003              ;# 124 "C:\Users\User\Documents\115iot-mobile\單晶片\0604\U3 STD\U7_1_PLUS.c" 1
 124  0003              	NOP
 124  0003              	ENDIF
 124  0003              ;# 124 "C:\Users\User\Documents\115iot-mobile\單晶片\0604\U3 STD\U7_1_PLUS.c" 1
 124  0003              	IF (2000>=8) AND (2000<( 4 + __PBP__ * 2))  AND ( __PBP__ > 2 )
 124  0003              ;# 124 "C:\Users\User\Documents\115iot-mobile\單晶片\0604\U3 STD\U7_1_PLUS.c" 1
 124  0003              	NOP
 124  0003              	ENDIF
 124  0003              ;# 124 "C:\Users\User\Documents\115iot-mobile\單晶片\0604\U3 STD\U7_1_PLUS.c" 1
 124  0003              	IF (2000==9)  AND ( __PBP__ > 2 )
 124  0003              ;# 124 "C:\Users\User\Documents\115iot-mobile\單晶片\0604\U3 STD\U7_1_PLUS.c" 1
 124  0003              	NOP
 124  0003              	ENDIF
 124  0003              ;# 124 "C:\Users\User\Documents\115iot-mobile\單晶片\0604\U3 STD\U7_1_PLUS.c" 1
 124  0003              	IF (2000< ( 8 + __PBP__ * 2)) AND (2000>( 3 + __PBP__ * 2))
 124  0003              ;# 124 "C:\Users\User\Documents\115iot-mobile\單晶片\0604\U3 STD\U7_1_PLUS.c" 1
 124  0003              	fcall __DELAY3 + ( 7 + __PBP__ * 2) -2000
 124  0003              	ENDIF
 124  0003              ;# 124 "C:\Users\User\Documents\115iot-mobile\單晶片\0604\U3 STD\U7_1_PLUS.c" 1
 124  0003              	IF (2000< ( 0404h + __PBP__ * 2)) AND (2000>( 7 + __PBP__ * 2))
 124  0003              ;# 124 "C:\Users\User\Documents\115iot-mobile\單晶片\0604\U3 STD\U7_1_PLUS.c" 1
 124  0003              	MOV A,(2000-( 4 + __PBP__ * 2))/4
 124  0003              ;# 124 "C:\Users\User\Documents\115iot-mobile\單晶片\0604\U3 STD\U7_1_PLUS.c" 1
 124  0003              	fcall __DELAYX3 + 3 -((2000-( 4 + __PBP__ * 2)) MOD 4) 
 124  0003              	ENDIF
 124  0003              ;# 124 "C:\Users\User\Documents\115iot-mobile\單晶片\0604\U3 STD\U7_1_PLUS.c" 1
 124  0003              	IF (2000< ( 040bh + __PBP__ * 2)) AND (2000> ( 0403h + __PBP__ * 2))
 124  0003              ;# 124 "C:\Users\User\Documents\115iot-mobile\單晶片\0604\U3 STD\U7_1_PLUS.c" 1
 124  0003              	MOV A,0 
 124  0003              ;# 124 "C:\Users\User\Documents\115iot-mobile\單晶片\0604\U3 STD\U7_1_PLUS.c" 1
 124  0003              	fcall __DELAYX6 + ( 040ah + __PBP__ * 2) -2000
 124  0003              	ENDIF
 124  0003              ;# 124 "C:\Users\User\Documents\115iot-mobile\單晶片\0604\U3 STD\U7_1_PLUS.c" 1
 124  0003              	IF (2000 >= ( 040bh + __PBP__ * 2)) AND ((((2000-( 9 + __PBP__ * 2))%0402h)/4+1)>256)
 124  0003              ;# 124 "C:\Users\User\Documents\115iot-mobile\單晶片\0604\U3 STD\U7_1_PLUS.c" 1
 124  0003              	MOV A,(2000-( 9 + __PBP__ * 2))/0402h
 124  0003              ;# 124 "C:\Users\User\Documents\115iot-mobile\單晶片\0604\U3 STD\U7_1_PLUS.c" 1
 124  0003              	MOV _builtin_holtek_delay_2,A
 124  0003              ;# 124 "C:\Users\User\Documents\115iot-mobile\單晶片\0604\U3 STD\U7_1_PLUS.c" 1
 124  0003              	MOV A,0
 124  0003              ;# 124 "C:\Users\User\Documents\115iot-mobile\單晶片\0604\U3 STD\U7_1_PLUS.c" 1
 124  0003              	fcall __DELAYY5 +5- (((2000-( 9 + __PBP__ * 2))%0402h)%6) 
 124  0003              	ENDIF
 124  0003              ;# 124 "C:\Users\User\Documents\115iot-mobile\單晶片\0604\U3 STD\U7_1_PLUS.c" 1
 124  0003              	IF (2000 >= ( 040bh + __PBP__ * 2)) AND ((((2000-( 9 + __PBP__ * 2))%0402h)/4+1)<=256)
 124  0003              ;# 124 "C:\Users\User\Documents\115iot-mobile\單晶片\0604\U3 STD\U7_1_PLUS.c" 1
 124  0003  0F01        	MOV A,(2000-( 9 + __PBP__ * 2))/0402h
 124  0004              ;# 124 "C:\Users\User\Documents\115iot-mobile\單晶片\0604\U3 STD\U7_1_PLUS.c" 1
 124  0004  0080     E  	MOV _builtin_holtek_delay_2,A
 124  0005              ;# 124 "C:\Users\User\Documents\115iot-mobile\單晶片\0604\U3 STD\U7_1_PLUS.c" 1
 124  0005  0FF0        	MOV A,((2000-( 9 + __PBP__ * 2))%0402h)/4+1
 124  0006              ;# 124 "C:\Users\User\Documents\115iot-mobile\單晶片\0604\U3 STD\U7_1_PLUS.c" 1
 124  0006              	fcall __DELAYY3 +3-(((2000-( 9 + __PBP__ * 2))%0402h)%4) 
 124  000D              	ENDIF
 124  000D  1480     E  	inc rb
 124  000E  3D0A        	sz z
 124  000F  1480     E  	inc rc
"File: U7_1_PLUS.c   Assembler  Version HGASM0202      Page 6

 124  0010              _L5:
 124  0010  0700     E  	mov a,rb
 124  0011  0200     R  	sub a,_Delayms_2[0]
 124  0012  0700     E  	mov a,rc
 124  0013  1200     R  	sbc a,_Delayms_2[1]
 124  0014  3B0A        	snz cz
 124  0015  2800     R  	jmp _L6
 124  0016  0003        	ret
 124  0017              _Delayms endp
 124  0017              #line 124 "C:\Users\User\Documents\115iot-mobile\單晶片\0604\U3 STD\U7_1_PLUS.c"
 124  0017              #pragma debug scope 1 1
 124  0017              ___wdtc equ [62]
 124  0017              ___pas1 equ [334]
 124  0017              ___u0cr1 equ [273]
 124  0017              ___u0cr2 equ [274]
 124  0017              ___brg0 equ [276]
 124  0017              ___sadc0 equ [105]
 124  0017              ___sadc1 equ [106]
 124  0017              ___sadc2 equ [107]
 124  0017              ___pds0 equ [339]
 124  0017              ___pgc equ [40]
 124  0017              ___pec equ [34]
 124  0017              ___pd equ [30]
 124  0017              ___pdc equ [31]
 124  0017              ___psc0r equ [99]
 124  0017              ___tb0c equ [100]
 124  0017              ___intc2 equ [18]
 124  0017              ___intc0 equ [16]
 124  0017              ___sadol equ [103]
 124  0017              ___txr_rxr0 equ [275]
 124  0017              ___u0sr equ [272]
 124  0017              ___sadoh equ [104]
 124  0017              public _main
 124  0017              #pragma debug scope 5 1
  37  0017              #line 37 "C:\Users\User\Documents\115iot-mobile\單晶片\0604\U3 STD\U7_1_PLUS.c"
  37  0017              IFDEF WITH_DEFAULT_STARTUP
  37  0017              extern _main_initial0:near
  37  0017              extern _main_startup:near
  37  0017              ENDIF
  37  0017              
  37  0017              ROMBANK 0 @start
  37  0000              @start .section com_l 'code'
  37  0000              _main_startup1:
  37  0000              @start .section com_e 'code'
  37  0000  0F00     R  	mov a,bank _main
  37  0001  008B        	mov bp,a
  37  0002  2800     R  	jmp _main
  37  0003              
  37  0000              _main .section 'code'
  37  0000              _main proc
  37  0000  0002[           local _main_2 db 2 dup(?)
            00
            ]
  41  0002              #line 41 "C:\Users\User\Documents\115iot-mobile\單晶片\0604\U3 STD\U7_1_PLUS.c"
  41  0000  0FAF        	mov a,175
  41  0001  00BE        	mov [62],a
  49  0002              #line 49 "C:\Users\User\Documents\115iot-mobile\單晶片\0604\U3 STD\U7_1_PLUS.c"
  49  0002  0FC0        	mov a,192
  49  0003  80CE 0001   	lmov [334],a
  50  0005              #line 50 "C:\Users\User\Documents\115iot-mobile\單晶片\0604\U3 STD\U7_1_PLUS.c"
"File: U7_1_PLUS.c   Assembler  Version HGASM0202      Page 7

  50  0005  0F80        	mov a,128
  50  0006  8091 0001   	lmov [273],a
  51  0008              #line 51 "C:\Users\User\Documents\115iot-mobile\單晶片\0604\U3 STD\U7_1_PLUS.c"
  51  0008  0FA0        	mov a,160
  51  0009  8092 0001   	lmov [274],a
  52  000B              #line 52 "C:\Users\User\Documents\115iot-mobile\單晶片\0604\U3 STD\U7_1_PLUS.c"
  52  000B  0F19        	mov a,25
  52  000C  8094 0001   	lmov [276],a
  55  000E              #line 55 "C:\Users\User\Documents\115iot-mobile\單晶片\0604\U3 STD\U7_1_PLUS.c"
  55  000E  0F38        	mov a,56
  55  000F  00E9        	mov [105],a
  56  0010              #line 56 "C:\Users\User\Documents\115iot-mobile\單晶片\0604\U3 STD\U7_1_PLUS.c"
  56  0010  0F07        	mov a,7
  56  0011  00EA        	mov [106],a
  57  0012              #line 57 "C:\Users\User\Documents\115iot-mobile\單晶片\0604\U3 STD\U7_1_PLUS.c"
  57  0012  1F6B        	clr [107]
  58  0013              #line 58 "C:\Users\User\Documents\115iot-mobile\單晶片\0604\U3 STD\U7_1_PLUS.c"
  58  0013  0F03        	mov a,3
  58  0014  80D3 0001   	lmov [339],a
  61  0016              #line 61 "C:\Users\User\Documents\115iot-mobile\單晶片\0604\U3 STD\U7_1_PLUS.c"
  61  0016  1F27        	clr [39]
  61  0017  1F28        	clr [40]
  62  0018              #line 62 "C:\Users\User\Documents\115iot-mobile\單晶片\0604\U3 STD\U7_1_PLUS.c"
  62  0018  0FF0        	mov a,240
  62  0019  06A1        	andm a,[33]
  62  001A  0FF0        	mov a,240
  62  001B  06A2        	andm a,[34]
  63  001C              #line 63 "C:\Users\User\Documents\115iot-mobile\單晶片\0604\U3 STD\U7_1_PLUS.c"
  63  001C  321E        	set [30].4
  63  001D  361F        	clr [31].4
  66  001E              #line 66 "C:\Users\User\Documents\115iot-mobile\單晶片\0604\U3 STD\U7_1_PLUS.c"
  66  001E  0F00     R  	mov a,low offset _Buffer
  66  001F  0080     R  	mov _ptr[0],a
  66  0020  0F00     R  	mov a,high offset _Buffer
  66  0021  0080     R  	mov _ptr[1],a
  67  0022              #line 67 "C:\Users\User\Documents\115iot-mobile\單晶片\0604\U3 STD\U7_1_PLUS.c"
  67  0022  0F01        	mov a,1
  67  0023  0080     R  	mov _ScanCode[0],a
  68  0024              #line 68 "C:\Users\User\Documents\115iot-mobile\單晶片\0604\U3 STD\U7_1_PLUS.c"
  68  0024  1F00     R  	clr _Buffer[0]
  68  0025  1F00     R  	clr _Buffer[1]
  68  0026  1F00     R  	clr _Buffer[2]
  68  0027  1F00     R  	clr _Buffer[3]
  71  0028              #line 71 "C:\Users\User\Documents\115iot-mobile\單晶片\0604\U3 STD\U7_1_PLUS.c"
  71  0028  0F01        	mov a,1
  71  0029  00E3        	mov [99],a
  72  002A              #line 72 "C:\Users\User\Documents\115iot-mobile\單晶片\0604\U3 STD\U7_1_PLUS.c"
  72  002A  0F85        	mov a,133
  72  002B  00E4        	mov [100],a
  73  002C              #line 73 "C:\Users\User\Documents\115iot-mobile\單晶片\0604\U3 STD\U7_1_PLUS.c"
  73  002C  3092        	set [18].1
  74  002D              #line 74 "C:\Users\User\Documents\115iot-mobile\單晶片\0604\U3 STD\U7_1_PLUS.c"
  74  002D  3010        	set [16].0
  74  002E              _L14:
  79  002E              #line 79 "C:\Users\User\Documents\115iot-mobile\單晶片\0604\U3 STD\U7_1_PLUS.c"
  79  002E  33E9        	set [105].7
  79  002F  37E9        	clr [105].7
  79  0030              _L9:
  80  0030              #line 80 "C:\Users\User\Documents\115iot-mobile\單晶片\0604\U3 STD\U7_1_PLUS.c"
  80  0030  3F69        	sz [105].6
"File: U7_1_PLUS.c   Assembler  Version HGASM0202      Page 8

  80  0031  2800     R  	jmp _L9
  83  0032              #line 83 "C:\Users\User\Documents\115iot-mobile\單晶片\0604\U3 STD\U7_1_PLUS.c"
  83  0032  0767        	mov a,[103]
  83  0033  8093 0001   	lmov [275],a
  83  0035              _L11:
  84  0035              #line 84 "C:\Users\User\Documents\115iot-mobile\單晶片\0604\U3 STD\U7_1_PLUS.c"
  84  0035  B810 0001   	lsnz [272].0
  84  0037  2800     R  	jmp _L11
  85  0038              #line 85 "C:\Users\User\Documents\115iot-mobile\單晶片\0604\U3 STD\U7_1_PLUS.c"
  85  0038  0768        	mov a,[104]
  85  0039  8093 0001   	lmov [275],a
  85  003B              _L13:
  86  003B              #line 86 "C:\Users\User\Documents\115iot-mobile\單晶片\0604\U3 STD\U7_1_PLUS.c"
  86  003B  B810 0001   	lsnz [272].0
  86  003D  2800     R  	jmp _L13
  89  003E              #line 89 "C:\Users\User\Documents\115iot-mobile\單晶片\0604\U3 STD\U7_1_PLUS.c"
  89  003E  0768        	mov a,[104]
  89  003F  0080     R  	mov _main_2[1],a
  89  0040  1F00     R  	clr _main_2[0]
  89  0041  0700     R  	mov a,_main_2[1]
  89  0042  0080     E  	mov re,a
  89  0043  0767        	mov a,[103]
  89  0044  0500     R  	or a,_main_2[0]
  89  0045  0080     E  	mov rd,a
  90  0046              #line 90 "C:\Users\User\Documents\115iot-mobile\單晶片\0604\U3 STD\U7_1_PLUS.c"
  90  0046  1B10        	rrca intc
  90  0047  3410        	clr intc.0
  90  0048  0700     E  	mov a,rd
  90  0049  00D9        	mov mduwr0,a
  90  004A  0F88        	mov a,136
  90  004B  00DD        	mov mduwr4,a
  90  004C  0700     E  	mov a,re
  90  004D  00DA        	mov mduwr1,a
  90  004E  0F13        	mov a,19
  90  004F  00DE        	mov mduwr5,a
  90  0050  0F06        	mov a,6
  90  0051              _LI1:
  90  0051  1785        	sdz acc
  90  0052  2800     R  	jmp _LI1
  90  0053  0759        	mov a,mduwr0
  90  0054  0080     E  	mov rd,a
  90  0055  075A        	mov a,mduwr1
  90  0056  0080     E  	mov re,a
  90  0057  075B        	mov a,mduwr2
  90  0058  0080     E  	mov rf,a
  90  0059  075C        	mov a,mduwr3
  90  005A  0080     E  	mov rg,a
  90  005B  3C0A        	sz c
  90  005C  3010        	set intc.0
  90  005D  0F0C        	mov a,12
  90  005E              _LI2:
  90  005E  340A        	clr c
  90  005F  1B80     E  	rrc rg
  90  0060  1B80     E  	rrc rf
  90  0061  1B80     E  	rrc re
  90  0062  1B80     E  	rrc rd
  90  0063  1785        	sdz acc
  90  0064  2800     R  	jmp _LI2
  92  0065              #line 92 "C:\Users\User\Documents\115iot-mobile\單晶片\0604\U3 STD\U7_1_PLUS.c"
  92  0065  1B10        	rrca intc
"File: U7_1_PLUS.c   Assembler  Version HGASM0202      Page 9

  92  0066  3410        	clr intc.0
  92  0067  0700     E  	mov a,rd
  92  0068  00D9        	mov mduwr0,a
  92  0069  0700     E  	mov a,re
  92  006A  00DA        	mov mduwr1,a
  92  006B  0FE8        	mov a,232
  92  006C  00DD        	mov mduwr4,a
  92  006D  0F03        	mov a,3
  92  006E  00DE        	mov mduwr5,a
  92  006F  0F06        	mov a,6
  92  0070              _LI3:
  92  0070  1785        	sdz acc
  92  0071  2800     R  	jmp _LI3
  92  0072  0759        	mov a,mduwr0
  92  0073  0080     E  	mov rb,a
  92  0074  075A        	mov a,mduwr1
  92  0075  0080     E  	mov rc,a
  92  0076  3C0A        	sz c
  92  0077  3010        	set intc.0
  92  0078  0700     E  	mov a,rb
  92  0079  0080     R  	mov _Buffer[3],a
  92  007A  1B10        	rrca intc
  92  007B  3410        	clr intc.0
  92  007C  0700     E  	mov a,rd
  92  007D  00D9        	mov mduwr0,a
  92  007E  0700     E  	mov a,re
  92  007F  00DA        	mov mduwr1,a
  92  0080  0FE8        	mov a,232
  92  0081  00DD        	mov mduwr4,a
  92  0082  0F03        	mov a,3
  92  0083  00DE        	mov mduwr5,a
  92  0084  0F06        	mov a,6
  92  0085              _LI4:
  92  0085  1785        	sdz acc
  92  0086  2800     R  	jmp _LI4
  92  0087  075D        	mov a,mduwr4
  92  0088  0080     E  	mov rd,a
  92  0089  075E        	mov a,mduwr5
  92  008A  0080     E  	mov re,a
  92  008B  3C0A        	sz c
  92  008C  3010        	set intc.0
  93  008D              #line 93 "C:\Users\User\Documents\115iot-mobile\單晶片\0604\U3 STD\U7_1_PLUS.c"
  93  008D  1B10        	rrca intc
  93  008E  3410        	clr intc.0
  93  008F  0700     E  	mov a,rd
  93  0090  00D9        	mov mduwr0,a
  93  0091  0700     E  	mov a,re
  93  0092  00DA        	mov mduwr1,a
  93  0093  0F64        	mov a,100
  93  0094  00DD        	mov mduwr4,a
  93  0095  0F00        	mov a,0
  93  0096  00DE        	mov mduwr5,a
  93  0097  0F06        	mov a,6
  93  0098              _LI5:
  93  0098  1785        	sdz acc
  93  0099  2800     R  	jmp _LI5
  93  009A  0759        	mov a,mduwr0
  93  009B  0080     E  	mov rb,a
  93  009C  075A        	mov a,mduwr1
  93  009D  0080     E  	mov rc,a
"File: U7_1_PLUS.c   Assembler  Version HGASM0202      Page 10

  93  009E  3C0A        	sz c
  93  009F  3010        	set intc.0
  93  00A0  0700     E  	mov a,rb
  93  00A1  0080     R  	mov _Buffer[2],a
  93  00A2  1B10        	rrca intc
  93  00A3  3410        	clr intc.0
  93  00A4  0700     E  	mov a,rd
  93  00A5  00D9        	mov mduwr0,a
  93  00A6  0700     E  	mov a,re
  93  00A7  00DA        	mov mduwr1,a
  93  00A8  0F64        	mov a,100
  93  00A9  00DD        	mov mduwr4,a
  93  00AA  0F00        	mov a,0
  93  00AB  00DE        	mov mduwr5,a
  93  00AC  0F06        	mov a,6
  93  00AD              _LI6:
  93  00AD  1785        	sdz acc
  93  00AE  2800     R  	jmp _LI6
  93  00AF  075D        	mov a,mduwr4
  93  00B0  0080     E  	mov rd,a
  93  00B1  075E        	mov a,mduwr5
  93  00B2  0080     E  	mov re,a
  93  00B3  3C0A        	sz c
  93  00B4  3010        	set intc.0
  94  00B5              #line 94 "C:\Users\User\Documents\115iot-mobile\單晶片\0604\U3 STD\U7_1_PLUS.c"
  94  00B5  1B10        	rrca intc
  94  00B6  3410        	clr intc.0
  94  00B7  0700     E  	mov a,rd
  94  00B8  00D9        	mov mduwr0,a
  94  00B9  0700     E  	mov a,re
  94  00BA  00DA        	mov mduwr1,a
  94  00BB  0F0A        	mov a,10
  94  00BC  00DD        	mov mduwr4,a
  94  00BD  0F00        	mov a,0
  94  00BE  00DE        	mov mduwr5,a
  94  00BF  0F06        	mov a,6
  94  00C0              _LI7:
  94  00C0  1785        	sdz acc
  94  00C1  2800     R  	jmp _LI7
  94  00C2  0759        	mov a,mduwr0
  94  00C3  0080     E  	mov rb,a
  94  00C4  075A        	mov a,mduwr1
  94  00C5  0080     E  	mov rc,a
  94  00C6  3C0A        	sz c
  94  00C7  3010        	set intc.0
  94  00C8  0700     E  	mov a,rb
  94  00C9  0080     R  	mov _Buffer[1],a
  94  00CA  1B10        	rrca intc
  94  00CB  3410        	clr intc.0
  94  00CC  0700     E  	mov a,rd
  94  00CD  00D9        	mov mduwr0,a
  94  00CE  0700     E  	mov a,re
  94  00CF  00DA        	mov mduwr1,a
  94  00D0  0F0A        	mov a,10
  94  00D1  00DD        	mov mduwr4,a
  94  00D2  0F00        	mov a,0
  94  00D3  00DE        	mov mduwr5,a
  94  00D4  0F06        	mov a,6
  94  00D5              _LI8:
  94  00D5  1785        	sdz acc
"File: U7_1_PLUS.c   Assembler  Version HGASM0202      Page 11

  94  00D6  2800     R  	jmp _LI8
  94  00D7  075D        	mov a,mduwr4
  94  00D8  0080     E  	mov rd,a
  94  00D9  075E        	mov a,mduwr5
  94  00DA  0080     E  	mov re,a
  94  00DB  3C0A        	sz c
  94  00DC  3010        	set intc.0
  95  00DD              #line 95 "C:\Users\User\Documents\115iot-mobile\單晶片\0604\U3 STD\U7_1_PLUS.c"
  95  00DD  0700     E  	mov a,rd
  95  00DE  0080     R  	mov _Buffer[0],a
  98  00DF              #line 98 "C:\Users\User\Documents\115iot-mobile\單晶片\0604\U3 STD\U7_1_PLUS.c"
  98  00DF  0F2C        	mov a,44
  98  00E0  0080     R  	mov _Delayms_2[0],a
  98  00E1  0F01        	mov a,1
  98  00E2  0080     R  	mov _Delayms_2[1],a
  98  00E3              	fcall _Delayms
  99  00EA              #line 99 "C:\Users\User\Documents\115iot-mobile\單晶片\0604\U3 STD\U7_1_PLUS.c"
  99  00EA  111E        	swapa [30]
  99  00EB  0E0F        	and a,0fh
  99  00EC  0080     E  	mov ra,a
  99  00ED  0F01        	mov a,1
  99  00EE  0480     E  	xorm a,ra
  99  00EF  0F01        	mov a,1
  99  00F0  0680     E  	andm a,ra
  99  00F1  1100     E  	swapa ra
  99  00F2  0EF0        	and a,0f0h 
  99  00F3  0080     E  	mov ra,a
  99  00F4  361E        	clr [30].4
  99  00F5  0700     E  	mov a,ra
  99  00F6  059E        	orm a,[30]
 100  00F7              #line 100 "C:\Users\User\Documents\115iot-mobile\單晶片\0604\U3 STD\U7_1_PLUS.c"
 100  00F7  2800     R  	jmp _L14
 100  00F8  2800     R  	jmp $
 100  00F9              _main endp
 100  00F9              
 100  00F9              @dummy endp
 100  00F9              
 100  00F9              #line 100 "C:\Users\User\Documents\115iot-mobile\單晶片\0604\U3 STD\U7_1_PLUS.c"
 100  00F9              #pragma debug scope 1 1
  31  00F9              #line 31 "C:\Users\User\Documents\115iot-mobile\單晶片\0604\U3 STD\U7_1_PLUS.c"
  31  00F9              public _Buffer
  31  0000              @HCCINIT0_Buffer .section 'data'
  31  0000  0004[       _Buffer	db 4 dup(0)
            00
            ]
  31  0004              #pragma debug array 42 8 4 1
  31  0004              #pragma debug array 42 8 4 1
  31  0004              #pragma debug variable 42 1 _Buffer "Buffer"
  31  0004              
  31  0000              @HCCINIT .section 'data'
  31  0000              #line 31 "C:\Users\User\Documents\115iot-mobile\單晶片\0604\U3 STD\U7_1_PLUS.c"
  31  0000              public _ScanCode
  31  0000              @HCCINIT0_ScanCode .section 'data'
  31  0000              _ScanCode	db 0
  31  0001              #pragma debug variable 8 1 _ScanCode "ScanCode"
  31  0001              
  31  0000              @HCCINIT .section 'data'
  31  0000              #line 31 "C:\Users\User\Documents\115iot-mobile\單晶片\0604\U3 STD\U7_1_PLUS.c"
  31  0000              public _ptr
  31  0000              @HCCINIT0_ptr .section 'data'
"File: U7_1_PLUS.c   Assembler  Version HGASM0202      Page 12

  31  0000  0002[       _ptr	db 2 dup(0)
            00
            ]
  31  0002              #pragma debug pointer 43 8 1
  31  0002              #pragma debug pointer 43 8 1
  31  0002              #pragma debug variable 43 1 _ptr "ptr"
  31  0002              
  31  0000              @HCCINIT .section 'data'
  31  0000              public _SEG_TAB
  31  0000              @crom	.section 'crom'
  27  0000              #line 27 "C:\Users\User\Documents\115iot-mobile\單晶片\0604\U3 STD\U7_1_PLUS.c"
  27  0000              @crom	.section	'crom'
  27  0000              _SEG_TAB:
  27  0000              #pragma debug array 44 8 10 1
  27  0000              #pragma debug array 44 8 10 1
  27  0000              #pragma debug variable 44 1 _SEG_TAB "SEG_TAB"
  27  0000              	db 63
  27  0001              	db 6
  27  0001              	db 91
  27  0002              	db 79
  27  0002              	db 102
  27  0003              	db 109
  27  0003              	db 125
  27  0004              	db 7
  27  0004              	db 127
  27  0005              	db 103
  27  0005              #pragma debug struct_end
  27  0005              #pragma debug struct_end
  27  0005              #pragma debug union_end
  27  0005              #pragma debug union_end
  27  0005              #pragma debug variable 46 1 ___intc0 "__intc0" 1
  27  0005              #pragma debug struct_end
  27  0005              #pragma debug struct_end
  27  0005              #pragma debug union_end
  27  0005              #pragma debug union_end
  27  0005              #pragma debug variable 48 1 ___intc2 "__intc2" 1
  27  0005              #pragma debug struct_end
  27  0005              #pragma debug struct_end
  27  0005              #pragma debug union_end
  27  0005              #pragma debug union_end
  27  0005              #pragma debug variable 50 1 ___pd "__pd" 1
  27  0005              #pragma debug struct_end
  27  0005              #pragma debug struct_end
  27  0005              #pragma debug union_end
  27  0005              #pragma debug union_end
  27  0005              #pragma debug variable 52 1 ___pdc "__pdc" 1
  27  0005              #pragma debug struct_end
  27  0005              #pragma debug struct_end
  27  0005              #pragma debug union_end
  27  0005              #pragma debug union_end
  27  0005              #pragma debug variable 54 1 ___pe "__pe" 1
  27  0005              #pragma debug struct_end
  27  0005              #pragma debug struct_end
  27  0005              #pragma debug union_end
  27  0005              #pragma debug union_end
  27  0005              #pragma debug variable 56 1 ___pec "__pec" 1
  27  0005              #pragma debug struct_end
  27  0005              #pragma debug struct_end
  27  0005              #pragma debug union_end
  27  0005              #pragma debug union_end
"File: U7_1_PLUS.c   Assembler  Version HGASM0202      Page 13

  27  0005              #pragma debug variable 58 1 ___pg "__pg" 1
  27  0005              #pragma debug struct_end
  27  0005              #pragma debug struct_end
  27  0005              #pragma debug union_end
  27  0005              #pragma debug union_end
  27  0005              #pragma debug variable 60 1 ___pgc "__pgc" 1
  27  0005              #pragma debug struct_end
  27  0005              #pragma debug struct_end
  27  0005              #pragma debug union_end
  27  0005              #pragma debug union_end
  27  0005              #pragma debug variable 62 1 ___wdtc "__wdtc" 1
  27  0005              #pragma debug struct_end
  27  0005              #pragma debug struct_end
  27  0005              #pragma debug union_end
  27  0005              #pragma debug union_end
  27  0005              #pragma debug variable 64 1 ___psc0r "__psc0r" 1
  27  0005              #pragma debug struct_end
  27  0005              #pragma debug struct_end
  27  0005              #pragma debug union_end
  27  0005              #pragma debug union_end
  27  0005              #pragma debug variable 66 1 ___tb0c "__tb0c" 1
  27  0005              #pragma debug variable 8 1 ___sadol "__sadol" 1
  27  0005              #pragma debug variable 8 1 ___sadoh "__sadoh" 1
  27  0005              #pragma debug struct_end
  27  0005              #pragma debug struct_end
  27  0005              #pragma debug union_end
  27  0005              #pragma debug union_end
  27  0005              #pragma debug variable 68 1 ___sadc0 "__sadc0" 1
  27  0005              #pragma debug struct_end
  27  0005              #pragma debug struct_end
  27  0005              #pragma debug union_end
  27  0005              #pragma debug union_end
  27  0005              #pragma debug variable 70 1 ___sadc1 "__sadc1" 1
  27  0005              #pragma debug struct_end
  27  0005              #pragma debug struct_end
  27  0005              #pragma debug union_end
  27  0005              #pragma debug union_end
  27  0005              #pragma debug variable 72 1 ___sadc2 "__sadc2" 1
  27  0005              #pragma debug struct_end
  27  0005              #pragma debug struct_end
  27  0005              #pragma debug union_end
  27  0005              #pragma debug union_end
  27  0005              #pragma debug variable 74 1 ___u0sr "__u0sr" 1
  27  0005              #pragma debug struct_end
  27  0005              #pragma debug struct_end
  27  0005              #pragma debug union_end
  27  0005              #pragma debug union_end
  27  0005              #pragma debug variable 76 1 ___u0cr1 "__u0cr1" 1
  27  0005              #pragma debug struct_end
  27  0005              #pragma debug struct_end
  27  0005              #pragma debug union_end
  27  0005              #pragma debug union_end
  27  0005              #pragma debug variable 78 1 ___u0cr2 "__u0cr2" 1
  27  0005              #pragma debug variable 8 1 ___txr_rxr0 "__txr_rxr0" 1
  27  0005              #pragma debug variable 8 1 ___brg0 "__brg0" 1
  27  0005              #pragma debug struct_end
  27  0005              #pragma debug struct_end
  27  0005              #pragma debug union_end
  27  0005              #pragma debug union_end
  27  0005              #pragma debug variable 80 1 ___pas1 "__pas1" 1
"File: U7_1_PLUS.c   Assembler  Version HGASM0202      Page 14

  27  0005              #pragma debug struct_end
  27  0005              #pragma debug struct_end
  27  0005              #pragma debug union_end
  27  0005              #pragma debug union_end
  27  0005              #pragma debug variable 82 1 ___pds0 "__pds0" 1
  27  0005              extern r1:byte
  27  0005              extern r2:byte
  27  0005              extern r3:byte
  27  0005              extern r4:byte
  27  0005              extern r5:byte
  27  0005              extern r6:byte
  27  0005              extern r7:byte
  37  0005              #line 37 "C:\Users\User\Documents\115iot-mobile\單晶片\0604\U3 STD\U7_1_PLUS.c"
  37  0000              @code .section at 0 'code'
  37  0000  1F0B        	clr bp
  37  0001  2800     R  	jmp _main_startup1
  37  0002              
  37  0002              
  37  0002              ; 
  37  0002              ; Generated by holtek-gcc v3.23, Thu Jul 23 13:06:27 2026
  37  0002              ; Rebuild 1114
  37  0002              ; end of file


        0 Errors, 0