"File: U7_1.c        Assembler  Version HGASM0202      Page 1


   1  0000              ; Generated by holtek-gcc v3.23, Thu Jun 04 08:27:56 2026
   2  0000              ; 
   3  0000              ; Configuration:
   4  0000              ;       with long instruction
   5  0000              ;       Multi-ROM, Multi-RAM
   6  0000              ;       bits_per_rom_unit:16
   7  0000              ;       with mp1
   8  0000              ;       with tbhp, address(0x9)
   9  0000              ;          Use tabrd-const
  10  0000              ;       
  11  0000              ; SFR address of long-instruction arch:
  12  0000              ;    mp0 = -1,1,0
  13  0000              ;    mp1 = 4,3,2
  14  0000              ;    mp2 = 14,13,12
  15  0000              ;    tbp = 9,7,8
  16  0000              ;    acc = 5
  17  0000              ;    pcl = 6
  18  0000              ;    status = 10
  19  0000              ;    bp = 11
  20  0000              ;    intc = 16
  21  0000              ;       
  22  0000              ;       
  23  0000              ; use 'tabrdc' instead of 'tabrd'
  24  0000              ;       
  25  0000              
  26  0000              #pragma translator "holtek-gcc 4.6.4" "3.23" "build 20130711"
  27  0000              ; Rebuild 1114
  28  0000              
  29  0000              ir equ [2]
  30  0000              mp equ [3]
  31  0000              sbp equ [4]
  32  0000              acc equ [5]
  33  0000              bp equ [11]
  34  0000              tblp equ [7]
  35  0000              tbhp equ [9]
  36  0000              status equ [10]
  37  0000              c equ [10].0
  38  0000              ac equ [10].1
  39  0000              z equ [10].2
  40  0000              ov equ [10].3
  41  0000              cz equ [10].6
  42  0000              sc equ [10].7
  43  0000              intc equ [16]
  44  0000              mduwr0 equ [59h]
  45  0000              mduwr1 equ [5ah]
  46  0000              mduwr2 equ [5bh]
  47  0000              mduwr3 equ [5ch]
  48  0000              mduwr4 equ [5dh]
  49  0000              mduwr5 equ [5eh]
  50  0000              mduwrctrl equ [5fh]
  51  0000              
  52  0000              extern ra:byte
  53  0000              extern rb:byte
  54  0000              extern rc:byte
  55  0000              extern rd:byte
  56  0000              extern re:byte
  57  0000              extern rf:byte
  58  0000              extern rg:byte
  59  0000              extern rh:byte
"File: U7_1.ASM      Assembler  Version HGASM0202      Page 2

  60  0000              extern _Crom2Prom:near
  61  0000              extern _Crom2PromNext:near
  62  0000              
  63  0000              RAMBANK 0 @BITDATASEC, @BITDATASEC1
  64  0000              @HCCINIT	.section 'data'
  65  0000              @HCCINIT0	.section 'data'
  66  0000              @BITDATASEC	 .section 'data'
  67  0000              @BITDATASEC1	 .section 'data'
  68  0000              
  69  0000              #pragma debug scope 1 1
  70  0000              	extern __DELAY3:near
  71  0000              	extern __DELAYX3:near
  72  0000              	extern __DELAYX6:near
  73  0000              	extern __DELAYY5:near
  74  0000              	extern __DELAYY3:near
  75  0000              	extern _builtin_holtek_delay_2:byte
  76  0000              public _Delayms
  77  0000              #pragma debug scope 2 1

  43  0000              #line 43 "C:\Users\User\Desktop\U3 STD\U7_1.c"
  43  0000              _Delayms .section 'code'
  43  0000              _Delayms proc
  43  0000              public _Delayms_2
  43  0000  0002[           local _Delayms_2 db 2 dup(?)	; 2,0
            00
            ]
  43  0002              #pragma debug variable 10 2 _Delayms_2+0 "del"
  44  0002              #line 44 "C:\Users\User\Desktop\U3 STD\U7_1.c"
  44  0000  1F00     E  	clr rb
  44  0001  1F00     E  	clr rc
  44  0002  2800     R  	jmp _L2
  44  0003              _L3:
  44  0003              #line 44 "C:\Users\User\Desktop\U3 STD\U7_1.c"
  44  0003              ;# 44 "C:\Users\User\Desktop\U3 STD\U7_1.c" 1
  44  0003              	IF 2000>263690
  44  0003              ;# 44 "C:\Users\User\Desktop\U3 STD\U7_1.c" 1
  44  0003              	ERRMESSAGE 'the value 2000of the argument exceeds the maxinum 263690'
  44  0003              	ENDIF
  44  0003              ;# 44 "C:\Users\User\Desktop\U3 STD\U7_1.c" 1
  44  0003              	IF 2000<0
  44  0003              ;# 44 "C:\Users\User\Desktop\U3 STD\U7_1.c" 1
  44  0003              	ERRMESSAGE 'the value 2000 of the argument exceeds the mininum 0'
  44  0003              	ENDIF
  44  0003              ;# 44 "C:\Users\User\Desktop\U3 STD\U7_1.c" 1
  44  0003              	IF 2000==0
  44  0003              ;# 44 "C:\Users\User\Desktop\U3 STD\U7_1.c" 1
  44  0003              	JMP $
  44  0003              	ENDIF
  44  0003              ;# 44 "C:\Users\User\Desktop\U3 STD\U7_1.c" 1
  44  0003              	IF (2000>=1) AND (2000<( 4 + __PBP__ * 2))
  44  0003              ;# 44 "C:\Users\User\Desktop\U3 STD\U7_1.c" 1
  44  0003              	NOP
  44  0003              	ENDIF
  44  0003              ;# 44 "C:\Users\User\Desktop\U3 STD\U7_1.c" 1
  44  0003              	IF (2000>=2) AND (2000<( 4 + __PBP__ * 2))
  44  0003              ;# 44 "C:\Users\User\Desktop\U3 STD\U7_1.c" 1
  44  0003              	NOP
  44  0003              	ENDIF
  44  0003              ;# 44 "C:\Users\User\Desktop\U3 STD\U7_1.c" 1
  44  0003              	IF (2000>=3) AND (2000<( 4 + __PBP__ * 2))
"File: U7_1.c        Assembler  Version HGASM0202      Page 3

  44  0003              ;# 44 "C:\Users\User\Desktop\U3 STD\U7_1.c" 1
  44  0003              	NOP
  44  0003              	ENDIF
  44  0003              ;# 44 "C:\Users\User\Desktop\U3 STD\U7_1.c" 1
  44  0003              	IF (2000>=4) AND (2000<( 4 + __PBP__ * 2)) AND ( __PBP__ > 0 )
  44  0003              ;# 44 "C:\Users\User\Desktop\U3 STD\U7_1.c" 1
  44  0003              	NOP
  44  0003              	ENDIF
  44  0003              ;# 44 "C:\Users\User\Desktop\U3 STD\U7_1.c" 1
  44  0003              	IF (2000>=5) AND (2000<( 4 + __PBP__ * 2)) AND ( __PBP__ > 0 )
  44  0003              ;# 44 "C:\Users\User\Desktop\U3 STD\U7_1.c" 1
  44  0003              	NOP
  44  0003              	ENDIF
  44  0003              ;# 44 "C:\Users\User\Desktop\U3 STD\U7_1.c" 1
  44  0003              	IF (2000>=6) AND (2000<( 4 + __PBP__ * 2))  AND ( __PBP__ > 1 )
  44  0003              ;# 44 "C:\Users\User\Desktop\U3 STD\U7_1.c" 1
  44  0003              	NOP
  44  0003              	ENDIF
  44  0003              ;# 44 "C:\Users\User\Desktop\U3 STD\U7_1.c" 1
  44  0003              	IF (2000>=7) AND (2000<( 4 + __PBP__ * 2))  AND ( __PBP__ > 1 )
  44  0003              ;# 44 "C:\Users\User\Desktop\U3 STD\U7_1.c" 1
  44  0003              	NOP
  44  0003              	ENDIF
  44  0003              ;# 44 "C:\Users\User\Desktop\U3 STD\U7_1.c" 1
  44  0003              	IF (2000>=8) AND (2000<( 4 + __PBP__ * 2))  AND ( __PBP__ > 2 )
  44  0003              ;# 44 "C:\Users\User\Desktop\U3 STD\U7_1.c" 1
  44  0003              	NOP
  44  0003              	ENDIF
  44  0003              ;# 44 "C:\Users\User\Desktop\U3 STD\U7_1.c" 1
  44  0003              	IF (2000==9)  AND ( __PBP__ > 2 )
  44  0003              ;# 44 "C:\Users\User\Desktop\U3 STD\U7_1.c" 1
  44  0003              	NOP
  44  0003              	ENDIF
  44  0003              ;# 44 "C:\Users\User\Desktop\U3 STD\U7_1.c" 1
  44  0003              	IF (2000< ( 8 + __PBP__ * 2)) AND (2000>( 3 + __PBP__ * 2))
  44  0003              ;# 44 "C:\Users\User\Desktop\U3 STD\U7_1.c" 1
  44  0003              	fcall __DELAY3 + ( 7 + __PBP__ * 2) -2000
  44  0003              	ENDIF
  44  0003              ;# 44 "C:\Users\User\Desktop\U3 STD\U7_1.c" 1
  44  0003              	IF (2000< ( 0404h + __PBP__ * 2)) AND (2000>( 7 + __PBP__ * 2))
  44  0003              ;# 44 "C:\Users\User\Desktop\U3 STD\U7_1.c" 1
  44  0003              	MOV A,(2000-( 4 + __PBP__ * 2))/4
  44  0003              ;# 44 "C:\Users\User\Desktop\U3 STD\U7_1.c" 1
  44  0003              	fcall __DELAYX3 + 3 -((2000-( 4 + __PBP__ * 2)) MOD 4) 
  44  0003              	ENDIF
  44  0003              ;# 44 "C:\Users\User\Desktop\U3 STD\U7_1.c" 1
  44  0003              	IF (2000< ( 040bh + __PBP__ * 2)) AND (2000> ( 0403h + __PBP__ * 2))
  44  0003              ;# 44 "C:\Users\User\Desktop\U3 STD\U7_1.c" 1
  44  0003              	MOV A,0 
  44  0003              ;# 44 "C:\Users\User\Desktop\U3 STD\U7_1.c" 1
  44  0003              	fcall __DELAYX6 + ( 040ah + __PBP__ * 2) -2000
  44  0003              	ENDIF
  44  0003              ;# 44 "C:\Users\User\Desktop\U3 STD\U7_1.c" 1
  44  0003              	IF (2000 >= ( 040bh + __PBP__ * 2)) AND ((((2000-( 9 + __PBP__ * 2))%0402h)/4+1)>256)
  44  0003              ;# 44 "C:\Users\User\Desktop\U3 STD\U7_1.c" 1
  44  0003              	MOV A,(2000-( 9 + __PBP__ * 2))/0402h
  44  0003              ;# 44 "C:\Users\User\Desktop\U3 STD\U7_1.c" 1
  44  0003              	MOV _builtin_holtek_delay_2,A
  44  0003              ;# 44 "C:\Users\User\Desktop\U3 STD\U7_1.c" 1
  44  0003              	MOV A,0
"File: U7_1.c        Assembler  Version HGASM0202      Page 4

  44  0003              ;# 44 "C:\Users\User\Desktop\U3 STD\U7_1.c" 1
  44  0003              	fcall __DELAYY5 +5- (((2000-( 9 + __PBP__ * 2))%0402h)%6) 
  44  0003              	ENDIF
  44  0003              ;# 44 "C:\Users\User\Desktop\U3 STD\U7_1.c" 1
  44  0003              	IF (2000 >= ( 040bh + __PBP__ * 2)) AND ((((2000-( 9 + __PBP__ * 2))%0402h)/4+1)<=256)
  44  0003              ;# 44 "C:\Users\User\Desktop\U3 STD\U7_1.c" 1
  44  0003  0F01        	MOV A,(2000-( 9 + __PBP__ * 2))/0402h
  44  0004              ;# 44 "C:\Users\User\Desktop\U3 STD\U7_1.c" 1
  44  0004  0080     E  	MOV _builtin_holtek_delay_2,A
  44  0005              ;# 44 "C:\Users\User\Desktop\U3 STD\U7_1.c" 1
  44  0005  0FF0        	MOV A,((2000-( 9 + __PBP__ * 2))%0402h)/4+1
  44  0006              ;# 44 "C:\Users\User\Desktop\U3 STD\U7_1.c" 1
  44  0006              	fcall __DELAYY3 +3-(((2000-( 9 + __PBP__ * 2))%0402h)%4) 
  44  000D              	ENDIF
  44  000D  1480     E  	inc rb
  44  000E  3D0A        	sz z
  44  000F  1480     E  	inc rc
  44  0010              _L2:
  44  0010  0700     E  	mov a,rb
  44  0011  0200     R  	sub a,_Delayms_2[0]
  44  0012  0700     E  	mov a,rc
  44  0013  1200     R  	sbc a,_Delayms_2[1]
  44  0014  3B0A        	snz cz
  44  0015  2800     R  	jmp _L3
  44  0016  0003        	ret
  44  0017              _Delayms endp
  44  0017              #line 44 "C:\Users\User\Desktop\U3 STD\U7_1.c"
  44  0017              #pragma debug scope 1 1
  44  0017              ___wdtc equ [62]
  44  0017              ___pas1 equ [334]
  44  0017              ___u0cr1 equ [273]
  44  0017              ___u0cr2 equ [274]
  44  0017              ___brg0 equ [276]
  44  0017              ___sadc0 equ [105]
  44  0017              ___sadc1 equ [106]
  44  0017              ___sadc2 equ [107]
  44  0017              ___pds0 equ [339]
  44  0017              ___pd equ [30]
  44  0017              ___pdc equ [31]
  44  0017              ___sadol equ [103]
  44  0017              ___txr_rxr0 equ [275]
  44  0017              ___u0sr equ [272]
  44  0017              ___sadoh equ [104]
  44  0017              public _main
  44  0017              #pragma debug scope 3 1
  17  0017              #line 17 "C:\Users\User\Desktop\U3 STD\U7_1.c"
  17  0017              IFDEF WITH_DEFAULT_STARTUP
  17  0017              extern _main_initial0:near
  17  0017              extern _main_startup:near
  17  0017              ENDIF
  17  0017              
  17  0017              ROMBANK 0 @start
  17  0000              @start .section com_l 'code'
  17  0000              _main_startup1:
  17  0000              @start .section com_e 'code'
  17  0000  0F00     R  	mov a,bank _main
  17  0001  008B        	mov bp,a
  17  0002  2800     R  	jmp _main
  17  0003              
  17  0000              _main .section 'code'
"File: U7_1.c        Assembler  Version HGASM0202      Page 5

  17  0000              _main proc
  17  0000  0FAF        	mov a,175
  17  0001  00BE        	mov [62],a
  22  0002              #line 22 "C:\Users\User\Desktop\U3 STD\U7_1.c"
  22  0002  0FC0        	mov a,192
  22  0003  80CE 0001   	lmov [334],a
  23  0005              #line 23 "C:\Users\User\Desktop\U3 STD\U7_1.c"
  23  0005  0F80        	mov a,128
  23  0006  8091 0001   	lmov [273],a
  24  0008              #line 24 "C:\Users\User\Desktop\U3 STD\U7_1.c"
  24  0008  0FA0        	mov a,160
  24  0009  8092 0001   	lmov [274],a
  25  000B              #line 25 "C:\Users\User\Desktop\U3 STD\U7_1.c"
  25  000B  0F19        	mov a,25
  25  000C  8094 0001   	lmov [276],a
  27  000E              #line 27 "C:\Users\User\Desktop\U3 STD\U7_1.c"
  27  000E  0F38        	mov a,56
  27  000F  00E9        	mov [105],a
  28  0010              #line 28 "C:\Users\User\Desktop\U3 STD\U7_1.c"
  28  0010  0F07        	mov a,7
  28  0011  00EA        	mov [106],a
  29  0012              #line 29 "C:\Users\User\Desktop\U3 STD\U7_1.c"
  29  0012  1F6B        	clr [107]
  30  0013              #line 30 "C:\Users\User\Desktop\U3 STD\U7_1.c"
  30  0013  0F03        	mov a,3
  30  0014  80D3 0001   	lmov [339],a
  31  0016              #line 31 "C:\Users\User\Desktop\U3 STD\U7_1.c"
  31  0016  321E        	set [30].4
  31  0017  361F        	clr [31].4
  31  0018              _L10:
  33  0018              #line 33 "C:\Users\User\Desktop\U3 STD\U7_1.c"
  33  0018  33E9        	set [105].7
  33  0019  37E9        	clr [105].7
  33  001A              _L7:
  34  001A              #line 34 "C:\Users\User\Desktop\U3 STD\U7_1.c"
  34  001A  3F69        	sz [105].6
  34  001B  2800     R  	jmp _L7
  35  001C              #line 35 "C:\Users\User\Desktop\U3 STD\U7_1.c"
  35  001C  0767        	mov a,[103]
  35  001D  8093 0001   	lmov [275],a
  35  001F              _L9:
  36  001F              #line 36 "C:\Users\User\Desktop\U3 STD\U7_1.c"
  36  001F  B810 0001   	lsnz [272].0
  36  0021  2800     R  	jmp _L9
  37  0022              #line 37 "C:\Users\User\Desktop\U3 STD\U7_1.c"
  37  0022  0768        	mov a,[104]
  37  0023  8093 0001   	lmov [275],a
  38  0025              #line 38 "C:\Users\User\Desktop\U3 STD\U7_1.c"
  38  0025  0F2C        	mov a,44
  38  0026  0080     R  	mov _Delayms_2[0],a
  38  0027  0F01        	mov a,1
  38  0028  0080     R  	mov _Delayms_2[1],a
  38  0029              	fcall _Delayms
  39  0030              #line 39 "C:\Users\User\Desktop\U3 STD\U7_1.c"
  39  0030  111E        	swapa [30]
  39  0031  0E0F        	and a,0fh
  39  0032  0080     E  	mov ra,a
  39  0033  0F01        	mov a,1
  39  0034  0480     E  	xorm a,ra
  39  0035  0F01        	mov a,1
"File: U7_1.c        Assembler  Version HGASM0202      Page 6

  39  0036  0680     E  	andm a,ra
  39  0037  1100     E  	swapa ra
  39  0038  0EF0        	and a,0f0h 
  39  0039  0080     E  	mov ra,a
  39  003A  361E        	clr [30].4
  39  003B  0700     E  	mov a,ra
  39  003C  059E        	orm a,[30]
  40  003D              #line 40 "C:\Users\User\Desktop\U3 STD\U7_1.c"
  40  003D  2800     R  	jmp _L10
  40  003E  2800     R  	jmp $
  40  003F              _main endp
  40  003F              
  40  003F              @dummy endp
  40  003F              
  40  003F              #line 40 "C:\Users\User\Desktop\U3 STD\U7_1.c"
  40  003F              #pragma debug scope 1 1
  40  003F              #pragma debug struct_end
  40  003F              #pragma debug struct_end
  40  003F              #pragma debug union_end
  40  003F              #pragma debug union_end
  40  003F              #pragma debug variable 43 1 ___pd "__pd" 1
  40  003F              #pragma debug struct_end
  40  003F              #pragma debug struct_end
  40  003F              #pragma debug union_end
  40  003F              #pragma debug union_end
  40  003F              #pragma debug variable 45 1 ___pdc "__pdc" 1
  40  003F              #pragma debug struct_end
  40  003F              #pragma debug struct_end
  40  003F              #pragma debug union_end
  40  003F              #pragma debug union_end
  40  003F              #pragma debug variable 47 1 ___wdtc "__wdtc" 1
  40  003F              #pragma debug variable 8 1 ___sadol "__sadol" 1
  40  003F              #pragma debug variable 8 1 ___sadoh "__sadoh" 1
  40  003F              #pragma debug struct_end
  40  003F              #pragma debug struct_end
  40  003F              #pragma debug union_end
  40  003F              #pragma debug union_end
  40  003F              #pragma debug variable 49 1 ___sadc0 "__sadc0" 1
  40  003F              #pragma debug struct_end
  40  003F              #pragma debug struct_end
  40  003F              #pragma debug union_end
  40  003F              #pragma debug union_end
  40  003F              #pragma debug variable 51 1 ___sadc1 "__sadc1" 1
  40  003F              #pragma debug struct_end
  40  003F              #pragma debug struct_end
  40  003F              #pragma debug union_end
  40  003F              #pragma debug union_end
  40  003F              #pragma debug variable 53 1 ___sadc2 "__sadc2" 1
  40  003F              #pragma debug struct_end
  40  003F              #pragma debug struct_end
  40  003F              #pragma debug union_end
  40  003F              #pragma debug union_end
  40  003F              #pragma debug variable 55 1 ___u0sr "__u0sr" 1
  40  003F              #pragma debug struct_end
  40  003F              #pragma debug struct_end
  40  003F              #pragma debug union_end
  40  003F              #pragma debug union_end
  40  003F              #pragma debug variable 57 1 ___u0cr1 "__u0cr1" 1
  40  003F              #pragma debug struct_end
  40  003F              #pragma debug struct_end
"File: U7_1.c        Assembler  Version HGASM0202      Page 7

  40  003F              #pragma debug union_end
  40  003F              #pragma debug union_end
  40  003F              #pragma debug variable 59 1 ___u0cr2 "__u0cr2" 1
  40  003F              #pragma debug variable 8 1 ___txr_rxr0 "__txr_rxr0" 1
  40  003F              #pragma debug variable 8 1 ___brg0 "__brg0" 1
  40  003F              #pragma debug struct_end
  40  003F              #pragma debug struct_end
  40  003F              #pragma debug union_end
  40  003F              #pragma debug union_end
  40  003F              #pragma debug variable 61 1 ___pas1 "__pas1" 1
  40  003F              #pragma debug struct_end
  40  003F              #pragma debug struct_end
  40  003F              #pragma debug union_end
  40  003F              #pragma debug union_end
  40  003F              #pragma debug variable 63 1 ___pds0 "__pds0" 1
  17  003F              #line 17 "C:\Users\User\Desktop\U3 STD\U7_1.c"
  17  0000              @code .section at 0 'code'
  17  0000  1F0B        	clr bp
  17  0001  2800     R  	jmp _main_startup1
  17  0002              
  17  0002              
  17  0002              ; 
  17  0002              ; Generated by holtek-gcc v3.23, Thu Jun 04 08:27:56 2026
  17  0002              ; Rebuild 1114
  17  0002              ; end of file


        0 Errors, 0