"File: U3_1.c        Assembler  Version HGASM0202      Page 1


   1  0000              ; Generated by holtek-gcc v3.23, Tue Jun 02 09:45:29 2026
   2  0000              ; 
   3  0000              ; Configuration:
   4  0000              ;       with long instruction
   5  0000              ;       Multi-ROM, Multi-RAM
   6  0000              ;       bits_per_rom_unit:16
   7  0000              ;       with mp1
   8  0000              ;       with tbhp, address(0x9)
   9  0000              ;          Use tabrd-const
  10  0000              ;       
  11  0000              ; SFR address of long-instruction arch:
  12  0000              ;    mp0 = -1,1,0
  13  0000              ;    mp1 = 4,3,2
  14  0000              ;    mp2 = 14,13,12
  15  0000              ;    tbp = 9,7,8
  16  0000              ;    acc = 5
  17  0000              ;    pcl = 6
  18  0000              ;    status = 10
  19  0000              ;    bp = 11
  20  0000              ;    intc = 16
  21  0000              ;       
  22  0000              ;       
  23  0000              ; use 'tabrdc' instead of 'tabrd'
  24  0000              ;       
  25  0000              
  26  0000              #pragma translator "holtek-gcc 4.6.4" "3.23" "build 20130711"
  27  0000              ; Rebuild 1114
  28  0000              
  29  0000              ir equ [2]
  30  0000              mp equ [3]
  31  0000              sbp equ [4]
  32  0000              acc equ [5]
  33  0000              bp equ [11]
  34  0000              tblp equ [7]
  35  0000              tbhp equ [9]
  36  0000              status equ [10]
  37  0000              c equ [10].0
  38  0000              ac equ [10].1
  39  0000              z equ [10].2
  40  0000              ov equ [10].3
  41  0000              cz equ [10].6
  42  0000              sc equ [10].7
  43  0000              intc equ [16]
  44  0000              mduwr0 equ [59h]
  45  0000              mduwr1 equ [5ah]
  46  0000              mduwr2 equ [5bh]
  47  0000              mduwr3 equ [5ch]
  48  0000              mduwr4 equ [5dh]
  49  0000              mduwr5 equ [5eh]
  50  0000              mduwrctrl equ [5fh]
  51  0000              
  52  0000              extern ra:byte
  53  0000              extern rb:byte
  54  0000              extern rc:byte
  55  0000              extern rd:byte
  56  0000              extern re:byte
  57  0000              extern rf:byte
  58  0000              extern rg:byte
  59  0000              extern rh:byte
"File: U3_1.ASM      Assembler  Version HGASM0202      Page 2

  60  0000              extern _Crom2Prom:near
  61  0000              extern _Crom2PromNext:near
  62  0000              
  63  0000              RAMBANK 0 @BITDATASEC, @BITDATASEC1
  64  0000              @HCCINIT	.section 'data'
  65  0000              @HCCINIT0	.section 'data'
  66  0000              @BITDATASEC	 .section 'data'
  67  0000              @BITDATASEC1	 .section 'data'
  68  0000              
  69  0000              #pragma debug scope 1 1
  70  0000              	extern __DELAY3:near
  71  0000              	extern __DELAYX3:near
  72  0000              	extern __DELAYX6:near
  73  0000              	extern __DELAYY5:near
  74  0000              	extern __DELAYY3:near
  75  0000              	extern _builtin_holtek_delay_2:byte
  76  0000              ___wdtc equ [62]
  77  0000              ___pg equ [39]
  78  0000              ___pgc equ [40]
  79  0000              ___pe equ [33]
  80  0000              ___pec equ [34]
  81  0000              ___psc0r equ [99]
  82  0000              ___tb0c equ [100]
  83  0000              ___intc2 equ [18]
  84  0000              ___psc1r equ [102]
  85  0000              ___tb1c equ [101]
  86  0000              ___intc0 equ [16]
  87  0000              public _main
  88  0000              #pragma debug scope 2 1

  15  0000              #line 15 "C:\Users\User\Desktop\U3 STD\U3_1.c"
  15  0000              IFDEF WITH_DEFAULT_STARTUP
  15  0000              extern _main_initial0:near
  15  0000              extern _main_startup:near
  15  0000              ENDIF
  15  0000              
  15  0000              ROMBANK 0 @start
  15  0000              @start .section com_l 'code'
  15  0000              _main_startup1:
  15  0000              @start .section com_e 'code'
  15  0000  0F00     R  	mov a,bank _main
  15  0001  008B        	mov bp,a
  15  0002  2800     R  	jmp _main
  15  0003              
  15  0000              _main .section 'code'
  15  0000              _main proc
  16  0000              #line 16 "C:\Users\User\Desktop\U3 STD\U3_1.c"
  16  0000  0FAF        	mov a,175
  16  0001  00BE        	mov [62],a
  17  0002              #line 17 "C:\Users\User\Desktop\U3 STD\U3_1.c"
  17  0002  1F27        	clr [39]
  17  0003  1F28        	clr [40]
  18  0004              #line 18 "C:\Users\User\Desktop\U3 STD\U3_1.c"
  18  0004  0FF0        	mov a,240
  18  0005  06A1        	andm a,[33]
  18  0006  0FF0        	mov a,240
  18  0007  06A2        	andm a,[34]
  19  0008              #line 19 "C:\Users\User\Desktop\U3 STD\U3_1.c"
  19  0008  0F01        	mov a,1
  19  0009  00E3        	mov [99],a
"File: U3_1.c        Assembler  Version HGASM0202      Page 3

  19  000A  0F85        	mov a,133
  19  000B  00E4        	mov [100],a
  19  000C  3092        	set [18].1
  20  000D              #line 20 "C:\Users\User\Desktop\U3 STD\U3_1.c"
  20  000D  0F02        	mov a,2
  20  000E  00E6        	mov [102],a
  20  000F  0F87        	mov a,135
  20  0010  00E5        	mov [101],a
  21  0011              #line 21 "C:\Users\User\Desktop\U3 STD\U3_1.c"
  21  0011  0F00     R  	mov a,low offset _Buffer
  21  0012  0080     R  	mov _ptr[0],a
  21  0013  0F00     R  	mov a,high offset _Buffer
  21  0014  0080     R  	mov _ptr[1],a
  21  0015  0F01        	mov a,1
  21  0016  0080     R  	mov _ScanCode[0],a
  22  0017              #line 22 "C:\Users\User\Desktop\U3 STD\U3_1.c"
  22  0017  1F00     R  	clr _Buffer[0]
  22  0018  1F00     R  	clr _Buffer[1]
  22  0019  1F00     R  	clr _Buffer[2]
  22  001A  1F00     R  	clr _Buffer[3]
  23  001B              #line 23 "C:\Users\User\Desktop\U3 STD\U3_1.c"
  23  001B  3010        	set [16].0
  15  001C              #line 15 "C:\Users\User\Desktop\U3 STD\U3_1.c"
  15  001C  1F00     E  	clr ra
  15  001D              _L5:
  25  001D              #line 25 "C:\Users\User\Desktop\U3 STD\U3_1.c"
  25  001D  0700     R  	mov a,_Buffer[2]
  25  001E  0080     R  	mov _Buffer[3],a
  25  001F  0700     R  	mov a,_Buffer[1]
  25  0020  0080     R  	mov _Buffer[2],a
  25  0021  0700     R  	mov a,_Buffer[0]
  25  0022  0080     R  	mov _Buffer[1],a
  26  0023              #line 26 "C:\Users\User\Desktop\U3 STD\U3_1.c"
  26  0023  1400     E  	inca ra
  26  0024  0080     E  	mov rb,a
  26  0025  0700     E  	mov a,ra
  26  0026  0080     R  	mov _Buffer[0],a
  27  0027              #line 27 "C:\Users\User\Desktop\U3 STD\U3_1.c"
  27  0027  0F09        	mov a,9
  27  0028  0200     E  	sub a,rb
  27  0029  3C0A        	sz c
  27  002A  2800     R  	jmp _L4
  27  002B  1F00     E  	clr rb
  27  002C              _L4:
  28  002C              #line 28 "C:\Users\User\Desktop\U3 STD\U3_1.c"
  28  002C  3B12        	snz [18].6
  28  002D  2800     R  	jmp _L4
  29  002E              #line 29 "C:\Users\User\Desktop\U3 STD\U3_1.c"
  29  002E  3712        	clr [18].6
  30  002F              #line 30 "C:\Users\User\Desktop\U3 STD\U3_1.c"
  30  002F  0700     E  	mov a,rb
  30  0030  0080     E  	mov ra,a
  30  0031  2800     R  	jmp _L5
  30  0032  2800     R  	jmp $
  30  0033              _main endp
  30  0033              
  30  0033              @dummy endp
  30  0033              
  30  0033              #line 30 "C:\Users\User\Desktop\U3 STD\U3_1.c"
  30  0033              #pragma debug scope 1 1
"File: U3_1.c        Assembler  Version HGASM0202      Page 4

  30  0033              public _ISR_TB0
  30  0033              #pragma debug scope 3 1
  33  0033              #line 33 "C:\Users\User\Desktop\U3 STD\U3_1.c"
  33  0033              rombank 0 @ISR_TB0_code
  33  0000              @ISR_TB0_code .section at 36 'code'
  33  0000  0080     E  	mov r1,a
  33  0001  070B        	mov a,bp
  33  0002  1F0B        	clr bp
  33  0003  2800     R  	jmp _ISR_TB0
  33  0004              ROMBANK 0 _ISR_TB0
  33  0004              #pragma debug scope 1 1
  33  0004              @dummy36 endp
  33  0004              #pragma debug scope 4 1
  33  0000              _ISR_TB0 .section 'code'
  33  0000              _ISR_TB0 proc
  33  0000  0080     E  	mov r2,a
  33  0001  070A        	mov a, status
  33  0002  0080     E  	mov r3,a
  33  0003  0703        	mov a,mp
  33  0004  0080     E  	mov r4,a
  33  0005  0704        	mov a,sbp
  33  0006  0080     E  	mov r5,a
  33  0007  0707        	mov a,tblp
  33  0008  0080     E  	mov r6,a
  33  0009  0709        	mov a,tbhp
  33  000A  0080     E  	mov r7,a
  33  000B  1F27        	clr [39]
  34  000C              #line 34 "C:\Users\User\Desktop\U3 STD\U3_1.c"
  34  000C  0700     R  	mov a,_ScanCode[0]
  34  000D  00A1        	mov [33],a
  35  000E              #line 35 "C:\Users\User\Desktop\U3 STD\U3_1.c"
  35  000E  0700     R  	mov a,_ptr[0]
  35  000F  0080     E  	mov rb,a
  35  0010  0700     R  	mov a,_ptr[1]
  35  0011  0080     E  	mov rc,a
  35  0012  0F01        	mov a,1
  35  0013  0300     E  	add a,rb
  35  0014  0080     R  	mov _ptr[0],a
  35  0015  0F00        	mov a,0
  35  0016  1300     E  	adc a,rc
  35  0017  0080     R  	mov _ptr[1],a
  35  0018  0700     E  	mov a,rb
  35  0019  0083        	mov mp,a
  35  001A  0700     E  	mov a,rc
  35  001B  0084        	mov sbp,a
  35  001C              	fcall _Crom2Prom
  35  0023  0080     E  	mov ra,a
  35  0024  0F00     R  	mov a,low offset _SEG_TAB
  35  0025  0300     E  	add a,ra
  35  0026  0083        	mov mp,a
  35  0027  0F00     R  	mov a,high offset _SEG_TAB
  35  0028  1F04        	clr sbp
  35  0029  1384        	adcm a,sbp
  35  002A              	fcall _Crom2Prom
  35  0031  00A7        	mov [39],a
  36  0032              #line 36 "C:\Users\User\Desktop\U3 STD\U3_1.c"
  36  0032              ;# 36 "C:\Users\User\Desktop\U3 STD\U3_1.c" 1
  36  0032  1880     R  	rl _ScanCode[0]
  37  0033              #line 37 "C:\Users\User\Desktop\U3 STD\U3_1.c"
  37  0033  0700     R  	mov a,_ScanCode[0]
"File: U3_1.c        Assembler  Version HGASM0202      Page 5

  37  0034  0A10        	sub a,16
  37  0035  390A        	snz z
  37  0036  2800     R  	jmp _L8
  38  0037              #line 38 "C:\Users\User\Desktop\U3 STD\U3_1.c"
  38  0037  0F01        	mov a,1
  38  0038  0080     R  	mov _ScanCode[0],a
  38  0039  0F00     R  	mov a,low offset _Buffer
  38  003A  0080     R  	mov _ptr[0],a
  38  003B  0F00     R  	mov a,high offset _Buffer
  38  003C  0080     R  	mov _ptr[1],a
  38  003D              _L8:
  38  003D  0700     E  	mov a,r2
  38  003E  008B        	mov bp,a
  38  003F  0700     E  	mov a,r3
  38  0040  008A        	mov status,a
  38  0041  0700     E  	mov a,r4
  38  0042  0083        	mov mp,a
  38  0043  0700     E  	mov a,r5
  38  0044  0084        	mov sbp,a
  38  0045  0700     E  	mov a,r6
  38  0046  0087        	mov tblp,a
  38  0047  0700     E  	mov a,r7
  38  0048  0089        	mov tbhp,a
  38  0049  1D05        	tabrdc acc
  38  004A  0700     E  	mov a,r1
  38  004B  0004        	reti
  38  004C              _ISR_TB0 endp
  38  004C              
  38  004C              #line 38 "C:\Users\User\Desktop\U3 STD\U3_1.c"
  38  004C              #pragma debug scope 1 1
  13  004C              #line 13 "C:\Users\User\Desktop\U3 STD\U3_1.c"
  13  004C              public _Buffer
  13  0000              @HCCINIT0_Buffer .section 'data'
  13  0000  0004[       _Buffer	db 4 dup(0)
            00
            ]
  13  0004              #pragma debug array 42 8 4 1
  13  0004              #pragma debug array 42 8 4 1
  13  0004              #pragma debug variable 42 1 _Buffer "Buffer"
  13  0004              
  13  0000              @HCCINIT .section 'data'
  13  0000              #line 13 "C:\Users\User\Desktop\U3 STD\U3_1.c"
  13  0000              public _ScanCode
  13  0000              @HCCINIT0_ScanCode .section 'data'
  13  0000              _ScanCode	db 0
  13  0001              #pragma debug variable 8 1 _ScanCode "ScanCode"
  13  0001              
  13  0000              @HCCINIT .section 'data'
  13  0000              #line 13 "C:\Users\User\Desktop\U3 STD\U3_1.c"
  13  0000              public _ptr
  13  0000              @HCCINIT0_ptr .section 'data'
  13  0000  0002[       _ptr	db 2 dup(0)
            00
            ]
  13  0002              #pragma debug pointer 43 8 1
  13  0002              #pragma debug pointer 43 8 1
  13  0002              #pragma debug variable 43 1 _ptr "ptr"
  13  0002              
  13  0000              @HCCINIT .section 'data'
  13  0000              public _SEG_TAB
"File: U3_1.c        Assembler  Version HGASM0202      Page 6

  13  0000              @crom	.section 'crom'
  10  0000              #line 10 "C:\Users\User\Desktop\U3 STD\U3_1.c"
  10  0000              @crom	.section	'crom'
  10  0000              _SEG_TAB:
  10  0000              #pragma debug array 44 8 10 1
  10  0000              #pragma debug array 44 8 10 1
  10  0000              #pragma debug variable 44 1 _SEG_TAB "SEG_TAB"
  10  0000              	db 63
  10  0001              	db 6
  10  0001              	db 91
  10  0002              	db 79
  10  0002              	db 102
  10  0003              	db 109
  10  0003              	db 125
  10  0004              	db 7
  10  0004              	db 127
  10  0005              	db 103
  10  0005              #pragma debug struct_end
  10  0005              #pragma debug struct_end
  10  0005              #pragma debug union_end
  10  0005              #pragma debug union_end
  10  0005              #pragma debug variable 46 1 ___intc0 "__intc0" 1
  10  0005              #pragma debug struct_end
  10  0005              #pragma debug struct_end
  10  0005              #pragma debug union_end
  10  0005              #pragma debug union_end
  10  0005              #pragma debug variable 48 1 ___intc2 "__intc2" 1
  10  0005              #pragma debug struct_end
  10  0005              #pragma debug struct_end
  10  0005              #pragma debug union_end
  10  0005              #pragma debug union_end
  10  0005              #pragma debug variable 50 1 ___pe "__pe" 1
  10  0005              #pragma debug struct_end
  10  0005              #pragma debug struct_end
  10  0005              #pragma debug union_end
  10  0005              #pragma debug union_end
  10  0005              #pragma debug variable 52 1 ___pec "__pec" 1
  10  0005              #pragma debug struct_end
  10  0005              #pragma debug struct_end
  10  0005              #pragma debug union_end
  10  0005              #pragma debug union_end
  10  0005              #pragma debug variable 54 1 ___pg "__pg" 1
  10  0005              #pragma debug struct_end
  10  0005              #pragma debug struct_end
  10  0005              #pragma debug union_end
  10  0005              #pragma debug union_end
  10  0005              #pragma debug variable 56 1 ___pgc "__pgc" 1
  10  0005              #pragma debug struct_end
  10  0005              #pragma debug struct_end
  10  0005              #pragma debug union_end
  10  0005              #pragma debug union_end
  10  0005              #pragma debug variable 58 1 ___wdtc "__wdtc" 1
  10  0005              #pragma debug struct_end
  10  0005              #pragma debug struct_end
  10  0005              #pragma debug union_end
  10  0005              #pragma debug union_end
  10  0005              #pragma debug variable 60 1 ___psc0r "__psc0r" 1
  10  0005              #pragma debug struct_end
  10  0005              #pragma debug struct_end
  10  0005              #pragma debug union_end
"File: U3_1.c        Assembler  Version HGASM0202      Page 7

  10  0005              #pragma debug union_end
  10  0005              #pragma debug variable 62 1 ___tb0c "__tb0c" 1
  10  0005              #pragma debug struct_end
  10  0005              #pragma debug struct_end
  10  0005              #pragma debug union_end
  10  0005              #pragma debug union_end
  10  0005              #pragma debug variable 64 1 ___tb1c "__tb1c" 1
  10  0005              #pragma debug struct_end
  10  0005              #pragma debug struct_end
  10  0005              #pragma debug union_end
  10  0005              #pragma debug union_end
  10  0005              #pragma debug variable 66 1 ___psc1r "__psc1r" 1
  10  0005              extern r1:byte
  10  0005              extern r2:byte
  10  0005              extern r3:byte
  10  0005              extern r4:byte
  10  0005              extern r5:byte
  10  0005              extern r6:byte
  10  0005              extern r7:byte
  15  0005              #line 15 "C:\Users\User\Desktop\U3 STD\U3_1.c"
  15  0000              @code .section at 0 'code'
  15  0000  1F0B        	clr bp
  15  0001  2800     R  	jmp _main_startup1
  15  0002              
  15  0002              
  15  0002              ; 
  15  0002              ; Generated by holtek-gcc v3.23, Tue Jun 02 09:45:29 2026
  15  0002              ; Rebuild 1114
  15  0002              ; end of file


        0 Errors, 0