"File: U2_1_1.c      Assembler  Version HGASM0202      Page 1


   1  0000              ; Generated by holtek-gcc v3.23, Thu May 07 15:55:34 2026
   2  0000              ; 
   3  0000              ; Configuration:
   4  0000              ;       with long instruction
   5  0000              ;       Multi-ROM, Multi-RAM
   6  0000              ;       bits_per_rom_unit:16
   7  0000              ;       with mp1
   8  0000              ;       with tbhp, address(0x9)
   9  0000              ;          Use tabrd-const
  10  0000              ;       
  11  0000              ; SFR address of long-instruction arch:
  12  0000              ;    mp0 = -1,1,0
  13  0000              ;    mp1 = 4,3,2
  14  0000              ;    mp2 = 14,13,12
  15  0000              ;    tbp = 9,7,8
  16  0000              ;    acc = 5
  17  0000              ;    pcl = 6
  18  0000              ;    status = 10
  19  0000              ;    bp = 11
  20  0000              ;    intc = 16
  21  0000              ;       
  22  0000              ;       
  23  0000              ; use 'tabrdc' instead of 'tabrd'
  24  0000              ;       
  25  0000              
  26  0000              #pragma translator "holtek-gcc 4.6.4" "3.23" "build 20130711"
  27  0000              ; Rebuild 1114
  28  0000              
  29  0000              ir equ [2]
  30  0000              mp equ [3]
  31  0000              sbp equ [4]
  32  0000              acc equ [5]
  33  0000              bp equ [11]
  34  0000              tblp equ [7]
  35  0000              tbhp equ [9]
  36  0000              status equ [10]
  37  0000              c equ [10].0
  38  0000              ac equ [10].1
  39  0000              z equ [10].2
  40  0000              ov equ [10].3
  41  0000              cz equ [10].6
  42  0000              sc equ [10].7
  43  0000              intc equ [16]
  44  0000              mduwr0 equ [59h]
  45  0000              mduwr1 equ [5ah]
  46  0000              mduwr2 equ [5bh]
  47  0000              mduwr3 equ [5ch]
  48  0000              mduwr4 equ [5dh]
  49  0000              mduwr5 equ [5eh]
  50  0000              mduwrctrl equ [5fh]
  51  0000              
  52  0000              extern ra:byte
  53  0000              extern rb:byte
  54  0000              extern rc:byte
  55  0000              extern rd:byte
  56  0000              extern re:byte
  57  0000              extern rf:byte
  58  0000              extern rg:byte
  59  0000              extern rh:byte
"File: U2_1_1.ASM    Assembler  Version HGASM0202      Page 2

  60  0000              extern _Crom2Prom:near
  61  0000              extern _Crom2PromNext:near
  62  0000              
  63  0000              RAMBANK 0 @BITDATASEC, @BITDATASEC1
  64  0000              @HCCINIT	.section 'data'
  65  0000              @HCCINIT0	.section 'data'
  66  0000              @BITDATASEC	 .section 'data'
  67  0000              @BITDATASEC1	 .section 'data'
  68  0000              
  69  0000              #pragma debug scope 1 1
  70  0000              	extern __DELAY3:near
  71  0000              	extern __DELAYX3:near
  72  0000              	extern __DELAYX6:near
  73  0000              	extern __DELAYY5:near
  74  0000              	extern __DELAYY3:near
  75  0000              	extern _builtin_holtek_delay_2:byte
  76  0000              ___intc0 equ [16]
  77  0000              ___pf equ [36]
  78  0000              public _ISR_Int0
  79  0000              #pragma debug scope 2 1

 133  0000              #line 133 "C:\Users\User\Desktop\U2 STD\U2_1_1.c"
 133  0000              rombank 0 @ISR_Int0_code
 133  0000              @ISR_Int0_code .section at 4 'code'
 133  0000  0080     E  	mov r1,a
 133  0001  070B        	mov a,bp
 133  0002  1F0B        	clr bp
 133  0003  2800     R  	jmp _ISR_Int0
 133  0004              ROMBANK 0 _ISR_Int0
 133  0004              #pragma debug scope 1 1
 133  0004              @dummy4 endp
 133  0004              #pragma debug scope 3 1
 133  0000              _ISR_Int0 .section 'code'
 133  0000              _ISR_Int0 proc
 133  0000  0080     E  	mov r2,a
 133  0001  070A        	mov a, status
 133  0002  0080     E  	mov r3,a
 140  0003              #line 140 "C:\Users\User\Desktop\U2 STD\U2_1_1.c"
 140  0003  3490        	clr [16].1
 145  0004              #line 145 "C:\Users\User\Desktop\U2 STD\U2_1_1.c"
 145  0004  3010        	set [16].0
 150  0005              #line 150 "C:\Users\User\Desktop\U2 STD\U2_1_1.c"
 150  0005  0724        	mov a,[36]
 150  0006  0080     E  	mov rb,a
 155  0007              #line 155 "C:\Users\User\Desktop\U2 STD\U2_1_1.c"
 155  0007  0FFE        	mov a,254
 155  0008  00A4        	mov [36],a
 155  0009  0F08        	mov a,8
 155  000A  0080     E  	mov ra,a
 155  000B              _L3:
 162  000B              #line 162 "C:\Users\User\Desktop\U2 STD\U2_1_1.c"
 162  000B              ;# 162 "C:\Users\User\Desktop\U2 STD\U2_1_1.c" 1
 162  000B              	IF 250000>263690
 162  000B              ;# 162 "C:\Users\User\Desktop\U2 STD\U2_1_1.c" 1
 162  000B              	ERRMESSAGE 'the value 250000of the argument exceeds the maxinum 263690'
 162  000B              	ENDIF
 162  000B              ;# 162 "C:\Users\User\Desktop\U2 STD\U2_1_1.c" 1
 162  000B              	IF 250000<0
 162  000B              ;# 162 "C:\Users\User\Desktop\U2 STD\U2_1_1.c" 1
 162  000B              	ERRMESSAGE 'the value 250000 of the argument exceeds the mininum 0'
"File: U2_1_1.c      Assembler  Version HGASM0202      Page 3

 162  000B              	ENDIF
 162  000B              ;# 162 "C:\Users\User\Desktop\U2 STD\U2_1_1.c" 1
 162  000B              	IF 250000==0
 162  000B              ;# 162 "C:\Users\User\Desktop\U2 STD\U2_1_1.c" 1
 162  000B              	JMP $
 162  000B              	ENDIF
 162  000B              ;# 162 "C:\Users\User\Desktop\U2 STD\U2_1_1.c" 1
 162  000B              	IF (250000>=1) AND (250000<( 4 + __PBP__ * 2))
 162  000B              ;# 162 "C:\Users\User\Desktop\U2 STD\U2_1_1.c" 1
 162  000B              	NOP
 162  000B              	ENDIF
 162  000B              ;# 162 "C:\Users\User\Desktop\U2 STD\U2_1_1.c" 1
 162  000B              	IF (250000>=2) AND (250000<( 4 + __PBP__ * 2))
 162  000B              ;# 162 "C:\Users\User\Desktop\U2 STD\U2_1_1.c" 1
 162  000B              	NOP
 162  000B              	ENDIF
 162  000B              ;# 162 "C:\Users\User\Desktop\U2 STD\U2_1_1.c" 1
 162  000B              	IF (250000>=3) AND (250000<( 4 + __PBP__ * 2))
 162  000B              ;# 162 "C:\Users\User\Desktop\U2 STD\U2_1_1.c" 1
 162  000B              	NOP
 162  000B              	ENDIF
 162  000B              ;# 162 "C:\Users\User\Desktop\U2 STD\U2_1_1.c" 1
 162  000B              	IF (250000>=4) AND (250000<( 4 + __PBP__ * 2)) AND ( __PBP__ > 0 )
 162  000B              ;# 162 "C:\Users\User\Desktop\U2 STD\U2_1_1.c" 1
 162  000B              	NOP
 162  000B              	ENDIF
 162  000B              ;# 162 "C:\Users\User\Desktop\U2 STD\U2_1_1.c" 1
 162  000B              	IF (250000>=5) AND (250000<( 4 + __PBP__ * 2)) AND ( __PBP__ > 0 )
 162  000B              ;# 162 "C:\Users\User\Desktop\U2 STD\U2_1_1.c" 1
 162  000B              	NOP
 162  000B              	ENDIF
 162  000B              ;# 162 "C:\Users\User\Desktop\U2 STD\U2_1_1.c" 1
 162  000B              	IF (250000>=6) AND (250000<( 4 + __PBP__ * 2))  AND ( __PBP__ > 1 )
 162  000B              ;# 162 "C:\Users\User\Desktop\U2 STD\U2_1_1.c" 1
 162  000B              	NOP
 162  000B              	ENDIF
 162  000B              ;# 162 "C:\Users\User\Desktop\U2 STD\U2_1_1.c" 1
 162  000B              	IF (250000>=7) AND (250000<( 4 + __PBP__ * 2))  AND ( __PBP__ > 1 )
 162  000B              ;# 162 "C:\Users\User\Desktop\U2 STD\U2_1_1.c" 1
 162  000B              	NOP
 162  000B              	ENDIF
 162  000B              ;# 162 "C:\Users\User\Desktop\U2 STD\U2_1_1.c" 1
 162  000B              	IF (250000>=8) AND (250000<( 4 + __PBP__ * 2))  AND ( __PBP__ > 2 )
 162  000B              ;# 162 "C:\Users\User\Desktop\U2 STD\U2_1_1.c" 1
 162  000B              	NOP
 162  000B              	ENDIF
 162  000B              ;# 162 "C:\Users\User\Desktop\U2 STD\U2_1_1.c" 1
 162  000B              	IF (250000==9)  AND ( __PBP__ > 2 )
 162  000B              ;# 162 "C:\Users\User\Desktop\U2 STD\U2_1_1.c" 1
 162  000B              	NOP
 162  000B              	ENDIF
 162  000B              ;# 162 "C:\Users\User\Desktop\U2 STD\U2_1_1.c" 1
 162  000B              	IF (250000< ( 8 + __PBP__ * 2)) AND (250000>( 3 + __PBP__ * 2))
 162  000B              ;# 162 "C:\Users\User\Desktop\U2 STD\U2_1_1.c" 1
 162  000B              	fcall __DELAY3 + ( 7 + __PBP__ * 2) -250000
 162  000B              	ENDIF
 162  000B              ;# 162 "C:\Users\User\Desktop\U2 STD\U2_1_1.c" 1
 162  000B              	IF (250000< ( 0404h + __PBP__ * 2)) AND (250000>( 7 + __PBP__ * 2))
 162  000B              ;# 162 "C:\Users\User\Desktop\U2 STD\U2_1_1.c" 1
 162  000B              	MOV A,(250000-( 4 + __PBP__ * 2))/4
"File: U2_1_1.c      Assembler  Version HGASM0202      Page 4

 162  000B              ;# 162 "C:\Users\User\Desktop\U2 STD\U2_1_1.c" 1
 162  000B              	fcall __DELAYX3 + 3 -((250000-( 4 + __PBP__ * 2)) MOD 4) 
 162  000B              	ENDIF
 162  000B              ;# 162 "C:\Users\User\Desktop\U2 STD\U2_1_1.c" 1
 162  000B              	IF (250000< ( 040bh + __PBP__ * 2)) AND (250000> ( 0403h + __PBP__ * 2))
 162  000B              ;# 162 "C:\Users\User\Desktop\U2 STD\U2_1_1.c" 1
 162  000B              	MOV A,0 
 162  000B              ;# 162 "C:\Users\User\Desktop\U2 STD\U2_1_1.c" 1
 162  000B              	fcall __DELAYX6 + ( 040ah + __PBP__ * 2) -250000
 162  000B              	ENDIF
 162  000B              ;# 162 "C:\Users\User\Desktop\U2 STD\U2_1_1.c" 1
 162  000B              	IF (250000 >= ( 040bh + __PBP__ * 2)) AND ((((250000-( 9 + __PBP__ * 2))%0402h)/4+1)>256)
 162  000B              ;# 162 "C:\Users\User\Desktop\U2 STD\U2_1_1.c" 1
 162  000B              	MOV A,(250000-( 9 + __PBP__ * 2))/0402h
 162  000B              ;# 162 "C:\Users\User\Desktop\U2 STD\U2_1_1.c" 1
 162  000B              	MOV _builtin_holtek_delay_2,A
 162  000B              ;# 162 "C:\Users\User\Desktop\U2 STD\U2_1_1.c" 1
 162  000B              	MOV A,0
 162  000B              ;# 162 "C:\Users\User\Desktop\U2 STD\U2_1_1.c" 1
 162  000B              	fcall __DELAYY5 +5- (((250000-( 9 + __PBP__ * 2))%0402h)%6) 
 162  000B              	ENDIF
 162  000B              ;# 162 "C:\Users\User\Desktop\U2 STD\U2_1_1.c" 1
 162  000B              	IF (250000 >= ( 040bh + __PBP__ * 2)) AND ((((250000-( 9 + __PBP__ * 2))%0402h)/4+1)<=256)
 162  000B              ;# 162 "C:\Users\User\Desktop\U2 STD\U2_1_1.c" 1
 162  000B  0FF3        	MOV A,(250000-( 9 + __PBP__ * 2))/0402h
 162  000C              ;# 162 "C:\Users\User\Desktop\U2 STD\U2_1_1.c" 1
 162  000C  0080     E  	MOV _builtin_holtek_delay_2,A
 162  000D              ;# 162 "C:\Users\User\Desktop\U2 STD\U2_1_1.c" 1
 162  000D  0FA7        	MOV A,((250000-( 9 + __PBP__ * 2))%0402h)/4+1
 162  000E              ;# 162 "C:\Users\User\Desktop\U2 STD\U2_1_1.c" 1
 162  000E              	fcall __DELAYY3 +3-(((250000-( 9 + __PBP__ * 2))%0402h)%4) 
 162  0015              	ENDIF
 163  0015              #line 163 "C:\Users\User\Desktop\U2 STD\U2_1_1.c"
 163  0015              ;# 163 "C:\Users\User\Desktop\U2 STD\U2_1_1.c" 1
 163  0015              	IF 250000>263690
 163  0015              ;# 163 "C:\Users\User\Desktop\U2 STD\U2_1_1.c" 1
 163  0015              	ERRMESSAGE 'the value 250000of the argument exceeds the maxinum 263690'
 163  0015              	ENDIF
 163  0015              ;# 163 "C:\Users\User\Desktop\U2 STD\U2_1_1.c" 1
 163  0015              	IF 250000<0
 163  0015              ;# 163 "C:\Users\User\Desktop\U2 STD\U2_1_1.c" 1
 163  0015              	ERRMESSAGE 'the value 250000 of the argument exceeds the mininum 0'
 163  0015              	ENDIF
 163  0015              ;# 163 "C:\Users\User\Desktop\U2 STD\U2_1_1.c" 1
 163  0015              	IF 250000==0
 163  0015              ;# 163 "C:\Users\User\Desktop\U2 STD\U2_1_1.c" 1
 163  0015              	JMP $
 163  0015              	ENDIF
 163  0015              ;# 163 "C:\Users\User\Desktop\U2 STD\U2_1_1.c" 1
 163  0015              	IF (250000>=1) AND (250000<( 4 + __PBP__ * 2))
 163  0015              ;# 163 "C:\Users\User\Desktop\U2 STD\U2_1_1.c" 1
 163  0015              	NOP
 163  0015              	ENDIF
 163  0015              ;# 163 "C:\Users\User\Desktop\U2 STD\U2_1_1.c" 1
 163  0015              	IF (250000>=2) AND (250000<( 4 + __PBP__ * 2))
 163  0015              ;# 163 "C:\Users\User\Desktop\U2 STD\U2_1_1.c" 1
 163  0015              	NOP
 163  0015              	ENDIF
 163  0015              ;# 163 "C:\Users\User\Desktop\U2 STD\U2_1_1.c" 1
 163  0015              	IF (250000>=3) AND (250000<( 4 + __PBP__ * 2))
"File: U2_1_1.c      Assembler  Version HGASM0202      Page 5

 163  0015              ;# 163 "C:\Users\User\Desktop\U2 STD\U2_1_1.c" 1
 163  0015              	NOP
 163  0015              	ENDIF
 163  0015              ;# 163 "C:\Users\User\Desktop\U2 STD\U2_1_1.c" 1
 163  0015              	IF (250000>=4) AND (250000<( 4 + __PBP__ * 2)) AND ( __PBP__ > 0 )
 163  0015              ;# 163 "C:\Users\User\Desktop\U2 STD\U2_1_1.c" 1
 163  0015              	NOP
 163  0015              	ENDIF
 163  0015              ;# 163 "C:\Users\User\Desktop\U2 STD\U2_1_1.c" 1
 163  0015              	IF (250000>=5) AND (250000<( 4 + __PBP__ * 2)) AND ( __PBP__ > 0 )
 163  0015              ;# 163 "C:\Users\User\Desktop\U2 STD\U2_1_1.c" 1
 163  0015              	NOP
 163  0015              	ENDIF
 163  0015              ;# 163 "C:\Users\User\Desktop\U2 STD\U2_1_1.c" 1
 163  0015              	IF (250000>=6) AND (250000<( 4 + __PBP__ * 2))  AND ( __PBP__ > 1 )
 163  0015              ;# 163 "C:\Users\User\Desktop\U2 STD\U2_1_1.c" 1
 163  0015              	NOP
 163  0015              	ENDIF
 163  0015              ;# 163 "C:\Users\User\Desktop\U2 STD\U2_1_1.c" 1
 163  0015              	IF (250000>=7) AND (250000<( 4 + __PBP__ * 2))  AND ( __PBP__ > 1 )
 163  0015              ;# 163 "C:\Users\User\Desktop\U2 STD\U2_1_1.c" 1
 163  0015              	NOP
 163  0015              	ENDIF
 163  0015              ;# 163 "C:\Users\User\Desktop\U2 STD\U2_1_1.c" 1
 163  0015              	IF (250000>=8) AND (250000<( 4 + __PBP__ * 2))  AND ( __PBP__ > 2 )
 163  0015              ;# 163 "C:\Users\User\Desktop\U2 STD\U2_1_1.c" 1
 163  0015              	NOP
 163  0015              	ENDIF
 163  0015              ;# 163 "C:\Users\User\Desktop\U2 STD\U2_1_1.c" 1
 163  0015              	IF (250000==9)  AND ( __PBP__ > 2 )
 163  0015              ;# 163 "C:\Users\User\Desktop\U2 STD\U2_1_1.c" 1
 163  0015              	NOP
 163  0015              	ENDIF
 163  0015              ;# 163 "C:\Users\User\Desktop\U2 STD\U2_1_1.c" 1
 163  0015              	IF (250000< ( 8 + __PBP__ * 2)) AND (250000>( 3 + __PBP__ * 2))
 163  0015              ;# 163 "C:\Users\User\Desktop\U2 STD\U2_1_1.c" 1
 163  0015              	fcall __DELAY3 + ( 7 + __PBP__ * 2) -250000
 163  0015              	ENDIF
 163  0015              ;# 163 "C:\Users\User\Desktop\U2 STD\U2_1_1.c" 1
 163  0015              	IF (250000< ( 0404h + __PBP__ * 2)) AND (250000>( 7 + __PBP__ * 2))
 163  0015              ;# 163 "C:\Users\User\Desktop\U2 STD\U2_1_1.c" 1
 163  0015              	MOV A,(250000-( 4 + __PBP__ * 2))/4
 163  0015              ;# 163 "C:\Users\User\Desktop\U2 STD\U2_1_1.c" 1
 163  0015              	fcall __DELAYX3 + 3 -((250000-( 4 + __PBP__ * 2)) MOD 4) 
 163  0015              	ENDIF
 163  0015              ;# 163 "C:\Users\User\Desktop\U2 STD\U2_1_1.c" 1
 163  0015              	IF (250000< ( 040bh + __PBP__ * 2)) AND (250000> ( 0403h + __PBP__ * 2))
 163  0015              ;# 163 "C:\Users\User\Desktop\U2 STD\U2_1_1.c" 1
 163  0015              	MOV A,0 
 163  0015              ;# 163 "C:\Users\User\Desktop\U2 STD\U2_1_1.c" 1
 163  0015              	fcall __DELAYX6 + ( 040ah + __PBP__ * 2) -250000
 163  0015              	ENDIF
 163  0015              ;# 163 "C:\Users\User\Desktop\U2 STD\U2_1_1.c" 1
 163  0015              	IF (250000 >= ( 040bh + __PBP__ * 2)) AND ((((250000-( 9 + __PBP__ * 2))%0402h)/4+1)>256)
 163  0015              ;# 163 "C:\Users\User\Desktop\U2 STD\U2_1_1.c" 1
 163  0015              	MOV A,(250000-( 9 + __PBP__ * 2))/0402h
 163  0015              ;# 163 "C:\Users\User\Desktop\U2 STD\U2_1_1.c" 1
 163  0015              	MOV _builtin_holtek_delay_2,A
 163  0015              ;# 163 "C:\Users\User\Desktop\U2 STD\U2_1_1.c" 1
 163  0015              	MOV A,0
"File: U2_1_1.c      Assembler  Version HGASM0202      Page 6

 163  0015              ;# 163 "C:\Users\User\Desktop\U2 STD\U2_1_1.c" 1
 163  0015              	fcall __DELAYY5 +5- (((250000-( 9 + __PBP__ * 2))%0402h)%6) 
 163  0015              	ENDIF
 163  0015              ;# 163 "C:\Users\User\Desktop\U2 STD\U2_1_1.c" 1
 163  0015              	IF (250000 >= ( 040bh + __PBP__ * 2)) AND ((((250000-( 9 + __PBP__ * 2))%0402h)/4+1)<=256)
 163  0015              ;# 163 "C:\Users\User\Desktop\U2 STD\U2_1_1.c" 1
 163  0015  0FF3        	MOV A,(250000-( 9 + __PBP__ * 2))/0402h
 163  0016              ;# 163 "C:\Users\User\Desktop\U2 STD\U2_1_1.c" 1
 163  0016  0080     E  	MOV _builtin_holtek_delay_2,A
 163  0017              ;# 163 "C:\Users\User\Desktop\U2 STD\U2_1_1.c" 1
 163  0017  0FA7        	MOV A,((250000-( 9 + __PBP__ * 2))%0402h)/4+1
 163  0018              ;# 163 "C:\Users\User\Desktop\U2 STD\U2_1_1.c" 1
 163  0018              	fcall __DELAYY3 +3-(((250000-( 9 + __PBP__ * 2))%0402h)%4) 
 163  001F              	ENDIF
 168  001F              #line 168 "C:\Users\User\Desktop\U2 STD\U2_1_1.c"
 168  001F              ;# 168 "C:\Users\User\Desktop\U2 STD\U2_1_1.c" 1
 168  001F  18A4        	rl [36]
 168  0020  1780     E  	sdz ra
 168  0021  2800     R  	jmp _L3
 174  0022              #line 174 "C:\Users\User\Desktop\U2 STD\U2_1_1.c"
 174  0022  0700     E  	mov a,rb
 174  0023  00A4        	mov [36],a
 179  0024              #line 179 "C:\Users\User\Desktop\U2 STD\U2_1_1.c"
 179  0024  3610        	clr [16].4
 184  0025              #line 184 "C:\Users\User\Desktop\U2 STD\U2_1_1.c"
 184  0025  3090        	set [16].1
 184  0026  0700     E  	mov a,r2
 184  0027  008B        	mov bp,a
 184  0028  0700     E  	mov a,r3
 184  0029  008A        	mov status,a
 184  002A  0700     E  	mov a,r1
 184  002B  0004        	reti
 184  002C              _ISR_Int0 endp
 184  002C              
 184  002C              #line 184 "C:\Users\User\Desktop\U2 STD\U2_1_1.c"
 184  002C              #pragma debug scope 1 1
 184  002C              public _ISR_Int1
 184  002C              #pragma debug scope 4 1
 195  002C              #line 195 "C:\Users\User\Desktop\U2 STD\U2_1_1.c"
 195  002C              rombank 0 @ISR_Int1_code
 195  0000              @ISR_Int1_code .section at 8 'code'
 195  0000  0080     E  	mov r1,a
 195  0001  070B        	mov a,bp
 195  0002  1F0B        	clr bp
 195  0003  2800     R  	jmp _ISR_Int1
 195  0004              ROMBANK 0 _ISR_Int1
 195  0004              #pragma debug scope 1 1
 195  0004              @dummy8 endp
 195  0004              #pragma debug scope 5 1
 195  0000              _ISR_Int1 .section 'code'
 195  0000              _ISR_Int1 proc
 195  0000  0080     E  	mov r2,a
 195  0001  070A        	mov a, status
 195  0002  0080     E  	mov r3,a
 201  0003              #line 201 "C:\Users\User\Desktop\U2 STD\U2_1_1.c"
 201  0003  3510        	clr [16].2
 206  0004              #line 206 "C:\Users\User\Desktop\U2 STD\U2_1_1.c"
 206  0004  3010        	set [16].0
 211  0005              #line 211 "C:\Users\User\Desktop\U2 STD\U2_1_1.c"
 211  0005  0724        	mov a,[36]
"File: U2_1_1.c      Assembler  Version HGASM0202      Page 7

 211  0006  0080     E  	mov rb,a
 216  0007              #line 216 "C:\Users\User\Desktop\U2 STD\U2_1_1.c"
 216  0007  0F7F        	mov a,127
 216  0008  00A4        	mov [36],a
 216  0009  0F08        	mov a,8
 216  000A  0080     E  	mov ra,a
 216  000B              _L7:
 223  000B              #line 223 "C:\Users\User\Desktop\U2 STD\U2_1_1.c"
 223  000B              ;# 223 "C:\Users\User\Desktop\U2 STD\U2_1_1.c" 1
 223  000B              	IF 250000>263690
 223  000B              ;# 223 "C:\Users\User\Desktop\U2 STD\U2_1_1.c" 1
 223  000B              	ERRMESSAGE 'the value 250000of the argument exceeds the maxinum 263690'
 223  000B              	ENDIF
 223  000B              ;# 223 "C:\Users\User\Desktop\U2 STD\U2_1_1.c" 1
 223  000B              	IF 250000<0
 223  000B              ;# 223 "C:\Users\User\Desktop\U2 STD\U2_1_1.c" 1
 223  000B              	ERRMESSAGE 'the value 250000 of the argument exceeds the mininum 0'
 223  000B              	ENDIF
 223  000B              ;# 223 "C:\Users\User\Desktop\U2 STD\U2_1_1.c" 1
 223  000B              	IF 250000==0
 223  000B              ;# 223 "C:\Users\User\Desktop\U2 STD\U2_1_1.c" 1
 223  000B              	JMP $
 223  000B              	ENDIF
 223  000B              ;# 223 "C:\Users\User\Desktop\U2 STD\U2_1_1.c" 1
 223  000B              	IF (250000>=1) AND (250000<( 4 + __PBP__ * 2))
 223  000B              ;# 223 "C:\Users\User\Desktop\U2 STD\U2_1_1.c" 1
 223  000B              	NOP
 223  000B              	ENDIF
 223  000B              ;# 223 "C:\Users\User\Desktop\U2 STD\U2_1_1.c" 1
 223  000B              	IF (250000>=2) AND (250000<( 4 + __PBP__ * 2))
 223  000B              ;# 223 "C:\Users\User\Desktop\U2 STD\U2_1_1.c" 1
 223  000B              	NOP
 223  000B              	ENDIF
 223  000B              ;# 223 "C:\Users\User\Desktop\U2 STD\U2_1_1.c" 1
 223  000B              	IF (250000>=3) AND (250000<( 4 + __PBP__ * 2))
 223  000B              ;# 223 "C:\Users\User\Desktop\U2 STD\U2_1_1.c" 1
 223  000B              	NOP
 223  000B              	ENDIF
 223  000B              ;# 223 "C:\Users\User\Desktop\U2 STD\U2_1_1.c" 1
 223  000B              	IF (250000>=4) AND (250000<( 4 + __PBP__ * 2)) AND ( __PBP__ > 0 )
 223  000B              ;# 223 "C:\Users\User\Desktop\U2 STD\U2_1_1.c" 1
 223  000B              	NOP
 223  000B              	ENDIF
 223  000B              ;# 223 "C:\Users\User\Desktop\U2 STD\U2_1_1.c" 1
 223  000B              	IF (250000>=5) AND (250000<( 4 + __PBP__ * 2)) AND ( __PBP__ > 0 )
 223  000B              ;# 223 "C:\Users\User\Desktop\U2 STD\U2_1_1.c" 1
 223  000B              	NOP
 223  000B              	ENDIF
 223  000B              ;# 223 "C:\Users\User\Desktop\U2 STD\U2_1_1.c" 1
 223  000B              	IF (250000>=6) AND (250000<( 4 + __PBP__ * 2))  AND ( __PBP__ > 1 )
 223  000B              ;# 223 "C:\Users\User\Desktop\U2 STD\U2_1_1.c" 1
 223  000B              	NOP
 223  000B              	ENDIF
 223  000B              ;# 223 "C:\Users\User\Desktop\U2 STD\U2_1_1.c" 1
 223  000B              	IF (250000>=7) AND (250000<( 4 + __PBP__ * 2))  AND ( __PBP__ > 1 )
 223  000B              ;# 223 "C:\Users\User\Desktop\U2 STD\U2_1_1.c" 1
 223  000B              	NOP
 223  000B              	ENDIF
 223  000B              ;# 223 "C:\Users\User\Desktop\U2 STD\U2_1_1.c" 1
 223  000B              	IF (250000>=8) AND (250000<( 4 + __PBP__ * 2))  AND ( __PBP__ > 2 )
"File: U2_1_1.c      Assembler  Version HGASM0202      Page 8

 223  000B              ;# 223 "C:\Users\User\Desktop\U2 STD\U2_1_1.c" 1
 223  000B              	NOP
 223  000B              	ENDIF
 223  000B              ;# 223 "C:\Users\User\Desktop\U2 STD\U2_1_1.c" 1
 223  000B              	IF (250000==9)  AND ( __PBP__ > 2 )
 223  000B              ;# 223 "C:\Users\User\Desktop\U2 STD\U2_1_1.c" 1
 223  000B              	NOP
 223  000B              	ENDIF
 223  000B              ;# 223 "C:\Users\User\Desktop\U2 STD\U2_1_1.c" 1
 223  000B              	IF (250000< ( 8 + __PBP__ * 2)) AND (250000>( 3 + __PBP__ * 2))
 223  000B              ;# 223 "C:\Users\User\Desktop\U2 STD\U2_1_1.c" 1
 223  000B              	fcall __DELAY3 + ( 7 + __PBP__ * 2) -250000
 223  000B              	ENDIF
 223  000B              ;# 223 "C:\Users\User\Desktop\U2 STD\U2_1_1.c" 1
 223  000B              	IF (250000< ( 0404h + __PBP__ * 2)) AND (250000>( 7 + __PBP__ * 2))
 223  000B              ;# 223 "C:\Users\User\Desktop\U2 STD\U2_1_1.c" 1
 223  000B              	MOV A,(250000-( 4 + __PBP__ * 2))/4
 223  000B              ;# 223 "C:\Users\User\Desktop\U2 STD\U2_1_1.c" 1
 223  000B              	fcall __DELAYX3 + 3 -((250000-( 4 + __PBP__ * 2)) MOD 4) 
 223  000B              	ENDIF
 223  000B              ;# 223 "C:\Users\User\Desktop\U2 STD\U2_1_1.c" 1
 223  000B              	IF (250000< ( 040bh + __PBP__ * 2)) AND (250000> ( 0403h + __PBP__ * 2))
 223  000B              ;# 223 "C:\Users\User\Desktop\U2 STD\U2_1_1.c" 1
 223  000B              	MOV A,0 
 223  000B              ;# 223 "C:\Users\User\Desktop\U2 STD\U2_1_1.c" 1
 223  000B              	fcall __DELAYX6 + ( 040ah + __PBP__ * 2) -250000
 223  000B              	ENDIF
 223  000B              ;# 223 "C:\Users\User\Desktop\U2 STD\U2_1_1.c" 1
 223  000B              	IF (250000 >= ( 040bh + __PBP__ * 2)) AND ((((250000-( 9 + __PBP__ * 2))%0402h)/4+1)>256)
 223  000B              ;# 223 "C:\Users\User\Desktop\U2 STD\U2_1_1.c" 1
 223  000B              	MOV A,(250000-( 9 + __PBP__ * 2))/0402h
 223  000B              ;# 223 "C:\Users\User\Desktop\U2 STD\U2_1_1.c" 1
 223  000B              	MOV _builtin_holtek_delay_2,A
 223  000B              ;# 223 "C:\Users\User\Desktop\U2 STD\U2_1_1.c" 1
 223  000B              	MOV A,0
 223  000B              ;# 223 "C:\Users\User\Desktop\U2 STD\U2_1_1.c" 1
 223  000B              	fcall __DELAYY5 +5- (((250000-( 9 + __PBP__ * 2))%0402h)%6) 
 223  000B              	ENDIF
 223  000B              ;# 223 "C:\Users\User\Desktop\U2 STD\U2_1_1.c" 1
 223  000B              	IF (250000 >= ( 040bh + __PBP__ * 2)) AND ((((250000-( 9 + __PBP__ * 2))%0402h)/4+1)<=256)
 223  000B              ;# 223 "C:\Users\User\Desktop\U2 STD\U2_1_1.c" 1
 223  000B  0FF3        	MOV A,(250000-( 9 + __PBP__ * 2))/0402h
 223  000C              ;# 223 "C:\Users\User\Desktop\U2 STD\U2_1_1.c" 1
 223  000C  0080     E  	MOV _builtin_holtek_delay_2,A
 223  000D              ;# 223 "C:\Users\User\Desktop\U2 STD\U2_1_1.c" 1
 223  000D  0FA7        	MOV A,((250000-( 9 + __PBP__ * 2))%0402h)/4+1
 223  000E              ;# 223 "C:\Users\User\Desktop\U2 STD\U2_1_1.c" 1
 223  000E              	fcall __DELAYY3 +3-(((250000-( 9 + __PBP__ * 2))%0402h)%4) 
 223  0015              	ENDIF
 224  0015              #line 224 "C:\Users\User\Desktop\U2 STD\U2_1_1.c"
 224  0015              ;# 224 "C:\Users\User\Desktop\U2 STD\U2_1_1.c" 1
 224  0015              	IF 250000>263690
 224  0015              ;# 224 "C:\Users\User\Desktop\U2 STD\U2_1_1.c" 1
 224  0015              	ERRMESSAGE 'the value 250000of the argument exceeds the maxinum 263690'
 224  0015              	ENDIF
 224  0015              ;# 224 "C:\Users\User\Desktop\U2 STD\U2_1_1.c" 1
 224  0015              	IF 250000<0
 224  0015              ;# 224 "C:\Users\User\Desktop\U2 STD\U2_1_1.c" 1
 224  0015              	ERRMESSAGE 'the value 250000 of the argument exceeds the mininum 0'
 224  0015              	ENDIF
"File: U2_1_1.c      Assembler  Version HGASM0202      Page 9

 224  0015              ;# 224 "C:\Users\User\Desktop\U2 STD\U2_1_1.c" 1
 224  0015              	IF 250000==0
 224  0015              ;# 224 "C:\Users\User\Desktop\U2 STD\U2_1_1.c" 1
 224  0015              	JMP $
 224  0015              	ENDIF
 224  0015              ;# 224 "C:\Users\User\Desktop\U2 STD\U2_1_1.c" 1
 224  0015              	IF (250000>=1) AND (250000<( 4 + __PBP__ * 2))
 224  0015              ;# 224 "C:\Users\User\Desktop\U2 STD\U2_1_1.c" 1
 224  0015              	NOP
 224  0015              	ENDIF
 224  0015              ;# 224 "C:\Users\User\Desktop\U2 STD\U2_1_1.c" 1
 224  0015              	IF (250000>=2) AND (250000<( 4 + __PBP__ * 2))
 224  0015              ;# 224 "C:\Users\User\Desktop\U2 STD\U2_1_1.c" 1
 224  0015              	NOP
 224  0015              	ENDIF
 224  0015              ;# 224 "C:\Users\User\Desktop\U2 STD\U2_1_1.c" 1
 224  0015              	IF (250000>=3) AND (250000<( 4 + __PBP__ * 2))
 224  0015              ;# 224 "C:\Users\User\Desktop\U2 STD\U2_1_1.c" 1
 224  0015              	NOP
 224  0015              	ENDIF
 224  0015              ;# 224 "C:\Users\User\Desktop\U2 STD\U2_1_1.c" 1
 224  0015              	IF (250000>=4) AND (250000<( 4 + __PBP__ * 2)) AND ( __PBP__ > 0 )
 224  0015              ;# 224 "C:\Users\User\Desktop\U2 STD\U2_1_1.c" 1
 224  0015              	NOP
 224  0015              	ENDIF
 224  0015              ;# 224 "C:\Users\User\Desktop\U2 STD\U2_1_1.c" 1
 224  0015              	IF (250000>=5) AND (250000<( 4 + __PBP__ * 2)) AND ( __PBP__ > 0 )
 224  0015              ;# 224 "C:\Users\User\Desktop\U2 STD\U2_1_1.c" 1
 224  0015              	NOP
 224  0015              	ENDIF
 224  0015              ;# 224 "C:\Users\User\Desktop\U2 STD\U2_1_1.c" 1
 224  0015              	IF (250000>=6) AND (250000<( 4 + __PBP__ * 2))  AND ( __PBP__ > 1 )
 224  0015              ;# 224 "C:\Users\User\Desktop\U2 STD\U2_1_1.c" 1
 224  0015              	NOP
 224  0015              	ENDIF
 224  0015              ;# 224 "C:\Users\User\Desktop\U2 STD\U2_1_1.c" 1
 224  0015              	IF (250000>=7) AND (250000<( 4 + __PBP__ * 2))  AND ( __PBP__ > 1 )
 224  0015              ;# 224 "C:\Users\User\Desktop\U2 STD\U2_1_1.c" 1
 224  0015              	NOP
 224  0015              	ENDIF
 224  0015              ;# 224 "C:\Users\User\Desktop\U2 STD\U2_1_1.c" 1
 224  0015              	IF (250000>=8) AND (250000<( 4 + __PBP__ * 2))  AND ( __PBP__ > 2 )
 224  0015              ;# 224 "C:\Users\User\Desktop\U2 STD\U2_1_1.c" 1
 224  0015              	NOP
 224  0015              	ENDIF
 224  0015              ;# 224 "C:\Users\User\Desktop\U2 STD\U2_1_1.c" 1
 224  0015              	IF (250000==9)  AND ( __PBP__ > 2 )
 224  0015              ;# 224 "C:\Users\User\Desktop\U2 STD\U2_1_1.c" 1
 224  0015              	NOP
 224  0015              	ENDIF
 224  0015              ;# 224 "C:\Users\User\Desktop\U2 STD\U2_1_1.c" 1
 224  0015              	IF (250000< ( 8 + __PBP__ * 2)) AND (250000>( 3 + __PBP__ * 2))
 224  0015              ;# 224 "C:\Users\User\Desktop\U2 STD\U2_1_1.c" 1
 224  0015              	fcall __DELAY3 + ( 7 + __PBP__ * 2) -250000
 224  0015              	ENDIF
 224  0015              ;# 224 "C:\Users\User\Desktop\U2 STD\U2_1_1.c" 1
 224  0015              	IF (250000< ( 0404h + __PBP__ * 2)) AND (250000>( 7 + __PBP__ * 2))
 224  0015              ;# 224 "C:\Users\User\Desktop\U2 STD\U2_1_1.c" 1
 224  0015              	MOV A,(250000-( 4 + __PBP__ * 2))/4
 224  0015              ;# 224 "C:\Users\User\Desktop\U2 STD\U2_1_1.c" 1
"File: U2_1_1.c      Assembler  Version HGASM0202      Page 10

 224  0015              	fcall __DELAYX3 + 3 -((250000-( 4 + __PBP__ * 2)) MOD 4) 
 224  0015              	ENDIF
 224  0015              ;# 224 "C:\Users\User\Desktop\U2 STD\U2_1_1.c" 1
 224  0015              	IF (250000< ( 040bh + __PBP__ * 2)) AND (250000> ( 0403h + __PBP__ * 2))
 224  0015              ;# 224 "C:\Users\User\Desktop\U2 STD\U2_1_1.c" 1
 224  0015              	MOV A,0 
 224  0015              ;# 224 "C:\Users\User\Desktop\U2 STD\U2_1_1.c" 1
 224  0015              	fcall __DELAYX6 + ( 040ah + __PBP__ * 2) -250000
 224  0015              	ENDIF
 224  0015              ;# 224 "C:\Users\User\Desktop\U2 STD\U2_1_1.c" 1
 224  0015              	IF (250000 >= ( 040bh + __PBP__ * 2)) AND ((((250000-( 9 + __PBP__ * 2))%0402h)/4+1)>256)
 224  0015              ;# 224 "C:\Users\User\Desktop\U2 STD\U2_1_1.c" 1
 224  0015              	MOV A,(250000-( 9 + __PBP__ * 2))/0402h
 224  0015              ;# 224 "C:\Users\User\Desktop\U2 STD\U2_1_1.c" 1
 224  0015              	MOV _builtin_holtek_delay_2,A
 224  0015              ;# 224 "C:\Users\User\Desktop\U2 STD\U2_1_1.c" 1
 224  0015              	MOV A,0
 224  0015              ;# 224 "C:\Users\User\Desktop\U2 STD\U2_1_1.c" 1
 224  0015              	fcall __DELAYY5 +5- (((250000-( 9 + __PBP__ * 2))%0402h)%6) 
 224  0015              	ENDIF
 224  0015              ;# 224 "C:\Users\User\Desktop\U2 STD\U2_1_1.c" 1
 224  0015              	IF (250000 >= ( 040bh + __PBP__ * 2)) AND ((((250000-( 9 + __PBP__ * 2))%0402h)/4+1)<=256)
 224  0015              ;# 224 "C:\Users\User\Desktop\U2 STD\U2_1_1.c" 1
 224  0015  0FF3        	MOV A,(250000-( 9 + __PBP__ * 2))/0402h
 224  0016              ;# 224 "C:\Users\User\Desktop\U2 STD\U2_1_1.c" 1
 224  0016  0080     E  	MOV _builtin_holtek_delay_2,A
 224  0017              ;# 224 "C:\Users\User\Desktop\U2 STD\U2_1_1.c" 1
 224  0017  0FA7        	MOV A,((250000-( 9 + __PBP__ * 2))%0402h)/4+1
 224  0018              ;# 224 "C:\Users\User\Desktop\U2 STD\U2_1_1.c" 1
 224  0018              	fcall __DELAYY3 +3-(((250000-( 9 + __PBP__ * 2))%0402h)%4) 
 224  001F              	ENDIF
 229  001F              #line 229 "C:\Users\User\Desktop\U2 STD\U2_1_1.c"
 229  001F              ;# 229 "C:\Users\User\Desktop\U2 STD\U2_1_1.c" 1
 229  001F  19A4        	rr [36]
 229  0020  1780     E  	sdz ra
 229  0021  2800     R  	jmp _L7
 235  0022              #line 235 "C:\Users\User\Desktop\U2 STD\U2_1_1.c"
 235  0022  0700     E  	mov a,rb
 235  0023  00A4        	mov [36],a
 240  0024              #line 240 "C:\Users\User\Desktop\U2 STD\U2_1_1.c"
 240  0024  3690        	clr [16].5
 245  0025              #line 245 "C:\Users\User\Desktop\U2 STD\U2_1_1.c"
 245  0025  3110        	set [16].2
 245  0026  0700     E  	mov a,r2
 245  0027  008B        	mov bp,a
 245  0028  0700     E  	mov a,r3
 245  0029  008A        	mov status,a
 245  002A  0700     E  	mov a,r1
 245  002B  0004        	reti
 245  002C              _ISR_Int1 endp
 245  002C              
 245  002C              #line 245 "C:\Users\User\Desktop\U2 STD\U2_1_1.c"
 245  002C              #pragma debug scope 1 1
 245  002C              public _Delayms
 245  002C              #pragma debug scope 6 1
 252  002C              #line 252 "C:\Users\User\Desktop\U2 STD\U2_1_1.c"
 252  0000              _Delayms .section 'code'
 252  0000              _Delayms proc
 252  0000              public _Delayms_2
 252  0000  0002[           local _Delayms_2 db 2 dup(?)	; 2,0
"File: U2_1_1.c      Assembler  Version HGASM0202      Page 11

            00
            ]
 252  0002              #pragma debug variable 10 6 _Delayms_2+0 "del"
 255  0002              #line 255 "C:\Users\User\Desktop\U2 STD\U2_1_1.c"
 255  0000  1F00     E  	clr rb
 255  0001  1F00     E  	clr rc
 255  0002  2800     R  	jmp _L9
 255  0003              _L10:
 257  0003              #line 257 "C:\Users\User\Desktop\U2 STD\U2_1_1.c"
 257  0003              ;# 257 "C:\Users\User\Desktop\U2 STD\U2_1_1.c" 1
 257  0003              	IF 2000>263690
 257  0003              ;# 257 "C:\Users\User\Desktop\U2 STD\U2_1_1.c" 1
 257  0003              	ERRMESSAGE 'the value 2000of the argument exceeds the maxinum 263690'
 257  0003              	ENDIF
 257  0003              ;# 257 "C:\Users\User\Desktop\U2 STD\U2_1_1.c" 1
 257  0003              	IF 2000<0
 257  0003              ;# 257 "C:\Users\User\Desktop\U2 STD\U2_1_1.c" 1
 257  0003              	ERRMESSAGE 'the value 2000 of the argument exceeds the mininum 0'
 257  0003              	ENDIF
 257  0003              ;# 257 "C:\Users\User\Desktop\U2 STD\U2_1_1.c" 1
 257  0003              	IF 2000==0
 257  0003              ;# 257 "C:\Users\User\Desktop\U2 STD\U2_1_1.c" 1
 257  0003              	JMP $
 257  0003              	ENDIF
 257  0003              ;# 257 "C:\Users\User\Desktop\U2 STD\U2_1_1.c" 1
 257  0003              	IF (2000>=1) AND (2000<( 4 + __PBP__ * 2))
 257  0003              ;# 257 "C:\Users\User\Desktop\U2 STD\U2_1_1.c" 1
 257  0003              	NOP
 257  0003              	ENDIF
 257  0003              ;# 257 "C:\Users\User\Desktop\U2 STD\U2_1_1.c" 1
 257  0003              	IF (2000>=2) AND (2000<( 4 + __PBP__ * 2))
 257  0003              ;# 257 "C:\Users\User\Desktop\U2 STD\U2_1_1.c" 1
 257  0003              	NOP
 257  0003              	ENDIF
 257  0003              ;# 257 "C:\Users\User\Desktop\U2 STD\U2_1_1.c" 1
 257  0003              	IF (2000>=3) AND (2000<( 4 + __PBP__ * 2))
 257  0003              ;# 257 "C:\Users\User\Desktop\U2 STD\U2_1_1.c" 1
 257  0003              	NOP
 257  0003              	ENDIF
 257  0003              ;# 257 "C:\Users\User\Desktop\U2 STD\U2_1_1.c" 1
 257  0003              	IF (2000>=4) AND (2000<( 4 + __PBP__ * 2)) AND ( __PBP__ > 0 )
 257  0003              ;# 257 "C:\Users\User\Desktop\U2 STD\U2_1_1.c" 1
 257  0003              	NOP
 257  0003              	ENDIF
 257  0003              ;# 257 "C:\Users\User\Desktop\U2 STD\U2_1_1.c" 1
 257  0003              	IF (2000>=5) AND (2000<( 4 + __PBP__ * 2)) AND ( __PBP__ > 0 )
 257  0003              ;# 257 "C:\Users\User\Desktop\U2 STD\U2_1_1.c" 1
 257  0003              	NOP
 257  0003              	ENDIF
 257  0003              ;# 257 "C:\Users\User\Desktop\U2 STD\U2_1_1.c" 1
 257  0003              	IF (2000>=6) AND (2000<( 4 + __PBP__ * 2))  AND ( __PBP__ > 1 )
 257  0003              ;# 257 "C:\Users\User\Desktop\U2 STD\U2_1_1.c" 1
 257  0003              	NOP
 257  0003              	ENDIF
 257  0003              ;# 257 "C:\Users\User\Desktop\U2 STD\U2_1_1.c" 1
 257  0003              	IF (2000>=7) AND (2000<( 4 + __PBP__ * 2))  AND ( __PBP__ > 1 )
 257  0003              ;# 257 "C:\Users\User\Desktop\U2 STD\U2_1_1.c" 1
 257  0003              	NOP
 257  0003              	ENDIF
 257  0003              ;# 257 "C:\Users\User\Desktop\U2 STD\U2_1_1.c" 1
"File: U2_1_1.c      Assembler  Version HGASM0202      Page 12

 257  0003              	IF (2000>=8) AND (2000<( 4 + __PBP__ * 2))  AND ( __PBP__ > 2 )
 257  0003              ;# 257 "C:\Users\User\Desktop\U2 STD\U2_1_1.c" 1
 257  0003              	NOP
 257  0003              	ENDIF
 257  0003              ;# 257 "C:\Users\User\Desktop\U2 STD\U2_1_1.c" 1
 257  0003              	IF (2000==9)  AND ( __PBP__ > 2 )
 257  0003              ;# 257 "C:\Users\User\Desktop\U2 STD\U2_1_1.c" 1
 257  0003              	NOP
 257  0003              	ENDIF
 257  0003              ;# 257 "C:\Users\User\Desktop\U2 STD\U2_1_1.c" 1
 257  0003              	IF (2000< ( 8 + __PBP__ * 2)) AND (2000>( 3 + __PBP__ * 2))
 257  0003              ;# 257 "C:\Users\User\Desktop\U2 STD\U2_1_1.c" 1
 257  0003              	fcall __DELAY3 + ( 7 + __PBP__ * 2) -2000
 257  0003              	ENDIF
 257  0003              ;# 257 "C:\Users\User\Desktop\U2 STD\U2_1_1.c" 1
 257  0003              	IF (2000< ( 0404h + __PBP__ * 2)) AND (2000>( 7 + __PBP__ * 2))
 257  0003              ;# 257 "C:\Users\User\Desktop\U2 STD\U2_1_1.c" 1
 257  0003              	MOV A,(2000-( 4 + __PBP__ * 2))/4
 257  0003              ;# 257 "C:\Users\User\Desktop\U2 STD\U2_1_1.c" 1
 257  0003              	fcall __DELAYX3 + 3 -((2000-( 4 + __PBP__ * 2)) MOD 4) 
 257  0003              	ENDIF
 257  0003              ;# 257 "C:\Users\User\Desktop\U2 STD\U2_1_1.c" 1
 257  0003              	IF (2000< ( 040bh + __PBP__ * 2)) AND (2000> ( 0403h + __PBP__ * 2))
 257  0003              ;# 257 "C:\Users\User\Desktop\U2 STD\U2_1_1.c" 1
 257  0003              	MOV A,0 
 257  0003              ;# 257 "C:\Users\User\Desktop\U2 STD\U2_1_1.c" 1
 257  0003              	fcall __DELAYX6 + ( 040ah + __PBP__ * 2) -2000
 257  0003              	ENDIF
 257  0003              ;# 257 "C:\Users\User\Desktop\U2 STD\U2_1_1.c" 1
 257  0003              	IF (2000 >= ( 040bh + __PBP__ * 2)) AND ((((2000-( 9 + __PBP__ * 2))%0402h)/4+1)>256)
 257  0003              ;# 257 "C:\Users\User\Desktop\U2 STD\U2_1_1.c" 1
 257  0003              	MOV A,(2000-( 9 + __PBP__ * 2))/0402h
 257  0003              ;# 257 "C:\Users\User\Desktop\U2 STD\U2_1_1.c" 1
 257  0003              	MOV _builtin_holtek_delay_2,A
 257  0003              ;# 257 "C:\Users\User\Desktop\U2 STD\U2_1_1.c" 1
 257  0003              	MOV A,0
 257  0003              ;# 257 "C:\Users\User\Desktop\U2 STD\U2_1_1.c" 1
 257  0003              	fcall __DELAYY5 +5- (((2000-( 9 + __PBP__ * 2))%0402h)%6) 
 257  0003              	ENDIF
 257  0003              ;# 257 "C:\Users\User\Desktop\U2 STD\U2_1_1.c" 1
 257  0003              	IF (2000 >= ( 040bh + __PBP__ * 2)) AND ((((2000-( 9 + __PBP__ * 2))%0402h)/4+1)<=256)
 257  0003              ;# 257 "C:\Users\User\Desktop\U2 STD\U2_1_1.c" 1
 257  0003  0F01        	MOV A,(2000-( 9 + __PBP__ * 2))/0402h
 257  0004              ;# 257 "C:\Users\User\Desktop\U2 STD\U2_1_1.c" 1
 257  0004  0080     E  	MOV _builtin_holtek_delay_2,A
 257  0005              ;# 257 "C:\Users\User\Desktop\U2 STD\U2_1_1.c" 1
 257  0005  0FF0        	MOV A,((2000-( 9 + __PBP__ * 2))%0402h)/4+1
 257  0006              ;# 257 "C:\Users\User\Desktop\U2 STD\U2_1_1.c" 1
 257  0006              	fcall __DELAYY3 +3-(((2000-( 9 + __PBP__ * 2))%0402h)%4) 
 257  000D              	ENDIF
 255  000D              #line 255 "C:\Users\User\Desktop\U2 STD\U2_1_1.c"
 255  000D  1480     E  	inc rb
 255  000E  3D0A        	sz z
 255  000F  1480     E  	inc rc
 255  0010              _L9:
 255  0010  0700     E  	mov a,rb
 255  0011  0200     R  	sub a,_Delayms_2[0]
 255  0012  0700     E  	mov a,rc
 255  0013  1200     R  	sbc a,_Delayms_2[1]
 255  0014  3B0A        	snz cz
"File: U2_1_1.c      Assembler  Version HGASM0202      Page 13

 255  0015  2800     R  	jmp _L10
 255  0016  0003        	ret
 255  0017              _Delayms endp
 255  0017              #line 255 "C:\Users\User\Desktop\U2 STD\U2_1_1.c"
 255  0017              #pragma debug scope 1 1
 255  0017              ___wdtc equ [62]
 255  0017              ___pfc equ [37]
 255  0017              ___pg equ [39]
 255  0017              ___pgc equ [40]
 255  0017              ___papu equ [22]
 255  0017              ___ifs2 equ [330]
 255  0017              ___integ equ [57]
 255  0017              public _main
 255  0017              #pragma debug scope 7 1
  39  0017              #line 39 "C:\Users\User\Desktop\U2 STD\U2_1_1.c"
  39  0017              IFDEF WITH_DEFAULT_STARTUP
  39  0017              extern _main_initial0:near
  39  0017              extern _main_startup:near
  39  0017              ENDIF
  39  0017              
  39  0017              ROMBANK 0 @start
  39  0000              @start .section com_l 'code'
  39  0000              _main_startup1:
  39  0000              @start .section com_e 'code'
  39  0000  0F00     R  	mov a,bank _main
  39  0001  008B        	mov bp,a
  39  0002  2800     R  	jmp _main
  39  0003              
  39  0000              _main .section 'code'
  39  0000              _main proc
  39  0000  00              local _main_2 db 1 dup(?)
  39  0001              #pragma debug variable 8 7 _main_2+0 "i"
  45  0001              #line 45 "C:\Users\User\Desktop\U2 STD\U2_1_1.c"
  45  0000  0FAF        	mov a,175
  45  0001  00BE        	mov [62],a
  54  0002              #line 54 "C:\Users\User\Desktop\U2 STD\U2_1_1.c"
  54  0002  1FA4        	set [36]
  55  0003              #line 55 "C:\Users\User\Desktop\U2 STD\U2_1_1.c"
  55  0003  1F25        	clr [37]
  60  0004              #line 60 "C:\Users\User\Desktop\U2 STD\U2_1_1.c"
  60  0004  1F27        	clr [39]
  61  0005              #line 61 "C:\Users\User\Desktop\U2 STD\U2_1_1.c"
  61  0005  1F28        	clr [40]
  69  0006              #line 69 "C:\Users\User\Desktop\U2 STD\U2_1_1.c"
  69  0006  3316        	set [22].6
  70  0007              #line 70 "C:\Users\User\Desktop\U2 STD\U2_1_1.c"
  70  0007  3396        	set [22].7
  78  0008              #line 78 "C:\Users\User\Desktop\U2 STD\U2_1_1.c"
  78  0008  B04A 0001   	lset [330].0
  86  000A              #line 86 "C:\Users\User\Desktop\U2 STD\U2_1_1.c"
  86  000A  B0CA 0001   	lset [330].1
  96  000C              #line 96 "C:\Users\User\Desktop\U2 STD\U2_1_1.c"
  96  000C  0F0A        	mov a,10
  96  000D  00B9        	mov [57],a
 101  000E              #line 101 "C:\Users\User\Desktop\U2 STD\U2_1_1.c"
 101  000E  3090        	set [16].1
 102  000F              #line 102 "C:\Users\User\Desktop\U2 STD\U2_1_1.c"
 102  000F  3110        	set [16].2
 103  0010              #line 103 "C:\Users\User\Desktop\U2 STD\U2_1_1.c"
 103  0010  3010        	set [16].0
"File: U2_1_1.c      Assembler  Version HGASM0202      Page 14

 103  0011              _L14:
 110  0011              #line 110 "C:\Users\User\Desktop\U2 STD\U2_1_1.c"
 110  0011  1F00     R  	clr _main_2[0]
 110  0012              _L12:
 115  0012              #line 115 "C:\Users\User\Desktop\U2 STD\U2_1_1.c"
 115  0012  0F00     R  	mov a,low offset _SEG_TAB
 115  0013  0300     R  	add a,_main_2[0]
 115  0014  0083        	mov mp,a
 115  0015  0F00     R  	mov a,high offset _SEG_TAB
 115  0016  1F04        	clr sbp
 115  0017  1384        	adcm a,sbp
 115  0018              	fcall _Crom2Prom
 115  001F  00A7        	mov [39],a
 120  0020              #line 120 "C:\Users\User\Desktop\U2 STD\U2_1_1.c"
 120  0020  0FE8        	mov a,-24
 120  0021  0080     R  	mov _Delayms_2[0],a
 120  0022  0F03        	mov a,3
 120  0023  0080     R  	mov _Delayms_2[1],a
 120  0024              	fcall _Delayms
 110  002B              #line 110 "C:\Users\User\Desktop\U2 STD\U2_1_1.c"
 110  002B  1480     R  	inc _main_2[0]
 110  002C  0F09        	mov a,9
 110  002D  0200     R  	sub a,_main_2[0]
 110  002E  3C0A        	sz c
 110  002F  2800     R  	jmp _L12
 110  0030  2800     R  	jmp _L14
 110  0031  2800     R  	jmp $
 110  0032              _main endp
 110  0032              
 110  0032              @dummy endp
 110  0032              
 110  0032              #line 110 "C:\Users\User\Desktop\U2 STD\U2_1_1.c"
 110  0032              #pragma debug scope 1 1
 110  0032              public _SEG_TAB
 110  0000              @crom	.section 'crom'
  24  0000              #line 24 "C:\Users\User\Desktop\U2 STD\U2_1_1.c"
  24  0000              @crom	.section	'crom'
  24  0000              _SEG_TAB:
  24  0000              #pragma debug array 42 8 10 1
  24  0000              #pragma debug array 42 8 10 1
  24  0000              #pragma debug variable 42 1 _SEG_TAB "SEG_TAB"
  24  0000              	db 63
  24  0001              	db 6
  24  0001              	db 91
  24  0002              	db 79
  24  0002              	db 102
  24  0003              	db 109
  24  0003              	db 125
  24  0004              	db 7
  24  0004              	db 127
  24  0005              	db 103
  24  0005              #pragma debug struct_end
  24  0005              #pragma debug struct_end
  24  0005              #pragma debug union_end
  24  0005              #pragma debug union_end
  24  0005              #pragma debug variable 44 1 ___intc0 "__intc0" 1
  24  0005              #pragma debug struct_end
  24  0005              #pragma debug struct_end
  24  0005              #pragma debug union_end
  24  0005              #pragma debug union_end
"File: U2_1_1.c      Assembler  Version HGASM0202      Page 15

  24  0005              #pragma debug variable 46 1 ___papu "__papu" 1
  24  0005              #pragma debug struct_end
  24  0005              #pragma debug struct_end
  24  0005              #pragma debug union_end
  24  0005              #pragma debug union_end
  24  0005              #pragma debug variable 48 1 ___pf "__pf" 1
  24  0005              #pragma debug struct_end
  24  0005              #pragma debug struct_end
  24  0005              #pragma debug union_end
  24  0005              #pragma debug union_end
  24  0005              #pragma debug variable 50 1 ___pfc "__pfc" 1
  24  0005              #pragma debug struct_end
  24  0005              #pragma debug struct_end
  24  0005              #pragma debug union_end
  24  0005              #pragma debug union_end
  24  0005              #pragma debug variable 52 1 ___pg "__pg" 1
  24  0005              #pragma debug struct_end
  24  0005              #pragma debug struct_end
  24  0005              #pragma debug union_end
  24  0005              #pragma debug union_end
  24  0005              #pragma debug variable 54 1 ___pgc "__pgc" 1
  24  0005              #pragma debug struct_end
  24  0005              #pragma debug struct_end
  24  0005              #pragma debug union_end
  24  0005              #pragma debug union_end
  24  0005              #pragma debug variable 56 1 ___integ "__integ" 1
  24  0005              #pragma debug struct_end
  24  0005              #pragma debug struct_end
  24  0005              #pragma debug union_end
  24  0005              #pragma debug union_end
  24  0005              #pragma debug variable 58 1 ___wdtc "__wdtc" 1
  24  0005              #pragma debug struct_end
  24  0005              #pragma debug struct_end
  24  0005              #pragma debug union_end
  24  0005              #pragma debug union_end
  24  0005              #pragma debug variable 60 1 ___ifs2 "__ifs2" 1
  24  0005              extern r1:byte
  24  0005              extern r2:byte
  24  0005              extern r3:byte
  39  0005              #line 39 "C:\Users\User\Desktop\U2 STD\U2_1_1.c"
  39  0000              @code .section at 0 'code'
  39  0000  1F0B        	clr bp
  39  0001  2800     R  	jmp _main_startup1
  39  0002              
  39  0002              
  39  0002              ; 
  39  0002              ; Generated by holtek-gcc v3.23, Thu May 07 15:55:34 2026
  39  0002              ; Rebuild 1114
  39  0002              ; end of file


        0 Errors, 0