"File: U2_2_2.c      Assembler  Version HGASM0202      Page 1


   1  0000              ; Generated by holtek-gcc v3.23, Thu May 07 13:37:55 2026
   2  0000              ; 
   3  0000              ; Configuration:
   4  0000              ;       with long instruction
   5  0000              ;       Multi-ROM, Multi-RAM
   6  0000              ;       bits_per_rom_unit:16
   7  0000              ;       with mp1
   8  0000              ;       with tbhp, address(0x9)
   9  0000              ;          Use tabrd-const
  10  0000              ;       
  11  0000              ; SFR address of long-instruction arch:
  12  0000              ;    mp0 = -1,1,0
  13  0000              ;    mp1 = 4,3,2
  14  0000              ;    mp2 = 14,13,12
  15  0000              ;    tbp = 9,7,8
  16  0000              ;    acc = 5
  17  0000              ;    pcl = 6
  18  0000              ;    status = 10
  19  0000              ;    bp = 11
  20  0000              ;    intc = 16
  21  0000              ;       
  22  0000              ;       
  23  0000              ; use 'tabrdc' instead of 'tabrd'
  24  0000              ;       
  25  0000              
  26  0000              #pragma translator "holtek-gcc 4.6.4" "3.23" "build 20130711"
  27  0000              ; Rebuild 1114
  28  0000              
  29  0000              ir equ [2]
  30  0000              mp equ [3]
  31  0000              sbp equ [4]
  32  0000              acc equ [5]
  33  0000              bp equ [11]
  34  0000              tblp equ [7]
  35  0000              tbhp equ [9]
  36  0000              status equ [10]
  37  0000              c equ [10].0
  38  0000              ac equ [10].1
  39  0000              z equ [10].2
  40  0000              ov equ [10].3
  41  0000              cz equ [10].6
  42  0000              sc equ [10].7
  43  0000              intc equ [16]
  44  0000              mduwr0 equ [59h]
  45  0000              mduwr1 equ [5ah]
  46  0000              mduwr2 equ [5bh]
  47  0000              mduwr3 equ [5ch]
  48  0000              mduwr4 equ [5dh]
  49  0000              mduwr5 equ [5eh]
  50  0000              mduwrctrl equ [5fh]
  51  0000              
  52  0000              extern ra:byte
  53  0000              extern rb:byte
  54  0000              extern rc:byte
  55  0000              extern rd:byte
  56  0000              extern re:byte
  57  0000              extern rf:byte
  58  0000              extern rg:byte
  59  0000              extern rh:byte
"File: U2_2_2.ASM    Assembler  Version HGASM0202      Page 2

  60  0000              extern _Crom2Prom:near
  61  0000              extern _Crom2PromNext:near
  62  0000              
  63  0000              RAMBANK 0 @BITDATASEC, @BITDATASEC1
  64  0000              @HCCINIT	.section 'data'
  65  0000              @HCCINIT0	.section 'data'
  66  0000              @BITDATASEC	 .section 'data'
  67  0000              @BITDATASEC1	 .section 'data'
  68  0000              
  69  0000              #pragma debug scope 1 1
  70  0000              	extern __DELAY3:near
  71  0000              	extern __DELAYX3:near
  72  0000              	extern __DELAYX6:near
  73  0000              	extern __DELAYY5:near
  74  0000              	extern __DELAYY3:near
  75  0000              	extern _builtin_holtek_delay_2:byte
  76  0000              public _Delayms
  77  0000              #pragma debug scope 2 1

  29  0000              #line 29 "C:\Users\User\Desktop\U2 STD\U2_2_2.c"
  29  0000              _Delayms .section 'code'
  29  0000              _Delayms proc
  29  0000              public _Delayms_2
  29  0000  0002[           local _Delayms_2 db 2 dup(?)	; 2,0
            00
            ]
  29  0002              #pragma debug variable 10 2 _Delayms_2+0 "del"
  30  0002              #line 30 "C:\Users\User\Desktop\U2 STD\U2_2_2.c"
  30  0000  1F00     E  	clr rb
  30  0001  1F00     E  	clr rc
  30  0002              _L2:
  30  0002              #line 30 "C:\Users\User\Desktop\U2 STD\U2_2_2.c"
  30  0002  0700     E  	mov a,rb
  30  0003  0200     R  	sub a,_Delayms_2[0]
  30  0004  0700     E  	mov a,rc
  30  0005  1200     R  	sbc a,_Delayms_2[1]
  30  0006  3F0A        	sz cz
  30  0007  2800     R  	jmp _L5
  30  0008              ;# 30 "C:\Users\User\Desktop\U2 STD\U2_2_2.c" 1
  30  0008              	IF 2000>263690
  30  0008              ;# 30 "C:\Users\User\Desktop\U2 STD\U2_2_2.c" 1
  30  0008              	ERRMESSAGE 'the value 2000of the argument exceeds the maxinum 263690'
  30  0008              	ENDIF
  30  0008              ;# 30 "C:\Users\User\Desktop\U2 STD\U2_2_2.c" 1
  30  0008              	IF 2000<0
  30  0008              ;# 30 "C:\Users\User\Desktop\U2 STD\U2_2_2.c" 1
  30  0008              	ERRMESSAGE 'the value 2000 of the argument exceeds the mininum 0'
  30  0008              	ENDIF
  30  0008              ;# 30 "C:\Users\User\Desktop\U2 STD\U2_2_2.c" 1
  30  0008              	IF 2000==0
  30  0008              ;# 30 "C:\Users\User\Desktop\U2 STD\U2_2_2.c" 1
  30  0008              	JMP $
  30  0008              	ENDIF
  30  0008              ;# 30 "C:\Users\User\Desktop\U2 STD\U2_2_2.c" 1
  30  0008              	IF (2000>=1) AND (2000<( 4 + __PBP__ * 2))
  30  0008              ;# 30 "C:\Users\User\Desktop\U2 STD\U2_2_2.c" 1
  30  0008              	NOP
  30  0008              	ENDIF
  30  0008              ;# 30 "C:\Users\User\Desktop\U2 STD\U2_2_2.c" 1
  30  0008              	IF (2000>=2) AND (2000<( 4 + __PBP__ * 2))
"File: U2_2_2.c      Assembler  Version HGASM0202      Page 3

  30  0008              ;# 30 "C:\Users\User\Desktop\U2 STD\U2_2_2.c" 1
  30  0008              	NOP
  30  0008              	ENDIF
  30  0008              ;# 30 "C:\Users\User\Desktop\U2 STD\U2_2_2.c" 1
  30  0008              	IF (2000>=3) AND (2000<( 4 + __PBP__ * 2))
  30  0008              ;# 30 "C:\Users\User\Desktop\U2 STD\U2_2_2.c" 1
  30  0008              	NOP
  30  0008              	ENDIF
  30  0008              ;# 30 "C:\Users\User\Desktop\U2 STD\U2_2_2.c" 1
  30  0008              	IF (2000>=4) AND (2000<( 4 + __PBP__ * 2)) AND ( __PBP__ > 0 )
  30  0008              ;# 30 "C:\Users\User\Desktop\U2 STD\U2_2_2.c" 1
  30  0008              	NOP
  30  0008              	ENDIF
  30  0008              ;# 30 "C:\Users\User\Desktop\U2 STD\U2_2_2.c" 1
  30  0008              	IF (2000>=5) AND (2000<( 4 + __PBP__ * 2)) AND ( __PBP__ > 0 )
  30  0008              ;# 30 "C:\Users\User\Desktop\U2 STD\U2_2_2.c" 1
  30  0008              	NOP
  30  0008              	ENDIF
  30  0008              ;# 30 "C:\Users\User\Desktop\U2 STD\U2_2_2.c" 1
  30  0008              	IF (2000>=6) AND (2000<( 4 + __PBP__ * 2))  AND ( __PBP__ > 1 )
  30  0008              ;# 30 "C:\Users\User\Desktop\U2 STD\U2_2_2.c" 1
  30  0008              	NOP
  30  0008              	ENDIF
  30  0008              ;# 30 "C:\Users\User\Desktop\U2 STD\U2_2_2.c" 1
  30  0008              	IF (2000>=7) AND (2000<( 4 + __PBP__ * 2))  AND ( __PBP__ > 1 )
  30  0008              ;# 30 "C:\Users\User\Desktop\U2 STD\U2_2_2.c" 1
  30  0008              	NOP
  30  0008              	ENDIF
  30  0008              ;# 30 "C:\Users\User\Desktop\U2 STD\U2_2_2.c" 1
  30  0008              	IF (2000>=8) AND (2000<( 4 + __PBP__ * 2))  AND ( __PBP__ > 2 )
  30  0008              ;# 30 "C:\Users\User\Desktop\U2 STD\U2_2_2.c" 1
  30  0008              	NOP
  30  0008              	ENDIF
  30  0008              ;# 30 "C:\Users\User\Desktop\U2 STD\U2_2_2.c" 1
  30  0008              	IF (2000==9)  AND ( __PBP__ > 2 )
  30  0008              ;# 30 "C:\Users\User\Desktop\U2 STD\U2_2_2.c" 1
  30  0008              	NOP
  30  0008              	ENDIF
  30  0008              ;# 30 "C:\Users\User\Desktop\U2 STD\U2_2_2.c" 1
  30  0008              	IF (2000< ( 8 + __PBP__ * 2)) AND (2000>( 3 + __PBP__ * 2))
  30  0008              ;# 30 "C:\Users\User\Desktop\U2 STD\U2_2_2.c" 1
  30  0008              	fcall __DELAY3 + ( 7 + __PBP__ * 2) -2000
  30  0008              	ENDIF
  30  0008              ;# 30 "C:\Users\User\Desktop\U2 STD\U2_2_2.c" 1
  30  0008              	IF (2000< ( 0404h + __PBP__ * 2)) AND (2000>( 7 + __PBP__ * 2))
  30  0008              ;# 30 "C:\Users\User\Desktop\U2 STD\U2_2_2.c" 1
  30  0008              	MOV A,(2000-( 4 + __PBP__ * 2))/4
  30  0008              ;# 30 "C:\Users\User\Desktop\U2 STD\U2_2_2.c" 1
  30  0008              	fcall __DELAYX3 + 3 -((2000-( 4 + __PBP__ * 2)) MOD 4) 
  30  0008              	ENDIF
  30  0008              ;# 30 "C:\Users\User\Desktop\U2 STD\U2_2_2.c" 1
  30  0008              	IF (2000< ( 040bh + __PBP__ * 2)) AND (2000> ( 0403h + __PBP__ * 2))
  30  0008              ;# 30 "C:\Users\User\Desktop\U2 STD\U2_2_2.c" 1
  30  0008              	MOV A,0 
  30  0008              ;# 30 "C:\Users\User\Desktop\U2 STD\U2_2_2.c" 1
  30  0008              	fcall __DELAYX6 + ( 040ah + __PBP__ * 2) -2000
  30  0008              	ENDIF
  30  0008              ;# 30 "C:\Users\User\Desktop\U2 STD\U2_2_2.c" 1
  30  0008              	IF (2000 >= ( 040bh + __PBP__ * 2)) AND ((((2000-( 9 + __PBP__ * 2))%0402h)/4+1)>256)
  30  0008              ;# 30 "C:\Users\User\Desktop\U2 STD\U2_2_2.c" 1
"File: U2_2_2.c      Assembler  Version HGASM0202      Page 4

  30  0008              	MOV A,(2000-( 9 + __PBP__ * 2))/0402h
  30  0008              ;# 30 "C:\Users\User\Desktop\U2 STD\U2_2_2.c" 1
  30  0008              	MOV _builtin_holtek_delay_2,A
  30  0008              ;# 30 "C:\Users\User\Desktop\U2 STD\U2_2_2.c" 1
  30  0008              	MOV A,0
  30  0008              ;# 30 "C:\Users\User\Desktop\U2 STD\U2_2_2.c" 1
  30  0008              	fcall __DELAYY5 +5- (((2000-( 9 + __PBP__ * 2))%0402h)%6) 
  30  0008              	ENDIF
  30  0008              ;# 30 "C:\Users\User\Desktop\U2 STD\U2_2_2.c" 1
  30  0008              	IF (2000 >= ( 040bh + __PBP__ * 2)) AND ((((2000-( 9 + __PBP__ * 2))%0402h)/4+1)<=256)
  30  0008              ;# 30 "C:\Users\User\Desktop\U2 STD\U2_2_2.c" 1
  30  0008  0F01        	MOV A,(2000-( 9 + __PBP__ * 2))/0402h
  30  0009              ;# 30 "C:\Users\User\Desktop\U2 STD\U2_2_2.c" 1
  30  0009  0080     E  	MOV _builtin_holtek_delay_2,A
  30  000A              ;# 30 "C:\Users\User\Desktop\U2 STD\U2_2_2.c" 1
  30  000A  0FF0        	MOV A,((2000-( 9 + __PBP__ * 2))%0402h)/4+1
  30  000B              ;# 30 "C:\Users\User\Desktop\U2 STD\U2_2_2.c" 1
  30  000B              	fcall __DELAYY3 +3-(((2000-( 9 + __PBP__ * 2))%0402h)%4) 
  30  0012              	ENDIF
  30  0012  1480     E  	inc rb
  30  0013  3D0A        	sz z
  30  0014  1480     E  	inc rc
  30  0015  2800     R  	jmp _L2
  30  0016              _L5:
  31  0016              #line 31 "C:\Users\User\Desktop\U2 STD\U2_2_2.c"
  31  0016              ;# 31 "C:\Users\User\Desktop\U2 STD\U2_2_2.c" 1
  31  0016  0001        	clr wdt
  31  0017  0003        	ret
  31  0018              _Delayms endp
  31  0018              #line 31 "C:\Users\User\Desktop\U2 STD\U2_2_2.c"
  31  0018              #pragma debug scope 1 1
  31  0018              ___wdtc equ [62]
  31  0018              ___pg equ [39]
  31  0018              ___pgc equ [40]
  31  0018              ___rstc equ [46]
  31  0018              ___status equ [10]
  31  0018              public _main
  31  0018              #pragma debug scope 3 1
  12  0018              #line 12 "C:\Users\User\Desktop\U2 STD\U2_2_2.c"
  12  0018              IFDEF WITH_DEFAULT_STARTUP
  12  0018              extern _main_initial0:near
  12  0018              extern _main_startup:near
  12  0018              ENDIF
  12  0018              
  12  0018              ROMBANK 0 @start
  12  0000              @start .section com_l 'code'
  12  0000              _main_startup1:
  12  0000              @start .section com_e 'code'
  12  0000  0F00     R  	mov a,bank _main
  12  0001  008B        	mov bp,a
  12  0002  2800     R  	jmp _main
  12  0003              
  12  0000              _main .section 'code'
  12  0000              _main proc
  12  0000  0002[           local _main_2 db 2 dup(?)
            00
            ]
  12  0002              #pragma debug variable 8 3 _main_2+1 "i"
  13  0002              #line 13 "C:\Users\User\Desktop\U2 STD\U2_2_2.c"
  13  0000  0F56        	mov a,86
"File: U2_2_2.c      Assembler  Version HGASM0202      Page 5

  13  0001  00BE        	mov [62],a
  14  0002              #line 14 "C:\Users\User\Desktop\U2 STD\U2_2_2.c"
  14  0002  1F27        	clr [39]
  14  0003  1F28        	clr [40]
  15  0004              #line 15 "C:\Users\User\Desktop\U2 STD\U2_2_2.c"
  15  0004  0FAA        	mov a,170
  15  0005  00AE        	mov [46],a
  16  0006              #line 16 "C:\Users\User\Desktop\U2 STD\U2_2_2.c"
  16  0006  3E8A        	sz [10].5
  16  0007  2800     R  	jmp _L7
  16  0008              _L9:
  16  0008              #line 16 "C:\Users\User\Desktop\U2 STD\U2_2_2.c"
  16  0008  0F0A        	mov a,10
  16  0009  0080     R  	mov _main_2[0],a
  16  000A  1F00     R  	clr _main_2[1]
  16  000B  2800     R  	jmp _L8
  16  000C              _L7:
  16  000C  0F0A        	mov a,10
  16  000D  0080     R  	mov _main_2[0],a
  16  000E              _L10:
  18  000E              #line 18 "C:\Users\User\Desktop\U2 STD\U2_2_2.c"
  18  000E  0127        	cpla [39]
  18  000F  00A7        	mov [39],a
  19  0010              #line 19 "C:\Users\User\Desktop\U2 STD\U2_2_2.c"
  19  0010  0F64        	mov a,100
  19  0011  0080     R  	mov _Delayms_2[0],a
  19  0012  1F00     R  	clr _Delayms_2[1]
  19  0013              	fcall _Delayms
  19  001A  1780     R  	sdz _main_2[0]
  19  001B  2800     R  	jmp _L10
  19  001C  2800     R  	jmp _L9
  19  001D              _L8:
  23  001D              #line 23 "C:\Users\User\Desktop\U2 STD\U2_2_2.c"
  23  001D  0F00     R  	mov a,low offset _SEG_TAB
  23  001E  0300     R  	add a,_main_2[1]
  23  001F  0083        	mov mp,a
  23  0020  0F00     R  	mov a,high offset _SEG_TAB
  23  0021  1F04        	clr sbp
  23  0022  1384        	adcm a,sbp
  23  0023              	fcall _Crom2Prom
  23  002A  00A7        	mov [39],a
  23  002B  0FFA        	mov a,-6
  23  002C  0080     R  	mov _Delayms_2[0],a
  23  002D  1F00     R  	clr _Delayms_2[1]
  23  002E              	fcall _Delayms
  22  0035              #line 22 "C:\Users\User\Desktop\U2 STD\U2_2_2.c"
  22  0035  1480     R  	inc _main_2[1]
  22  0036  1780     R  	sdz _main_2[0]
  22  0037  2800     R  	jmp _L8
  25  0038              #line 25 "C:\Users\User\Desktop\U2 STD\U2_2_2.c"
  25  0038  1F27        	clr [39]
  25  0039              _L12:
  25  0039  2800     R  	jmp _L12
  25  003A  2800     R  	jmp $
  25  003B              _main endp
  25  003B              
  25  003B              @dummy endp
  25  003B              
  25  003B              #line 25 "C:\Users\User\Desktop\U2 STD\U2_2_2.c"
  25  003B              #pragma debug scope 1 1
"File: U2_2_2.c      Assembler  Version HGASM0202      Page 6

  25  003B              public _SEG_TAB
  25  0000              @crom	.section 'crom'
   7  0000              #line 7 "C:\Users\User\Desktop\U2 STD\U2_2_2.c"
   7  0000              @crom	.section	'crom'
   7  0000              _SEG_TAB:
   7  0000              #pragma debug array 42 8 10 1
   7  0000              #pragma debug array 42 8 10 1
   7  0000              #pragma debug variable 42 1 _SEG_TAB "SEG_TAB"
   7  0000              	db 63
   7  0001              	db 6
   7  0001              	db 91
   7  0002              	db 79
   7  0002              	db 102
   7  0003              	db 109
   7  0003              	db 125
   7  0004              	db 7
   7  0004              	db 127
   7  0005              	db 103
   7  0005              #pragma debug struct_end
   7  0005              #pragma debug struct_end
   7  0005              #pragma debug union_end
   7  0005              #pragma debug union_end
   7  0005              #pragma debug variable 44 1 ___status "__status" 1
   7  0005              #pragma debug struct_end
   7  0005              #pragma debug struct_end
   7  0005              #pragma debug union_end
   7  0005              #pragma debug union_end
   7  0005              #pragma debug variable 46 1 ___pg "__pg" 1
   7  0005              #pragma debug struct_end
   7  0005              #pragma debug struct_end
   7  0005              #pragma debug union_end
   7  0005              #pragma debug union_end
   7  0005              #pragma debug variable 48 1 ___pgc "__pgc" 1
   7  0005              #pragma debug struct_end
   7  0005              #pragma debug struct_end
   7  0005              #pragma debug union_end
   7  0005              #pragma debug union_end
   7  0005              #pragma debug variable 50 1 ___rstc "__rstc" 1
   7  0005              #pragma debug struct_end
   7  0005              #pragma debug struct_end
   7  0005              #pragma debug union_end
   7  0005              #pragma debug union_end
   7  0005              #pragma debug variable 52 1 ___wdtc "__wdtc" 1
  12  0005              #line 12 "C:\Users\User\Desktop\U2 STD\U2_2_2.c"
  12  0000              @code .section at 0 'code'
  12  0000  1F0B        	clr bp
  12  0001  2800     R  	jmp _main_startup1
  12  0002              
  12  0002              
  12  0002              ; 
  12  0002              ; Generated by holtek-gcc v3.23, Thu May 07 13:37:55 2026
  12  0002              ; Rebuild 1114
  12  0002              ; end of file


        0 Errors, 0