"File: U2_3_1.c      Assembler  Version HGASM0202      Page 1


   1  0000              ; Generated by holtek-gcc v3.23, Wed May 13 11:28:30 2026
   2  0000              ; 
   3  0000              ; Configuration:
   4  0000              ;       with long instruction
   5  0000              ;       Multi-ROM, Multi-RAM
   6  0000              ;       bits_per_rom_unit:16
   7  0000              ;       with mp1
   8  0000              ;       with tbhp, address(0x9)
   9  0000              ;          Use tabrd-const
  10  0000              ;       
  11  0000              ; SFR address of long-instruction arch:
  12  0000              ;    mp0 = -1,1,0
  13  0000              ;    mp1 = 4,3,2
  14  0000              ;    mp2 = 14,13,12
  15  0000              ;    tbp = 9,7,8
  16  0000              ;    acc = 5
  17  0000              ;    pcl = 6
  18  0000              ;    status = 10
  19  0000              ;    bp = 11
  20  0000              ;    intc = 16
  21  0000              ;       
  22  0000              ;       
  23  0000              ; use 'tabrdc' instead of 'tabrd'
  24  0000              ;       
  25  0000              
  26  0000              #pragma translator "holtek-gcc 4.6.4" "3.23" "build 20130711"
  27  0000              ; Rebuild 1114
  28  0000              
  29  0000              ir equ [2]
  30  0000              mp equ [3]
  31  0000              sbp equ [4]
  32  0000              acc equ [5]
  33  0000              bp equ [11]
  34  0000              tblp equ [7]
  35  0000              tbhp equ [9]
  36  0000              status equ [10]
  37  0000              c equ [10].0
  38  0000              ac equ [10].1
  39  0000              z equ [10].2
  40  0000              ov equ [10].3
  41  0000              cz equ [10].6
  42  0000              sc equ [10].7
  43  0000              intc equ [16]
  44  0000              mduwr0 equ [59h]
  45  0000              mduwr1 equ [5ah]
  46  0000              mduwr2 equ [5bh]
  47  0000              mduwr3 equ [5ch]
  48  0000              mduwr4 equ [5dh]
  49  0000              mduwr5 equ [5eh]
  50  0000              mduwrctrl equ [5fh]
  51  0000              
  52  0000              extern ra:byte
  53  0000              extern rb:byte
  54  0000              extern rc:byte
  55  0000              extern rd:byte
  56  0000              extern re:byte
  57  0000              extern rf:byte
  58  0000              extern rg:byte
  59  0000              extern rh:byte
"File: U2_3_1.ASM    Assembler  Version HGASM0202      Page 2

  60  0000              extern _Crom2Prom:near
  61  0000              extern _Crom2PromNext:near
  62  0000              
  63  0000              RAMBANK 0 @BITDATASEC, @BITDATASEC1
  64  0000              @HCCINIT	.section 'data'
  65  0000              @HCCINIT0	.section 'data'
  66  0000              @BITDATASEC	 .section 'data'
  67  0000              @BITDATASEC1	 .section 'data'
  68  0000              
  69  0000              #pragma debug scope 1 1
  70  0000              	extern __DELAY3:near
  71  0000              	extern __DELAYX3:near
  72  0000              	extern __DELAYX6:near
  73  0000              	extern __DELAYY5:near
  74  0000              	extern __DELAYY3:near
  75  0000              	extern _builtin_holtek_delay_2:byte
  76  0000              ___pg equ [39]
  77  0000              ___intc0 equ [16]
  78  0000              public _ISR_Int1
  79  0000              #pragma debug scope 2 1

  48  0000              #line 48 "C:\Users\User\Desktop\U2 STD\U2_3_1.c"
  48  0000              rombank 0 @ISR_Int1_code
  48  0000              @ISR_Int1_code .section at 8 'code'
  48  0000  0080     E  	mov r1,a
  48  0001  070B        	mov a,bp
  48  0002  1F0B        	clr bp
  48  0003  2800     R  	jmp _ISR_Int1
  48  0004              ROMBANK 0 _ISR_Int1
  48  0004              #pragma debug scope 1 1
  48  0004              @dummy8 endp
  48  0004              #pragma debug scope 3 1
  48  0000              _ISR_Int1 .section 'code'
  48  0000              _ISR_Int1 proc
  48  0000  0080     E  	mov r2,a
  48  0001  070A        	mov a, status
  48  0002  0080     E  	mov r3,a
  49  0003              #line 49 "C:\Users\User\Desktop\U2 STD\U2_3_1.c"
  49  0003  0F80        	mov a,128
  49  0004  00A7        	mov [39],a
  49  0005              _L5:
  51  0005              #line 51 "C:\Users\User\Desktop\U2 STD\U2_3_1.c"
  51  0005              ;# 51 "C:\Users\User\Desktop\U2 STD\U2_3_1.c" 1
  51  0005  18A7        	rl [39]
  51  0006  0F32        	mov a,50
  51  0007  0080     E  	mov ra,a
  51  0008              _L3:
  52  0008              #line 52 "C:\Users\User\Desktop\U2 STD\U2_3_1.c"
  52  0008              ;# 52 "C:\Users\User\Desktop\U2 STD\U2_3_1.c" 1
  52  0008              	IF 20000>263690
  52  0008              ;# 52 "C:\Users\User\Desktop\U2 STD\U2_3_1.c" 1
  52  0008              	ERRMESSAGE 'the value 20000of the argument exceeds the maxinum 263690'
  52  0008              	ENDIF
  52  0008              ;# 52 "C:\Users\User\Desktop\U2 STD\U2_3_1.c" 1
  52  0008              	IF 20000<0
  52  0008              ;# 52 "C:\Users\User\Desktop\U2 STD\U2_3_1.c" 1
  52  0008              	ERRMESSAGE 'the value 20000 of the argument exceeds the mininum 0'
  52  0008              	ENDIF
  52  0008              ;# 52 "C:\Users\User\Desktop\U2 STD\U2_3_1.c" 1
  52  0008              	IF 20000==0
"File: U2_3_1.c      Assembler  Version HGASM0202      Page 3

  52  0008              ;# 52 "C:\Users\User\Desktop\U2 STD\U2_3_1.c" 1
  52  0008              	JMP $
  52  0008              	ENDIF
  52  0008              ;# 52 "C:\Users\User\Desktop\U2 STD\U2_3_1.c" 1
  52  0008              	IF (20000>=1) AND (20000<( 4 + __PBP__ * 2))
  52  0008              ;# 52 "C:\Users\User\Desktop\U2 STD\U2_3_1.c" 1
  52  0008              	NOP
  52  0008              	ENDIF
  52  0008              ;# 52 "C:\Users\User\Desktop\U2 STD\U2_3_1.c" 1
  52  0008              	IF (20000>=2) AND (20000<( 4 + __PBP__ * 2))
  52  0008              ;# 52 "C:\Users\User\Desktop\U2 STD\U2_3_1.c" 1
  52  0008              	NOP
  52  0008              	ENDIF
  52  0008              ;# 52 "C:\Users\User\Desktop\U2 STD\U2_3_1.c" 1
  52  0008              	IF (20000>=3) AND (20000<( 4 + __PBP__ * 2))
  52  0008              ;# 52 "C:\Users\User\Desktop\U2 STD\U2_3_1.c" 1
  52  0008              	NOP
  52  0008              	ENDIF
  52  0008              ;# 52 "C:\Users\User\Desktop\U2 STD\U2_3_1.c" 1
  52  0008              	IF (20000>=4) AND (20000<( 4 + __PBP__ * 2)) AND ( __PBP__ > 0 )
  52  0008              ;# 52 "C:\Users\User\Desktop\U2 STD\U2_3_1.c" 1
  52  0008              	NOP
  52  0008              	ENDIF
  52  0008              ;# 52 "C:\Users\User\Desktop\U2 STD\U2_3_1.c" 1
  52  0008              	IF (20000>=5) AND (20000<( 4 + __PBP__ * 2)) AND ( __PBP__ > 0 )
  52  0008              ;# 52 "C:\Users\User\Desktop\U2 STD\U2_3_1.c" 1
  52  0008              	NOP
  52  0008              	ENDIF
  52  0008              ;# 52 "C:\Users\User\Desktop\U2 STD\U2_3_1.c" 1
  52  0008              	IF (20000>=6) AND (20000<( 4 + __PBP__ * 2))  AND ( __PBP__ > 1 )
  52  0008              ;# 52 "C:\Users\User\Desktop\U2 STD\U2_3_1.c" 1
  52  0008              	NOP
  52  0008              	ENDIF
  52  0008              ;# 52 "C:\Users\User\Desktop\U2 STD\U2_3_1.c" 1
  52  0008              	IF (20000>=7) AND (20000<( 4 + __PBP__ * 2))  AND ( __PBP__ > 1 )
  52  0008              ;# 52 "C:\Users\User\Desktop\U2 STD\U2_3_1.c" 1
  52  0008              	NOP
  52  0008              	ENDIF
  52  0008              ;# 52 "C:\Users\User\Desktop\U2 STD\U2_3_1.c" 1
  52  0008              	IF (20000>=8) AND (20000<( 4 + __PBP__ * 2))  AND ( __PBP__ > 2 )
  52  0008              ;# 52 "C:\Users\User\Desktop\U2 STD\U2_3_1.c" 1
  52  0008              	NOP
  52  0008              	ENDIF
  52  0008              ;# 52 "C:\Users\User\Desktop\U2 STD\U2_3_1.c" 1
  52  0008              	IF (20000==9)  AND ( __PBP__ > 2 )
  52  0008              ;# 52 "C:\Users\User\Desktop\U2 STD\U2_3_1.c" 1
  52  0008              	NOP
  52  0008              	ENDIF
  52  0008              ;# 52 "C:\Users\User\Desktop\U2 STD\U2_3_1.c" 1
  52  0008              	IF (20000< ( 8 + __PBP__ * 2)) AND (20000>( 3 + __PBP__ * 2))
  52  0008              ;# 52 "C:\Users\User\Desktop\U2 STD\U2_3_1.c" 1
  52  0008              	fcall __DELAY3 + ( 7 + __PBP__ * 2) -20000
  52  0008              	ENDIF
  52  0008              ;# 52 "C:\Users\User\Desktop\U2 STD\U2_3_1.c" 1
  52  0008              	IF (20000< ( 0404h + __PBP__ * 2)) AND (20000>( 7 + __PBP__ * 2))
  52  0008              ;# 52 "C:\Users\User\Desktop\U2 STD\U2_3_1.c" 1
  52  0008              	MOV A,(20000-( 4 + __PBP__ * 2))/4
  52  0008              ;# 52 "C:\Users\User\Desktop\U2 STD\U2_3_1.c" 1
  52  0008              	fcall __DELAYX3 + 3 -((20000-( 4 + __PBP__ * 2)) MOD 4) 
  52  0008              	ENDIF
"File: U2_3_1.c      Assembler  Version HGASM0202      Page 4

  52  0008              ;# 52 "C:\Users\User\Desktop\U2 STD\U2_3_1.c" 1
  52  0008              	IF (20000< ( 040bh + __PBP__ * 2)) AND (20000> ( 0403h + __PBP__ * 2))
  52  0008              ;# 52 "C:\Users\User\Desktop\U2 STD\U2_3_1.c" 1
  52  0008              	MOV A,0 
  52  0008              ;# 52 "C:\Users\User\Desktop\U2 STD\U2_3_1.c" 1
  52  0008              	fcall __DELAYX6 + ( 040ah + __PBP__ * 2) -20000
  52  0008              	ENDIF
  52  0008              ;# 52 "C:\Users\User\Desktop\U2 STD\U2_3_1.c" 1
  52  0008              	IF (20000 >= ( 040bh + __PBP__ * 2)) AND ((((20000-( 9 + __PBP__ * 2))%0402h)/4+1)>256)
  52  0008              ;# 52 "C:\Users\User\Desktop\U2 STD\U2_3_1.c" 1
  52  0008              	MOV A,(20000-( 9 + __PBP__ * 2))/0402h
  52  0008              ;# 52 "C:\Users\User\Desktop\U2 STD\U2_3_1.c" 1
  52  0008              	MOV _builtin_holtek_delay_2,A
  52  0008              ;# 52 "C:\Users\User\Desktop\U2 STD\U2_3_1.c" 1
  52  0008              	MOV A,0
  52  0008              ;# 52 "C:\Users\User\Desktop\U2 STD\U2_3_1.c" 1
  52  0008              	fcall __DELAYY5 +5- (((20000-( 9 + __PBP__ * 2))%0402h)%6) 
  52  0008              	ENDIF
  52  0008              ;# 52 "C:\Users\User\Desktop\U2 STD\U2_3_1.c" 1
  52  0008              	IF (20000 >= ( 040bh + __PBP__ * 2)) AND ((((20000-( 9 + __PBP__ * 2))%0402h)/4+1)<=256)
  52  0008              ;# 52 "C:\Users\User\Desktop\U2 STD\U2_3_1.c" 1
  52  0008  0F13        	MOV A,(20000-( 9 + __PBP__ * 2))/0402h
  52  0009              ;# 52 "C:\Users\User\Desktop\U2 STD\U2_3_1.c" 1
  52  0009  0080     E  	MOV _builtin_holtek_delay_2,A
  52  000A              ;# 52 "C:\Users\User\Desktop\U2 STD\U2_3_1.c" 1
  52  000A  0F7B        	MOV A,((20000-( 9 + __PBP__ * 2))%0402h)/4+1
  52  000B              ;# 52 "C:\Users\User\Desktop\U2 STD\U2_3_1.c" 1
  52  000B              	fcall __DELAYY3 +3-(((20000-( 9 + __PBP__ * 2))%0402h)%4) 
  52  0012              	ENDIF
  52  0012  1780     E  	sdz ra
  52  0013  2800     R  	jmp _L3
  53  0014              #line 53 "C:\Users\User\Desktop\U2 STD\U2_3_1.c"
  53  0014  0727        	mov a,[39]
  53  0015  0A40        	sub a,64
  53  0016  390A        	snz z
  53  0017  2800     R  	jmp _L5
  54  0018              #line 54 "C:\Users\User\Desktop\U2 STD\U2_3_1.c"
  54  0018  3690        	clr [16].5
  55  0019              #line 55 "C:\Users\User\Desktop\U2 STD\U2_3_1.c"
  55  0019              ;# 55 "C:\Users\User\Desktop\U2 STD\U2_3_1.c" 1
  55  0019  0001        	clr wdt
  55  001A  0700     E  	mov a,r2
  55  001B  008B        	mov bp,a
  55  001C  0700     E  	mov a,r3
  55  001D  008A        	mov status,a
  55  001E  0700     E  	mov a,r1
  55  001F  0004        	reti
  55  0020              _ISR_Int1 endp
  55  0020              
  55  0020              #line 55 "C:\Users\User\Desktop\U2 STD\U2_3_1.c"
  55  0020              #pragma debug scope 1 1
  55  0020              public _Delayms
  55  0020              #pragma debug scope 4 1
  58  0020              #line 58 "C:\Users\User\Desktop\U2 STD\U2_3_1.c"
  58  0000              _Delayms .section 'code'
  58  0000              _Delayms proc
  58  0000              public _Delayms_2
  58  0000  0002[           local _Delayms_2 db 2 dup(?)	; 2,0
            00
            ]
"File: U2_3_1.c      Assembler  Version HGASM0202      Page 5

  58  0002              #pragma debug variable 10 4 _Delayms_2+0 "del"
  59  0002              #line 59 "C:\Users\User\Desktop\U2 STD\U2_3_1.c"
  59  0000  1F00     E  	clr rb
  59  0001  1F00     E  	clr rc
  59  0002  2800     R  	jmp _L8
  59  0003              _L9:
  59  0003              #line 59 "C:\Users\User\Desktop\U2 STD\U2_3_1.c"
  59  0003              ;# 59 "C:\Users\User\Desktop\U2 STD\U2_3_1.c" 1
  59  0003              	IF 2000>263690
  59  0003              ;# 59 "C:\Users\User\Desktop\U2 STD\U2_3_1.c" 1
  59  0003              	ERRMESSAGE 'the value 2000of the argument exceeds the maxinum 263690'
  59  0003              	ENDIF
  59  0003              ;# 59 "C:\Users\User\Desktop\U2 STD\U2_3_1.c" 1
  59  0003              	IF 2000<0
  59  0003              ;# 59 "C:\Users\User\Desktop\U2 STD\U2_3_1.c" 1
  59  0003              	ERRMESSAGE 'the value 2000 of the argument exceeds the mininum 0'
  59  0003              	ENDIF
  59  0003              ;# 59 "C:\Users\User\Desktop\U2 STD\U2_3_1.c" 1
  59  0003              	IF 2000==0
  59  0003              ;# 59 "C:\Users\User\Desktop\U2 STD\U2_3_1.c" 1
  59  0003              	JMP $
  59  0003              	ENDIF
  59  0003              ;# 59 "C:\Users\User\Desktop\U2 STD\U2_3_1.c" 1
  59  0003              	IF (2000>=1) AND (2000<( 4 + __PBP__ * 2))
  59  0003              ;# 59 "C:\Users\User\Desktop\U2 STD\U2_3_1.c" 1
  59  0003              	NOP
  59  0003              	ENDIF
  59  0003              ;# 59 "C:\Users\User\Desktop\U2 STD\U2_3_1.c" 1
  59  0003              	IF (2000>=2) AND (2000<( 4 + __PBP__ * 2))
  59  0003              ;# 59 "C:\Users\User\Desktop\U2 STD\U2_3_1.c" 1
  59  0003              	NOP
  59  0003              	ENDIF
  59  0003              ;# 59 "C:\Users\User\Desktop\U2 STD\U2_3_1.c" 1
  59  0003              	IF (2000>=3) AND (2000<( 4 + __PBP__ * 2))
  59  0003              ;# 59 "C:\Users\User\Desktop\U2 STD\U2_3_1.c" 1
  59  0003              	NOP
  59  0003              	ENDIF
  59  0003              ;# 59 "C:\Users\User\Desktop\U2 STD\U2_3_1.c" 1
  59  0003              	IF (2000>=4) AND (2000<( 4 + __PBP__ * 2)) AND ( __PBP__ > 0 )
  59  0003              ;# 59 "C:\Users\User\Desktop\U2 STD\U2_3_1.c" 1
  59  0003              	NOP
  59  0003              	ENDIF
  59  0003              ;# 59 "C:\Users\User\Desktop\U2 STD\U2_3_1.c" 1
  59  0003              	IF (2000>=5) AND (2000<( 4 + __PBP__ * 2)) AND ( __PBP__ > 0 )
  59  0003              ;# 59 "C:\Users\User\Desktop\U2 STD\U2_3_1.c" 1
  59  0003              	NOP
  59  0003              	ENDIF
  59  0003              ;# 59 "C:\Users\User\Desktop\U2 STD\U2_3_1.c" 1
  59  0003              	IF (2000>=6) AND (2000<( 4 + __PBP__ * 2))  AND ( __PBP__ > 1 )
  59  0003              ;# 59 "C:\Users\User\Desktop\U2 STD\U2_3_1.c" 1
  59  0003              	NOP
  59  0003              	ENDIF
  59  0003              ;# 59 "C:\Users\User\Desktop\U2 STD\U2_3_1.c" 1
  59  0003              	IF (2000>=7) AND (2000<( 4 + __PBP__ * 2))  AND ( __PBP__ > 1 )
  59  0003              ;# 59 "C:\Users\User\Desktop\U2 STD\U2_3_1.c" 1
  59  0003              	NOP
  59  0003              	ENDIF
  59  0003              ;# 59 "C:\Users\User\Desktop\U2 STD\U2_3_1.c" 1
  59  0003              	IF (2000>=8) AND (2000<( 4 + __PBP__ * 2))  AND ( __PBP__ > 2 )
  59  0003              ;# 59 "C:\Users\User\Desktop\U2 STD\U2_3_1.c" 1
"File: U2_3_1.c      Assembler  Version HGASM0202      Page 6

  59  0003              	NOP
  59  0003              	ENDIF
  59  0003              ;# 59 "C:\Users\User\Desktop\U2 STD\U2_3_1.c" 1
  59  0003              	IF (2000==9)  AND ( __PBP__ > 2 )
  59  0003              ;# 59 "C:\Users\User\Desktop\U2 STD\U2_3_1.c" 1
  59  0003              	NOP
  59  0003              	ENDIF
  59  0003              ;# 59 "C:\Users\User\Desktop\U2 STD\U2_3_1.c" 1
  59  0003              	IF (2000< ( 8 + __PBP__ * 2)) AND (2000>( 3 + __PBP__ * 2))
  59  0003              ;# 59 "C:\Users\User\Desktop\U2 STD\U2_3_1.c" 1
  59  0003              	fcall __DELAY3 + ( 7 + __PBP__ * 2) -2000
  59  0003              	ENDIF
  59  0003              ;# 59 "C:\Users\User\Desktop\U2 STD\U2_3_1.c" 1
  59  0003              	IF (2000< ( 0404h + __PBP__ * 2)) AND (2000>( 7 + __PBP__ * 2))
  59  0003              ;# 59 "C:\Users\User\Desktop\U2 STD\U2_3_1.c" 1
  59  0003              	MOV A,(2000-( 4 + __PBP__ * 2))/4
  59  0003              ;# 59 "C:\Users\User\Desktop\U2 STD\U2_3_1.c" 1
  59  0003              	fcall __DELAYX3 + 3 -((2000-( 4 + __PBP__ * 2)) MOD 4) 
  59  0003              	ENDIF
  59  0003              ;# 59 "C:\Users\User\Desktop\U2 STD\U2_3_1.c" 1
  59  0003              	IF (2000< ( 040bh + __PBP__ * 2)) AND (2000> ( 0403h + __PBP__ * 2))
  59  0003              ;# 59 "C:\Users\User\Desktop\U2 STD\U2_3_1.c" 1
  59  0003              	MOV A,0 
  59  0003              ;# 59 "C:\Users\User\Desktop\U2 STD\U2_3_1.c" 1
  59  0003              	fcall __DELAYX6 + ( 040ah + __PBP__ * 2) -2000
  59  0003              	ENDIF
  59  0003              ;# 59 "C:\Users\User\Desktop\U2 STD\U2_3_1.c" 1
  59  0003              	IF (2000 >= ( 040bh + __PBP__ * 2)) AND ((((2000-( 9 + __PBP__ * 2))%0402h)/4+1)>256)
  59  0003              ;# 59 "C:\Users\User\Desktop\U2 STD\U2_3_1.c" 1
  59  0003              	MOV A,(2000-( 9 + __PBP__ * 2))/0402h
  59  0003              ;# 59 "C:\Users\User\Desktop\U2 STD\U2_3_1.c" 1
  59  0003              	MOV _builtin_holtek_delay_2,A
  59  0003              ;# 59 "C:\Users\User\Desktop\U2 STD\U2_3_1.c" 1
  59  0003              	MOV A,0
  59  0003              ;# 59 "C:\Users\User\Desktop\U2 STD\U2_3_1.c" 1
  59  0003              	fcall __DELAYY5 +5- (((2000-( 9 + __PBP__ * 2))%0402h)%6) 
  59  0003              	ENDIF
  59  0003              ;# 59 "C:\Users\User\Desktop\U2 STD\U2_3_1.c" 1
  59  0003              	IF (2000 >= ( 040bh + __PBP__ * 2)) AND ((((2000-( 9 + __PBP__ * 2))%0402h)/4+1)<=256)
  59  0003              ;# 59 "C:\Users\User\Desktop\U2 STD\U2_3_1.c" 1
  59  0003  0F01        	MOV A,(2000-( 9 + __PBP__ * 2))/0402h
  59  0004              ;# 59 "C:\Users\User\Desktop\U2 STD\U2_3_1.c" 1
  59  0004  0080     E  	MOV _builtin_holtek_delay_2,A
  59  0005              ;# 59 "C:\Users\User\Desktop\U2 STD\U2_3_1.c" 1
  59  0005  0FF0        	MOV A,((2000-( 9 + __PBP__ * 2))%0402h)/4+1
  59  0006              ;# 59 "C:\Users\User\Desktop\U2 STD\U2_3_1.c" 1
  59  0006              	fcall __DELAYY3 +3-(((2000-( 9 + __PBP__ * 2))%0402h)%4) 
  59  000D              	ENDIF
  59  000D  1480     E  	inc rb
  59  000E  3D0A        	sz z
  59  000F  1480     E  	inc rc
  59  0010              _L8:
  59  0010  0700     E  	mov a,rb
  59  0011  0200     R  	sub a,_Delayms_2[0]
  59  0012  0700     E  	mov a,rc
  59  0013  1200     R  	sbc a,_Delayms_2[1]
  59  0014  3B0A        	snz cz
  59  0015  2800     R  	jmp _L9
  59  0016  0003        	ret
  59  0017              _Delayms endp
"File: U2_3_1.c      Assembler  Version HGASM0202      Page 7

  59  0017              #line 59 "C:\Users\User\Desktop\U2 STD\U2_3_1.c"
  59  0017              #pragma debug scope 1 1
  59  0017              ___wdtc equ [62]
  59  0017              ___pgc equ [40]
  59  0017              ___pac equ [21]
  59  0017              ___papu equ [22]
  59  0017              ___pawu equ [23]
  59  0017              ___ifs2 equ [330]
  59  0017              ___integ equ [57]
  59  0017              ___scc equ [58]
  59  0017              ___rstc equ [46]
  59  0017              ___status equ [10]
  59  0017              ___pa equ [20]
  59  0017              public _main
  59  0017              #pragma debug scope 5 1
  18  0017              #line 18 "C:\Users\User\Desktop\U2 STD\U2_3_1.c"
  18  0017              IFDEF WITH_DEFAULT_STARTUP
  18  0017              extern _main_initial0:near
  18  0017              extern _main_startup:near
  18  0017              ENDIF
  18  0017              
  18  0017              ROMBANK 0 @start
  18  0000              @start .section com_l 'code'
  18  0000              _main_startup1:
  18  0000              @start .section com_e 'code'
  18  0000  0F00     R  	mov a,bank _main
  18  0001  008B        	mov bp,a
  18  0002  2800     R  	jmp _main
  18  0003              
  18  0000              _main .section 'code'
  18  0000              _main proc
  18  0000  0002[           local _main_2 db 2 dup(?)
            00
            ]
  20  0002              #line 20 "C:\Users\User\Desktop\U2 STD\U2_3_1.c"
  20  0000  0FAF        	mov a,175
  20  0001  00BE        	mov [62],a
  21  0002              #line 21 "C:\Users\User\Desktop\U2 STD\U2_3_1.c"
  21  0002  1F27        	clr [39]
  21  0003  1F28        	clr [40]
  22  0004              #line 22 "C:\Users\User\Desktop\U2 STD\U2_3_1.c"
  22  0004  3095        	set [21].1
  22  0005  3096        	set [22].1
  22  0006  3097        	set [23].1
  23  0007              #line 23 "C:\Users\User\Desktop\U2 STD\U2_3_1.c"
  23  0007  3396        	set [22].7
  23  0008  B0CA 0001   	lset [330].1
  24  000A              #line 24 "C:\Users\User\Desktop\U2 STD\U2_3_1.c"
  24  000A  0F08        	mov a,8
  24  000B  00B9        	mov [57],a
  25  000C              #line 25 "C:\Users\User\Desktop\U2 STD\U2_3_1.c"
  25  000C  34BA        	clr [58].1
  25  000D  343A        	clr [58].0
  26  000E              #line 26 "C:\Users\User\Desktop\U2 STD\U2_3_1.c"
  26  000E  0F2C        	mov a,44
  26  000F  0080     R  	mov _Delayms_2[0],a
  26  0010  0F01        	mov a,1
  26  0011  0080     R  	mov _Delayms_2[1],a
  26  0012              	fcall _Delayms
  26  0019  0FAA        	mov a,170
"File: U2_3_1.c      Assembler  Version HGASM0202      Page 8

  26  001A  00AE        	mov [46],a
  27  001B              #line 27 "C:\Users\User\Desktop\U2 STD\U2_3_1.c"
  27  001B  3A0A        	snz [10].4
  27  001C  2800     R  	jmp _L11
  27  001D              #line 27 "C:\Users\User\Desktop\U2 STD\U2_3_1.c"
  27  001D              ;# 27 "C:\Users\User\Desktop\U2 STD\U2_3_1.c" 1
  27  001D  0001        	clr wdt
  27  001E              _L17:
  29  001E              #line 29 "C:\Users\User\Desktop\U2 STD\U2_3_1.c"
  29  001E  0700     R  	mov a,___Index_2992[0]
  29  001F  0080     R  	mov _main_2[1],a
  29  0020  0F00     R  	mov a,low offset _SEG_TAB
  29  0021  0300     R  	add a,_main_2[1]
  29  0022  0083        	mov mp,a
  29  0023  0F00     R  	mov a,high offset _SEG_TAB
  29  0024  1F04        	clr sbp
  29  0025  1384        	adcm a,sbp
  29  0026              	fcall _Crom2Prom
  29  002D  00A7        	mov [39],a
  30  002E              #line 30 "C:\Users\User\Desktop\U2 STD\U2_3_1.c"
  30  002E  0FC8        	mov a,-56
  30  002F  0080     R  	mov _Delayms_2[0],a
  30  0030  1F00     R  	clr _Delayms_2[1]
  30  0031              	fcall _Delayms
  30  0038  0F32        	mov a,50
  30  0039  0080     R  	mov _main_2[0],a
  30  003A              _L15:
  33  003A              #line 33 "C:\Users\User\Desktop\U2 STD\U2_3_1.c"
  33  003A  0F64        	mov a,100
  33  003B  0080     R  	mov _Delayms_2[0],a
  33  003C  1F00     R  	clr _Delayms_2[1]
  33  003D              	fcall _Delayms
  33  0044  1780     R  	sdz _main_2[0]
  33  0045  2800     R  	jmp _L13
  35  0046              #line 35 "C:\Users\User\Desktop\U2 STD\U2_3_1.c"
  35  0046  1F27        	clr [39]
  36  0047              #line 36 "C:\Users\User\Desktop\U2 STD\U2_3_1.c"
  36  0047  3690        	clr [16].5
  37  0048              #line 37 "C:\Users\User\Desktop\U2 STD\U2_3_1.c"
  37  0048  3010        	set [16].0
  37  0049  3110        	set [16].2
  38  004A              #line 38 "C:\Users\User\Desktop\U2 STD\U2_3_1.c"
  38  004A              ;# 38 "C:\Users\User\Desktop\U2 STD\U2_3_1.c" 1
  38  004A  0002        	halt
  39  004B              #line 39 "C:\Users\User\Desktop\U2 STD\U2_3_1.c"
  39  004B              ;# 39 "C:\Users\User\Desktop\U2 STD\U2_3_1.c" 1
  39  004B  0001        	clr wdt
  40  004C              #line 40 "C:\Users\User\Desktop\U2 STD\U2_3_1.c"
  40  004C  3410        	clr [16].0
  40  004D  3510        	clr [16].2
  40  004E              _L14:
  44  004E              #line 44 "C:\Users\User\Desktop\U2 STD\U2_3_1.c"
  44  004E  1400     R  	inca _main_2[1]
  44  004F  0080     E  	mov ra,a
  44  0050  0700     E  	mov a,ra
  44  0051  0080     R  	mov ___Index_2992[0],a
  44  0052  0700     E  	mov a,ra
  44  0053  0A0A        	sub a,10
  44  0054  390A        	snz z
  44  0055  2800     R  	jmp _L17
"File: U2_3_1.c      Assembler  Version HGASM0202      Page 9

  44  0056              _L11:
  27  0056              #line 27 "C:\Users\User\Desktop\U2 STD\U2_3_1.c"
  27  0056  1F00     R  	clr ___Index_2992[0]
  27  0057  2800     R  	jmp _L17
  27  0058              _L13:
  43  0058              #line 43 "C:\Users\User\Desktop\U2 STD\U2_3_1.c"
  43  0058  3C94        	sz [20].1
  43  0059  2800     R  	jmp _L15
  43  005A  2800     R  	jmp _L14
  43  005B  2800     R  	jmp $
  43  005C              _main endp
  43  005C              
  43  005C              @dummy endp
  43  005C              
  43  005C              #line 43 "C:\Users\User\Desktop\U2 STD\U2_3_1.c"
  43  005C              #pragma debug scope 1 1
  43  0000              @HCCINIT0___Index_2992 .section 'data'
  43  0000              ___Index_2992	db 0
  43  0001              #pragma debug variable 8 5 ___Index_2992 "Index"
  43  0001              
  43  0000              @HCCINIT .section 'data'
  43  0000              public _SEG_TAB
  43  0000              @crom	.section 'crom'
  13  0000              #line 13 "C:\Users\User\Desktop\U2 STD\U2_3_1.c"
  13  0000              @crom	.section	'crom'
  13  0000              _SEG_TAB:
  13  0000              #pragma debug array 42 8 10 1
  13  0000              #pragma debug array 42 8 10 1
  13  0000              #pragma debug variable 42 1 _SEG_TAB "SEG_TAB"
  13  0000              	db 63
  13  0001              	db 6
  13  0001              	db 91
  13  0002              	db 79
  13  0002              	db 102
  13  0003              	db 109
  13  0003              	db 125
  13  0004              	db 7
  13  0004              	db 127
  13  0005              	db 103
  13  0005              #pragma debug struct_end
  13  0005              #pragma debug struct_end
  13  0005              #pragma debug union_end
  13  0005              #pragma debug union_end
  13  0005              #pragma debug variable 44 1 ___status "__status" 1
  13  0005              #pragma debug struct_end
  13  0005              #pragma debug struct_end
  13  0005              #pragma debug union_end
  13  0005              #pragma debug union_end
  13  0005              #pragma debug variable 46 1 ___intc0 "__intc0" 1
  13  0005              #pragma debug struct_end
  13  0005              #pragma debug struct_end
  13  0005              #pragma debug union_end
  13  0005              #pragma debug union_end
  13  0005              #pragma debug variable 48 1 ___pa "__pa" 1
  13  0005              #pragma debug struct_end
  13  0005              #pragma debug struct_end
  13  0005              #pragma debug union_end
  13  0005              #pragma debug union_end
  13  0005              #pragma debug variable 50 1 ___pac "__pac" 1
  13  0005              #pragma debug struct_end
"File: U2_3_1.c      Assembler  Version HGASM0202      Page 10

  13  0005              #pragma debug struct_end
  13  0005              #pragma debug union_end
  13  0005              #pragma debug union_end
  13  0005              #pragma debug variable 52 1 ___papu "__papu" 1
  13  0005              #pragma debug struct_end
  13  0005              #pragma debug struct_end
  13  0005              #pragma debug union_end
  13  0005              #pragma debug union_end
  13  0005              #pragma debug variable 54 1 ___pawu "__pawu" 1
  13  0005              #pragma debug struct_end
  13  0005              #pragma debug struct_end
  13  0005              #pragma debug union_end
  13  0005              #pragma debug union_end
  13  0005              #pragma debug variable 56 1 ___pg "__pg" 1
  13  0005              #pragma debug struct_end
  13  0005              #pragma debug struct_end
  13  0005              #pragma debug union_end
  13  0005              #pragma debug union_end
  13  0005              #pragma debug variable 58 1 ___pgc "__pgc" 1
  13  0005              #pragma debug struct_end
  13  0005              #pragma debug struct_end
  13  0005              #pragma debug union_end
  13  0005              #pragma debug union_end
  13  0005              #pragma debug variable 60 1 ___rstc "__rstc" 1
  13  0005              #pragma debug struct_end
  13  0005              #pragma debug struct_end
  13  0005              #pragma debug union_end
  13  0005              #pragma debug union_end
  13  0005              #pragma debug variable 62 1 ___integ "__integ" 1
  13  0005              #pragma debug struct_end
  13  0005              #pragma debug struct_end
  13  0005              #pragma debug union_end
  13  0005              #pragma debug union_end
  13  0005              #pragma debug variable 64 1 ___scc "__scc" 1
  13  0005              #pragma debug struct_end
  13  0005              #pragma debug struct_end
  13  0005              #pragma debug union_end
  13  0005              #pragma debug union_end
  13  0005              #pragma debug variable 66 1 ___wdtc "__wdtc" 1
  13  0005              #pragma debug struct_end
  13  0005              #pragma debug struct_end
  13  0005              #pragma debug union_end
  13  0005              #pragma debug union_end
  13  0005              #pragma debug variable 68 1 ___ifs2 "__ifs2" 1
  13  0005              extern r1:byte
  13  0005              extern r2:byte
  13  0005              extern r3:byte
  18  0005              #line 18 "C:\Users\User\Desktop\U2 STD\U2_3_1.c"
  18  0000              @code .section at 0 'code'
  18  0000  1F0B        	clr bp
  18  0001  2800     R  	jmp _main_startup1
  18  0002              
  18  0002              
  18  0002              ; 
  18  0002              ; Generated by holtek-gcc v3.23, Wed May 13 11:28:30 2026
  18  0002              ; Rebuild 1114
  18  0002              ; end of file


        0 Errors, 0