"File: U2_3_2.c      Assembler  Version HGASM0202      Page 1


   1  0000              ; Generated by holtek-gcc v3.23, Wed May 13 11:26:52 2026
   2  0000              ; 
   3  0000              ; Configuration:
   4  0000              ;       with long instruction
   5  0000              ;       Multi-ROM, Multi-RAM
   6  0000              ;       bits_per_rom_unit:16
   7  0000              ;       with mp1
   8  0000              ;       with tbhp, address(0x9)
   9  0000              ;          Use tabrd-const
  10  0000              ;       
  11  0000              ; SFR address of long-instruction arch:
  12  0000              ;    mp0 = -1,1,0
  13  0000              ;    mp1 = 4,3,2
  14  0000              ;    mp2 = 14,13,12
  15  0000              ;    tbp = 9,7,8
  16  0000              ;    acc = 5
  17  0000              ;    pcl = 6
  18  0000              ;    status = 10
  19  0000              ;    bp = 11
  20  0000              ;    intc = 16
  21  0000              ;       
  22  0000              ;       
  23  0000              ; use 'tabrdc' instead of 'tabrd'
  24  0000              ;       
  25  0000              
  26  0000              #pragma translator "holtek-gcc 4.6.4" "3.23" "build 20130711"
  27  0000              ; Rebuild 1114
  28  0000              
  29  0000              ir equ [2]
  30  0000              mp equ [3]
  31  0000              sbp equ [4]
  32  0000              acc equ [5]
  33  0000              bp equ [11]
  34  0000              tblp equ [7]
  35  0000              tbhp equ [9]
  36  0000              status equ [10]
  37  0000              c equ [10].0
  38  0000              ac equ [10].1
  39  0000              z equ [10].2
  40  0000              ov equ [10].3
  41  0000              cz equ [10].6
  42  0000              sc equ [10].7
  43  0000              intc equ [16]
  44  0000              mduwr0 equ [59h]
  45  0000              mduwr1 equ [5ah]
  46  0000              mduwr2 equ [5bh]
  47  0000              mduwr3 equ [5ch]
  48  0000              mduwr4 equ [5dh]
  49  0000              mduwr5 equ [5eh]
  50  0000              mduwrctrl equ [5fh]
  51  0000              
  52  0000              extern ra:byte
  53  0000              extern rb:byte
  54  0000              extern rc:byte
  55  0000              extern rd:byte
  56  0000              extern re:byte
  57  0000              extern rf:byte
  58  0000              extern rg:byte
  59  0000              extern rh:byte
"File: U2_3_2.ASM    Assembler  Version HGASM0202      Page 2

  60  0000              extern _Crom2Prom:near
  61  0000              extern _Crom2PromNext:near
  62  0000              
  63  0000              RAMBANK 0 @BITDATASEC, @BITDATASEC1
  64  0000              @HCCINIT	.section 'data'
  65  0000              @HCCINIT0	.section 'data'
  66  0000              @BITDATASEC	 .section 'data'
  67  0000              @BITDATASEC1	 .section 'data'
  68  0000              
  69  0000              #pragma debug scope 1 1
  70  0000              	extern __DELAY3:near
  71  0000              	extern __DELAYX3:near
  72  0000              	extern __DELAYX6:near
  73  0000              	extern __DELAYY5:near
  74  0000              	extern __DELAYY3:near
  75  0000              	extern _builtin_holtek_delay_2:byte
  76  0000              ___pg equ [39]
  77  0000              ___intc0 equ [16]
  78  0000              public _ISR_Int1
  79  0000              #pragma debug scope 2 1

  63  0000              #line 63 "C:\Users\User\Desktop\U2 STD\U2_3_2.c"
  63  0000              rombank 0 @ISR_Int1_code
  63  0000              @ISR_Int1_code .section at 8 'code'
  63  0000  0080     E  	mov r1,a
  63  0001  070B        	mov a,bp
  63  0002  1F0B        	clr bp
  63  0003  2800     R  	jmp _ISR_Int1
  63  0004              ROMBANK 0 _ISR_Int1
  63  0004              #pragma debug scope 1 1
  63  0004              @dummy8 endp
  63  0004              #pragma debug scope 3 1
  63  0000              _ISR_Int1 .section 'code'
  63  0000              _ISR_Int1 proc
  63  0000  0080     E  	mov r2,a
  63  0001  070A        	mov a, status
  63  0002  0080     E  	mov r3,a
  64  0003              #line 64 "C:\Users\User\Desktop\U2 STD\U2_3_2.c"
  64  0003  0F80        	mov a,128
  64  0004  00A7        	mov [39],a
  64  0005              _L5:
  66  0005              #line 66 "C:\Users\User\Desktop\U2 STD\U2_3_2.c"
  66  0005              ;# 66 "C:\Users\User\Desktop\U2 STD\U2_3_2.c" 1
  66  0005  18A7        	rl [39]
  66  0006  0F32        	mov a,50
  66  0007  0080     E  	mov ra,a
  66  0008              _L3:
  67  0008              #line 67 "C:\Users\User\Desktop\U2 STD\U2_3_2.c"
  67  0008              ;# 67 "C:\Users\User\Desktop\U2 STD\U2_3_2.c" 1
  67  0008              	IF 20000>263690
  67  0008              ;# 67 "C:\Users\User\Desktop\U2 STD\U2_3_2.c" 1
  67  0008              	ERRMESSAGE 'the value 20000of the argument exceeds the maxinum 263690'
  67  0008              	ENDIF
  67  0008              ;# 67 "C:\Users\User\Desktop\U2 STD\U2_3_2.c" 1
  67  0008              	IF 20000<0
  67  0008              ;# 67 "C:\Users\User\Desktop\U2 STD\U2_3_2.c" 1
  67  0008              	ERRMESSAGE 'the value 20000 of the argument exceeds the mininum 0'
  67  0008              	ENDIF
  67  0008              ;# 67 "C:\Users\User\Desktop\U2 STD\U2_3_2.c" 1
  67  0008              	IF 20000==0
"File: U2_3_2.c      Assembler  Version HGASM0202      Page 3

  67  0008              ;# 67 "C:\Users\User\Desktop\U2 STD\U2_3_2.c" 1
  67  0008              	JMP $
  67  0008              	ENDIF
  67  0008              ;# 67 "C:\Users\User\Desktop\U2 STD\U2_3_2.c" 1
  67  0008              	IF (20000>=1) AND (20000<( 4 + __PBP__ * 2))
  67  0008              ;# 67 "C:\Users\User\Desktop\U2 STD\U2_3_2.c" 1
  67  0008              	NOP
  67  0008              	ENDIF
  67  0008              ;# 67 "C:\Users\User\Desktop\U2 STD\U2_3_2.c" 1
  67  0008              	IF (20000>=2) AND (20000<( 4 + __PBP__ * 2))
  67  0008              ;# 67 "C:\Users\User\Desktop\U2 STD\U2_3_2.c" 1
  67  0008              	NOP
  67  0008              	ENDIF
  67  0008              ;# 67 "C:\Users\User\Desktop\U2 STD\U2_3_2.c" 1
  67  0008              	IF (20000>=3) AND (20000<( 4 + __PBP__ * 2))
  67  0008              ;# 67 "C:\Users\User\Desktop\U2 STD\U2_3_2.c" 1
  67  0008              	NOP
  67  0008              	ENDIF
  67  0008              ;# 67 "C:\Users\User\Desktop\U2 STD\U2_3_2.c" 1
  67  0008              	IF (20000>=4) AND (20000<( 4 + __PBP__ * 2)) AND ( __PBP__ > 0 )
  67  0008              ;# 67 "C:\Users\User\Desktop\U2 STD\U2_3_2.c" 1
  67  0008              	NOP
  67  0008              	ENDIF
  67  0008              ;# 67 "C:\Users\User\Desktop\U2 STD\U2_3_2.c" 1
  67  0008              	IF (20000>=5) AND (20000<( 4 + __PBP__ * 2)) AND ( __PBP__ > 0 )
  67  0008              ;# 67 "C:\Users\User\Desktop\U2 STD\U2_3_2.c" 1
  67  0008              	NOP
  67  0008              	ENDIF
  67  0008              ;# 67 "C:\Users\User\Desktop\U2 STD\U2_3_2.c" 1
  67  0008              	IF (20000>=6) AND (20000<( 4 + __PBP__ * 2))  AND ( __PBP__ > 1 )
  67  0008              ;# 67 "C:\Users\User\Desktop\U2 STD\U2_3_2.c" 1
  67  0008              	NOP
  67  0008              	ENDIF
  67  0008              ;# 67 "C:\Users\User\Desktop\U2 STD\U2_3_2.c" 1
  67  0008              	IF (20000>=7) AND (20000<( 4 + __PBP__ * 2))  AND ( __PBP__ > 1 )
  67  0008              ;# 67 "C:\Users\User\Desktop\U2 STD\U2_3_2.c" 1
  67  0008              	NOP
  67  0008              	ENDIF
  67  0008              ;# 67 "C:\Users\User\Desktop\U2 STD\U2_3_2.c" 1
  67  0008              	IF (20000>=8) AND (20000<( 4 + __PBP__ * 2))  AND ( __PBP__ > 2 )
  67  0008              ;# 67 "C:\Users\User\Desktop\U2 STD\U2_3_2.c" 1
  67  0008              	NOP
  67  0008              	ENDIF
  67  0008              ;# 67 "C:\Users\User\Desktop\U2 STD\U2_3_2.c" 1
  67  0008              	IF (20000==9)  AND ( __PBP__ > 2 )
  67  0008              ;# 67 "C:\Users\User\Desktop\U2 STD\U2_3_2.c" 1
  67  0008              	NOP
  67  0008              	ENDIF
  67  0008              ;# 67 "C:\Users\User\Desktop\U2 STD\U2_3_2.c" 1
  67  0008              	IF (20000< ( 8 + __PBP__ * 2)) AND (20000>( 3 + __PBP__ * 2))
  67  0008              ;# 67 "C:\Users\User\Desktop\U2 STD\U2_3_2.c" 1
  67  0008              	fcall __DELAY3 + ( 7 + __PBP__ * 2) -20000
  67  0008              	ENDIF
  67  0008              ;# 67 "C:\Users\User\Desktop\U2 STD\U2_3_2.c" 1
  67  0008              	IF (20000< ( 0404h + __PBP__ * 2)) AND (20000>( 7 + __PBP__ * 2))
  67  0008              ;# 67 "C:\Users\User\Desktop\U2 STD\U2_3_2.c" 1
  67  0008              	MOV A,(20000-( 4 + __PBP__ * 2))/4
  67  0008              ;# 67 "C:\Users\User\Desktop\U2 STD\U2_3_2.c" 1
  67  0008              	fcall __DELAYX3 + 3 -((20000-( 4 + __PBP__ * 2)) MOD 4) 
  67  0008              	ENDIF
"File: U2_3_2.c      Assembler  Version HGASM0202      Page 4

  67  0008              ;# 67 "C:\Users\User\Desktop\U2 STD\U2_3_2.c" 1
  67  0008              	IF (20000< ( 040bh + __PBP__ * 2)) AND (20000> ( 0403h + __PBP__ * 2))
  67  0008              ;# 67 "C:\Users\User\Desktop\U2 STD\U2_3_2.c" 1
  67  0008              	MOV A,0 
  67  0008              ;# 67 "C:\Users\User\Desktop\U2 STD\U2_3_2.c" 1
  67  0008              	fcall __DELAYX6 + ( 040ah + __PBP__ * 2) -20000
  67  0008              	ENDIF
  67  0008              ;# 67 "C:\Users\User\Desktop\U2 STD\U2_3_2.c" 1
  67  0008              	IF (20000 >= ( 040bh + __PBP__ * 2)) AND ((((20000-( 9 + __PBP__ * 2))%0402h)/4+1)>256)
  67  0008              ;# 67 "C:\Users\User\Desktop\U2 STD\U2_3_2.c" 1
  67  0008              	MOV A,(20000-( 9 + __PBP__ * 2))/0402h
  67  0008              ;# 67 "C:\Users\User\Desktop\U2 STD\U2_3_2.c" 1
  67  0008              	MOV _builtin_holtek_delay_2,A
  67  0008              ;# 67 "C:\Users\User\Desktop\U2 STD\U2_3_2.c" 1
  67  0008              	MOV A,0
  67  0008              ;# 67 "C:\Users\User\Desktop\U2 STD\U2_3_2.c" 1
  67  0008              	fcall __DELAYY5 +5- (((20000-( 9 + __PBP__ * 2))%0402h)%6) 
  67  0008              	ENDIF
  67  0008              ;# 67 "C:\Users\User\Desktop\U2 STD\U2_3_2.c" 1
  67  0008              	IF (20000 >= ( 040bh + __PBP__ * 2)) AND ((((20000-( 9 + __PBP__ * 2))%0402h)/4+1)<=256)
  67  0008              ;# 67 "C:\Users\User\Desktop\U2 STD\U2_3_2.c" 1
  67  0008  0F13        	MOV A,(20000-( 9 + __PBP__ * 2))/0402h
  67  0009              ;# 67 "C:\Users\User\Desktop\U2 STD\U2_3_2.c" 1
  67  0009  0080     E  	MOV _builtin_holtek_delay_2,A
  67  000A              ;# 67 "C:\Users\User\Desktop\U2 STD\U2_3_2.c" 1
  67  000A  0F7B        	MOV A,((20000-( 9 + __PBP__ * 2))%0402h)/4+1
  67  000B              ;# 67 "C:\Users\User\Desktop\U2 STD\U2_3_2.c" 1
  67  000B              	fcall __DELAYY3 +3-(((20000-( 9 + __PBP__ * 2))%0402h)%4) 
  67  0012              	ENDIF
  67  0012  1780     E  	sdz ra
  67  0013  2800     R  	jmp _L3
  68  0014              #line 68 "C:\Users\User\Desktop\U2 STD\U2_3_2.c"
  68  0014  0727        	mov a,[39]
  68  0015  0A40        	sub a,64
  68  0016  390A        	snz z
  68  0017  2800     R  	jmp _L5
  69  0018              #line 69 "C:\Users\User\Desktop\U2 STD\U2_3_2.c"
  69  0018  3690        	clr [16].5
  70  0019              #line 70 "C:\Users\User\Desktop\U2 STD\U2_3_2.c"
  70  0019              ;# 70 "C:\Users\User\Desktop\U2 STD\U2_3_2.c" 1
  70  0019  0001        	clr wdt
  70  001A  0700     E  	mov a,r2
  70  001B  008B        	mov bp,a
  70  001C  0700     E  	mov a,r3
  70  001D  008A        	mov status,a
  70  001E  0700     E  	mov a,r1
  70  001F  0004        	reti
  70  0020              _ISR_Int1 endp
  70  0020              
  70  0020              #line 70 "C:\Users\User\Desktop\U2 STD\U2_3_2.c"
  70  0020              #pragma debug scope 1 1
  70  0020              public _Delayms
  70  0020              #pragma debug scope 4 1
  73  0020              #line 73 "C:\Users\User\Desktop\U2 STD\U2_3_2.c"
  73  0000              _Delayms .section 'code'
  73  0000              _Delayms proc
  73  0000              public _Delayms_2
  73  0000  0002[           local _Delayms_2 db 2 dup(?)	; 2,0
            00
            ]
"File: U2_3_2.c      Assembler  Version HGASM0202      Page 5

  73  0002              #pragma debug variable 10 4 _Delayms_2+0 "del"
  74  0002              #line 74 "C:\Users\User\Desktop\U2 STD\U2_3_2.c"
  74  0000  1F00     E  	clr rb
  74  0001  1F00     E  	clr rc
  74  0002  2800     R  	jmp _L8
  74  0003              _L9:
  74  0003              #line 74 "C:\Users\User\Desktop\U2 STD\U2_3_2.c"
  74  0003              ;# 74 "C:\Users\User\Desktop\U2 STD\U2_3_2.c" 1
  74  0003              	IF 2000>263690
  74  0003              ;# 74 "C:\Users\User\Desktop\U2 STD\U2_3_2.c" 1
  74  0003              	ERRMESSAGE 'the value 2000of the argument exceeds the maxinum 263690'
  74  0003              	ENDIF
  74  0003              ;# 74 "C:\Users\User\Desktop\U2 STD\U2_3_2.c" 1
  74  0003              	IF 2000<0
  74  0003              ;# 74 "C:\Users\User\Desktop\U2 STD\U2_3_2.c" 1
  74  0003              	ERRMESSAGE 'the value 2000 of the argument exceeds the mininum 0'
  74  0003              	ENDIF
  74  0003              ;# 74 "C:\Users\User\Desktop\U2 STD\U2_3_2.c" 1
  74  0003              	IF 2000==0
  74  0003              ;# 74 "C:\Users\User\Desktop\U2 STD\U2_3_2.c" 1
  74  0003              	JMP $
  74  0003              	ENDIF
  74  0003              ;# 74 "C:\Users\User\Desktop\U2 STD\U2_3_2.c" 1
  74  0003              	IF (2000>=1) AND (2000<( 4 + __PBP__ * 2))
  74  0003              ;# 74 "C:\Users\User\Desktop\U2 STD\U2_3_2.c" 1
  74  0003              	NOP
  74  0003              	ENDIF
  74  0003              ;# 74 "C:\Users\User\Desktop\U2 STD\U2_3_2.c" 1
  74  0003              	IF (2000>=2) AND (2000<( 4 + __PBP__ * 2))
  74  0003              ;# 74 "C:\Users\User\Desktop\U2 STD\U2_3_2.c" 1
  74  0003              	NOP
  74  0003              	ENDIF
  74  0003              ;# 74 "C:\Users\User\Desktop\U2 STD\U2_3_2.c" 1
  74  0003              	IF (2000>=3) AND (2000<( 4 + __PBP__ * 2))
  74  0003              ;# 74 "C:\Users\User\Desktop\U2 STD\U2_3_2.c" 1
  74  0003              	NOP
  74  0003              	ENDIF
  74  0003              ;# 74 "C:\Users\User\Desktop\U2 STD\U2_3_2.c" 1
  74  0003              	IF (2000>=4) AND (2000<( 4 + __PBP__ * 2)) AND ( __PBP__ > 0 )
  74  0003              ;# 74 "C:\Users\User\Desktop\U2 STD\U2_3_2.c" 1
  74  0003              	NOP
  74  0003              	ENDIF
  74  0003              ;# 74 "C:\Users\User\Desktop\U2 STD\U2_3_2.c" 1
  74  0003              	IF (2000>=5) AND (2000<( 4 + __PBP__ * 2)) AND ( __PBP__ > 0 )
  74  0003              ;# 74 "C:\Users\User\Desktop\U2 STD\U2_3_2.c" 1
  74  0003              	NOP
  74  0003              	ENDIF
  74  0003              ;# 74 "C:\Users\User\Desktop\U2 STD\U2_3_2.c" 1
  74  0003              	IF (2000>=6) AND (2000<( 4 + __PBP__ * 2))  AND ( __PBP__ > 1 )
  74  0003              ;# 74 "C:\Users\User\Desktop\U2 STD\U2_3_2.c" 1
  74  0003              	NOP
  74  0003              	ENDIF
  74  0003              ;# 74 "C:\Users\User\Desktop\U2 STD\U2_3_2.c" 1
  74  0003              	IF (2000>=7) AND (2000<( 4 + __PBP__ * 2))  AND ( __PBP__ > 1 )
  74  0003              ;# 74 "C:\Users\User\Desktop\U2 STD\U2_3_2.c" 1
  74  0003              	NOP
  74  0003              	ENDIF
  74  0003              ;# 74 "C:\Users\User\Desktop\U2 STD\U2_3_2.c" 1
  74  0003              	IF (2000>=8) AND (2000<( 4 + __PBP__ * 2))  AND ( __PBP__ > 2 )
  74  0003              ;# 74 "C:\Users\User\Desktop\U2 STD\U2_3_2.c" 1
"File: U2_3_2.c      Assembler  Version HGASM0202      Page 6

  74  0003              	NOP
  74  0003              	ENDIF
  74  0003              ;# 74 "C:\Users\User\Desktop\U2 STD\U2_3_2.c" 1
  74  0003              	IF (2000==9)  AND ( __PBP__ > 2 )
  74  0003              ;# 74 "C:\Users\User\Desktop\U2 STD\U2_3_2.c" 1
  74  0003              	NOP
  74  0003              	ENDIF
  74  0003              ;# 74 "C:\Users\User\Desktop\U2 STD\U2_3_2.c" 1
  74  0003              	IF (2000< ( 8 + __PBP__ * 2)) AND (2000>( 3 + __PBP__ * 2))
  74  0003              ;# 74 "C:\Users\User\Desktop\U2 STD\U2_3_2.c" 1
  74  0003              	fcall __DELAY3 + ( 7 + __PBP__ * 2) -2000
  74  0003              	ENDIF
  74  0003              ;# 74 "C:\Users\User\Desktop\U2 STD\U2_3_2.c" 1
  74  0003              	IF (2000< ( 0404h + __PBP__ * 2)) AND (2000>( 7 + __PBP__ * 2))
  74  0003              ;# 74 "C:\Users\User\Desktop\U2 STD\U2_3_2.c" 1
  74  0003              	MOV A,(2000-( 4 + __PBP__ * 2))/4
  74  0003              ;# 74 "C:\Users\User\Desktop\U2 STD\U2_3_2.c" 1
  74  0003              	fcall __DELAYX3 + 3 -((2000-( 4 + __PBP__ * 2)) MOD 4) 
  74  0003              	ENDIF
  74  0003              ;# 74 "C:\Users\User\Desktop\U2 STD\U2_3_2.c" 1
  74  0003              	IF (2000< ( 040bh + __PBP__ * 2)) AND (2000> ( 0403h + __PBP__ * 2))
  74  0003              ;# 74 "C:\Users\User\Desktop\U2 STD\U2_3_2.c" 1
  74  0003              	MOV A,0 
  74  0003              ;# 74 "C:\Users\User\Desktop\U2 STD\U2_3_2.c" 1
  74  0003              	fcall __DELAYX6 + ( 040ah + __PBP__ * 2) -2000
  74  0003              	ENDIF
  74  0003              ;# 74 "C:\Users\User\Desktop\U2 STD\U2_3_2.c" 1
  74  0003              	IF (2000 >= ( 040bh + __PBP__ * 2)) AND ((((2000-( 9 + __PBP__ * 2))%0402h)/4+1)>256)
  74  0003              ;# 74 "C:\Users\User\Desktop\U2 STD\U2_3_2.c" 1
  74  0003              	MOV A,(2000-( 9 + __PBP__ * 2))/0402h
  74  0003              ;# 74 "C:\Users\User\Desktop\U2 STD\U2_3_2.c" 1
  74  0003              	MOV _builtin_holtek_delay_2,A
  74  0003              ;# 74 "C:\Users\User\Desktop\U2 STD\U2_3_2.c" 1
  74  0003              	MOV A,0
  74  0003              ;# 74 "C:\Users\User\Desktop\U2 STD\U2_3_2.c" 1
  74  0003              	fcall __DELAYY5 +5- (((2000-( 9 + __PBP__ * 2))%0402h)%6) 
  74  0003              	ENDIF
  74  0003              ;# 74 "C:\Users\User\Desktop\U2 STD\U2_3_2.c" 1
  74  0003              	IF (2000 >= ( 040bh + __PBP__ * 2)) AND ((((2000-( 9 + __PBP__ * 2))%0402h)/4+1)<=256)
  74  0003              ;# 74 "C:\Users\User\Desktop\U2 STD\U2_3_2.c" 1
  74  0003  0F01        	MOV A,(2000-( 9 + __PBP__ * 2))/0402h
  74  0004              ;# 74 "C:\Users\User\Desktop\U2 STD\U2_3_2.c" 1
  74  0004  0080     E  	MOV _builtin_holtek_delay_2,A
  74  0005              ;# 74 "C:\Users\User\Desktop\U2 STD\U2_3_2.c" 1
  74  0005  0FF0        	MOV A,((2000-( 9 + __PBP__ * 2))%0402h)/4+1
  74  0006              ;# 74 "C:\Users\User\Desktop\U2 STD\U2_3_2.c" 1
  74  0006              	fcall __DELAYY3 +3-(((2000-( 9 + __PBP__ * 2))%0402h)%4) 
  74  000D              	ENDIF
  74  000D  1480     E  	inc rb
  74  000E  3D0A        	sz z
  74  000F  1480     E  	inc rc
  74  0010              _L8:
  74  0010  0700     E  	mov a,rb
  74  0011  0200     R  	sub a,_Delayms_2[0]
  74  0012  0700     E  	mov a,rc
  74  0013  1200     R  	sbc a,_Delayms_2[1]
  74  0014  3B0A        	snz cz
  74  0015  2800     R  	jmp _L9
  74  0016  0003        	ret
  74  0017              _Delayms endp
"File: U2_3_2.c      Assembler  Version HGASM0202      Page 7

  74  0017              #line 74 "C:\Users\User\Desktop\U2 STD\U2_3_2.c"
  74  0017              #pragma debug scope 1 1
  74  0017              public _WDT_WakeUp
  74  0017              #pragma debug scope 5 1
  56  0017              #line 56 "C:\Users\User\Desktop\U2 STD\U2_3_2.c"
  56  0000              _WDT_WakeUp .section 'code'
  56  0000              _WDT_WakeUp proc
  56  0000  00              local _WDT_WakeUp_2 db 1 dup(?)	; 0,1
  56  0000  0F0A        	mov a,10
  56  0001  0080     R  	mov _WDT_WakeUp_2[0],a
  56  0002              _L12:
  58  0002              #line 58 "C:\Users\User\Desktop\U2 STD\U2_3_2.c"
  58  0002  0127        	cpla [39]
  58  0003  00A7        	mov [39],a
  59  0004              #line 59 "C:\Users\User\Desktop\U2 STD\U2_3_2.c"
  59  0004  0F64        	mov a,100
  59  0005  0080     R  	mov _Delayms_2[0],a
  59  0006  1F00     R  	clr _Delayms_2[1]
  59  0007              	fcall _Delayms
  59  000E  1780     R  	sdz _WDT_WakeUp_2[0]
  59  000F  2800     R  	jmp _L12
  59  0010  0003        	ret
  59  0011              _WDT_WakeUp endp
  59  0011              #line 59 "C:\Users\User\Desktop\U2 STD\U2_3_2.c"
  59  0011              #pragma debug scope 1 1
  59  0011              ___wdtc equ [62]
  59  0011              ___pgc equ [40]
  59  0011              ___pac equ [21]
  59  0011              ___papu equ [22]
  59  0011              ___pawu equ [23]
  59  0011              ___ifs2 equ [330]
  59  0011              ___integ equ [57]
  59  0011              ___scc equ [58]
  59  0011              ___rstc equ [46]
  59  0011              ___status equ [10]
  59  0011              ___pa equ [20]
  59  0011              public _main
  59  0011              #pragma debug scope 6 1
  19  0011              #line 19 "C:\Users\User\Desktop\U2 STD\U2_3_2.c"
  19  0011              IFDEF WITH_DEFAULT_STARTUP
  19  0011              extern _main_initial0:near
  19  0011              extern _main_startup:near
  19  0011              ENDIF
  19  0011              
  19  0011              ROMBANK 0 @start
  19  0000              @start .section com_l 'code'
  19  0000              _main_startup1:
  19  0000              @start .section com_e 'code'
  19  0000  0F00     R  	mov a,bank _main
  19  0001  008B        	mov bp,a
  19  0002  2800     R  	jmp _main
  19  0003              
  19  0000              _main .section 'code'
  19  0000              _main proc
  19  0000  0002[           local _main_2 db 2 dup(?)
            00
            ]
  21  0002              #line 21 "C:\Users\User\Desktop\U2 STD\U2_3_2.c"
  21  0000  0F56        	mov a,86
  21  0001  00BE        	mov [62],a
"File: U2_3_2.c      Assembler  Version HGASM0202      Page 8

  22  0002              #line 22 "C:\Users\User\Desktop\U2 STD\U2_3_2.c"
  22  0002  1F27        	clr [39]
  22  0003  1F28        	clr [40]
  23  0004              #line 23 "C:\Users\User\Desktop\U2 STD\U2_3_2.c"
  23  0004  3095        	set [21].1
  23  0005  3096        	set [22].1
  23  0006  3097        	set [23].1
  24  0007              #line 24 "C:\Users\User\Desktop\U2 STD\U2_3_2.c"
  24  0007  3396        	set [22].7
  24  0008  B0CA 0001   	lset [330].1
  25  000A              #line 25 "C:\Users\User\Desktop\U2 STD\U2_3_2.c"
  25  000A  0F08        	mov a,8
  25  000B  00B9        	mov [57],a
  26  000C              #line 26 "C:\Users\User\Desktop\U2 STD\U2_3_2.c"
  26  000C  34BA        	clr [58].1
  26  000D  343A        	clr [58].0
  27  000E              #line 27 "C:\Users\User\Desktop\U2 STD\U2_3_2.c"
  27  000E  0F2C        	mov a,44
  27  000F  0080     R  	mov _Delayms_2[0],a
  27  0010  0F01        	mov a,1
  27  0011  0080     R  	mov _Delayms_2[1],a
  27  0012              	fcall _Delayms
  27  0019  0FAA        	mov a,170
  27  001A  00AE        	mov [46],a
  28  001B              #line 28 "C:\Users\User\Desktop\U2 STD\U2_3_2.c"
  28  001B  3A0A        	snz [10].4
  28  001C  2800     R  	jmp _L14
  29  001D              #line 29 "C:\Users\User\Desktop\U2 STD\U2_3_2.c"
  29  001D  3A8A        	snz [10].5
  29  001E  2800     R  	jmp _L22
  29  001F              	fcall _WDT_WakeUp
  29  0026  2800     R  	jmp _L22
  29  0027              _L14:
  33  0027              #line 33 "C:\Users\User\Desktop\U2 STD\U2_3_2.c"
  33  0027  1F00     R  	clr ___Index_2994[0]
  33  0028              _L16:
  36  0028              #line 36 "C:\Users\User\Desktop\U2 STD\U2_3_2.c"
  36  0028  0700     R  	mov a,___Index_2994[0]
  36  0029  0080     R  	mov _main_2[1],a
  36  002A  0F00     R  	mov a,low offset _SEG_TAB
  36  002B  0300     R  	add a,_main_2[1]
  36  002C  0083        	mov mp,a
  36  002D  0F00     R  	mov a,high offset _SEG_TAB
  36  002E  1F04        	clr sbp
  36  002F  1384        	adcm a,sbp
  36  0030              	fcall _Crom2Prom
  36  0037  00A7        	mov [39],a
  37  0038              #line 37 "C:\Users\User\Desktop\U2 STD\U2_3_2.c"
  37  0038  0FC8        	mov a,-56
  37  0039  0080     R  	mov _Delayms_2[0],a
  37  003A  1F00     R  	clr _Delayms_2[1]
  37  003B              	fcall _Delayms
  37  0042  0F32        	mov a,50
  37  0043  0080     R  	mov _main_2[0],a
  37  0044              _L20:
  40  0044              #line 40 "C:\Users\User\Desktop\U2 STD\U2_3_2.c"
  40  0044  0F64        	mov a,100
  40  0045  0080     R  	mov _Delayms_2[0],a
  40  0046  1F00     R  	clr _Delayms_2[1]
  40  0047              	fcall _Delayms
"File: U2_3_2.c      Assembler  Version HGASM0202      Page 9

  41  004E              #line 41 "C:\Users\User\Desktop\U2 STD\U2_3_2.c"
  41  004E              ;# 41 "C:\Users\User\Desktop\U2 STD\U2_3_2.c" 1
  41  004E  0001        	clr wdt
  41  004F  1780     R  	sdz _main_2[0]
  41  0050  2800     R  	jmp _L18
  43  0051              #line 43 "C:\Users\User\Desktop\U2 STD\U2_3_2.c"
  43  0051  1F27        	clr [39]
  44  0052              #line 44 "C:\Users\User\Desktop\U2 STD\U2_3_2.c"
  44  0052  3690        	clr [16].5
  45  0053              #line 45 "C:\Users\User\Desktop\U2 STD\U2_3_2.c"
  45  0053  3010        	set [16].0
  45  0054  3110        	set [16].2
  46  0055              #line 46 "C:\Users\User\Desktop\U2 STD\U2_3_2.c"
  46  0055              ;# 46 "C:\Users\User\Desktop\U2 STD\U2_3_2.c" 1
  46  0055  0002        	halt
  47  0056              #line 47 "C:\Users\User\Desktop\U2 STD\U2_3_2.c"
  47  0056  3410        	clr [16].0
  47  0057  3510        	clr [16].2
  48  0058              #line 48 "C:\Users\User\Desktop\U2 STD\U2_3_2.c"
  48  0058  2800     R  	jmp _L19
  48  0059              _L18:
  50  0059              #line 50 "C:\Users\User\Desktop\U2 STD\U2_3_2.c"
  50  0059  3C94        	sz [20].1
  50  005A  2800     R  	jmp _L20
  50  005B              _L19:
  51  005B              #line 51 "C:\Users\User\Desktop\U2 STD\U2_3_2.c"
  51  005B  1400     R  	inca _main_2[1]
  51  005C  0080     E  	mov ra,a
  51  005D  0700     E  	mov a,ra
  51  005E  0A0A        	sub a,10
  51  005F  3D0A        	sz z
  51  0060  2800     R  	jmp _L21
  51  0061  0700     E  	mov a,ra
  51  0062  0080     R  	mov ___Index_2994[0],a
  51  0063  2800     R  	jmp _L22
  51  0064              _L21:
  51  0064  1F00     R  	clr ___Index_2994[0]
  51  0065              _L22:
  52  0065              #line 52 "C:\Users\User\Desktop\U2 STD\U2_3_2.c"
  52  0065              ;# 52 "C:\Users\User\Desktop\U2 STD\U2_3_2.c" 1
  52  0065  0001        	clr wdt
  53  0066              #line 53 "C:\Users\User\Desktop\U2 STD\U2_3_2.c"
  53  0066  2800     R  	jmp _L16
  53  0067  2800     R  	jmp $
  53  0068              _main endp
  53  0068              
  53  0068              @dummy endp
  53  0068              
  53  0068              #line 53 "C:\Users\User\Desktop\U2 STD\U2_3_2.c"
  53  0068              #pragma debug scope 1 1
  53  0000              @HCCINIT0___Index_2994 .section 'data'
  53  0000              ___Index_2994	db 0
  53  0001              #pragma debug variable 8 6 ___Index_2994 "Index"
  53  0001              
  53  0000              @HCCINIT .section 'data'
  53  0000              public _SEG_TAB
  53  0000              @crom	.section 'crom'
  13  0000              #line 13 "C:\Users\User\Desktop\U2 STD\U2_3_2.c"
  13  0000              @crom	.section	'crom'
  13  0000              _SEG_TAB:
"File: U2_3_2.c      Assembler  Version HGASM0202      Page 10

  13  0000              #pragma debug array 42 8 10 1
  13  0000              #pragma debug array 42 8 10 1
  13  0000              #pragma debug variable 42 1 _SEG_TAB "SEG_TAB"
  13  0000              	db 63
  13  0001              	db 6
  13  0001              	db 91
  13  0002              	db 79
  13  0002              	db 102
  13  0003              	db 109
  13  0003              	db 125
  13  0004              	db 7
  13  0004              	db 127
  13  0005              	db 103
  13  0005              #pragma debug struct_end
  13  0005              #pragma debug struct_end
  13  0005              #pragma debug union_end
  13  0005              #pragma debug union_end
  13  0005              #pragma debug variable 44 1 ___status "__status" 1
  13  0005              #pragma debug struct_end
  13  0005              #pragma debug struct_end
  13  0005              #pragma debug union_end
  13  0005              #pragma debug union_end
  13  0005              #pragma debug variable 46 1 ___intc0 "__intc0" 1
  13  0005              #pragma debug struct_end
  13  0005              #pragma debug struct_end
  13  0005              #pragma debug union_end
  13  0005              #pragma debug union_end
  13  0005              #pragma debug variable 48 1 ___pa "__pa" 1
  13  0005              #pragma debug struct_end
  13  0005              #pragma debug struct_end
  13  0005              #pragma debug union_end
  13  0005              #pragma debug union_end
  13  0005              #pragma debug variable 50 1 ___pac "__pac" 1
  13  0005              #pragma debug struct_end
  13  0005              #pragma debug struct_end
  13  0005              #pragma debug union_end
  13  0005              #pragma debug union_end
  13  0005              #pragma debug variable 52 1 ___papu "__papu" 1
  13  0005              #pragma debug struct_end
  13  0005              #pragma debug struct_end
  13  0005              #pragma debug union_end
  13  0005              #pragma debug union_end
  13  0005              #pragma debug variable 54 1 ___pawu "__pawu" 1
  13  0005              #pragma debug struct_end
  13  0005              #pragma debug struct_end
  13  0005              #pragma debug union_end
  13  0005              #pragma debug union_end
  13  0005              #pragma debug variable 56 1 ___pg "__pg" 1
  13  0005              #pragma debug struct_end
  13  0005              #pragma debug struct_end
  13  0005              #pragma debug union_end
  13  0005              #pragma debug union_end
  13  0005              #pragma debug variable 58 1 ___pgc "__pgc" 1
  13  0005              #pragma debug struct_end
  13  0005              #pragma debug struct_end
  13  0005              #pragma debug union_end
  13  0005              #pragma debug union_end
  13  0005              #pragma debug variable 60 1 ___rstc "__rstc" 1
  13  0005              #pragma debug struct_end
  13  0005              #pragma debug struct_end
"File: U2_3_2.c      Assembler  Version HGASM0202      Page 11

  13  0005              #pragma debug union_end
  13  0005              #pragma debug union_end
  13  0005              #pragma debug variable 62 1 ___integ "__integ" 1
  13  0005              #pragma debug struct_end
  13  0005              #pragma debug struct_end
  13  0005              #pragma debug union_end
  13  0005              #pragma debug union_end
  13  0005              #pragma debug variable 64 1 ___scc "__scc" 1
  13  0005              #pragma debug struct_end
  13  0005              #pragma debug struct_end
  13  0005              #pragma debug union_end
  13  0005              #pragma debug union_end
  13  0005              #pragma debug variable 66 1 ___wdtc "__wdtc" 1
  13  0005              #pragma debug struct_end
  13  0005              #pragma debug struct_end
  13  0005              #pragma debug union_end
  13  0005              #pragma debug union_end
  13  0005              #pragma debug variable 68 1 ___ifs2 "__ifs2" 1
  13  0005              extern r1:byte
  13  0005              extern r2:byte
  13  0005              extern r3:byte
  19  0005              #line 19 "C:\Users\User\Desktop\U2 STD\U2_3_2.c"
  19  0000              @code .section at 0 'code'
  19  0000  1F0B        	clr bp
  19  0001  2800     R  	jmp _main_startup1
  19  0002              
  19  0002              
  19  0002              ; 
  19  0002              ; Generated by holtek-gcc v3.23, Wed May 13 11:26:52 2026
  19  0002              ; Rebuild 1114
  19  0002              ; end of file


        0 Errors, 0